<html>
<body>
<pre>
<h1>µVision3 Build Log</h1>
<h2>Project:</h2>
F:\rt-thread\workspace\RT-Thread_0.3.4\bsp\stm32_fighting\project_led_simple\project.uv2
Project File Date:  04/03/2012

<h2>Output:</h2>
Build target 'RT-Thread STM32'
compiling board.c...
compiling application.c...
compiling startup.c...
compiling led.c...
compiling usart.c...
compiling clock.c...
compiling device.c...
compiling idle.c...
compiling ipc.c...
compiling irq.c...
compiling kservice.c...
compiling mem.c...
compiling mempool.c...
compiling object.c...
compiling scheduler.c...
compiling slab.c...
compiling thread.c...
compiling timer.c...
compiling cpu.c...
compiling fault.c...
compiling interrupt.c...
compiling serial.c...
compiling stack.c...
linking...
Program Size: Code=11128 RO-data=1336 RW-data=268 ZI-data=2780  
".\obj\rtthread-stm32.axf" - 0 Error(s), 0 Warning(s).
Load "F:\\rt-thread\\workspace\\RT-Thread_0.3.4\\bsp\\stm32_fighting\\project_led_simple\\obj\\rtthread-stm32.AXF" 

JLink info:
-----------
DLL: V4.08b, compiled Jun 30 2009 19:10:31
Firmware: J-Link ARM V8 compiled Aug 18 2009 09:06:07
Hardware: V8.00
S/N : 805306163 
Feature(s) : RDI,FlashDL,FlashBP,JFlash,GDBFull 
---
* JLink Info: Found SWD-DP with ID 0x1BA01477
* JLink Info: TPIU fitted.
* JLink Info: ETM fitted.
* JLink Info:   FPUnit: 6 code (BP) slots and 2 literal slots

Target info:
------------
Device: STM32F103ZE
VTarget = 3.034V
State of Pins: 
TCK: 0, TDI: 1, TDO: 0, TMS: 0, TRES: 1, TRST: 1
* JLink Info: Found SWD-DP with ID 0x1BA01477
* JLink Info: TPIU fitted.
* JLink Info: ETM fitted.
* JLink Info:   FPUnit: 6 code (BP) slots and 2 literal slots
Hardware-Breakpoints: 6
Software-Breakpoints: 2048
Watchpoints:          4
JTAG speed: 3000 kHz
---
* JLink Info: Found SWD-DP with ID 0x1BA01477
* JLink Info: TPIU fitted.
* JLink Info: ETM fitted.
* JLink Info:   FPUnit: 6 code (BP) slots and 2 literal slots
Full Chip Erase Done.
Programming Done.
* JLink Info: Found SWD-DP with ID 0x1BA01477
* JLink Info: TPIU fitted.
* JLink Info: ETM fitted.
* JLink Info:   FPUnit: 6 code (BP) slots and 2 literal slots
Application running ...
