ARM Linker, RVCT4.0 [Build 524] for uVision [Standard]

==============================================================================

Section Cross References

    board.o(i.NVIC_Configuration) refers to misc.o(i.NVIC_SetVectorTable) for NVIC_SetVectorTable
    board.o(i.NVIC_Configuration) refers to misc.o(i.NVIC_PriorityGroupConfig) for NVIC_PriorityGroupConfig
    board.o(i.SysTick_Configuration) refers to stm32f10x_rcc.o(i.RCC_GetClocksFreq) for RCC_GetClocksFreq
    board.o(i.SysTick_Configuration) refers to misc.o(i.SysTick_CLKSourceConfig) for SysTick_CLKSourceConfig
    board.o(i.rt_hw_board_init) refers to board.o(i.NVIC_Configuration) for NVIC_Configuration
    board.o(i.rt_hw_board_init) refers to board.o(i.SysTick_Configuration) for SysTick_Configuration
    board.o(i.rt_hw_board_init) refers to usart.o(i.rt_hw_usart_init) for rt_hw_usart_init
    board.o(i.rt_hw_board_init) refers to kservice.o(i.rt_console_set_device) for rt_console_set_device
    board.o(i.rt_hw_timer_handler) refers to irq.o(i.rt_interrupt_enter) for rt_interrupt_enter
    board.o(i.rt_hw_timer_handler) refers to clock.o(i.rt_tick_increase) for rt_tick_increase
    board.o(i.rt_hw_timer_handler) refers to irq.o(i.rt_interrupt_leave) for rt_interrupt_leave
    application.o(i.rt_application_init) refers to thread.o(i.rt_thread_init) for rt_thread_init
    application.o(i.rt_application_init) refers to thread.o(i.rt_thread_startup) for rt_thread_startup
    application.o(i.rt_application_init) refers to application.o(.bss) for thread_led1_stack
    application.o(i.rt_application_init) refers to application.o(i.rt_thread_entry_led1) for rt_thread_entry_led1
    application.o(i.rt_application_init) refers to application.o(i.rt_thread_entry_led2) for rt_thread_entry_led2
    application.o(i.rt_thread_entry_led1) refers to led.o(i.rt_hw_led_init) for rt_hw_led_init
    application.o(i.rt_thread_entry_led1) refers to kservice.o(i.rt_kprintf) for rt_kprintf
    application.o(i.rt_thread_entry_led1) refers to led.o(i.rt_hw_led_on) for rt_hw_led_on
    application.o(i.rt_thread_entry_led1) refers to thread.o(i.rt_thread_delay) for rt_thread_delay
    application.o(i.rt_thread_entry_led1) refers to led.o(i.rt_hw_led_off) for rt_hw_led_off
    application.o(i.rt_thread_entry_led2) refers to kservice.o(i.rt_kprintf) for rt_kprintf
    application.o(i.rt_thread_entry_led2) refers to led.o(i.rt_hw_led_on) for rt_hw_led_on
    application.o(i.rt_thread_entry_led2) refers to thread.o(i.rt_thread_delay) for rt_thread_delay
    application.o(i.rt_thread_entry_led2) refers to led.o(i.rt_hw_led_off) for rt_hw_led_off
    startup.o(i.main) refers to context_rvds.o(.text) for rt_hw_interrupt_disable
    startup.o(i.main) refers to system_stm32f10x.o(i.SystemInit) for SystemInit
    startup.o(i.main) refers to startup.o(i.rtthread_startup) for rtthread_startup
    startup.o(i.rtthread_startup) refers to board.o(i.rt_hw_board_init) for rt_hw_board_init
    startup.o(i.rtthread_startup) refers to kservice.o(i.rt_show_version) for rt_show_version
    startup.o(i.rtthread_startup) refers to clock.o(i.rt_system_tick_init) for rt_system_tick_init
    startup.o(i.rtthread_startup) refers to object.o(i.rt_system_object_init) for rt_system_object_init
    startup.o(i.rtthread_startup) refers to timer.o(i.rt_system_timer_init) for rt_system_timer_init
    startup.o(i.rtthread_startup) refers to scheduler.o(i.rt_system_scheduler_init) for rt_system_scheduler_init
    startup.o(i.rtthread_startup) refers to application.o(i.rt_application_init) for rt_application_init
    startup.o(i.rtthread_startup) refers to idle.o(i.rt_thread_idle_init) for rt_thread_idle_init
    startup.o(i.rtthread_startup) refers to scheduler.o(i.rt_system_scheduler_start) for rt_system_scheduler_start
    led.o(i.rt_hw_led_init) refers to stm32f10x_rcc.o(i.RCC_APB2PeriphClockCmd) for RCC_APB2PeriphClockCmd
    led.o(i.rt_hw_led_init) refers to stm32f10x_gpio.o(i.GPIO_Init) for GPIO_Init
    led.o(i.rt_hw_led_off) refers to stm32f10x_gpio.o(i.GPIO_ResetBits) for GPIO_ResetBits
    led.o(i.rt_hw_led_on) refers to stm32f10x_gpio.o(i.GPIO_SetBits) for GPIO_SetBits
    usart.o(i.GPIO_Configuration) refers to stm32f10x_gpio.o(i.GPIO_Init) for GPIO_Init
    usart.o(i.NVIC_Configuration) refers to misc.o(i.NVIC_Init) for NVIC_Init
    usart.o(i.RCC_Configuration) refers to stm32f10x_rcc.o(i.RCC_APB2PeriphClockCmd) for RCC_APB2PeriphClockCmd
    usart.o(i.rt_hw_usart_init) refers to usart.o(i.RCC_Configuration) for RCC_Configuration
    usart.o(i.rt_hw_usart_init) refers to usart.o(i.GPIO_Configuration) for GPIO_Configuration
    usart.o(i.rt_hw_usart_init) refers to usart.o(i.NVIC_Configuration) for NVIC_Configuration
    usart.o(i.rt_hw_usart_init) refers to usart.o(i.DMA_Configuration) for DMA_Configuration
    usart.o(i.rt_hw_usart_init) refers to stm32f10x_usart.o(i.USART_Init) for USART_Init
[...]
    Removing ipc.o(i.rt_list_isempty), (16 bytes).
    Removing ipc.o(i.rt_mb_control), (6 bytes).
    Removing ipc.o(i.rt_mb_detach), (108 bytes).
    Removing ipc.o(i.rt_mb_init), (144 bytes).
    Removing ipc.o(i.rt_mb_recv), (360 bytes).
    Removing ipc.o(i.rt_mb_send), (18 bytes).
    Removing ipc.o(i.rt_mb_send_wait), (324 bytes).
    Removing ipc.o(i.rt_mq_control), (6 bytes).
    Removing ipc.o(i.rt_mq_detach), (100 bytes).
    Removing ipc.o(i.rt_mq_init), (188 bytes).
    Removing ipc.o(i.rt_mq_recv), (280 bytes).
    Removing ipc.o(i.rt_mq_send), (164 bytes).
    Removing ipc.o(i.rt_mq_urgent), (152 bytes).
    Removing ipc.o(i.rt_mutex_control), (8 bytes).
    Removing ipc.o(i.rt_mutex_detach), (104 bytes).
    Removing ipc.o(i.rt_mutex_init), (132 bytes).
    Removing ipc.o(i.rt_mutex_release), (176 bytes).
    Removing ipc.o(i.rt_mutex_take), (304 bytes).
    Removing ipc.o(i.rt_sem_control), (6 bytes).
    Removing ipc.o(i.rt_sem_detach), (100 bytes).
    Removing ipc.o(i.rt_sem_init), (116 bytes).
    Removing ipc.o(i.rt_sem_release), (76 bytes).
    Removing ipc.o(i.rt_sem_take), (236 bytes).
    Removing ipc.o(i.rt_sem_trytake), (14 bytes).
    Removing ipc.o(.constdata), (215 bytes).
    Removing kservice.o(i.rt_get_errno), (24 bytes).
    Removing kservice.o(i.rt_memcmp), (38 bytes).
    Removing kservice.o(i.rt_memcpy), (114 bytes).
    Removing kservice.o(i.rt_memmove), (64 bytes).
    Removing kservice.o(i.rt_snprintf), (34 bytes).
    Removing kservice.o(i.rt_sprintf), (30 bytes).
    Removing kservice.o(i.rt_strcasecmp), (46 bytes).
    Removing kservice.o(i.rt_strcmp), (28 bytes).
    Removing kservice.o(i.rt_strncpy), (26 bytes).
    Removing kservice.o(i.rt_strstr), (58 bytes).
    Removing kservice.o(i.rt_vsprintf), (22 bytes).
    Removing mempool.o(i.rt_mp_alloc_sethook), (12 bytes).
    Removing mempool.o(i.rt_mp_detach), (152 bytes).
    Removing mempool.o(i.rt_mp_free), (96 bytes).
    Removing mempool.o(i.rt_mp_free_sethook), (12 bytes).
    Removing object.o(i.rt_object_attach_sethook), (12 bytes).
    Removing object.o(i.rt_object_detach_sethook), (12 bytes).
    Removing object.o(i.rt_object_put_sethook), (12 bytes).
    Removing object.o(i.rt_object_take_sethook), (12 bytes).
    Removing object.o(i.rt_object_trytake_sethook), (12 bytes).
    Removing scheduler.o(i.rt_scheduler_sethook), (12 bytes).
    Removing thread.o(i.rt_thread_control), (184 bytes).
    Removing thread.o(i.rt_thread_detach), (116 bytes).
    Removing thread.o(i.rt_thread_find), (80 bytes).
    Removing timer.o(i.rt_system_timer_thread_init), (2 bytes).
    Removing timer.o(i.rt_timer_stop), (152 bytes).
    Removing timer.o(i.rt_timer_timeout_sethook), (12 bytes).
    Removing cpu.o(i.rt_hw_cpu_reset), (2 bytes).
    Removing cpu.o(i.rt_hw_cpu_shutdown), (88 bytes).
    Removing cpu.o(.constdata), (19 bytes).
    Removing serial.o(i.rt_hw_serial_dma_tx_isr), (268 bytes).
    Removing serial.o(i.rt_hw_serial_isr), (288 bytes).

532 unused section(s) (total 24662 bytes) removed from the image.

==============================================================================

Image Symbol Table

    Local Symbols

    Symbol Name                              Value     Ov Type        Size  Object(Section)

    ../../angel/boardlib.s                   0x00000000   Number         0  boardinit1.o ABSOLUTE
    ../../angel/boardlib.s                   0x00000000   Number         0  boardinit2.o ABSOLUTE
    ../../angel/boardlib.s                   0x00000000   Number         0  boardinit3.o ABSOLUTE
    ../../angel/boardlib.s                   0x00000000   Number         0  boardshut.o ABSOLUTE
    ../../angel/handlers.s                   0x00000000   Number         0  __scatter_zi.o ABSOLUTE
    ../../angel/handlers.s                   0x00000000   Number         0  __scatter_copy.o ABSOLUTE
    ../../angel/kernel.s                     0x00000000   Number         0  rtexit.o ABSOLUTE
    ../../angel/kernel.s                     0x00000000   Number         0  rtexit2.o ABSOLUTE
    ../../angel/kernel.s                     0x00000000   Number         0  rtentry.o ABSOLUTE
    ../../angel/kernel.s                     0x00000000   Number         0  rtentry2.o ABSOLUTE
    ../../angel/kernel.s                     0x00000000   Number         0  rtentry4.o ABSOLUTE
    ../../angel/rt.s                         0x00000000   Number         0  rt_raise.o ABSOLUTE
    ../../angel/scatter.s                    0x00000000   Number         0  __scatter.o ABSOLUTE
    ../../angel/startup.s                    0x00000000   Number         0  __main.o ABSOLUTE
    ../../angel/sys.s                        0x00000000   Number         0  libspace.o ABSOLUTE
    ../../angel/sys.s                        0x00000000   Number         0  sys_stackheap_outer.o ABSOLUTE
    ../../angel/sys.s                        0x00000000   Number         0  use_no_semi.o ABSOLUTE
    ../../angel/sys.s                        0x00000000   Number         0  sys_exit.o ABSOLUTE
    ../../angel/sysapp.c                     0x00000000   Number         0  sys_wrch.o ABSOLUTE
    ../../angel/sysapp.c                     0x00000000   Number         0  sys_command.o ABSOLUTE
    ../../armsys.c                           0x00000000   Number         0  argv_veneer.o ABSOLUTE
    ../../armsys.c                           0x00000000   Number         0  argv_veneer.o ABSOLUTE
    ../../armsys.c                           0x00000000   Number         0  _get_argv_nomalloc.o ABSOLUTE
    ../../armsys.c                           0x00000000   Number         0  no_argv.o ABSOLUTE
    ../../fpinit.s                           0x00000000   Number         0  fpinit.o ABSOLUTE
    ../../heapalloc.c                        0x00000000   Number         0  hrguard.o ABSOLUTE
    ../../heapaux.c                          0x00000000   Number         0  heapauxi.o ABSOLUTE
    ../../libinit.s                          0x00000000   Number         0  libshutdown.o ABSOLUTE
    ../../libinit.s                          0x00000000   Number         0  libinit2.o ABSOLUTE
    ../../libinit.s                          0x00000000   Number         0  libshutdown2.o ABSOLUTE
    ../../libinit.s                          0x00000000   Number         0  libinit.o ABSOLUTE
    ../../signal.c                           0x00000000   Number         0  defsig_segv_inner.o ABSOLUTE
    ../../signal.c                           0x00000000   Number         0  defsig_general.o ABSOLUTE
    ../../signal.c                           0x00000000   Number         0  defsig_cppl_inner.o ABSOLUTE
    ../../signal.c                           0x00000000   Number         0  defsig_pvfn_inner.o ABSOLUTE
    ../../signal.c                           0x00000000   Number         0  defsig_stak_inner.o ABSOLUTE
    ../../signal.c                           0x00000000   Number         0  defsig_rtred_inner.o ABSOLUTE
    ../../signal.c                           0x00000000   Number         0  defsig_fpe_inner.o ABSOLUTE
    ../../signal.c                           0x00000000   Number         0  defsig_abrt_inner.o ABSOLUTE
    ../../signal.c                           0x00000000   Number         0  __raise.o ABSOLUTE
    ../../signal.c                           0x00000000   Number         0  defsig_rtmem_inner.o ABSOLUTE
    ../../signal.c                           0x00000000   Number         0  defsig_exit.o ABSOLUTE
    ../../signal.c                           0x00000000   Number         0  defsig_rtmem_outer.o ABSOLUTE
    ../../signal.c                           0x00000000   Number         0  defsig_rtmem_formal.o ABSOLUTE
    ../../signal.c                           0x00000000   Number         0  defsig_other.o ABSOLUTE
    ../../signal.s                           0x00000000   Number         0  defsig.o ABSOLUTE
    ../../stdlib.c                           0x00000000   Number         0  exit.o ABSOLUTE
    ..\..\..\libcpu\arm\stm32\context_rvds.S 0x00000000   Number         0  context_rvds.o ABSOLUTE
    ..\..\..\libcpu\arm\stm32\cpu.c          0x00000000   Number         0  cpu.o ABSOLUTE
    ..\..\..\libcpu\arm\stm32\fault.c        0x00000000   Number         0  fault.o ABSOLUTE
    ..\..\..\libcpu\arm\stm32\fault_rvds.S   0x00000000   Number         0  fault_rvds.o ABSOLUTE
    ..\..\..\libcpu\arm\stm32\interrupt.c    0x00000000   Number         0  interrupt.o ABSOLUTE
    ..\..\..\libcpu\arm\stm32\serial.c       0x00000000   Number         0  serial.o ABSOLUTE
    ..\..\..\libcpu\arm\stm32\stack.c        0x00000000   Number         0  stack.o ABSOLUTE
    ..\..\..\libcpu\arm\stm32\start_rvds.S   0x00000000   Number         0  start_rvds.o ABSOLUTE
    ..\..\..\src\clock.c                     0x00000000   Number         0  clock.o ABSOLUTE
    ..\..\..\src\device.c                    0x00000000   Number         0  device.o ABSOLUTE
    ..\..\..\src\idle.c                      0x00000000   Number         0  idle.o ABSOLUTE
    ..\..\..\src\ipc.c                       0x00000000   Number         0  ipc.o ABSOLUTE
    ..\..\..\src\irq.c                       0x00000000   Number         0  irq.o ABSOLUTE
    ..\..\..\src\kservice.c                  0x00000000   Number         0  kservice.o ABSOLUTE
    ..\..\..\src\mem.c                       0x00000000   Number         0  mem.o ABSOLUTE
    ..\..\..\src\mempool.c                   0x00000000   Number         0  mempool.o ABSOLUTE
    ..\..\..\src\object.c                    0x00000000   Number         0  object.o ABSOLUTE
    ..\..\..\src\scheduler.c                 0x00000000   Number         0  scheduler.o ABSOLUTE
    ..\..\..\src\slab.c                      0x00000000   Number         0  slab.o ABSOLUTE
    ..\..\..\src\thread.c                    0x00000000   Number         0  thread.o ABSOLUTE
    ..\..\..\src\timer.c                     0x00000000   Number         0  timer.o ABSOLUTE
    ..\Libraries\CMSIS\CM3\CoreSupport\core_cm3.c 0x00000000   Number         0  core_cm3.o ABSOLUTE
    ..\Libraries\CMSIS\CM3\DeviceSupport\ST\STM32F10x\system_stm32f10x.c 0x00000000   Number         0  system_stm32f10x.o ABSOLUTE
    ..\Libraries\STM32F10x_StdPeriph_Driver\src\misc.c 0x00000000   Number         0  misc.o ABSOLUTE
    ..\Libraries\STM32F10x_StdPeriph_Driver\src\stm32f10x_adc.c 0x00000000   Number         0  stm32f10x_adc.o ABSOLUTE
    ..\Libraries\STM32F10x_StdPeriph_Driver\src\stm32f10x_bkp.c 0x00000000   Number         0  stm32f10x_bkp.o ABSOLUTE
    ..\Libraries\STM32F10x_StdPeriph_Driver\src\stm32f10x_can.c 0x00000000   Number         0  stm32f10x_can.o ABSOLUTE
    ..\Libraries\STM32F10x_StdPeriph_Driver\src\stm32f10x_cec.c 0x00000000   Number         0  stm32f10x_cec.o ABSOLUTE
    ..\Libraries\STM32F10x_StdPeriph_Driver\src\stm32f10x_crc.c 0x00000000   Number         0  stm32f10x_crc.o ABSOLUTE
    ..\Libraries\STM32F10x_StdPeriph_Driver\src\stm32f10x_dac.c 0x00000000   Number         0  stm32f10x_dac.o ABSOLUTE
    ..\Libraries\STM32F10x_StdPeriph_Driver\src\stm32f10x_dbgmcu.c 0x00000000   Number         0  stm32f10x_dbgmcu.o ABSOLUTE
    ..\Libraries\STM32F10x_StdPeriph_Driver\src\stm32f10x_dma.c 0x00000000   Number         0  stm32f10x_dma.o ABSOLUTE
    ..\Libraries\STM32F10x_StdPeriph_Driver\src\stm32f10x_exti.c 0x00000000   Number         0  stm32f10x_exti.o ABSOLUTE
    ..\Libraries\STM32F10x_StdPeriph_Driver\src\stm32f10x_flash.c 0x00000000   Number         0  stm32f10x_flash.o ABSOLUTE
    ..\Libraries\STM32F10x_StdPeriph_Driver\src\stm32f10x_fsmc.c 0x00000000   Number         0  stm32f10x_fsmc.o ABSOLUTE
    ..\Libraries\STM32F10x_StdPeriph_Driver\src\stm32f10x_gpio.c 0x00000000   Number         0  stm32f10x_gpio.o ABSOLUTE
    ..\Libraries\STM32F10x_StdPeriph_Driver\src\stm32f10x_i2c.c 0x00000000   Number         0  stm32f10x_i2c.o ABSOLUTE
    ..\Libraries\STM32F10x_StdPeriph_Driver\src\stm32f10x_iwdg.c 0x00000000   Number         0  stm32f10x_iwdg.o ABSOLUTE
    ..\Libraries\STM32F10x_StdPeriph_Driver\src\stm32f10x_pwr.c 0x00000000   Number         0  stm32f10x_pwr.o ABSOLUTE
    ..\Libraries\STM32F10x_StdPeriph_Driver\src\stm32f10x_rcc.c 0x00000000   Number         0  stm32f10x_rcc.o ABSOLUTE
    ..\Libraries\STM32F10x_StdPeriph_Driver\src\stm32f10x_rtc.c 0x00000000   Number         0  stm32f10x_rtc.o ABSOLUTE
    ..\Libraries\STM32F10x_StdPeriph_Driver\src\stm32f10x_sdio.c 0x00000000   Number         0  stm32f10x_sdio.o ABSOLUTE
    ..\Libraries\STM32F10x_StdPeriph_Driver\src\stm32f10x_spi.c 0x00000000   Number         0  stm32f10x_spi.o ABSOLUTE
    ..\Libraries\STM32F10x_StdPeriph_Driver\src\stm32f10x_tim.c 0x00000000   Number         0  stm32f10x_tim.o ABSOLUTE
    ..\Libraries\STM32F10x_StdPeriph_Driver\src\stm32f10x_usart.c 0x00000000   Number         0  stm32f10x_usart.o ABSOLUTE
    ..\Libraries\STM32F10x_StdPeriph_Driver\src\stm32f10x_wwdg.c 0x00000000   Number         0  stm32f10x_wwdg.o ABSOLUTE
    ..\\Libraries\\CMSIS\\CM3\\CoreSupport\\core_cm3.c 0x00000000   Number         0  core_cm3.o ABSOLUTE
    application.c                            0x00000000   Number         0  application.o ABSOLUTE
    board.c                                  0x00000000   Number         0  board.o ABSOLUTE
    dc.s                                     0x00000000   Number         0  dc.o ABSOLUTE
    led.c                                    0x00000000   Number         0  led.o ABSOLUTE
    startup.c                                0x00000000   Number         0  startup.o ABSOLUTE
    stm32f10x_it.c                           0x00000000   Number         0  stm32f10x_it.o ABSOLUTE
    usart.c                                  0x00000000   Number         0  usart.o ABSOLUTE
    RESET                                    0x08000000   Section      336  start_rvds.o(RESET)
    !!!main                                  0x08000150   Section        8  __main.o(!!!main)
    !!!scatter                               0x08000158   Section       52  __scatter.o(!!!scatter)
    !!handler_copy                           0x0800018c   Section       26  __scatter_copy.o(!!handler_copy)
    !!handler_zi                             0x080001a8   Section       28  __scatter_zi.o(!!handler_zi)
    .ARM.Collect$$libinit$$00000000          0x080001c4   Section        6  libinit.o(.ARM.Collect$$libinit$$00000000)
    .ARM.Collect$$libinit$$00000006          0x080001ca   Section        0  libinit2.o(.ARM.Collect$$libinit$$00000006)
    .ARM.Collect$$libinit$$00000008          0x080001ca   Section        0  libinit2.o(.ARM.Collect$$libinit$$00000008)
    .ARM.Collect$$libinit$$0000000A          0x080001ca   Section        0  libinit2.o(.ARM.Collect$$libinit$$0000000A)
    .ARM.Collect$$libinit$$0000000D          0x080001ca   Section        0  libinit2.o(.ARM.Collect$$libinit$$0000000D)
    .ARM.Collect$$libinit$$0000000F          0x080001ca   Section        0  libinit2.o(.ARM.Collect$$libinit$$0000000F)
    .ARM.Collect$$libinit$$00000011          0x080001ca   Section        0  libinit2.o(.ARM.Collect$$libinit$$00000011)
    .ARM.Collect$$libinit$$00000013          0x080001ca   Section        0  libinit2.o(.ARM.Collect$$libinit$$00000013)
    .ARM.Collect$$libinit$$00000015          0x080001ca   Section        0  libinit2.o(.ARM.Collect$$libinit$$00000015)
    .ARM.Collect$$libinit$$00000017          0x080001ca   Section        0  libinit2.o(.ARM.Collect$$libinit$$00000017)
    .ARM.Collect$$libinit$$00000019          0x080001ca   Section        0  libinit2.o(.ARM.Collect$$libinit$$00000019)
    .ARM.Collect$$libinit$$0000001B          0x080001ca   Section        0  libinit2.o(.ARM.Collect$$libinit$$0000001B)
    .ARM.Collect$$libinit$$0000001D          0x080001ca   Section        0  libinit2.o(.ARM.Collect$$libinit$$0000001D)
    .ARM.Collect$$libinit$$0000001F          0x080001ca   Section        0  libinit2.o(.ARM.Collect$$libinit$$0000001F)
    .ARM.Collect$$libinit$$00000021          0x080001ca   Section        0  libinit2.o(.ARM.Collect$$libinit$$00000021)
    .ARM.Collect$$libinit$$00000028          0x080001ca   Section        0  libinit2.o(.ARM.Collect$$libinit$$00000028)
    .ARM.Collect$$libinit$$0000002A          0x080001ca   Section        0  libinit2.o(.ARM.Collect$$libinit$$0000002A)
    .ARM.Collect$$libinit$$0000002C          0x080001ca   Section        0  libinit2.o(.ARM.Collect$$libinit$$0000002C)
    .ARM.Collect$$libinit$$0000002E          0x080001ca   Section        0  libinit2.o(.ARM.Collect$$libinit$$0000002E)
    .ARM.Collect$$libinit$$0000002F          0x080001ca   Section        2  libinit2.o(.ARM.Collect$$libinit$$0000002F)
    .ARM.Collect$$libshutdown$$00000000      0x080001cc   Section        2  libshutdown.o(.ARM.Collect$$libshutdown$$00000000)
    .ARM.Collect$$libshutdown$$00000003      0x080001ce   Section        0  libshutdown2.o(.ARM.Collect$$libshutdown$$00000003)
    .ARM.Collect$$libshutdown$$00000006      0x080001ce   Section        0  libshutdown2.o(.ARM.Collect$$libshutdown$$00000006)
    .ARM.Collect$$libshutdown$$00000009      0x080001ce   Section        0  libshutdown2.o(.ARM.Collect$$libshutdown$$00000009)
    .ARM.Collect$$libshutdown$$0000000B      0x080001ce   Section        0  libshutdown2.o(.ARM.Collect$$libshutdown$$0000000B)
    .ARM.Collect$$libshutdown$$0000000E      0x080001ce   Section        0  libshutdown2.o(.ARM.Collect$$libshutdown$$0000000E)
    .ARM.Collect$$libshutdown$$0000000F      0x080001ce   Section        2  libshutdown2.o(.ARM.Collect$$libshutdown$$0000000F)
    .ARM.Collect$$rtentry$$00000000          0x080001d0   Section        0  rtentry.o(.ARM.Collect$$rtentry$$00000000)
    .ARM.Collect$$rtentry$$00000002          0x080001d0   Section        0  rtentry2.o(.ARM.Collect$$rtentry$$00000002)
    .ARM.Collect$$rtentry$$00000004          0x080001d0   Section        6  rtentry4.o(.ARM.Collect$$rtentry$$00000004)
    .ARM.Collect$$rtentry$$00000009          0x080001d6   Section        0  rtentry2.o(.ARM.Collect$$rtentry$$00000009)
    .ARM.Collect$$rtentry$$0000000A          0x080001d6   Section        4  rtentry2.o(.ARM.Collect$$rtentry$$0000000A)
    .ARM.Collect$$rtentry$$0000000C          0x080001da   Section        0  rtentry2.o(.ARM.Collect$$rtentry$$0000000C)
    .ARM.Collect$$rtentry$$0000000D          0x080001da   Section        8  rtentry2.o(.ARM.Collect$$rtentry$$0000000D)
    .ARM.Collect$$rtexit$$00000000           0x080001e2   Section        0  rtexit.o(.ARM.Collect$$rtexit$$00000000)
    .ARM.Collect$$rtexit$$00000002           0x080001e2   Section        0  rtexit2.o(.ARM.Collect$$rtexit$$00000002)
    .ARM.Collect$$rtexit$$00000003           0x080001e2   Section        4  rtexit2.o(.ARM.Collect$$rtexit$$00000003)
    .ARM.Collect$$rtexit$$00000004           0x080001e6   Section        4  rtexit2.o(.ARM.Collect$$rtexit$$00000004)
    .text                                    0x080001ec   Section       60  start_rvds.o(.text)
    .text                                    0x08000228   Section      168  context_rvds.o(.text)
    .text                                    0x080002d0   Section       20  fault_rvds.o(.text)
    .text                                    0x080002e4   Section        6  heapauxi.o(.text)
    .text                                    0x080002ea   Section       74  sys_stackheap_outer.o(.text)
    .text                                    0x08000334   Section       12  exit.o(.text)
    .text                                    0x08000340   Section        8  libspace.o(.text)
    .text                                    0x08000348   Section       20  sys_exit.o(.text)
    .text                                    0x0800035c   Section        2  use_no_semi.o(.text)
    i.BusFault_Handler                       0x0800035e   Section        4  stm32f10x_it.o(i.BusFault_Handler)
    i.DMA_Cmd                                0x08000362   Section       22  stm32f10x_dma.o(i.DMA_Cmd)
    i.DMA_Configuration                      0x08000378   Section        2  usart.o(i.DMA_Configuration)
    DMA_Configuration                        0x08000379   Thumb Code     2  usart.o(i.DMA_Configuration)
    i.DebugMon_Handler                       0x0800037a   Section        2  stm32f10x_it.o(i.DebugMon_Handler)
    i.GPIO_Configuration                     0x0800037c   Section       60  usart.o(i.GPIO_Configuration)
    GPIO_Configuration                       0x0800037d   Thumb Code    54  usart.o(i.GPIO_Configuration)
    i.GPIO_Init                              0x080003b8   Section      268  stm32f10x_gpio.o(i.GPIO_Init)
    i.GPIO_ResetBits                         0x080004c4   Section        4  stm32f10x_gpio.o(i.GPIO_ResetBits)
    i.GPIO_SetBits                           0x080004c8   Section        4  stm32f10x_gpio.o(i.GPIO_SetBits)
    i.MemManage_Handler                      0x080004cc   Section        4  stm32f10x_it.o(i.MemManage_Handler)
    i.NMI_Handler                            0x080004d0   Section        2  stm32f10x_it.o(i.NMI_Handler)
    i.NVIC_Configuration                     0x080004d2   Section       22  board.o(i.NVIC_Configuration)
    i.NVIC_Configuration                     0x080004e8   Section       28  usart.o(i.NVIC_Configuration)
    NVIC_Configuration                       0x080004e9   Thumb Code    28  usart.o(i.NVIC_Configuration)
    i.NVIC_Init                              0x08000504   Section      116  misc.o(i.NVIC_Init)
    i.NVIC_PriorityGroupConfig               0x08000578   Section       20  misc.o(i.NVIC_PriorityGroupConfig)
    i.NVIC_SetVectorTable                    0x0800058c   Section       20  misc.o(i.NVIC_SetVectorTable)
    i.RCC_APB2PeriphClockCmd                 0x080005a0   Section       32  stm32f10x_rcc.o(i.RCC_APB2PeriphClockCmd)
    i.RCC_Configuration                      0x080005c0   Section       22  usart.o(i.RCC_Configuration)
    RCC_Configuration                        0x080005c1   Thumb Code    22  usart.o(i.RCC_Configuration)
    i.RCC_GetClocksFreq                      0x080005d8   Section      212  stm32f10x_rcc.o(i.RCC_GetClocksFreq)
    i.SVC_Handler                            0x080006ac   Section        2  stm32f10x_it.o(i.SVC_Handler)
    i.SetSysClock                            0x080006ae   Section        8  system_stm32f10x.o(i.SetSysClock)
    SetSysClock                              0x080006af   Thumb Code     8  system_stm32f10x.o(i.SetSysClock)
    i.SetSysClockTo72                        0x080006b8   Section      200  system_stm32f10x.o(i.SetSysClockTo72)
    SetSysClockTo72                          0x080006b9   Thumb Code   192  system_stm32f10x.o(i.SetSysClockTo72)
    i.SysTick_CLKSourceConfig                0x08000780   Section       40  misc.o(i.SysTick_CLKSourceConfig)
    i.SysTick_Configuration                  0x080007a8   Section      104  board.o(i.SysTick_Configuration)
    i.SystemInit                             0x08000810   Section       84  system_stm32f10x.o(i.SystemInit)
    i.USART_ClockInit                        0x08000864   Section       32  stm32f10x_usart.o(i.USART_ClockInit)
    i.USART_Cmd                              0x08000884   Section       24  stm32f10x_usart.o(i.USART_Cmd)
    i.USART_ITConfig                         0x0800089c   Section       72  stm32f10x_usart.o(i.USART_ITConfig)
    i.USART_Init                             0x080008e4   Section      216  stm32f10x_usart.o(i.USART_Init)
    i.UsageFault_Handler                     0x080009bc   Section        4  stm32f10x_it.o(i.UsageFault_Handler)
    i._rt_scheduler_stack_check              0x080009c0   Section      232  scheduler.o(i._rt_scheduler_stack_check)
    _rt_scheduler_stack_check                0x080009c1   Thumb Code    90  scheduler.o(i._rt_scheduler_stack_check)
    i._rt_thread_init                        0x08000aa8   Section      240  thread.o(i._rt_thread_init)
    _rt_thread_init                          0x08000aa9   Thumb Code   158  thread.o(i._rt_thread_init)
    i._rt_timer_init                         0x08000b98   Section       50  timer.o(i._rt_timer_init)
    _rt_timer_init                           0x08000b99   Thumb Code    50  timer.o(i._rt_timer_init)
    i.main                                   0x08000bca   Section       20  startup.o(i.main)
    i.print_number                           0x08000be0   Section      308  kservice.o(i.print_number)
    print_number                             0x08000be1   Thumb Code   304  kservice.o(i.print_number)
    i.rt_application_init                    0x08000d14   Section      112  application.o(i.rt_application_init)
    i.rt_console_set_device                  0x08000d84   Section       52  kservice.o(i.rt_console_set_device)
    i.rt_device_close                        0x08000db8   Section      116  device.o(i.rt_device_close)
    i.rt_device_find                         0x08000e2c   Section       80  device.o(i.rt_device_find)
    i.rt_device_open                         0x08000e7c   Section      244  device.o(i.rt_device_open)
    i.rt_device_register                     0x08000f70   Section       32  device.o(i.rt_device_register)
    i.rt_device_write                        0x08000f90   Section      124  device.o(i.rt_device_write)
    i.rt_enter_critical                      0x0800100c   Section       32  scheduler.o(i.rt_enter_critical)
    i.rt_exit_critical                       0x0800102c   Section       60  scheduler.o(i.rt_exit_critical)
    i.rt_hw_board_init                       0x08001068   Section       32  board.o(i.rt_hw_board_init)
    i.rt_hw_console_output                   0x08001088   Section        2  kservice.o(i.rt_hw_console_output)
    i.rt_hw_hard_fault_exception             0x0800108c   Section      244  fault.o(i.rt_hw_hard_fault_exception)
    i.rt_hw_led_init                         0x08001180   Section       56  led.o(i.rt_hw_led_init)
    i.rt_hw_led_off                          0x080011b8   Section       44  led.o(i.rt_hw_led_off)
    i.rt_hw_led_on                           0x080011e4   Section       44  led.o(i.rt_hw_led_on)
    i.rt_hw_serial_register                  0x08001210   Section      212  serial.o(i.rt_hw_serial_register)
    i.rt_hw_stack_init                       0x080012e4   Section      108  stack.o(i.rt_hw_stack_init)
    i.rt_hw_timer_handler                    0x08001350   Section       16  board.o(i.rt_hw_timer_handler)
    i.rt_hw_usart_init                       0x08001360   Section      140  usart.o(i.rt_hw_usart_init)
    i.rt_interrupt_enter                     0x080013ec   Section       32  irq.o(i.rt_interrupt_enter)
    i.rt_interrupt_leave                     0x0800140c   Section       32  irq.o(i.rt_interrupt_leave)
    i.rt_kprintf                             0x0800142c   Section       64  kservice.o(i.rt_kprintf)
    i.rt_list_init                           0x0800146c   Section        6  timer.o(i.rt_list_init)
    rt_list_init                             0x0800146d   Thumb Code     6  timer.o(i.rt_list_init)
    i.rt_list_insert_before                  0x08001472   Section       14  timer.o(i.rt_list_insert_before)
    rt_list_insert_before                    0x08001473   Thumb Code    14  timer.o(i.rt_list_insert_before)
    i.rt_list_remove                         0x08001480   Section       18  thread.o(i.rt_list_remove)
    rt_list_remove                           0x08001481   Thumb Code    18  thread.o(i.rt_list_remove)
    i.rt_list_remove                         0x08001492   Section       18  timer.o(i.rt_list_remove)
    rt_list_remove                           0x08001493   Thumb Code    18  timer.o(i.rt_list_remove)
    i.rt_memset                              0x080014a4   Section       72  kservice.o(i.rt_memset)
    i.rt_mp_alloc                            0x080014ec   Section      184  mempool.o(i.rt_mp_alloc)
    i.rt_mp_init                             0x080015a4   Section      216  mempool.o(i.rt_mp_init)
    i.rt_object_detach                       0x0800167c   Section      140  object.o(i.rt_object_detach)
    i.rt_object_init                         0x08001708   Section       96  object.o(i.rt_object_init)
    i.rt_object_is_systemobject              0x08001768   Section      104  object.o(i.rt_object_is_systemobject)
    i.rt_schedule                            0x080017d0   Section      244  scheduler.o(i.rt_schedule)
    i.rt_schedule_insert_thread              0x080018c4   Section      156  scheduler.o(i.rt_schedule_insert_thread)
    i.rt_schedule_remove_thread              0x08001960   Section      168  scheduler.o(i.rt_schedule_remove_thread)
    i.rt_serial_close                        0x08001a08   Section        6  serial.o(i.rt_serial_close)
    rt_serial_close                          0x08001a09   Thumb Code     6  serial.o(i.rt_serial_close)
    i.rt_serial_control                      0x08001a10   Section      144  serial.o(i.rt_serial_control)
    rt_serial_control                        0x08001a11   Thumb Code    90  serial.o(i.rt_serial_control)
    i.rt_serial_enable_dma                   0x08001aa0   Section      120  serial.o(i.rt_serial_enable_dma)
    rt_serial_enable_dma                     0x08001aa1   Thumb Code    58  serial.o(i.rt_serial_enable_dma)
    i.rt_serial_init                         0x08001b18   Section      212  serial.o(i.rt_serial_init)
    rt_serial_init                           0x08001b19   Thumb Code   130  serial.o(i.rt_serial_init)
    i.rt_serial_open                         0x08001bec   Section        6  serial.o(i.rt_serial_open)
    rt_serial_open                           0x08001bed   Thumb Code     6  serial.o(i.rt_serial_open)
    i.rt_serial_read                         0x08001bf2   Section      164  serial.o(i.rt_serial_read)
    rt_serial_read                           0x08001bf3   Thumb Code   164  serial.o(i.rt_serial_read)
    i.rt_serial_write                        0x08001c98   Section      352  serial.o(i.rt_serial_write)
    rt_serial_write                          0x08001c99   Thumb Code   312  serial.o(i.rt_serial_write)
    i.rt_set_errno                           0x08001df8   Section       28  kservice.o(i.rt_set_errno)
    i.rt_show_version                        0x08001e14   Section      168  kservice.o(i.rt_show_version)
    i.rt_strlen                              0x08001ebc   Section       18  kservice.o(i.rt_strlen)
    i.rt_strncmp                             0x08001ece   Section       40  kservice.o(i.rt_strncmp)
    i.rt_system_object_init                  0x08001ef6   Section        2  object.o(i.rt_system_object_init)
    i.rt_system_scheduler_init               0x08001ef8   Section       68  scheduler.o(i.rt_system_scheduler_init)
    i.rt_system_scheduler_start              0x08001f3c   Section      136  scheduler.o(i.rt_system_scheduler_start)
    i.rt_system_tick_init                    0x08001fc4   Section       12  clock.o(i.rt_system_tick_init)
    i.rt_system_timer_init                   0x08001fd0   Section       16  timer.o(i.rt_system_timer_init)
    i.rt_thread_delay                        0x08001fe0   Section       12  thread.o(i.rt_thread_delay)
    i.rt_thread_entry_led1                   0x08001fec   Section       72  application.o(i.rt_thread_entry_led1)
    rt_thread_entry_led1                     0x08001fed   Thumb Code    46  application.o(i.rt_thread_entry_led1)
    i.rt_thread_entry_led2                   0x08002034   Section       84  application.o(i.rt_thread_entry_led2)
    i.rt_thread_exit                         0x08002088   Section       64  thread.o(i.rt_thread_exit)
    rt_thread_exit                           0x08002089   Thumb Code    58  thread.o(i.rt_thread_exit)
    i.rt_thread_idle_entry                   0x080020c8   Section       24  idle.o(i.rt_thread_idle_entry)
    rt_thread_idle_entry                     0x080020c9   Thumb Code    18  idle.o(i.rt_thread_idle_entry)
    i.rt_thread_idle_init                    0x080020e0   Section       52  idle.o(i.rt_thread_idle_init)
    i.rt_thread_init                         0x08002114   Section      276  thread.o(i.rt_thread_init)
    i.rt_thread_resume                       0x08002228   Section      152  thread.o(i.rt_thread_resume)
    i.rt_thread_self                         0x080022c0   Section       12  thread.o(i.rt_thread_self)
    i.rt_thread_sleep                        0x080022cc   Section      148  thread.o(i.rt_thread_sleep)
    i.rt_thread_startup                      0x08002360   Section      176  thread.o(i.rt_thread_startup)
    i.rt_thread_suspend                      0x08002410   Section      128  thread.o(i.rt_thread_suspend)
    i.rt_thread_timeout                      0x08002490   Section      184  thread.o(i.rt_thread_timeout)
    i.rt_thread_yield                        0x08002548   Section       96  thread.o(i.rt_thread_yield)
    i.rt_tick_get                            0x080025a8   Section       12  clock.o(i.rt_tick_get)
    i.rt_tick_increase                       0x080025b4   Section       48  clock.o(i.rt_tick_increase)
    i.rt_timer_check                         0x080025e4   Section      156  timer.o(i.rt_timer_check)
    i.rt_timer_control                       0x08002680   Section      148  timer.o(i.rt_timer_control)
    i.rt_timer_detach                        0x08002714   Section      116  timer.o(i.rt_timer_detach)
    i.rt_timer_init                          0x08002788   Section      132  timer.o(i.rt_timer_init)
    i.rt_timer_start                         0x0800280c   Section      292  timer.o(i.rt_timer_start)
    i.rtthread_startup                       0x08002930   Section       40  startup.o(i.rtthread_startup)
    i.vsnprintf                              0x08002958   Section      880  kservice.o(i.vsnprintf)
    vsnprintf                                0x08002959   Thumb Code   872  kservice.o(i.vsnprintf)
    .constdata                               0x08002cc8   Section      168  device.o(.constdata)
    __FUNCTION__                             0x08002cc8   Data          21  device.o(.constdata)
    __FUNCTION__                             0x08002cdd   Data          15  device.o(.constdata)
    __FUNCTION__                             0x08002cec   Data          15  device.o(.constdata)
    __FUNCTION__                             0x08002cfb   Data          16  device.o(.constdata)
    __FUNCTION__                             0x08002d0b   Data          15  device.o(.constdata)
    __FUNCTION__                             0x08002d1a   Data          16  device.o(.constdata)
    __FUNCTION__                             0x08002d2a   Data          18  device.o(.constdata)
    __FUNCTION__                             0x08002d3c   Data          26  device.o(.constdata)
    __FUNCTION__                             0x08002d56   Data          26  device.o(.constdata)
    .constdata                               0x08002d70   Section       34  kservice.o(.constdata)
    small_digits                             0x08002d70   Data          17  kservice.o(.constdata)
    large_digits                             0x08002d81   Data          17  kservice.o(.constdata)
    .constdata                               0x08002d92   Section       24  mempool.o(.constdata)
    __FUNCTION__                             0x08002d92   Data          11  mempool.o(.constdata)
    __FUNCTION__                             0x08002d9d   Data          13  mempool.o(.constdata)
    .constdata                               0x08002daa   Section       43  object.o(.constdata)
    __FUNCTION__                             0x08002daa   Data          17  object.o(.constdata)
    __FUNCTION__                             0x08002dbb   Data          26  object.o(.constdata)
    .constdata                               0x08002dd5   Section      334  scheduler.o(.constdata)
    __FUNCTION__                             0x08002ed5   Data          26  scheduler.o(.constdata)
    __FUNCTION__                             0x08002eef   Data          26  scheduler.o(.constdata)
    __FUNCTION__                             0x08002f09   Data          26  scheduler.o(.constdata)
    .constdata                               0x08002f23   Section      153  thread.o(.constdata)
    __FUNCTION__                             0x08002f23   Data          16  thread.o(.constdata)
    __FUNCTION__                             0x08002f33   Data          15  thread.o(.constdata)
    __FUNCTION__                             0x08002f42   Data          18  thread.o(.constdata)
    __FUNCTION__                             0x08002f54   Data          17  thread.o(.constdata)
    __FUNCTION__                             0x08002f65   Data          16  thread.o(.constdata)
    __FUNCTION__                             0x08002f75   Data          18  thread.o(.constdata)
    __FUNCTION__                             0x08002f87   Data          18  thread.o(.constdata)
    __FUNCTION__                             0x08002f99   Data          17  thread.o(.constdata)
    __FUNCTION__                             0x08002faa   Data          18  thread.o(.constdata)
    .constdata                               0x08002fbc   Section       76  timer.o(.constdata)
    __FUNCTION__                             0x08002fbc   Data          14  timer.o(.constdata)
    __FUNCTION__                             0x08002fca   Data          16  timer.o(.constdata)
    __FUNCTION__                             0x08002fda   Data          15  timer.o(.constdata)
    __FUNCTION__                             0x08002fe9   Data          14  timer.o(.constdata)
    __FUNCTION__                             0x08002ff7   Data          17  timer.o(.constdata)
    .constdata                               0x08003008   Section      133  serial.o(.constdata)
    __FUNCTION__                             0x08003008   Data          15  serial.o(.constdata)
    __FUNCTION__                             0x08003017   Data          21  serial.o(.constdata)
    __FUNCTION__                             0x0800302c   Data          16  serial.o(.constdata)
    __FUNCTION__                             0x0800303c   Data          18  serial.o(.constdata)
    __FUNCTION__                             0x0800304e   Data          22  serial.o(.constdata)
    __FUNCTION__                             0x08003064   Data          17  serial.o(.constdata)
    __FUNCTION__                             0x08003075   Data          24  serial.o(.constdata)
    .data                                    0x20000000   Section       12  usart.o(.data)
    .data                                    0x2000000c   Section       20  stm32f10x_rcc.o(.data)
    APBAHBPrescTable                         0x2000000c   Data          16  stm32f10x_rcc.o(.data)
    ADCPrescTable                            0x2000001c   Data           4  stm32f10x_rcc.o(.data)
    .data                                    0x20000020   Section        4  clock.o(.data)
    rt_tick                                  0x20000020   Data           4  clock.o(.data)
    .data                                    0x20000024   Section        4  idle.o(.data)
    rt_thread_idle_hook                      0x20000024   Data           4  idle.o(.data)
    .data                                    0x20000028   Section        1  irq.o(.data)
    .data                                    0x2000002c   Section        8  kservice.o(.data)
    _console_device                          0x2000002c   Data           4  kservice.o(.data)
    .data                                    0x20000034   Section        8  mempool.o(.data)
    rt_mp_alloc_hook                         0x20000034   Data           4  mempool.o(.data)
    rt_mp_free_hook                          0x20000038   Data           4  mempool.o(.data)
    .data                                    0x2000003c   Section      164  object.o(.data)
    rt_object_attach_hook                    0x200000cc   Data           4  object.o(.data)
    rt_object_detach_hook                    0x200000d0   Data           4  object.o(.data)
    .data                                    0x200000e0   Section       20  scheduler.o(.data)
    rt_scheduler_lock_nest                   0x200000e0   Data           2  scheduler.o(.data)
    rt_scheduler_hook                        0x200000f0   Data           4  scheduler.o(.data)
    .data                                    0x200000f4   Section       12  timer.o(.data)
    rt_timer_list                            0x200000f4   Data           8  timer.o(.data)
    rt_timer_timeout_hook                    0x200000fc   Data           4  timer.o(.data)
    .data                                    0x20000100   Section       12  interrupt.o(.data)
    .bss                                     0x2000010c   Section     1272  application.o(.bss)
    .bss                                     0x20000604   Section      136  usart.o(.bss)
    .bss                                     0x2000068c   Section      380  idle.o(.bss)
    idle                                     0x2000068c   Data         124  idle.o(.bss)
    rt_thread_stack                          0x20000708   Data         256  idle.o(.bss)
    .bss                                     0x20000808   Section      128  kservice.o(.bss)
    rt_log_buf                               0x20000808   Data         128  kservice.o(.bss)
    .bss                                     0x20000888   Section      256  scheduler.o(.bss)
    .bss                                     0x20000988   Section       96  libspace.o(.bss)
    HEAP                                     0x200009e8   Section        0  start_rvds.o(HEAP)
    STACK                                    0x200009e8   Section      512  start_rvds.o(STACK)
    Heap_Mem                                 0x200009e8   Data           0  start_rvds.o(HEAP)
    Stack_Mem                                0x200009e8   Data         512  start_rvds.o(STACK)
    __initial_sp                             0x20000be8   Data           0  start_rvds.o(STACK)

    Global Symbols

    Symbol Name                              Value     Ov Type        Size  Object(Section)

    BuildAttributes$$THM_ISAv4$P$D$K$B$S$PE$A:L22UL41UL21$X:L11$S22US41US21$IEEE1$IW$USESV6$~STKCKD$USESV7$~SHL$OSPACE$ROPI$EBA8$UX$STANDARDLIB$REQ8$PRES8$EABIv2 0x00000000   Number         0  anon$$obj.o ABSOLUTE
    __ARM_use_no_argv                        0x00000000   Number         0  startup.o ABSOLUTE
    __ARM_exceptions_init                     - Undefined Weak Reference
    __alloca_initialize                       - Undefined Weak Reference
    __cpp_initialize__aeabi_                  - Undefined Weak Reference
    __cxa_finalize                            - Undefined Weak Reference
    __rt_locale                               - Undefined Weak Reference
    __sigvec_lookup                           - Undefined Weak Reference
    _atexit_init                              - Undefined Weak Reference
    _call_atexit_fns                          - Undefined Weak Reference
    _clock_init                               - Undefined Weak Reference
    _fp_trap_init                             - Undefined Weak Reference
    _fp_trap_shutdown                         - Undefined Weak Reference
    _get_lc_collate                           - Undefined Weak Reference
    _get_lc_ctype                             - Undefined Weak Reference
    _get_lc_monetary                          - Undefined Weak Reference
    _get_lc_numeric                           - Undefined Weak Reference
    _get_lc_time                              - Undefined Weak Reference
    _getenv_init                              - Undefined Weak Reference
    _handle_redirection                       - Undefined Weak Reference
    _init_alloc                               - Undefined Weak Reference
    _init_user_alloc                          - Undefined Weak Reference
    _initio                                   - Undefined Weak Reference
    _rand_init                                - Undefined Weak Reference
    _signal_finish                            - Undefined Weak Reference
    _signal_init                              - Undefined Weak Reference
    _terminate_alloc                          - Undefined Weak Reference
    _terminate_user_alloc                     - Undefined Weak Reference
    _terminateio                              - Undefined Weak Reference
    __Vectors_Size                           0x00000150   Number         0  start_rvds.o ABSOLUTE
    __Vectors                                0x08000000   Data           4  start_rvds.o(RESET)
    __Vectors_End                            0x08000150   Data           0  start_rvds.o(RESET)
    __main                                   0x08000151   Thumb Code     8  __main.o(!!!main)
    __scatterload                            0x08000159   Thumb Code     0  __scatter.o(!!!scatter)
    __scatterload_rt2                        0x08000159   Thumb Code    44  __scatter.o(!!!scatter)
    __scatterload_rt2_thumb_only             0x08000159   Thumb Code     0  __scatter.o(!!!scatter)
    __scatterload_null                       0x08000167   Thumb Code     0  __scatter.o(!!!scatter)
    __scatterload_copy                       0x0800018d   Thumb Code    26  __scatter_copy.o(!!handler_copy)
    __scatterload_zeroinit                   0x080001a9   Thumb Code    28  __scatter_zi.o(!!handler_zi)
    __rt_lib_init                            0x080001c5   Thumb Code     0  libinit.o(.ARM.Collect$$libinit$$00000000)
    __rt_lib_init_alloca_1                   0x080001cb   Thumb Code     0  libinit2.o(.ARM.Collect$$libinit$$0000002A)
    __rt_lib_init_argv_1                     0x080001cb   Thumb Code     0  libinit2.o(.ARM.Collect$$libinit$$00000028)
    __rt_lib_init_atexit_1                   0x080001cb   Thumb Code     0  libinit2.o(.ARM.Collect$$libinit$$00000017)
    __rt_lib_init_clock_1                    0x080001cb   Thumb Code     0  libinit2.o(.ARM.Collect$$libinit$$0000001D)
    __rt_lib_init_cpp_1                      0x080001cb   Thumb Code     0  libinit2.o(.ARM.Collect$$libinit$$0000002E)
    __rt_lib_init_exceptions_1               0x080001cb   Thumb Code     0  libinit2.o(.ARM.Collect$$libinit$$0000002C)
    __rt_lib_init_fp_trap_1                  0x080001cb   Thumb Code     0  libinit2.o(.ARM.Collect$$libinit$$0000001B)
    __rt_lib_init_getenv_1                   0x080001cb   Thumb Code     0  libinit2.o(.ARM.Collect$$libinit$$0000001F)
    __rt_lib_init_heap_1                     0x080001cb   Thumb Code     0  libinit2.o(.ARM.Collect$$libinit$$00000006)
    __rt_lib_init_lc_collate_1               0x080001cb   Thumb Code     0  libinit2.o(.ARM.Collect$$libinit$$0000000D)
    __rt_lib_init_lc_ctype_1                 0x080001cb   Thumb Code     0  libinit2.o(.ARM.Collect$$libinit$$0000000F)
    __rt_lib_init_lc_monetary_1              0x080001cb   Thumb Code     0  libinit2.o(.ARM.Collect$$libinit$$00000011)
    __rt_lib_init_lc_numeric_1               0x080001cb   Thumb Code     0  libinit2.o(.ARM.Collect$$libinit$$00000013)
    __rt_lib_init_lc_time_1                  0x080001cb   Thumb Code     0  libinit2.o(.ARM.Collect$$libinit$$00000015)
    __rt_lib_init_rand_1                     0x080001cb   Thumb Code     0  libinit2.o(.ARM.Collect$$libinit$$0000000A)
    __rt_lib_init_return                     0x080001cb   Thumb Code     0  libinit2.o(.ARM.Collect$$libinit$$0000002F)
    __rt_lib_init_signal_1                   0x080001cb   Thumb Code     0  libinit2.o(.ARM.Collect$$libinit$$00000019)
    __rt_lib_init_stdio_1                    0x080001cb   Thumb Code     0  libinit2.o(.ARM.Collect$$libinit$$00000021)
    __rt_lib_init_user_alloc_1               0x080001cb   Thumb Code     0  libinit2.o(.ARM.Collect$$libinit$$00000008)
    __rt_lib_shutdown                        0x080001cd   Thumb Code     0  libshutdown.o(.ARM.Collect$$libshutdown$$00000000)
    __rt_lib_shutdown_fp_trap_1              0x080001cf   Thumb Code     0  libshutdown2.o(.ARM.Collect$$libshutdown$$00000006)
    __rt_lib_shutdown_heap_1                 0x080001cf   Thumb Code     0  libshutdown2.o(.ARM.Collect$$libshutdown$$0000000E)
    __rt_lib_shutdown_return                 0x080001cf   Thumb Code     0  libshutdown2.o(.ARM.Collect$$libshutdown$$0000000F)
    __rt_lib_shutdown_signal_1               0x080001cf   Thumb Code     0  libshutdown2.o(.ARM.Collect$$libshutdown$$00000009)
    __rt_lib_shutdown_stdio_1                0x080001cf   Thumb Code     0  libshutdown2.o(.ARM.Collect$$libshutdown$$00000003)
    __rt_lib_shutdown_user_alloc_1           0x080001cf   Thumb Code     0  libshutdown2.o(.ARM.Collect$$libshutdown$$0000000B)
    __rt_entry                               0x080001d1   Thumb Code     0  rtentry.o(.ARM.Collect$$rtentry$$00000000)
    __rt_entry_presh_1                       0x080001d1   Thumb Code     0  rtentry2.o(.ARM.Collect$$rtentry$$00000002)
    __rt_entry_sh                            0x080001d1   Thumb Code     0  rtentry4.o(.ARM.Collect$$rtentry$$00000004)
    __rt_entry_li                            0x080001d7   Thumb Code     0  rtentry2.o(.ARM.Collect$$rtentry$$0000000A)
    __rt_entry_postsh_1                      0x080001d7   Thumb Code     0  rtentry2.o(.ARM.Collect$$rtentry$$00000009)
    __rt_entry_main                          0x080001db   Thumb Code     0  rtentry2.o(.ARM.Collect$$rtentry$$0000000D)
    __rt_entry_postli_1                      0x080001db   Thumb Code     0  rtentry2.o(.ARM.Collect$$rtentry$$0000000C)
    __rt_exit                                0x080001e3   Thumb Code     0  rtexit.o(.ARM.Collect$$rtexit$$00000000)
    __rt_exit_ls                             0x080001e3   Thumb Code     0  rtexit2.o(.ARM.Collect$$rtexit$$00000003)
    __rt_exit_prels_1                        0x080001e3   Thumb Code     0  rtexit2.o(.ARM.Collect$$rtexit$$00000002)
    __rt_exit_exit                           0x080001e7   Thumb Code     0  rtexit2.o(.ARM.Collect$$rtexit$$00000004)
    Reset_Handler                            0x080001ed   Thumb Code    10  start_rvds.o(.text)
    ADC1_2_IRQHandler                        0x08000205   Thumb Code     0  start_rvds.o(.text)
    ADC3_IRQHandler                          0x08000205   Thumb Code     0  start_rvds.o(.text)
    CAN1_RX1_IRQHandler                      0x08000205   Thumb Code     0  start_rvds.o(.text)
    CAN1_SCE_IRQHandler                      0x08000205   Thumb Code     0  start_rvds.o(.text)
    CAN2_RX0_IRQHandler                      0x08000205   Thumb Code     0  start_rvds.o(.text)
    CAN2_RX1_IRQHandler                      0x08000205   Thumb Code     0  start_rvds.o(.text)
    CAN2_SCE_IRQHandler                      0x08000205   Thumb Code     0  start_rvds.o(.text)
    CAN2_TX_IRQHandler                       0x08000205   Thumb Code     0  start_rvds.o(.text)
    DMA1_Channel1_IRQHandler                 0x08000205   Thumb Code     0  start_rvds.o(.text)
    DMA1_Channel2_IRQHandler                 0x08000205   Thumb Code     0  start_rvds.o(.text)
    DMA1_Channel3_IRQHandler                 0x08000205   Thumb Code     0  start_rvds.o(.text)
    DMA1_Channel4_IRQHandler                 0x08000205   Thumb Code     0  start_rvds.o(.text)
    DMA1_Channel5_IRQHandler                 0x08000205   Thumb Code     0  start_rvds.o(.text)
    DMA1_Channel6_IRQHandler                 0x08000205   Thumb Code     0  start_rvds.o(.text)
    DMA1_Channel7_IRQHandler                 0x08000205   Thumb Code     0  start_rvds.o(.text)
    DMA2_Channel1_IRQHandler                 0x08000205   Thumb Code     0  start_rvds.o(.text)
    DMA2_Channel2_IRQHandler                 0x08000205   Thumb Code     0  start_rvds.o(.text)
    DMA2_Channel3_IRQHandler                 0x08000205   Thumb Code     0  start_rvds.o(.text)
    DMA2_Channel4_5_IRQHandler               0x08000205   Thumb Code     0  start_rvds.o(.text)
    DMA2_Channel5_IRQHandler                 0x08000205   Thumb Code     0  start_rvds.o(.text)
    ETH_IRQHandler                           0x08000205   Thumb Code     0  start_rvds.o(.text)
    ETH_WKUP_IRQHandler                      0x08000205   Thumb Code     0  start_rvds.o(.text)
    EXTI0_IRQHandler                         0x08000205   Thumb Code     0  start_rvds.o(.text)
    EXTI15_10_IRQHandler                     0x08000205   Thumb Code     0  start_rvds.o(.text)
    EXTI1_IRQHandler                         0x08000205   Thumb Code     0  start_rvds.o(.text)
    EXTI2_IRQHandler                         0x08000205   Thumb Code     0  start_rvds.o(.text)
    EXTI3_IRQHandler                         0x08000205   Thumb Code     0  start_rvds.o(.text)
    EXTI4_IRQHandler                         0x08000205   Thumb Code     0  start_rvds.o(.text)
    EXTI9_5_IRQHandler                       0x08000205   Thumb Code     0  start_rvds.o(.text)
    FLASH_IRQHandler                         0x08000205   Thumb Code     0  start_rvds.o(.text)
    FSMC_IRQHandler                          0x08000205   Thumb Code     0  start_rvds.o(.text)
    I2C1_ER_IRQHandler                       0x08000205   Thumb Code     0  start_rvds.o(.text)
    I2C1_EV_IRQHandler                       0x08000205   Thumb Code     0  start_rvds.o(.text)
    I2C2_ER_IRQHandler                       0x08000205   Thumb Code     0  start_rvds.o(.text)
    I2C2_EV_IRQHandler                       0x08000205   Thumb Code     0  start_rvds.o(.text)
    OTG_FS_IRQHandler                        0x08000205   Thumb Code     0  start_rvds.o(.text)
    OTG_FS_WKUP_IRQHandler                   0x08000205   Thumb Code     0  start_rvds.o(.text)
    PVD_IRQHandler                           0x08000205   Thumb Code     0  start_rvds.o(.text)
    RCC_IRQHandler                           0x08000205   Thumb Code     0  start_rvds.o(.text)
    RTCAlarm_IRQHandler                      0x08000205   Thumb Code     0  start_rvds.o(.text)
    RTC_IRQHandler                           0x08000205   Thumb Code     0  start_rvds.o(.text)
    SDIO_IRQHandler                          0x08000205   Thumb Code     0  start_rvds.o(.text)
    SPI1_IRQHandler                          0x08000205   Thumb Code     0  start_rvds.o(.text)
    SPI2_IRQHandler                          0x08000205   Thumb Code     0  start_rvds.o(.text)
    SPI3_IRQHandler                          0x08000205   Thumb Code     0  start_rvds.o(.text)
    TAMPER_IRQHandler                        0x08000205   Thumb Code     0  start_rvds.o(.text)
    TIM1_BRK_IRQHandler                      0x08000205   Thumb Code     0  start_rvds.o(.text)
    TIM1_CC_IRQHandler                       0x08000205   Thumb Code     0  start_rvds.o(.text)
    TIM1_TRG_COM_IRQHandler                  0x08000205   Thumb Code     0  start_rvds.o(.text)
    TIM1_UP_IRQHandler                       0x08000205   Thumb Code     0  start_rvds.o(.text)
    TIM2_IRQHandler                          0x08000205   Thumb Code     0  start_rvds.o(.text)
    TIM3_IRQHandler                          0x08000205   Thumb Code     0  start_rvds.o(.text)
    TIM4_IRQHandler                          0x08000205   Thumb Code     0  start_rvds.o(.text)
    TIM5_IRQHandler                          0x08000205   Thumb Code     0  start_rvds.o(.text)
    TIM6_IRQHandler                          0x08000205   Thumb Code     0  start_rvds.o(.text)
    TIM7_IRQHandler                          0x08000205   Thumb Code     0  start_rvds.o(.text)
    TIM8_BRK_IRQHandler                      0x08000205   Thumb Code     0  start_rvds.o(.text)
    TIM8_CC_IRQHandler                       0x08000205   Thumb Code     0  start_rvds.o(.text)
    TIM8_TRG_COM_IRQHandler                  0x08000205   Thumb Code     0  start_rvds.o(.text)
    TIM8_UP_IRQHandler                       0x08000205   Thumb Code     0  start_rvds.o(.text)
    UART4_IRQHandler                         0x08000205   Thumb Code     0  start_rvds.o(.text)
    UART5_IRQHandler                         0x08000205   Thumb Code     0  start_rvds.o(.text)
    USART1_IRQHandler                        0x08000205   Thumb Code     0  start_rvds.o(.text)
    USART2_IRQHandler                        0x08000205   Thumb Code     0  start_rvds.o(.text)
    USART3_IRQHandler                        0x08000205   Thumb Code     0  start_rvds.o(.text)
    USB_HP_CAN1_TX_IRQHandler                0x08000205   Thumb Code     0  start_rvds.o(.text)
    USB_LP_CAN1_RX0_IRQHandler               0x08000205   Thumb Code     0  start_rvds.o(.text)
    WWDG_IRQHandler                          0x08000205   Thumb Code     0  start_rvds.o(.text)
    __user_initial_stackheap                 0x08000209   Thumb Code     0  start_rvds.o(.text)
    rt_hw_interrupt_disable                  0x08000229   Thumb Code     8  context_rvds.o(.text)
    rt_hw_interrupt_enable                   0x08000231   Thumb Code     6  context_rvds.o(.text)
    rt_hw_context_switch                     0x08000237   Thumb Code    32  context_rvds.o(.text)
    rt_hw_context_switch_interrupt           0x08000237   Thumb Code     0  context_rvds.o(.text)
    rt_hw_pend_sv                            0x08000257   Thumb Code    60  context_rvds.o(.text)
    rt_hw_context_switch_to                  0x08000293   Thumb Code    38  context_rvds.o(.text)
    rt_hw_interrupt_thread_switch            0x080002b9   Thumb Code     4  context_rvds.o(.text)
    rt_hw_hard_fault                         0x080002d1   Thumb Code    20  fault_rvds.o(.text)
    __use_two_region_memory                  0x080002e5   Thumb Code     2  heapauxi.o(.text)
    __rt_heap_escrow$2region                 0x080002e7   Thumb Code     2  heapauxi.o(.text)
    __rt_heap_expand$2region                 0x080002e9   Thumb Code     2  heapauxi.o(.text)
    __user_setup_stackheap                   0x080002eb   Thumb Code    74  sys_stackheap_outer.o(.text)
    exit                                     0x08000335   Thumb Code    12  exit.o(.text)
    __user_libspace                          0x08000341   Thumb Code     8  libspace.o(.text)
    __user_perproc_libspace                  0x08000341   Thumb Code     0  libspace.o(.text)
    __user_perthread_libspace                0x08000341   Thumb Code     0  libspace.o(.text)
    _sys_exit                                0x08000349   Thumb Code    16  sys_exit.o(.text)
    __I$use$semihosting                      0x0800035d   Thumb Code     0  use_no_semi.o(.text)
    __use_no_semihosting_swi                 0x0800035d   Thumb Code     2  use_no_semi.o(.text)
    BusFault_Handler                         0x0800035f   Thumb Code     4  stm32f10x_it.o(i.BusFault_Handler)
    DMA_Cmd                                  0x08000363   Thumb Code    22  stm32f10x_dma.o(i.DMA_Cmd)
    DebugMon_Handler                         0x0800037b   Thumb Code     2  stm32f10x_it.o(i.DebugMon_Handler)
    GPIO_Init                                0x080003b9   Thumb Code   268  stm32f10x_gpio.o(i.GPIO_Init)
    GPIO_ResetBits                           0x080004c5   Thumb Code     4  stm32f10x_gpio.o(i.GPIO_ResetBits)
    GPIO_SetBits                             0x080004c9   Thumb Code     4  stm32f10x_gpio.o(i.GPIO_SetBits)
    MemManage_Handler                        0x080004cd   Thumb Code     4  stm32f10x_it.o(i.MemManage_Handler)
    NMI_Handler                              0x080004d1   Thumb Code     2  stm32f10x_it.o(i.NMI_Handler)
    NVIC_Configuration                       0x080004d3   Thumb Code    22  board.o(i.NVIC_Configuration)
    NVIC_Init                                0x08000505   Thumb Code   102  misc.o(i.NVIC_Init)
    NVIC_PriorityGroupConfig                 0x08000579   Thumb Code    10  misc.o(i.NVIC_PriorityGroupConfig)
    NVIC_SetVectorTable                      0x0800058d   Thumb Code    12  misc.o(i.NVIC_SetVectorTable)
    RCC_APB2PeriphClockCmd                   0x080005a1   Thumb Code    26  stm32f10x_rcc.o(i.RCC_APB2PeriphClockCmd)
    RCC_GetClocksFreq                        0x080005d9   Thumb Code   194  stm32f10x_rcc.o(i.RCC_GetClocksFreq)
    SVC_Handler                              0x080006ad   Thumb Code     2  stm32f10x_it.o(i.SVC_Handler)
    SysTick_CLKSourceConfig                  0x08000781   Thumb Code    40  misc.o(i.SysTick_CLKSourceConfig)
    SysTick_Configuration                    0x080007a9   Thumb Code    96  board.o(i.SysTick_Configuration)
    SystemInit                               0x08000811   Thumb Code    70  system_stm32f10x.o(i.SystemInit)
    USART_ClockInit                          0x08000865   Thumb Code    32  stm32f10x_usart.o(i.USART_ClockInit)
    USART_Cmd                                0x08000885   Thumb Code    24  stm32f10x_usart.o(i.USART_Cmd)
    USART_ITConfig                           0x0800089d   Thumb Code    72  stm32f10x_usart.o(i.USART_ITConfig)
    USART_Init                               0x080008e5   Thumb Code   210  stm32f10x_usart.o(i.USART_Init)
    UsageFault_Handler                       0x080009bd   Thumb Code     4  stm32f10x_it.o(i.UsageFault_Handler)
    main                                     0x08000bcb   Thumb Code    20  startup.o(i.main)
    rt_application_init                      0x08000d15   Thumb Code    72  application.o(i.rt_application_init)
    rt_console_set_device                    0x08000d85   Thumb Code    48  kservice.o(i.rt_console_set_device)
    rt_device_close                          0x08000db9   Thumb Code    62  device.o(i.rt_device_close)
    rt_device_find                           0x08000e2d   Thumb Code    76  device.o(i.rt_device_find)
    rt_device_open                           0x08000e7d   Thumb Code   136  device.o(i.rt_device_open)
    rt_device_register                       0x08000f71   Thumb Code    32  device.o(i.rt_device_register)
    rt_device_write                          0x08000f91   Thumb Code    72  device.o(i.rt_device_write)
    rt_enter_critical                        0x0800100d   Thumb Code    28  scheduler.o(i.rt_enter_critical)
    rt_exit_critical                         0x0800102d   Thumb Code    54  scheduler.o(i.rt_exit_critical)
    rt_hw_board_init                         0x08001069   Thumb Code    22  board.o(i.rt_hw_board_init)
    rt_hw_console_output                     0x08001089   Thumb Code     2  kservice.o(i.rt_hw_console_output)
    rt_hw_hard_fault_exception               0x0800108d   Thumb Code    82  fault.o(i.rt_hw_hard_fault_exception)
    rt_hw_led_init                           0x08001181   Thumb Code    52  led.o(i.rt_hw_led_init)
    rt_hw_led_off                            0x080011b9   Thumb Code    38  led.o(i.rt_hw_led_off)
    rt_hw_led_on                             0x080011e5   Thumb Code    38  led.o(i.rt_hw_led_on)
    rt_hw_serial_register                    0x08001211   Thumb Code   128  serial.o(i.rt_hw_serial_register)
    rt_hw_stack_init                         0x080012e5   Thumb Code   108  stack.o(i.rt_hw_stack_init)
    rt_hw_timer_handler                      0x08001351   Thumb Code    16  board.o(i.rt_hw_timer_handler)
    rt_hw_usart_init                         0x08001361   Thumb Code   120  usart.o(i.rt_hw_usart_init)
    rt_interrupt_enter                       0x080013ed   Thumb Code    26  irq.o(i.rt_interrupt_enter)
    rt_interrupt_leave                       0x0800140d   Thumb Code    26  irq.o(i.rt_interrupt_leave)
    rt_kprintf                               0x0800142d   Thumb Code    56  kservice.o(i.rt_kprintf)
    rt_memset                                0x080014a5   Thumb Code    72  kservice.o(i.rt_memset)
    rt_mp_alloc                              0x080014ed   Thumb Code   178  mempool.o(i.rt_mp_alloc)
    rt_mp_init                               0x080015a5   Thumb Code   164  mempool.o(i.rt_mp_init)
    rt_object_detach                         0x0800167d   Thumb Code    78  object.o(i.rt_object_detach)
    rt_object_init                           0x08001709   Thumb Code    88  object.o(i.rt_object_init)
    rt_object_is_systemobject                0x08001769   Thumb Code    48  object.o(i.rt_object_is_systemobject)
    rt_schedule                              0x080017d1   Thumb Code   214  scheduler.o(i.rt_schedule)
    rt_schedule_insert_thread                0x080018c5   Thumb Code    90  scheduler.o(i.rt_schedule_insert_thread)
    rt_schedule_remove_thread                0x08001961   Thumb Code   102  scheduler.o(i.rt_schedule_remove_thread)
    rt_set_errno                             0x08001df9   Thumb Code    22  kservice.o(i.rt_set_errno)
    rt_show_version                          0x08001e15   Thumb Code    34  kservice.o(i.rt_show_version)
    rt_strlen                                0x08001ebd   Thumb Code    18  kservice.o(i.rt_strlen)
    rt_strncmp                               0x08001ecf   Thumb Code    40  kservice.o(i.rt_strncmp)
    rt_system_object_init                    0x08001ef7   Thumb Code     2  object.o(i.rt_system_object_init)
    rt_system_scheduler_init                 0x08001ef9   Thumb Code    46  scheduler.o(i.rt_system_scheduler_init)
    rt_system_scheduler_start                0x08001f3d   Thumb Code   120  scheduler.o(i.rt_system_scheduler_start)
    rt_system_tick_init                      0x08001fc5   Thumb Code     8  clock.o(i.rt_system_tick_init)
    rt_system_timer_init                     0x08001fd1   Thumb Code    10  timer.o(i.rt_system_timer_init)
    rt_thread_delay                          0x08001fe1   Thumb Code    12  thread.o(i.rt_thread_delay)
    rt_thread_entry_led2                     0x08002035   Thumb Code    48  application.o(i.rt_thread_entry_led2)
    rt_thread_idle_init                      0x080020e1   Thumb Code    36  idle.o(i.rt_thread_idle_init)
    rt_thread_init                           0x08002115   Thumb Code   148  thread.o(i.rt_thread_init)
    rt_thread_resume                         0x08002229   Thumb Code    94  thread.o(i.rt_thread_resume)
    rt_thread_self                           0x080022c1   Thumb Code     6  thread.o(i.rt_thread_self)
    rt_thread_sleep                          0x080022cd   Thumb Code    86  thread.o(i.rt_thread_sleep)
    rt_thread_startup                        0x08002361   Thumb Code    88  thread.o(i.rt_thread_startup)
    rt_thread_suspend                        0x08002411   Thumb Code    72  thread.o(i.rt_thread_suspend)
    rt_thread_timeout                        0x08002491   Thumb Code    92  thread.o(i.rt_thread_timeout)
    rt_thread_yield                          0x08002549   Thumb Code    88  thread.o(i.rt_thread_yield)
    rt_tick_get                              0x080025a9   Thumb Code     6  clock.o(i.rt_tick_get)
    rt_tick_increase                         0x080025b5   Thumb Code    42  clock.o(i.rt_tick_increase)
    rt_timer_check                           0x080025e5   Thumb Code   150  timer.o(i.rt_timer_check)
    rt_timer_control                         0x08002681   Thumb Code    92  timer.o(i.rt_timer_control)
    rt_timer_detach                          0x08002715   Thumb Code    58  timer.o(i.rt_timer_detach)
    rt_timer_init                            0x08002789   Thumb Code    74  timer.o(i.rt_timer_init)
    rt_timer_start                           0x0800280d   Thumb Code   192  timer.o(i.rt_timer_start)
    rtthread_startup                         0x08002931   Thumb Code    40  startup.o(i.rtthread_startup)
    rt_lowest_bitmap                         0x08002dd5   Data         256  scheduler.o(.constdata)
    Region$$Table$$Base                      0x08003090   Number         0  anon$$obj.o(Region$$Table)
    Region$$Table$$Limit                     0x080030b0   Number         0  anon$$obj.o(Region$$Table)
    uart1                                    0x20000000   Data          12  usart.o(.data)
    rt_interrupt_nest                        0x20000028   Data           1  irq.o(.data)
    errno                                    0x20000030   Data           4  kservice.o(.data)
    rt_object_container                      0x2000003c   Data         144  object.o(.data)
    rt_object_trytake_hook                   0x200000d4   Data           4  object.o(.data)
    rt_object_take_hook                      0x200000d8   Data           4  object.o(.data)
    rt_object_put_hook                       0x200000dc   Data           4  object.o(.data)
    rt_current_thread                        0x200000e4   Data           4  scheduler.o(.data)
    rt_current_priority                      0x200000e8   Data           1  scheduler.o(.data)
    rt_thread_ready_priority_group           0x200000ec   Data           4  scheduler.o(.data)
    rt_interrupt_from_thread                 0x20000100   Data           4  interrupt.o(.data)
    rt_interrupt_to_thread                   0x20000104   Data           4  interrupt.o(.data)
    rt_thread_switch_interrput_flag          0x20000108   Data           4  interrupt.o(.data)
    thread_led1_stack                        0x2000010c   Data         512  application.o(.bss)
    thread_led1                              0x2000030c   Data         124  application.o(.bss)
    thread_led2_stack                        0x20000388   Data         512  application.o(.bss)
    thread_led2                              0x20000588   Data         124  application.o(.bss)
    uart1_int_rx                             0x20000604   Data          72  usart.o(.bss)
    uart1_device                             0x2000064c   Data          64  usart.o(.bss)
    rt_thread_priority_table                 0x20000888   Data         256  scheduler.o(.bss)
    __libspace_start                         0x20000988   Data          96  libspace.o(.bss)
    __temporary_stack_top$libspace           0x200009e8   Data           0  libspace.o(.bss)



==============================================================================

Memory Map of the image

  Image Entry point : 0x08000151

  Load Region LR_IROM1 (Base: 0x08000000, Size: 0x000031bc, Max: 0x00080000, ABSOLUTE)

    Execution Region ER_IROM1 (Base: 0x08000000, Size: 0x000030b0, Max: 0x00080000, ABSOLUTE)

    Base Addr    Size         Type   Attr      Idx    E Section Name        Object

    0x08000000   0x00000150   Data   RO         4328    RESET               start_rvds.o
    0x08000150   0x00000008   Code   RO         4345  * !!!main             __main.o(c_w.l)
    0x08000158   0x00000034   Code   RO         4502    !!!scatter          __scatter.o(c_w.l)
    0x0800018c   0x0000001a   Code   RO         4504    !!handler_copy      __scatter_copy.o(c_w.l)
    0x080001a6   0x00000002   PAD
    0x080001a8   0x0000001c   Code   RO         4506    !!handler_zi        __scatter_zi.o(c_w.l)
    0x080001c4   0x00000006   Code   RO         4377    .ARM.Collect$$libinit$$00000000  libinit.o(c_w.l)
    0x080001ca   0x00000000   Code   RO         4385    .ARM.Collect$$libinit$$00000006  libinit2.o(c_w.l)
    0x080001ca   0x00000000   Code   RO         4387    .ARM.Collect$$libinit$$00000008  libinit2.o(c_w.l)
    0x080001ca   0x00000000   Code   RO         4389    .ARM.Collect$$libinit$$0000000A  libinit2.o(c_w.l)
    0x080001ca   0x00000000   Code   RO         4392    .ARM.Collect$$libinit$$0000000D  libinit2.o(c_w.l)
    0x080001ca   0x00000000   Code   RO         4394    .ARM.Collect$$libinit$$0000000F  libinit2.o(c_w.l)
    0x080001ca   0x00000000   Code   RO         4396    .ARM.Collect$$libinit$$00000011  libinit2.o(c_w.l)
    0x080001ca   0x00000000   Code   RO         4398    .ARM.Collect$$libinit$$00000013  libinit2.o(c_w.l)
    0x080001ca   0x00000000   Code   RO         4400    .ARM.Collect$$libinit$$00000015  libinit2.o(c_w.l)
    0x080001ca   0x00000000   Code   RO         4402    .ARM.Collect$$libinit$$00000017  libinit2.o(c_w.l)
    0x080001ca   0x00000000   Code   RO         4404    .ARM.Collect$$libinit$$00000019  libinit2.o(c_w.l)
    0x080001ca   0x00000000   Code   RO         4406    .ARM.Collect$$libinit$$0000001B  libinit2.o(c_w.l)
    0x080001ca   0x00000000   Code   RO         4408    .ARM.Collect$$libinit$$0000001D  libinit2.o(c_w.l)
    0x080001ca   0x00000000   Code   RO         4410    .ARM.Collect$$libinit$$0000001F  libinit2.o(c_w.l)
    0x080001ca   0x00000000   Code   RO         4412    .ARM.Collect$$libinit$$00000021  libinit2.o(c_w.l)
    0x080001ca   0x00000000   Code   RO         4416    .ARM.Collect$$libinit$$00000028  libinit2.o(c_w.l)
    0x080001ca   0x00000000   Code   RO         4418    .ARM.Collect$$libinit$$0000002A  libinit2.o(c_w.l)
    0x080001ca   0x00000000   Code   RO         4420    .ARM.Collect$$libinit$$0000002C  libinit2.o(c_w.l)
    0x080001ca   0x00000000   Code   RO         4422    .ARM.Collect$$libinit$$0000002E  libinit2.o(c_w.l)
    0x080001ca   0x00000002   Code   RO         4423    .ARM.Collect$$libinit$$0000002F  libinit2.o(c_w.l)
    0x080001cc   0x00000002   Code   RO         4444    .ARM.Collect$$libshutdown$$00000000  libshutdown.o(c_w.l)
    0x080001ce   0x00000000   Code   RO         4457    .ARM.Collect$$libshutdown$$00000003  libshutdown2.o(c_w.l)
    0x080001ce   0x00000000   Code   RO         4460    .ARM.Collect$$libshutdown$$00000006  libshutdown2.o(c_w.l)
    0x080001ce   0x00000000   Code   RO         4463    .ARM.Collect$$libshutdown$$00000009  libshutdown2.o(c_w.l)
    0x080001ce   0x00000000   Code   RO         4465    .ARM.Collect$$libshutdown$$0000000B  libshutdown2.o(c_w.l)
    0x080001ce   0x00000000   Code   RO         4468    .ARM.Collect$$libshutdown$$0000000E  libshutdown2.o(c_w.l)
    0x080001ce   0x00000002   Code   RO         4469    .ARM.Collect$$libshutdown$$0000000F  libshutdown2.o(c_w.l)
    0x080001d0   0x00000000   Code   RO         4347    .ARM.Collect$$rtentry$$00000000  rtentry.o(c_w.l)
    0x080001d0   0x00000000   Code   RO         4350    .ARM.Collect$$rtentry$$00000002  rtentry2.o(c_w.l)
    0x080001d0   0x00000006   Code   RO         4365    .ARM.Collect$$rtentry$$00000004  rtentry4.o(c_w.l)
    0x080001d6   0x00000000   Code   RO         4352    .ARM.Collect$$rtentry$$00000009  rtentry2.o(c_w.l)
    0x080001d6   0x00000004   Code   RO         4353    .ARM.Collect$$rtentry$$0000000A  rtentry2.o(c_w.l)
    0x080001da   0x00000000   Code   RO         4355    .ARM.Collect$$rtentry$$0000000C  rtentry2.o(c_w.l)
    0x080001da   0x00000008   Code   RO         4356    .ARM.Collect$$rtentry$$0000000D  rtentry2.o(c_w.l)
    0x080001e2   0x00000000   Code   RO         4381    .ARM.Collect$$rtexit$$00000000  rtexit.o(c_w.l)
    0x080001e2   0x00000000   Code   RO         4427    .ARM.Collect$$rtexit$$00000002  rtexit2.o(c_w.l)
    0x080001e2   0x00000004   Code   RO         4428    .ARM.Collect$$rtexit$$00000003  rtexit2.o(c_w.l)
    0x080001e6   0x00000004   Code   RO         4429    .ARM.Collect$$rtexit$$00000004  rtexit2.o(c_w.l)
    0x080001ea   0x00000002   PAD
    0x080001ec   0x0000003c   Code   RO         4329    .text               start_rvds.o
    0x08000228   0x000000a8   Code   RO         4333    .text               context_rvds.o
    0x080002d0   0x00000014   Code   RO         4337    .text               fault_rvds.o
    0x080002e4   0x00000006   Code   RO         4343    .text               heapauxi.o(c_w.l)
    0x080002ea   0x0000004a   Code   RO         4367    .text               sys_stackheap_outer.o(c_w.l)
    0x08000334   0x0000000c   Code   RO         4369    .text               exit.o(c_w.l)
    0x08000340   0x00000008   Code   RO         4378    .text               libspace.o(c_w.l)
    0x08000348   0x00000014   Code   RO         4436    .text               sys_exit.o(c_w.l)
    0x0800035c   0x00000002   Code   RO         4447    .text               use_no_semi.o(c_w.l)
    0x0800035e   0x00000004   Code   RO            1    i.BusFault_Handler  stm32f10x_it.o
    0x08000362   0x00000016   Code   RO         1070    i.DMA_Cmd           stm32f10x_dma.o
    0x08000378   0x00000002   Code   RO          265    i.DMA_Configuration  usart.o
    0x0800037a   0x00000002   Code   RO            2    i.DebugMon_Handler  stm32f10x_it.o
    0x0800037c   0x0000003c   Code   RO          266    i.GPIO_Configuration  usart.o
    0x080003b8   0x0000010c   Code   RO         1494    i.GPIO_Init         stm32f10x_gpio.o
    0x080004c4   0x00000004   Code   RO         1501    i.GPIO_ResetBits    stm32f10x_gpio.o
    0x080004c8   0x00000004   Code   RO         1502    i.GPIO_SetBits      stm32f10x_gpio.o
    0x080004cc   0x00000004   Code   RO            4    i.MemManage_Handler  stm32f10x_it.o
    0x080004d0   0x00000002   Code   RO            5    i.NMI_Handler       stm32f10x_it.o
    0x080004d2   0x00000016   Code   RO           98    i.NVIC_Configuration  board.o
    0x080004e8   0x0000001c   Code   RO          267    i.NVIC_Configuration  usart.o
    0x08000504   0x00000074   Code   RO          355    i.NVIC_Init         misc.o
    0x08000578   0x00000014   Code   RO          356    i.NVIC_PriorityGroupConfig  misc.o
    0x0800058c   0x00000014   Code   RO          357    i.NVIC_SetVectorTable  misc.o
    0x080005a0   0x00000020   Code   RO         1912    i.RCC_APB2PeriphClockCmd  stm32f10x_rcc.o
    0x080005c0   0x00000016   Code   RO          268    i.RCC_Configuration  usart.o
    0x080005d6   0x00000002   PAD
    0x080005d8   0x000000d4   Code   RO         1920    i.RCC_GetClocksFreq  stm32f10x_rcc.o
    0x080006ac   0x00000002   Code   RO            6    i.SVC_Handler       stm32f10x_it.o
    0x080006ae   0x00000008   Code   RO          321    i.SetSysClock       system_stm32f10x.o
    0x080006b6   0x00000002   PAD
    0x080006b8   0x000000c8   Code   RO          322    i.SetSysClockTo72   system_stm32f10x.o
    0x08000780   0x00000028   Code   RO          359    i.SysTick_CLKSourceConfig  misc.o
    0x080007a8   0x00000068   Code   RO           99    i.SysTick_Configuration  board.o
    0x08000810   0x00000054   Code   RO          324    i.SystemInit        system_stm32f10x.o
    0x08000864   0x00000020   Code   RO         3087    i.USART_ClockInit   stm32f10x_usart.o
    0x08000884   0x00000018   Code   RO         3089    i.USART_Cmd         stm32f10x_usart.o
    0x0800089c   0x00000048   Code   RO         3095    i.USART_ITConfig    stm32f10x_usart.o
    0x080008e4   0x000000d8   Code   RO         3096    i.USART_Init        stm32f10x_usart.o
    0x080009bc   0x00000004   Code   RO            7    i.UsageFault_Handler  stm32f10x_it.o
    0x080009c0   0x000000e8   Code   RO         3954    i._rt_scheduler_stack_check  scheduler.o
    0x08000aa8   0x000000f0   Code   RO         4028    i._rt_thread_init   thread.o
    0x08000b98   0x00000032   Code   RO         4126    i._rt_timer_init    timer.o
    0x08000bca   0x00000014   Code   RO          219    i.main              startup.o
    0x08000bde   0x00000002   PAD
    0x08000be0   0x00000134   Code   RO         3698    i.print_number      kservice.o
    0x08000d14   0x00000070   Code   RO          190    i.rt_application_init  application.o
    0x08000d84   0x00000034   Code   RO         3699    i.rt_console_set_device  kservice.o
    0x08000db8   0x00000074   Code   RO         3354    i.rt_device_close   device.o
    0x08000e2c   0x00000050   Code   RO         3356    i.rt_device_find    device.o
    0x08000e7c   0x000000f4   Code   RO         3359    i.rt_device_open    device.o
    0x08000f70   0x00000020   Code   RO         3361    i.rt_device_register  device.o
    0x08000f90   0x0000007c   Code   RO         3365    i.rt_device_write   device.o
    0x0800100c   0x00000020   Code   RO         3955    i.rt_enter_critical  scheduler.o
    0x0800102c   0x0000003c   Code   RO         3956    i.rt_exit_critical  scheduler.o
    0x08001068   0x00000020   Code   RO          100    i.rt_hw_board_init  board.o
    0x08001088   0x00000002   Code   RO         3701    i.rt_hw_console_output  kservice.o
    0x0800108a   0x00000002   PAD
    0x0800108c   0x000000f4   Code   RO         4232    i.rt_hw_hard_fault_exception  fault.o
    0x08001180   0x00000038   Code   RO          241    i.rt_hw_led_init    led.o
    0x080011b8   0x0000002c   Code   RO          242    i.rt_hw_led_off     led.o
    0x080011e4   0x0000002c   Code   RO          243    i.rt_hw_led_on      led.o
    0x08001210   0x000000d4   Code   RO         4256    i.rt_hw_serial_register  serial.o
    0x080012e4   0x0000006c   Code   RO         4314    i.rt_hw_stack_init  stack.o
    0x08001350   0x00000010   Code   RO          101    i.rt_hw_timer_handler  board.o
    0x08001360   0x0000008c   Code   RO          269    i.rt_hw_usart_init  usart.o
    0x080013ec   0x00000020   Code   RO         3677    i.rt_interrupt_enter  irq.o
    0x0800140c   0x00000020   Code   RO         3678    i.rt_interrupt_leave  irq.o
    0x0800142c   0x00000040   Code   RO         3702    i.rt_kprintf        kservice.o
    0x0800146c   0x00000006   Code   RO         4127    i.rt_list_init      timer.o
    0x08001472   0x0000000e   Code   RO         4128    i.rt_list_insert_before  timer.o
    0x08001480   0x00000012   Code   RO         4029    i.rt_list_remove    thread.o
    0x08001492   0x00000012   Code   RO         4129    i.rt_list_remove    timer.o
    0x080014a4   0x00000048   Code   RO         3706    i.rt_memset         kservice.o
    0x080014ec   0x000000b8   Code   RO         3839    i.rt_mp_alloc       mempool.o
    0x080015a4   0x000000d8   Code   RO         3844    i.rt_mp_init        mempool.o
    0x0800167c   0x0000008c   Code   RO         3888    i.rt_object_detach  object.o
    0x08001708   0x00000060   Code   RO         3890    i.rt_object_init    object.o
    0x08001768   0x00000068   Code   RO         3891    i.rt_object_is_systemobject  object.o
    0x080017d0   0x000000f4   Code   RO         3957    i.rt_schedule       scheduler.o
    0x080018c4   0x0000009c   Code   RO         3958    i.rt_schedule_insert_thread  scheduler.o
    0x08001960   0x000000a8   Code   RO         3959    i.rt_schedule_remove_thread  scheduler.o
    0x08001a08   0x00000006   Code   RO         4257    i.rt_serial_close   serial.o
    0x08001a0e   0x00000002   PAD
    0x08001a10   0x00000090   Code   RO         4258    i.rt_serial_control  serial.o
    0x08001aa0   0x00000078   Code   RO         4259    i.rt_serial_enable_dma  serial.o
    0x08001b18   0x000000d4   Code   RO         4260    i.rt_serial_init    serial.o
    0x08001bec   0x00000006   Code   RO         4261    i.rt_serial_open    serial.o
    0x08001bf2   0x000000a4   Code   RO         4262    i.rt_serial_read    serial.o
    0x08001c96   0x00000002   PAD
    0x08001c98   0x00000160   Code   RO         4263    i.rt_serial_write   serial.o
    0x08001df8   0x0000001c   Code   RO         3707    i.rt_set_errno      kservice.o
    0x08001e14   0x000000a8   Code   RO         3708    i.rt_show_version   kservice.o
    0x08001ebc   0x00000012   Code   RO         3713    i.rt_strlen         kservice.o
    0x08001ece   0x00000028   Code   RO         3714    i.rt_strncmp        kservice.o
    0x08001ef6   0x00000002   Code   RO         3895    i.rt_system_object_init  object.o
    0x08001ef8   0x00000044   Code   RO         3961    i.rt_system_scheduler_init  scheduler.o
    0x08001f3c   0x00000088   Code   RO         3962    i.rt_system_scheduler_start  scheduler.o
    0x08001fc4   0x0000000c   Code   RO         3322    i.rt_system_tick_init  clock.o
    0x08001fd0   0x00000010   Code   RO         4130    i.rt_system_timer_init  timer.o
    0x08001fe0   0x0000000c   Code   RO         4031    i.rt_thread_delay   thread.o
    0x08001fec   0x00000048   Code   RO          191    i.rt_thread_entry_led1  application.o
    0x08002034   0x00000054   Code   RO          192    i.rt_thread_entry_led2  application.o
    0x08002088   0x00000040   Code   RO         4033    i.rt_thread_exit    thread.o
    0x080020c8   0x00000018   Code   RO         3437    i.rt_thread_idle_entry  idle.o
    0x080020e0   0x00000034   Code   RO         3438    i.rt_thread_idle_init  idle.o
    0x08002114   0x00000114   Code   RO         4035    i.rt_thread_init    thread.o
    0x08002228   0x00000098   Code   RO         4036    i.rt_thread_resume  thread.o
    0x080022c0   0x0000000c   Code   RO         4037    i.rt_thread_self    thread.o
    0x080022cc   0x00000094   Code   RO         4038    i.rt_thread_sleep   thread.o
    0x08002360   0x000000b0   Code   RO         4039    i.rt_thread_startup  thread.o
    0x08002410   0x00000080   Code   RO         4040    i.rt_thread_suspend  thread.o
    0x08002490   0x000000b8   Code   RO         4041    i.rt_thread_timeout  thread.o
    0x08002548   0x00000060   Code   RO         4042    i.rt_thread_yield   thread.o
    0x080025a8   0x0000000c   Code   RO         3324    i.rt_tick_get       clock.o
    0x080025b4   0x00000030   Code   RO         3325    i.rt_tick_increase  clock.o
    0x080025e4   0x0000009c   Code   RO         4132    i.rt_timer_check    timer.o
    0x08002680   0x00000094   Code   RO         4133    i.rt_timer_control  timer.o
    0x08002714   0x00000074   Code   RO         4134    i.rt_timer_detach   timer.o
    0x08002788   0x00000084   Code   RO         4135    i.rt_timer_init     timer.o
    0x0800280c   0x00000124   Code   RO         4136    i.rt_timer_start    timer.o
    0x08002930   0x00000028   Code   RO          220    i.rtthread_startup  startup.o
    0x08002958   0x00000370   Code   RO         3718    i.vsnprintf         kservice.o
    0x08002cc8   0x000000a8   Data   RO         3366    .constdata          device.o
    0x08002d70   0x00000022   Data   RO         3720    .constdata          kservice.o
    0x08002d92   0x00000018   Data   RO         3845    .constdata          mempool.o
    0x08002daa   0x0000002b   Data   RO         3896    .constdata          object.o
    0x08002dd5   0x0000014e   Data   RO         3964    .constdata          scheduler.o
    0x08002f23   0x00000099   Data   RO         4043    .constdata          thread.o
    0x08002fbc   0x0000004c   Data   RO         4139    .constdata          timer.o
    0x08003008   0x00000085   Data   RO         4264    .constdata          serial.o
    0x0800308d   0x00000003   PAD
    0x08003090   0x00000020   Data   RO         4500    Region$$Table       anon$$obj.o


    Execution Region RW_IRAM1 (Base: 0x20000000, Size: 0x00000be8, Max: 0x00010000, ABSOLUTE)

    Base Addr    Size         Type   Attr      Idx    E Section Name        Object

    0x20000000   0x0000000c   Data   RW          271    .data               usart.o
    0x2000000c   0x00000014   Data   RW         1940    .data               stm32f10x_rcc.o
    0x20000020   0x00000004   Data   RW         3326    .data               clock.o
    0x20000024   0x00000004   Data   RW         3441    .data               idle.o
    0x20000028   0x00000001   Data   RW         3679    .data               irq.o
    0x20000029   0x00000003   PAD
    0x2000002c   0x00000008   Data   RW         3721    .data               kservice.o
    0x20000034   0x00000008   Data   RW         3846    .data               mempool.o
    0x2000003c   0x000000a4   Data   RW         3897    .data               object.o
    0x200000e0   0x00000014   Data   RW         3965    .data               scheduler.o
    0x200000f4   0x0000000c   Data   RW         4140    .data               timer.o
    0x20000100   0x0000000c   Data   RW         4245    .data               interrupt.o
    0x2000010c   0x000004f8   Zero   RW          193    .bss                application.o
    0x20000604   0x00000088   Zero   RW          270    .bss                usart.o
    0x2000068c   0x0000017c   Zero   RW         3440    .bss                idle.o
    0x20000808   0x00000080   Zero   RW         3719    .bss                kservice.o
    0x20000888   0x00000100   Zero   RW         3963    .bss                scheduler.o
    0x20000988   0x00000060   Zero   RW         4379    .bss                libspace.o(c_w.l)
    0x200009e8   0x00000000   Zero   RW         4327    HEAP                start_rvds.o
    0x200009e8   0x00000200   Zero   RW         4326    STACK               start_rvds.o


==============================================================================

Image component sizes


      Code (inc. data)   RO Data    RW Data    ZI Data      Debug   Object Name

       268        102          0          0       1272       2247   application.o
       174         18          0          0          0     251217   board.o
        72         16          0          4          0       1563   clock.o
       168         20          0          0          0        484   context_rvds.o
         0          0          0          0          0         20   core_cm3.o
       596        218        168          0          0       8238   device.o
       244        162          0          0          0       1081   fault.o
        20          0          0          0          0        340   fault_rvds.o
        76         22          0          4        380       1570   idle.o
         0          0          0         12          0        418   interrupt.o
        64         12          0          1          0       1486   irq.o
      1632        164         34          8        128       8866   kservice.o
       144         16          0          0          0       1424   led.o
       400         58         24          8          0       3890   mempool.o
       196         32          0          0          0       2807   misc.o
       342        126         43        164          0       4332   object.o
      1096        352        334         20        256       6925   scheduler.o
      1216        322        133          0          0       8189   serial.o
       108          0          0          0          0        767   stack.o
        60         24        336          0        512        500   start_rvds.o
        60          0          0          0          0        918   startup.o
        22          0          0          0          0      11646   stm32f10x_dma.o
       276          0          0          0          0       3192   stm32f10x_gpio.o
        18          0          0          0          0     234459   stm32f10x_it.o
       244         24          0         20          0       4017   stm32f10x_rcc.o
       344          6          0          0          0       4500   stm32f10x_usart.o
       292         22          0          0          0       2221   system_stm32f10x.o
      1506        586        153          0          0      10190   thread.o
       948        284         76         12          0       8211   timer.o
       252         26          0         12        136       3393   usart.o

    ----------------------------------------------------------------------
     10850       2612       1336        268       2684     589111   Object Totals
         0          0         32          0          0          0   (incl. Generated)
        12          0          3          3          0          1   (incl. Padding)

    ----------------------------------------------------------------------

      Code (inc. data)   RO Data    RW Data    ZI Data      Debug   Library Member Name

         8          0          0          0          0         68   __main.o
        52          8          0          0          0          0   __scatter.o
        26          0          0          0          0          0   __scatter_copy.o
        28          0          0          0          0          0   __scatter_zi.o
        12          0          0          0          0         68   exit.o
         6          0          0          0          0        148   heapauxi.o
         6          0          0          0          0          0   libinit.o
         2          0          0          0          0          0   libinit2.o
         2          0          0          0          0          0   libshutdown.o
         2          0          0          0          0          0   libshutdown2.o
         8          4          0          0         96         68   libspace.o
         0          0          0          0          0          0   rtentry.o
        12          0          0          0          0          0   rtentry2.o
         6          0          0          0          0          0   rtentry4.o
         0          0          0          0          0          0   rtexit.o
         8          0          0          0          0          0   rtexit2.o
        20         10          0          0          0         68   sys_exit.o
        74          0          0          0          0         80   sys_stackheap_outer.o
         2          0          0          0          0         68   use_no_semi.o

    ----------------------------------------------------------------------
       278         22          0          0         96        568   Library Totals
         4          0          0          0          0          0   (incl. Padding)

    ----------------------------------------------------------------------

      Code (inc. data)   RO Data    RW Data    ZI Data      Debug   Library Name

       274         22          0          0         96        568   c_w.l

    ----------------------------------------------------------------------
       278         22          0          0         96        568   Library Totals

    ----------------------------------------------------------------------

==============================================================================


      Code (inc. data)   RO Data    RW Data    ZI Data      Debug   

     11128       2634       1336        268       2780     584080   Grand Totals
     11128       2634       1336        268       2780     584080   ELF Image Totals
     11128       2634       1336        268          0          0   ROM Totals

==============================================================================

    Total RO  Size (Code + RO Data)                12464 (  12.17kB)
    Total RW  Size (RW Data + ZI Data)              3048 (   2.98kB)
    Total ROM Size (Code + RO Data + RW Data)      12732 (  12.43kB)

==============================================================================

