ARM Linker, RVCT4.0 [Build 524] for uVision [Standard]

==============================================================================

Section Cross References

    stm32f10x_adc.o(i.ADC_DeInit) refers to stm32f10x_rcc.o(i.RCC_APB2PeriphResetCmd) for RCC_APB2PeriphResetCmd
    stm32f10x_bkp.o(i.BKP_DeInit) refers to stm32f10x_rcc.o(i.RCC_BackupResetCmd) for RCC_BackupResetCmd
    stm32f10x_can.o(i.CAN_DeInit) refers to stm32f10x_rcc.o(i.RCC_APB1PeriphResetCmd) for RCC_APB1PeriphResetCmd
    stm32f10x_can.o(i.CAN_GetITStatus) refers to stm32f10x_can.o(i.CheckITStatus) for CheckITStatus
    stm32f10x_can.o(i.CAN_Receive) refers to stm32f10x_can.o(i.CAN_FIFORelease) for CAN_FIFORelease
    stm32f10x_cec.o(i.CEC_DeInit) refers to stm32f10x_rcc.o(i.RCC_APB1PeriphResetCmd) for RCC_APB1PeriphResetCmd
    stm32f10x_dac.o(i.DAC_DeInit) refers to stm32f10x_rcc.o(i.RCC_APB1PeriphResetCmd) for RCC_APB1PeriphResetCmd
    stm32f10x_flash.o(i.FLASH_EnableWriteProtection) refers to stm32f10x_flash.o(i.FLASH_WaitForLastOperation) for FLASH_WaitForLastOperation
    stm32f10x_flash.o(i.FLASH_EraseAllBank1Pages) refers to stm32f10x_flash.o(i.FLASH_WaitForLastBank1Operation) for FLASH_WaitForLastBank1Operation
    stm32f10x_flash.o(i.FLASH_EraseAllPages) refers to stm32f10x_flash.o(i.FLASH_WaitForLastOperation) for FLASH_WaitForLastOperation
    stm32f10x_flash.o(i.FLASH_EraseOptionBytes) refers to stm32f10x_flash.o(i.FLASH_GetReadOutProtectionStatus) for FLASH_GetReadOutProtectionStatus
    stm32f10x_flash.o(i.FLASH_EraseOptionBytes) refers to stm32f10x_flash.o(i.FLASH_WaitForLastOperation) for FLASH_WaitForLastOperation
    stm32f10x_flash.o(i.FLASH_ErasePage) refers to stm32f10x_flash.o(i.FLASH_WaitForLastOperation) for FLASH_WaitForLastOperation
    stm32f10x_flash.o(i.FLASH_ProgramHalfWord) refers to stm32f10x_flash.o(i.FLASH_WaitForLastOperation) for FLASH_WaitForLastOperation
    stm32f10x_flash.o(i.FLASH_ProgramOptionByteData) refers to stm32f10x_flash.o(i.FLASH_WaitForLastOperation) for FLASH_WaitForLastOperation
    stm32f10x_flash.o(i.FLASH_ProgramWord) refers to stm32f10x_flash.o(i.FLASH_WaitForLastOperation) for FLASH_WaitForLastOperation
    stm32f10x_flash.o(i.FLASH_ReadOutProtection) refers to stm32f10x_flash.o(i.FLASH_WaitForLastOperation) for FLASH_WaitForLastOperation
    stm32f10x_flash.o(i.FLASH_UserOptionByteConfig) refers to stm32f10x_flash.o(i.FLASH_WaitForLastOperation) for FLASH_WaitForLastOperation
    stm32f10x_flash.o(i.FLASH_WaitForLastBank1Operation) refers to stm32f10x_flash.o(i.FLASH_GetBank1Status) for FLASH_GetBank1Status
    stm32f10x_flash.o(i.FLASH_WaitForLastOperation) refers to stm32f10x_flash.o(i.FLASH_GetBank1Status) for FLASH_GetBank1Status
    stm32f10x_gpio.o(i.GPIO_AFIODeInit) refers to stm32f10x_rcc.o(i.RCC_APB2PeriphResetCmd) for RCC_APB2PeriphResetCmd
    stm32f10x_gpio.o(i.GPIO_DeInit) refers to stm32f10x_rcc.o(i.RCC_APB2PeriphResetCmd) for RCC_APB2PeriphResetCmd
    stm32f10x_i2c.o(i.I2C_DeInit) refers to stm32f10x_rcc.o(i.RCC_APB1PeriphResetCmd) for RCC_APB1PeriphResetCmd
    stm32f10x_i2c.o(i.I2C_Init) refers to stm32f10x_rcc.o(i.RCC_GetClocksFreq) for RCC_GetClocksFreq
    stm32f10x_pwr.o(i.PWR_DeInit) refers to stm32f10x_rcc.o(i.RCC_APB1PeriphResetCmd) for RCC_APB1PeriphResetCmd
    stm32f10x_rcc.o(i.RCC_GetClocksFreq) refers to stm32f10x_rcc.o(.data) for .data
    stm32f10x_rcc.o(i.RCC_WaitForHSEStartUp) refers to stm32f10x_rcc.o(i.RCC_GetFlagStatus) for RCC_GetFlagStatus
    stm32f10x_rtc.o(i.RTC_SetAlarm) refers to stm32f10x_rtc.o(i.RTC_EnterConfigMode) for RTC_EnterConfigMode
    stm32f10x_rtc.o(i.RTC_SetAlarm) refers to stm32f10x_rtc.o(i.RTC_ExitConfigMode) for RTC_ExitConfigMode
    stm32f10x_rtc.o(i.RTC_SetCounter) refers to stm32f10x_rtc.o(i.RTC_EnterConfigMode) for RTC_EnterConfigMode
    stm32f10x_rtc.o(i.RTC_SetCounter) refers to stm32f10x_rtc.o(i.RTC_ExitConfigMode) for RTC_ExitConfigMode
    stm32f10x_rtc.o(i.RTC_SetPrescaler) refers to stm32f10x_rtc.o(i.RTC_EnterConfigMode) for RTC_EnterConfigMode
    stm32f10x_rtc.o(i.RTC_SetPrescaler) refers to stm32f10x_rtc.o(i.RTC_ExitConfigMode) for RTC_ExitConfigMode
    stm32f10x_spi.o(i.I2S_Init) refers to stm32f10x_rcc.o(i.RCC_GetClocksFreq) for RCC_GetClocksFreq
    stm32f10x_spi.o(i.SPI_I2S_DeInit) refers to stm32f10x_rcc.o(i.RCC_APB2PeriphResetCmd) for RCC_APB2PeriphResetCmd
    stm32f10x_spi.o(i.SPI_I2S_DeInit) refers to stm32f10x_rcc.o(i.RCC_APB1PeriphResetCmd) for RCC_APB1PeriphResetCmd
    stm32f10x_tim.o(i.TIM_DeInit) refers to stm32f10x_rcc.o(i.RCC_APB2PeriphResetCmd) for RCC_APB2PeriphResetCmd
    stm32f10x_tim.o(i.TIM_DeInit) refers to stm32f10x_rcc.o(i.RCC_APB1PeriphResetCmd) for RCC_APB1PeriphResetCmd
    stm32f10x_tim.o(i.TIM_ETRClockMode1Config) refers to stm32f10x_tim.o(i.TIM_ETRConfig) for TIM_ETRConfig
    stm32f10x_tim.o(i.TIM_ETRClockMode2Config) refers to stm32f10x_tim.o(i.TIM_ETRConfig) for TIM_ETRConfig
[...]
    _signal_init                              - Undefined Weak Reference
    _terminate_alloc                          - Undefined Weak Reference
    _terminate_user_alloc                     - Undefined Weak Reference
    _terminateio                              - Undefined Weak Reference
    __Vectors_Size                           0x00000150   Number         0  start_rvds.o ABSOLUTE
    __Vectors                                0x08000000   Data           4  start_rvds.o(RESET)
    __Vectors_End                            0x08000150   Data           0  start_rvds.o(RESET)
    __main                                   0x08000151   Thumb Code     8  __main.o(!!!main)
    __scatterload                            0x08000159   Thumb Code     0  __scatter.o(!!!scatter)
    __scatterload_rt2                        0x08000159   Thumb Code    44  __scatter.o(!!!scatter)
    __scatterload_rt2_thumb_only             0x08000159   Thumb Code     0  __scatter.o(!!!scatter)
    __scatterload_null                       0x08000167   Thumb Code     0  __scatter.o(!!!scatter)
    __decompress                             0x0800018d   Thumb Code    90  __dczerorl2.o(!!dczerorl2)
    __decompress1                            0x0800018d   Thumb Code     0  __dczerorl2.o(!!dczerorl2)
    __scatterload_zeroinit                   0x080001e9   Thumb Code    28  __scatter_zi.o(!!handler_zi)
    __rt_lib_init                            0x08000205   Thumb Code     0  libinit.o(.ARM.Collect$$libinit$$00000000)
    __rt_lib_init_heap_1                     0x0800020b   Thumb Code     0  libinit2.o(.ARM.Collect$$libinit$$00000006)
    __rt_lib_init_lc_common                  0x0800020b   Thumb Code     0  libinit2.o(.ARM.Collect$$libinit$$0000000B)
    __rt_lib_init_rand_1                     0x0800020b   Thumb Code     0  libinit2.o(.ARM.Collect$$libinit$$0000000A)
    __rt_lib_init_user_alloc_1               0x0800020b   Thumb Code     0  libinit2.o(.ARM.Collect$$libinit$$00000008)
    __rt_lib_init_lc_collate_1               0x08000211   Thumb Code     0  libinit2.o(.ARM.Collect$$libinit$$0000000D)
    __rt_lib_init_lc_ctype_2                 0x08000211   Thumb Code     0  libinit2.o(.ARM.Collect$$libinit$$0000000E)
    __rt_lib_init_alloca_1                   0x0800021d   Thumb Code     0  libinit2.o(.ARM.Collect$$libinit$$0000002A)
    __rt_lib_init_argv_1                     0x0800021d   Thumb Code     0  libinit2.o(.ARM.Collect$$libinit$$00000028)
    __rt_lib_init_atexit_1                   0x0800021d   Thumb Code     0  libinit2.o(.ARM.Collect$$libinit$$00000017)
    __rt_lib_init_clock_1                    0x0800021d   Thumb Code     0  libinit2.o(.ARM.Collect$$libinit$$0000001D)
    __rt_lib_init_cpp_1                      0x0800021d   Thumb Code     0  libinit2.o(.ARM.Collect$$libinit$$0000002E)
    __rt_lib_init_exceptions_1               0x0800021d   Thumb Code     0  libinit2.o(.ARM.Collect$$libinit$$0000002C)
    __rt_lib_init_fp_trap_1                  0x0800021d   Thumb Code     0  libinit2.o(.ARM.Collect$$libinit$$0000001B)
    __rt_lib_init_getenv_1                   0x0800021d   Thumb Code     0  libinit2.o(.ARM.Collect$$libinit$$0000001F)
    __rt_lib_init_lc_ctype_1                 0x0800021d   Thumb Code     0  libinit2.o(.ARM.Collect$$libinit$$0000000F)
    __rt_lib_init_lc_monetary_1              0x0800021d   Thumb Code     0  libinit2.o(.ARM.Collect$$libinit$$00000011)
    __rt_lib_init_lc_numeric_1               0x0800021d   Thumb Code     0  libinit2.o(.ARM.Collect$$libinit$$00000013)
    __rt_lib_init_lc_time_1                  0x0800021d   Thumb Code     0  libinit2.o(.ARM.Collect$$libinit$$00000015)
    __rt_lib_init_return                     0x0800021d   Thumb Code     0  libinit2.o(.ARM.Collect$$libinit$$0000002F)
    __rt_lib_init_signal_1                   0x0800021d   Thumb Code     0  libinit2.o(.ARM.Collect$$libinit$$00000019)
    __rt_lib_init_stdio_1                    0x0800021d   Thumb Code     0  libinit2.o(.ARM.Collect$$libinit$$00000021)
    __rt_lib_shutdown                        0x0800021f   Thumb Code     0  libshutdown.o(.ARM.Collect$$libshutdown$$00000000)
    __rt_lib_shutdown_fp_trap_1              0x08000221   Thumb Code     0  libshutdown2.o(.ARM.Collect$$libshutdown$$00000006)
    __rt_lib_shutdown_heap_1                 0x08000221   Thumb Code     0  libshutdown2.o(.ARM.Collect$$libshutdown$$0000000E)
    __rt_lib_shutdown_return                 0x08000221   Thumb Code     0  libshutdown2.o(.ARM.Collect$$libshutdown$$0000000F)
    __rt_lib_shutdown_signal_1               0x08000221   Thumb Code     0  libshutdown2.o(.ARM.Collect$$libshutdown$$00000009)
    __rt_lib_shutdown_stdio_1                0x08000221   Thumb Code     0  libshutdown2.o(.ARM.Collect$$libshutdown$$00000003)
    __rt_lib_shutdown_user_alloc_1           0x08000221   Thumb Code     0  libshutdown2.o(.ARM.Collect$$libshutdown$$0000000B)
    __rt_entry                               0x08000223   Thumb Code     0  rtentry.o(.ARM.Collect$$rtentry$$00000000)
    __rt_entry_presh_1                       0x08000223   Thumb Code     0  rtentry2.o(.ARM.Collect$$rtentry$$00000002)
    __rt_entry_sh                            0x08000223   Thumb Code     0  rtentry4.o(.ARM.Collect$$rtentry$$00000004)
    __rt_entry_li                            0x08000229   Thumb Code     0  rtentry2.o(.ARM.Collect$$rtentry$$0000000A)
    __rt_entry_postsh_1                      0x08000229   Thumb Code     0  rtentry2.o(.ARM.Collect$$rtentry$$00000009)
    __rt_entry_main                          0x0800022d   Thumb Code     0  rtentry2.o(.ARM.Collect$$rtentry$$0000000D)
    __rt_entry_postli_1                      0x0800022d   Thumb Code     0  rtentry2.o(.ARM.Collect$$rtentry$$0000000C)
    __rt_exit                                0x08000235   Thumb Code     0  rtexit.o(.ARM.Collect$$rtexit$$00000000)
    __rt_exit_ls                             0x08000235   Thumb Code     0  rtexit2.o(.ARM.Collect$$rtexit$$00000003)
    __rt_exit_prels_1                        0x08000235   Thumb Code     0  rtexit2.o(.ARM.Collect$$rtexit$$00000002)
    __rt_exit_exit                           0x08000239   Thumb Code     0  rtexit2.o(.ARM.Collect$$rtexit$$00000004)
    Reset_Handler                            0x0800023d   Thumb Code    10  start_rvds.o(.text)
    ADC1_2_IRQHandler                        0x08000255   Thumb Code     0  start_rvds.o(.text)
    ADC3_IRQHandler                          0x08000255   Thumb Code     0  start_rvds.o(.text)
    CAN1_RX1_IRQHandler                      0x08000255   Thumb Code     0  start_rvds.o(.text)
    CAN1_SCE_IRQHandler                      0x08000255   Thumb Code     0  start_rvds.o(.text)
    CAN2_RX0_IRQHandler                      0x08000255   Thumb Code     0  start_rvds.o(.text)
    CAN2_RX1_IRQHandler                      0x08000255   Thumb Code     0  start_rvds.o(.text)
    CAN2_SCE_IRQHandler                      0x08000255   Thumb Code     0  start_rvds.o(.text)
    CAN2_TX_IRQHandler                       0x08000255   Thumb Code     0  start_rvds.o(.text)
    DMA1_Channel1_IRQHandler                 0x08000255   Thumb Code     0  start_rvds.o(.text)
    DMA1_Channel3_IRQHandler                 0x08000255   Thumb Code     0  start_rvds.o(.text)
    DMA1_Channel4_IRQHandler                 0x08000255   Thumb Code     0  start_rvds.o(.text)
    DMA1_Channel5_IRQHandler                 0x08000255   Thumb Code     0  start_rvds.o(.text)
    DMA1_Channel6_IRQHandler                 0x08000255   Thumb Code     0  start_rvds.o(.text)
    DMA1_Channel7_IRQHandler                 0x08000255   Thumb Code     0  start_rvds.o(.text)
    DMA2_Channel1_IRQHandler                 0x08000255   Thumb Code     0  start_rvds.o(.text)
    DMA2_Channel2_IRQHandler                 0x08000255   Thumb Code     0  start_rvds.o(.text)
    DMA2_Channel3_IRQHandler                 0x08000255   Thumb Code     0  start_rvds.o(.text)
    DMA2_Channel4_5_IRQHandler               0x08000255   Thumb Code     0  start_rvds.o(.text)
    DMA2_Channel5_IRQHandler                 0x08000255   Thumb Code     0  start_rvds.o(.text)
    ETH_IRQHandler                           0x08000255   Thumb Code     0  start_rvds.o(.text)
    ETH_WKUP_IRQHandler                      0x08000255   Thumb Code     0  start_rvds.o(.text)
    EXTI0_IRQHandler                         0x08000255   Thumb Code     0  start_rvds.o(.text)
    EXTI15_10_IRQHandler                     0x08000255   Thumb Code     0  start_rvds.o(.text)
    EXTI1_IRQHandler                         0x08000255   Thumb Code     0  start_rvds.o(.text)
    EXTI2_IRQHandler                         0x08000255   Thumb Code     0  start_rvds.o(.text)
    EXTI3_IRQHandler                         0x08000255   Thumb Code     0  start_rvds.o(.text)
    EXTI4_IRQHandler                         0x08000255   Thumb Code     0  start_rvds.o(.text)
    EXTI9_5_IRQHandler                       0x08000255   Thumb Code     0  start_rvds.o(.text)
    FLASH_IRQHandler                         0x08000255   Thumb Code     0  start_rvds.o(.text)
    FSMC_IRQHandler                          0x08000255   Thumb Code     0  start_rvds.o(.text)
    I2C1_ER_IRQHandler                       0x08000255   Thumb Code     0  start_rvds.o(.text)
    I2C1_EV_IRQHandler                       0x08000255   Thumb Code     0  start_rvds.o(.text)
    I2C2_ER_IRQHandler                       0x08000255   Thumb Code     0  start_rvds.o(.text)
    I2C2_EV_IRQHandler                       0x08000255   Thumb Code     0  start_rvds.o(.text)
    OTG_FS_IRQHandler                        0x08000255   Thumb Code     0  start_rvds.o(.text)
    OTG_FS_WKUP_IRQHandler                   0x08000255   Thumb Code     0  start_rvds.o(.text)
    PVD_IRQHandler                           0x08000255   Thumb Code     0  start_rvds.o(.text)
    RCC_IRQHandler                           0x08000255   Thumb Code     0  start_rvds.o(.text)
    RTCAlarm_IRQHandler                      0x08000255   Thumb Code     0  start_rvds.o(.text)
    RTC_IRQHandler                           0x08000255   Thumb Code     0  start_rvds.o(.text)
    SDIO_IRQHandler                          0x08000255   Thumb Code     0  start_rvds.o(.text)
    SPI1_IRQHandler                          0x08000255   Thumb Code     0  start_rvds.o(.text)
    SPI2_IRQHandler                          0x08000255   Thumb Code     0  start_rvds.o(.text)
    SPI3_IRQHandler                          0x08000255   Thumb Code     0  start_rvds.o(.text)
    TAMPER_IRQHandler                        0x08000255   Thumb Code     0  start_rvds.o(.text)
    TIM1_BRK_IRQHandler                      0x08000255   Thumb Code     0  start_rvds.o(.text)
    TIM1_CC_IRQHandler                       0x08000255   Thumb Code     0  start_rvds.o(.text)
    TIM1_TRG_COM_IRQHandler                  0x08000255   Thumb Code     0  start_rvds.o(.text)
    TIM1_UP_IRQHandler                       0x08000255   Thumb Code     0  start_rvds.o(.text)
    TIM2_IRQHandler                          0x08000255   Thumb Code     0  start_rvds.o(.text)
    TIM3_IRQHandler                          0x08000255   Thumb Code     0  start_rvds.o(.text)
    TIM4_IRQHandler                          0x08000255   Thumb Code     0  start_rvds.o(.text)
    TIM5_IRQHandler                          0x08000255   Thumb Code     0  start_rvds.o(.text)
    TIM6_IRQHandler                          0x08000255   Thumb Code     0  start_rvds.o(.text)
    TIM7_IRQHandler                          0x08000255   Thumb Code     0  start_rvds.o(.text)
    TIM8_BRK_IRQHandler                      0x08000255   Thumb Code     0  start_rvds.o(.text)
    TIM8_CC_IRQHandler                       0x08000255   Thumb Code     0  start_rvds.o(.text)
    TIM8_TRG_COM_IRQHandler                  0x08000255   Thumb Code     0  start_rvds.o(.text)
    TIM8_UP_IRQHandler                       0x08000255   Thumb Code     0  start_rvds.o(.text)
    UART4_IRQHandler                         0x08000255   Thumb Code     0  start_rvds.o(.text)
    UART5_IRQHandler                         0x08000255   Thumb Code     0  start_rvds.o(.text)
    USB_HP_CAN1_TX_IRQHandler                0x08000255   Thumb Code     0  start_rvds.o(.text)
    USB_LP_CAN1_RX0_IRQHandler               0x08000255   Thumb Code     0  start_rvds.o(.text)
    WWDG_IRQHandler                          0x08000255   Thumb Code     0  start_rvds.o(.text)
    __user_initial_stackheap                 0x08000259   Thumb Code     0  start_rvds.o(.text)
    rt_hw_interrupt_disable                  0x08000279   Thumb Code     8  context_rvds.o(.text)
    rt_hw_interrupt_enable                   0x08000281   Thumb Code     6  context_rvds.o(.text)
    rt_hw_context_switch                     0x08000287   Thumb Code    32  context_rvds.o(.text)
    rt_hw_context_switch_interrupt           0x08000287   Thumb Code     0  context_rvds.o(.text)
    rt_hw_pend_sv                            0x080002a7   Thumb Code    60  context_rvds.o(.text)
    rt_hw_context_switch_to                  0x080002e3   Thumb Code    38  context_rvds.o(.text)
    rt_hw_interrupt_thread_switch            0x08000309   Thumb Code     4  context_rvds.o(.text)
    rt_hw_hard_fault                         0x08000321   Thumb Code    20  fault_rvds.o(.text)
    __rt_ctype_table                         0x08000335   Thumb Code    16  rt_ctype_table.o(.text)
    atoi                                     0x08000345   Thumb Code    26  atoi.o(.text)
    strncmp                                  0x0800035f   Thumb Code   140  strncmp.o(.text)
    strlen                                   0x080003eb   Thumb Code    62  strlen.o(.text)
    __aeabi_memcpy                           0x08000429   Thumb Code     0  rt_memcpy_v6.o(.text)
    __rt_memcpy                              0x08000429   Thumb Code   140  rt_memcpy_v6.o(.text)
    _memcpy_lastbytes                        0x08000491   Thumb Code     0  rt_memcpy_v6.o(.text)
    __aeabi_memclr                           0x080004b5   Thumb Code     0  rt_memclr.o(.text)
    __rt_memclr                              0x080004b5   Thumb Code    68  rt_memclr.o(.text)
    _memset                                  0x080004b9   Thumb Code     0  rt_memclr.o(.text)
    __aeabi_memcpy4                          0x080004f9   Thumb Code     0  rt_memcpy_w.o(.text)
    __aeabi_memcpy8                          0x080004f9   Thumb Code     0  rt_memcpy_w.o(.text)
    __rt_memcpy_w                            0x080004f9   Thumb Code   100  rt_memcpy_w.o(.text)
    _memcpy_lastbytes_aligned                0x08000541   Thumb Code     0  rt_memcpy_w.o(.text)
    __aeabi_memclr4                          0x0800055d   Thumb Code     0  rt_memclr_w.o(.text)
    __aeabi_memclr8                          0x0800055d   Thumb Code     0  rt_memclr_w.o(.text)
    __rt_memclr_w                            0x0800055d   Thumb Code    78  rt_memclr_w.o(.text)
    _memset_w                                0x08000561   Thumb Code     0  rt_memclr_w.o(.text)
    strncpy                                  0x080005ab   Thumb Code    86  strncpy.o(.text)
    __use_two_region_memory                  0x08000601   Thumb Code     2  heapauxi.o(.text)
    __rt_heap_escrow$2region                 0x08000603   Thumb Code     2  heapauxi.o(.text)
    __rt_heap_expand$2region                 0x08000605   Thumb Code     2  heapauxi.o(.text)
    __rt_locale                              0x08000609   Thumb Code    12  rt_locale_intlibspace.o(.text)
    __aeabi_errno_addr                       0x08000615   Thumb Code    12  rt_errno_addr_intlibspace.o(.text)
    __errno$intlibspace                      0x08000615   Thumb Code     0  rt_errno_addr_intlibspace.o(.text)
    __rt_errno_addr$intlibspace              0x08000615   Thumb Code     0  rt_errno_addr_intlibspace.o(.text)
    strtol                                   0x08000621   Thumb Code   112  strtol.o(.text)
    __user_libspace                          0x08000691   Thumb Code     8  libspace.o(.text)
    __user_perproc_libspace                  0x08000691   Thumb Code     0  libspace.o(.text)
    __user_perthread_libspace                0x08000691   Thumb Code     0  libspace.o(.text)
    _strtoul                                 0x08000699   Thumb Code   152  _strtoul.o(.text)
    __user_setup_stackheap                   0x08000731   Thumb Code    74  sys_stackheap_outer.o(.text)
    _chval                                   0x0800077b   Thumb Code    32  _chval.o(.text)
    exit                                     0x0800079b   Thumb Code    12  exit.o(.text)
    _sys_exit                                0x080007a9   Thumb Code    16  sys_exit.o(.text)
    __I$use$semihosting                      0x080007bd   Thumb Code     0  use_no_semi.o(.text)
    __use_no_semihosting_swi                 0x080007bd   Thumb Code     2  use_no_semi.o(.text)
    BusFault_Handler                         0x080007bf   Thumb Code     4  stm32f10x_it.o(i.BusFault_Handler)
    DMA1_Channel2_IRQHandler                 0x080007c3   Thumb Code     2  stm32f10x_it.o(i.DMA1_Channel2_IRQHandler)
    DMA_Cmd                                  0x080007c5   Thumb Code    22  stm32f10x_dma.o(i.DMA_Cmd)
    DebugMon_Handler                         0x080007dd   Thumb Code     2  stm32f10x_it.o(i.DebugMon_Handler)
    GPIO_Init                                0x0800081d   Thumb Code   268  stm32f10x_gpio.o(i.GPIO_Init)
    GPIO_ResetBits                           0x08000929   Thumb Code     4  stm32f10x_gpio.o(i.GPIO_ResetBits)
    GPIO_SetBits                             0x0800092d   Thumb Code     4  stm32f10x_gpio.o(i.GPIO_SetBits)
    MemManage_Handler                        0x08000931   Thumb Code     4  stm32f10x_it.o(i.MemManage_Handler)
    NMI_Handler                              0x08000935   Thumb Code     2  stm32f10x_it.o(i.NMI_Handler)
    NVIC_Configuration                       0x08000937   Thumb Code    22  board.o(i.NVIC_Configuration)
    NVIC_Init                                0x08000969   Thumb Code   102  misc.o(i.NVIC_Init)
    NVIC_PriorityGroupConfig                 0x080009dd   Thumb Code    10  misc.o(i.NVIC_PriorityGroupConfig)
    NVIC_SetVectorTable                      0x080009f1   Thumb Code    12  misc.o(i.NVIC_SetVectorTable)
    OP_add_byte                              0x08000a05   Thumb Code    42  finsh_ops.o(i.OP_add_byte)
    OP_add_dword                             0x08000a35   Thumb Code    42  finsh_ops.o(i.OP_add_dword)
    OP_add_word                              0x08000a65   Thumb Code    44  finsh_ops.o(i.OP_add_word)
    OP_and_byte                              0x08000a95   Thumb Code    42  finsh_ops.o(i.OP_and_byte)
    OP_and_dword                             0x08000ac5   Thumb Code    42  finsh_ops.o(i.OP_and_dword)
    OP_and_word                              0x08000af5   Thumb Code    42  finsh_ops.o(i.OP_and_word)
    OP_bw_byte                               0x08000b25   Thumb Code    20  finsh_ops.o(i.OP_bw_byte)
    OP_bw_dword                              0x08000b3d   Thumb Code    20  finsh_ops.o(i.OP_bw_dword)
    OP_bw_word                               0x08000b55   Thumb Code    20  finsh_ops.o(i.OP_bw_word)
    OP_call                                  0x08000b6d   Thumb Code   470  finsh_ops.o(i.OP_call)
    OP_div_byte                              0x08000d4d   Thumb Code    44  finsh_ops.o(i.OP_div_byte)
    OP_div_dword                             0x08000d7d   Thumb Code    44  finsh_ops.o(i.OP_div_dword)
    OP_div_word                              0x08000dad   Thumb Code    46  finsh_ops.o(i.OP_div_word)
    OP_ld_byte                               0x08000de1   Thumb Code    34  finsh_ops.o(i.OP_ld_byte)
    OP_ld_dword                              0x08000e0d   Thumb Code    64  finsh_ops.o(i.OP_ld_dword)
    OP_ld_value_byte                         0x08000e55   Thumb Code    66  finsh_ops.o(i.OP_ld_value_byte)
    OP_ld_value_byte_stack                   0x08000ea1   Thumb Code    20  finsh_ops.o(i.OP_ld_value_byte_stack)
    OP_ld_value_dword                        0x08000eb9   Thumb Code    66  finsh_ops.o(i.OP_ld_value_dword)
    OP_ld_value_dword_stack                  0x08000f05   Thumb Code    20  finsh_ops.o(i.OP_ld_value_dword_stack)
    OP_ld_value_word                         0x08000f1d   Thumb Code    66  finsh_ops.o(i.OP_ld_value_word)
    OP_ld_value_word_stack                   0x08000f69   Thumb Code    20  finsh_ops.o(i.OP_ld_value_word_stack)
    OP_ld_word                               0x08000f81   Thumb Code    46  finsh_ops.o(i.OP_ld_word)
    OP_mod_byte                              0x08000fb9   Thumb Code    48  finsh_ops.o(i.OP_mod_byte)
    OP_mod_dword                             0x08000fed   Thumb Code    48  finsh_ops.o(i.OP_mod_dword)
    OP_mod_word                              0x08001021   Thumb Code    50  finsh_ops.o(i.OP_mod_word)
    OP_mul_byte                              0x08001059   Thumb Code    42  finsh_ops.o(i.OP_mul_byte)
    OP_mul_dword                             0x08001089   Thumb Code    42  finsh_ops.o(i.OP_mul_dword)
    OP_mul_word                              0x080010b9   Thumb Code    44  finsh_ops.o(i.OP_mul_word)
    OP_no_op                                 0x080010e9   Thumb Code     2  finsh_ops.o(i.OP_no_op)
    OP_or_byte                               0x080010ed   Thumb Code    42  finsh_ops.o(i.OP_or_byte)
    OP_or_dword                              0x0800111d   Thumb Code    42  finsh_ops.o(i.OP_or_dword)
    OP_or_word                               0x0800114d   Thumb Code    42  finsh_ops.o(i.OP_or_word)
    OP_pop                                   0x0800117d   Thumb Code    12  finsh_ops.o(i.OP_pop)
    OP_shl_byte                              0x0800118d   Thumb Code    42  finsh_ops.o(i.OP_shl_byte)
    OP_shl_dword                             0x080011bd   Thumb Code    42  finsh_ops.o(i.OP_shl_dword)
    OP_shl_word                              0x080011ed   Thumb Code    44  finsh_ops.o(i.OP_shl_word)
    OP_shr_byte                              0x0800121d   Thumb Code    42  finsh_ops.o(i.OP_shr_byte)
    OP_shr_dword                             0x0800124d   Thumb Code    42  finsh_ops.o(i.OP_shr_dword)
    OP_shr_word                              0x0800127d   Thumb Code    44  finsh_ops.o(i.OP_shr_word)
    OP_st_byte                               0x080012ad   Thumb Code    30  finsh_ops.o(i.OP_st_byte)
    OP_st_dword                              0x080012d1   Thumb Code    30  finsh_ops.o(i.OP_st_dword)
    OP_st_word                               0x080012f5   Thumb Code    30  finsh_ops.o(i.OP_st_word)
    OP_sub_byte                              0x08001319   Thumb Code    42  finsh_ops.o(i.OP_sub_byte)
    OP_sub_dword                             0x08001349   Thumb Code    42  finsh_ops.o(i.OP_sub_dword)
    OP_sub_word                              0x08001379   Thumb Code    44  finsh_ops.o(i.OP_sub_word)
    OP_xor_byte                              0x080013a9   Thumb Code    42  finsh_ops.o(i.OP_xor_byte)
    OP_xor_dword                             0x080013d9   Thumb Code    42  finsh_ops.o(i.OP_xor_dword)
    OP_xor_word                              0x08001409   Thumb Code    42  finsh_ops.o(i.OP_xor_word)
    RCC_APB2PeriphClockCmd                   0x08001439   Thumb Code    26  stm32f10x_rcc.o(i.RCC_APB2PeriphClockCmd)
    RCC_GetClocksFreq                        0x08001471   Thumb Code   194  stm32f10x_rcc.o(i.RCC_GetClocksFreq)
    SVC_Handler                              0x08001545   Thumb Code     2  stm32f10x_it.o(i.SVC_Handler)
    SysTick_CLKSourceConfig                  0x08001619   Thumb Code    40  misc.o(i.SysTick_CLKSourceConfig)
    SysTick_Configuration                    0x08001641   Thumb Code    96  board.o(i.SysTick_Configuration)
    SystemInit                               0x080016a9   Thumb Code    70  system_stm32f10x.o(i.SystemInit)
    USART1_IRQHandler                        0x080016fd   Thumb Code    18  stm32f10x_it.o(i.USART1_IRQHandler)
    USART2_IRQHandler                        0x08001715   Thumb Code     2  stm32f10x_it.o(i.USART2_IRQHandler)
    USART3_IRQHandler                        0x08001717   Thumb Code     2  stm32f10x_it.o(i.USART3_IRQHandler)
    USART_ClearITPendingBit                  0x08001719   Thumb Code    30  stm32f10x_usart.o(i.USART_ClearITPendingBit)
    USART_ClockInit                          0x08001737   Thumb Code    32  stm32f10x_usart.o(i.USART_ClockInit)
    USART_Cmd                                0x08001757   Thumb Code    24  stm32f10x_usart.o(i.USART_Cmd)
    USART_GetITStatus                        0x0800176f   Thumb Code    84  stm32f10x_usart.o(i.USART_GetITStatus)
    USART_ITConfig                           0x080017c3   Thumb Code    72  stm32f10x_usart.o(i.USART_ITConfig)
    USART_Init                               0x0800180d   Thumb Code   210  stm32f10x_usart.o(i.USART_Init)
    UsageFault_Handler                       0x080018e5   Thumb Code     4  stm32f10x_it.o(i.UsageFault_Handler)
    finsh_auto_complete                      0x08001af5   Thumb Code    26  shell.o(i.finsh_auto_complete)
    finsh_compiler_run                       0x08003249   Thumb Code    90  finsh_compiler.o(i.finsh_compiler_run)
    finsh_errno                              0x080032b5   Thumb Code     6  finsh_error.o(i.finsh_errno)
    finsh_error_init                         0x080032c1   Thumb Code     8  finsh_error.o(i.finsh_error_init)
    finsh_error_set                          0x080032cd   Thumb Code    10  finsh_error.o(i.finsh_error_set)
    finsh_error_string                       0x080032dd   Thumb Code    10  finsh_error.o(i.finsh_error_string)
    finsh_flush                              0x080032ed   Thumb Code    22  finsh_init.o(i.finsh_flush)
    finsh_handle_history                     0x08003305   Thumb Code   286  shell.o(i.finsh_handle_history)
    finsh_heap_allocate                      0x0800343d   Thumb Code   108  finsh_heap.o(i.finsh_heap_allocate)
    finsh_heap_free                          0x080034ad   Thumb Code    38  finsh_heap.o(i.finsh_heap_free)
    finsh_heap_init                          0x08003531   Thumb Code    38  finsh_heap.o(i.finsh_heap_init)
    finsh_init                               0x08003561   Thumb Code    30  finsh_init.o(i.finsh_init)
    finsh_node_allocate                      0x08003581   Thumb Code    56  finsh_node.o(i.finsh_node_allocate)
    finsh_node_init                          0x080035bd   Thumb Code    16  finsh_node.o(i.finsh_node_init)
    finsh_node_new_char                      0x080035d1   Thumb Code    30  finsh_node.o(i.finsh_node_new_char)
    finsh_node_new_id                        0x080035ef   Thumb Code   118  finsh_node.o(i.finsh_node_new_id)
    finsh_node_new_int                       0x08003665   Thumb Code    30  finsh_node.o(i.finsh_node_new_int)
    finsh_node_new_long                      0x08003683   Thumb Code    30  finsh_node.o(i.finsh_node_new_long)
    finsh_node_new_ptr                       0x080036a1   Thumb Code    30  finsh_node.o(i.finsh_node_new_ptr)
    finsh_node_new_string                    0x080036bf   Thumb Code    74  finsh_node.o(i.finsh_node_new_string)
    finsh_parser_init                        0x08003709   Thumb Code    16  finsh_parser.o(i.finsh_parser_init)
    finsh_parser_run                         0x08003719   Thumb Code   210  finsh_parser.o(i.finsh_parser_run)
    finsh_push_history                       0x080037eb   Thumb Code   176  shell.o(i.finsh_push_history)
    finsh_run_line                           0x0800389d   Thumb Code   150  shell.o(i.finsh_run_line)
    finsh_set_device                         0x080039cd   Thumb Code   104  shell.o(i.finsh_set_device)
    finsh_stack_bottom                       0x08003a95   Thumb Code     6  finsh_init.o(i.finsh_stack_bottom)
    finsh_syscall_lookup                     0x08003aa1   Thumb Code    78  finsh_vm.o(i.finsh_syscall_lookup)
    finsh_system_function_init               0x08003afd   Thumb Code    10  shell.o(i.finsh_system_function_init)
    finsh_system_init                        0x08003b11   Thumb Code   104  shell.o(i.finsh_system_init)
    finsh_system_var_init                    0x08003bb9   Thumb Code    10  shell.o(i.finsh_system_var_init)
    finsh_sysvar_lookup                      0x08003bcd   Thumb Code    78  finsh_var.o(i.finsh_sysvar_lookup)
    finsh_thread_entry                       0x08003c29   Thumb Code   538  shell.o(i.finsh_thread_entry)
    finsh_token_init                         0x08003e61   Thumb Code    20  finsh_token.o(i.finsh_token_init)
    finsh_token_token                        0x08003e75   Thumb Code    24  finsh_token.o(i.finsh_token_token)
    finsh_var_init                           0x08003fed   Thumb Code    14  finsh_var.o(i.finsh_var_init)
    finsh_var_insert                         0x08004001   Thumb Code   112  finsh_var.o(i.finsh_var_insert)
    finsh_var_lookup                         0x08004075   Thumb Code    58  finsh_var.o(i.finsh_var_lookup)
    finsh_vm_run                             0x080040b5   Thumb Code    62  finsh_vm.o(i.finsh_vm_run)
    hello                                    0x08004109   Thumb Code    12  cmd.o(i.hello)
    led                                      0x08004129   Thumb Code    86  led.o(i.led)
    list                                     0x08004185   Thumb Code   110  cmd.o(i.list)
    list_device                              0x0800424d   Thumb Code    62  cmd.o(i.list_device)
    list_event                               0x080042d1   Thumb Code    60  cmd.o(i.list_event)
    list_mailbox                             0x0800436d   Thumb Code   108  cmd.o(i.list_mailbox)
    list_mem                                 0x08004451   Thumb Code    38  mem.o(i.list_mem)
    list_mempool                             0x080044c5   Thumb Code    94  cmd.o(i.list_mempool)
    list_msgqueue                            0x080045b9   Thumb Code   108  cmd.o(i.list_msgqueue)
    list_mutex                               0x0800468d   Thumb Code    58  cmd.o(i.list_mutex)
    list_prefix                              0x08004731   Thumb Code   266  cmd.o(i.list_prefix)
    list_sem                                 0x0800488d   Thumb Code   108  cmd.o(i.list_sem)
    list_thread                              0x0800495d   Thumb Code   158  cmd.o(i.list_thread)
    list_timer                               0x08004a59   Thumb Code    86  cmd.o(i.list_timer)
    main                                     0x08004b51   Thumb Code    20  startup.o(i.main)
    rt_application_init                      0x08005685   Thumb Code     4  application.o(i.rt_application_init)
    rt_console_set_device                    0x08005689   Thumb Code    48  kservice.o(i.rt_console_set_device)
    rt_device_close                          0x080056bd   Thumb Code    62  device.o(i.rt_device_close)
    rt_device_find                           0x08005731   Thumb Code    76  device.o(i.rt_device_find)
    rt_device_init_all                       0x08005781   Thumb Code    74  device.o(i.rt_device_init_all)
    rt_device_open                           0x08005809   Thumb Code   136  device.o(i.rt_device_open)
    rt_device_read                           0x080058fd   Thumb Code    72  device.o(i.rt_device_read)
    rt_device_register                       0x08005979   Thumb Code    32  device.o(i.rt_device_register)
    rt_device_set_rx_indicate                0x08005999   Thumb Code    38  device.o(i.rt_device_set_rx_indicate)
    rt_device_write                          0x080059f5   Thumb Code    72  device.o(i.rt_device_write)
    rt_enter_critical                        0x08005a71   Thumb Code    28  scheduler.o(i.rt_enter_critical)
    rt_exit_critical                         0x08005a91   Thumb Code    54  scheduler.o(i.rt_exit_critical)
    rt_free                                  0x08005acd   Thumb Code   254  mem.o(i.rt_free)
    rt_hw_board_init                         0x08005c51   Thumb Code    22  board.o(i.rt_hw_board_init)
    rt_hw_console_output                     0x08005c71   Thumb Code     2  kservice.o(i.rt_hw_console_output)
    rt_hw_hard_fault_exception               0x08005c75   Thumb Code    86  fault.o(i.rt_hw_hard_fault_exception)
    rt_hw_led_init                           0x08005d6d   Thumb Code    54  led.o(i.rt_hw_led_init)
    rt_hw_led_off                            0x08005da9   Thumb Code    40  led.o(i.rt_hw_led_off)
    rt_hw_led_on                             0x08005dd5   Thumb Code    40  led.o(i.rt_hw_led_on)
    rt_hw_serial_isr                         0x08005e01   Thumb Code   210  serial.o(i.rt_hw_serial_isr)
    rt_hw_serial_register                    0x08005f21   Thumb Code   128  serial.o(i.rt_hw_serial_register)
    rt_hw_stack_init                         0x08005ff5   Thumb Code   108  stack.o(i.rt_hw_stack_init)
    rt_hw_timer_handler                      0x08006061   Thumb Code    16  board.o(i.rt_hw_timer_handler)
    rt_hw_usart_init                         0x08006071   Thumb Code   120  usart.o(i.rt_hw_usart_init)
    rt_interrupt_enter                       0x080060fd   Thumb Code    26  irq.o(i.rt_interrupt_enter)
    rt_interrupt_leave                       0x0800611d   Thumb Code    26  irq.o(i.rt_interrupt_leave)
    rt_kprintf                               0x080061cd   Thumb Code    56  kservice.o(i.rt_kprintf)
    rt_malloc                                0x080062c9   Thumb Code   572  mem.o(i.rt_malloc)
    rt_memset                                0x08006589   Thumb Code    72  kservice.o(i.rt_memset)
    rt_mp_alloc                              0x080065d1   Thumb Code   178  mempool.o(i.rt_mp_alloc)
    rt_mp_init                               0x08006689   Thumb Code   162  mempool.o(i.rt_mp_init)
    rt_object_allocate                       0x08006761   Thumb Code    96  object.o(i.rt_object_allocate)
    rt_object_delete                         0x080067c9   Thumb Code   104  object.o(i.rt_object_delete)
    rt_object_detach                         0x08006899   Thumb Code    64  object.o(i.rt_object_detach)
    rt_object_init                           0x08006915   Thumb Code    86  object.o(i.rt_object_init)
    rt_object_is_systemobject                0x08006975   Thumb Code    48  object.o(i.rt_object_is_systemobject)
    rt_schedule                              0x080069dd   Thumb Code   214  scheduler.o(i.rt_schedule)
    rt_schedule_insert_thread                0x08006ad1   Thumb Code    90  scheduler.o(i.rt_schedule_insert_thread)
    rt_schedule_remove_thread                0x08006b6d   Thumb Code   102  scheduler.o(i.rt_schedule_remove_thread)
    rt_sem_init                              0x08006c15   Thumb Code    64  ipc.o(i.rt_sem_init)
    rt_sem_release                           0x08006c89   Thumb Code    72  ipc.o(i.rt_sem_release)
    rt_sem_take                              0x08006cd5   Thumb Code   174  ipc.o(i.rt_sem_take)
    rt_set_errno                             0x080071b1   Thumb Code    22  kservice.o(i.rt_set_errno)
    rt_show_version                          0x080071cd   Thumb Code    34  kservice.o(i.rt_show_version)
    rt_strlen                                0x08007275   Thumb Code    18  kservice.o(i.rt_strlen)
    rt_strncmp                               0x08007287   Thumb Code    40  kservice.o(i.rt_strncmp)
    rt_strncpy                               0x080072af   Thumb Code    26  kservice.o(i.rt_strncpy)
    rt_system_heap_init                      0x080072c9   Thumb Code   174  mem.o(i.rt_system_heap_init)
    rt_system_object_init                    0x080073c5   Thumb Code     2  object.o(i.rt_system_object_init)
    rt_system_scheduler_init                 0x080073c9   Thumb Code    52  scheduler.o(i.rt_system_scheduler_init)
    rt_system_scheduler_start                0x08007415   Thumb Code   120  scheduler.o(i.rt_system_scheduler_start)
    rt_system_tick_init                      0x0800749d   Thumb Code     8  clock.o(i.rt_system_tick_init)
    rt_system_timer_init                     0x080074a9   Thumb Code    10  timer.o(i.rt_system_timer_init)
    rt_system_timer_thread_init              0x080074b9   Thumb Code     2  timer.o(i.rt_system_timer_thread_init)
    rt_thread_create                         0x080074bb   Thumb Code    88  thread.o(i.rt_thread_create)
    rt_thread_idle_init                      0x080075d9   Thumb Code    36  idle.o(i.rt_thread_idle_init)
    rt_thread_init                           0x0800760d   Thumb Code   148  thread.o(i.rt_thread_init)
    rt_thread_resume                         0x08007721   Thumb Code    94  thread.o(i.rt_thread_resume)
    rt_thread_self                           0x080077b9   Thumb Code     6  thread.o(i.rt_thread_self)
    rt_thread_startup                        0x080077c5   Thumb Code    88  thread.o(i.rt_thread_startup)
    rt_thread_suspend                        0x08007875   Thumb Code    72  thread.o(i.rt_thread_suspend)
    rt_thread_timeout                        0x080078f5   Thumb Code    92  thread.o(i.rt_thread_timeout)
    rt_thread_yield                          0x080079ad   Thumb Code    88  thread.o(i.rt_thread_yield)
    rt_tick_get                              0x08007a0d   Thumb Code     6  clock.o(i.rt_tick_get)
    rt_tick_increase                         0x08007a19   Thumb Code    42  clock.o(i.rt_tick_increase)
    rt_timer_check                           0x08007a49   Thumb Code   150  timer.o(i.rt_timer_check)
    rt_timer_control                         0x08007ae5   Thumb Code    92  timer.o(i.rt_timer_control)
    rt_timer_detach                          0x08007b79   Thumb Code    58  timer.o(i.rt_timer_detach)
    rt_timer_init                            0x08007bed   Thumb Code    74  timer.o(i.rt_timer_init)
    rt_timer_start                           0x08007c71   Thumb Code   192  timer.o(i.rt_timer_start)
    rtthread_startup                         0x08007d95   Thumb Code    66  startup.o(i.rtthread_startup)
    strcmp                                   0x08007e3b   Thumb Code    28  shell.o(i.strcmp)
    token_get_string                         0x08007e57   Thumb Code   118  finsh_token.o(i.token_get_string)
    version                                  0x0800843b   Thumb Code    10  cmd.o(i.version)
    _get_lc_ctype                            0x080087b5   Thumb Code    44  lc_ctype_c.o(locale$$code)
    __fsym_list_mem_name                     0x08008a50   Data           9  mem.o(.constdata)
    __fsym_list_mem_desc                     0x08008a59   Data          30  mem.o(.constdata)
    rt_lowest_bitmap                         0x08008be5   Data         256  scheduler.o(.constdata)
    __fsym_hello_name                        0x08008e3c   Data           6  cmd.o(.constdata)
    __fsym_hello_desc                        0x08008e42   Data          16  cmd.o(.constdata)
    __fsym_version_name                      0x08008e52   Data           8  cmd.o(.constdata)
    __fsym_version_desc                      0x08008e5a   Data          35  cmd.o(.constdata)
    __fsym_list_thread_name                  0x08008e7d   Data          12  cmd.o(.constdata)
    __fsym_list_thread_desc                  0x08008e89   Data          12  cmd.o(.constdata)
    __fsym_list_sem_name                     0x08008e95   Data           9  cmd.o(.constdata)
    __fsym_list_sem_desc                     0x08008e9e   Data          25  cmd.o(.constdata)
    __fsym_list_event_name                   0x08008eb7   Data          11  cmd.o(.constdata)
    __fsym_list_event_desc                   0x08008ec2   Data          21  cmd.o(.constdata)
    __fsym_list_mutex_name                   0x08008ed7   Data          11  cmd.o(.constdata)
    __fsym_list_mutex_desc                   0x08008ee2   Data          21  cmd.o(.constdata)
    __fsym_list_mailbox_name                 0x08008ef7   Data          13  cmd.o(.constdata)
    __fsym_list_mailbox_desc                 0x08008f04   Data          24  cmd.o(.constdata)
    __fsym_list_msgqueue_name                0x08008f1c   Data          14  cmd.o(.constdata)
    __fsym_list_msgqueue_desc                0x08008f2a   Data          29  cmd.o(.constdata)
    __fsym_list_mempool_name                 0x08008f47   Data          13  cmd.o(.constdata)
    __fsym_list_mempool_desc                 0x08008f54   Data          27  cmd.o(.constdata)
    __fsym_list_timer_name                   0x08008f6f   Data          11  cmd.o(.constdata)
    __fsym_list_timer_desc                   0x08008f7a   Data          21  cmd.o(.constdata)
    __fsym_list_device_name                  0x08008f8f   Data          12  cmd.o(.constdata)
    __fsym_list_device_desc                  0x08008f9b   Data          22  cmd.o(.constdata)
    __fsym_list_name                         0x08008fb1   Data           5  cmd.o(.constdata)
    __fsym_list_desc                         0x08008fb6   Data          26  cmd.o(.constdata)
    __vsym_dummy_name                        0x08008fd0   Data           6  cmd.o(.constdata)
    __vsym_dummy_desc                        0x08008fd6   Data          25  cmd.o(.constdata)
    op_table                                 0x080090a4   Data         196  finsh_ops.o(.constdata)
    __fsym_led_name                          0x080091f5   Data           4  led.o(.constdata)
    __fsym_led_desc                          0x080091f9   Data          32  led.o(.constdata)
    FSymTab$$Base                            0x08009388   Number         0  mem.o(FSymTab)
    __fsym_list_mem                          0x08009388   Data          12  mem.o(FSymTab)
    __fsym_hello                             0x08009394   Data          12  cmd.o(FSymTab)
    __fsym_version                           0x080093a0   Data          12  cmd.o(FSymTab)
    __fsym_list_thread                       0x080093ac   Data          12  cmd.o(FSymTab)
    __fsym_list_sem                          0x080093b8   Data          12  cmd.o(FSymTab)
    __fsym_list_event                        0x080093c4   Data          12  cmd.o(FSymTab)
    __fsym_list_mutex                        0x080093d0   Data          12  cmd.o(FSymTab)
    __fsym_list_mailbox                      0x080093dc   Data          12  cmd.o(FSymTab)
    __fsym_list_msgqueue                     0x080093e8   Data          12  cmd.o(FSymTab)
    __fsym_list_mempool                      0x080093f4   Data          12  cmd.o(FSymTab)
    __fsym_list_timer                        0x08009400   Data          12  cmd.o(FSymTab)
    __fsym_list_device                       0x0800940c   Data          12  cmd.o(FSymTab)
    __fsym_list                              0x08009418   Data          12  cmd.o(FSymTab)
    __fsym_led                               0x08009424   Data          12  led.o(FSymTab)
    FSymTab$$Limit                           0x08009430   Number         0  led.o(FSymTab)
    Region$$Table$$Base                      0x08009430   Number         0  anon$$obj.o(Region$$Table)
    Region$$Table$$Limit                     0x08009450   Number         0  anon$$obj.o(Region$$Table)
    VSymTab$$Base                            0x08009450   Number         0  cmd.o(VSymTab)
    __vsym_dummy                             0x08009450   Data          16  cmd.o(VSymTab)
    VSymTab$$Limit                           0x08009460   Number         0  cmd.o(VSymTab)
    __ctype                                  0x0800946d   Data           0  lc_ctype_c.o(locale$$data)
    rt_interrupt_from_thread                 0x20000014   Data           4  interrupt.o(.data)
    rt_interrupt_to_thread                   0x20000018   Data           4  interrupt.o(.data)
    rt_thread_switch_interrput_flag          0x2000001c   Data           4  interrupt.o(.data)
    rt_interrupt_nest                        0x20000028   Data           1  irq.o(.data)
    errno                                    0x20000030   Data           4  kservice.o(.data)
    rt_object_container                      0x2000005c   Data         144  object.o(.data)
    rt_object_trytake_hook                   0x200000f4   Data           4  object.o(.data)
    rt_object_take_hook                      0x200000f8   Data           4  object.o(.data)
    rt_object_put_hook                       0x200000fc   Data           4  object.o(.data)
    rt_current_thread                        0x20000104   Data           4  scheduler.o(.data)
    rt_current_priority                      0x20000108   Data           1  scheduler.o(.data)
    rt_thread_ready_priority_group           0x2000010c   Data           4  scheduler.o(.data)
    rt_thread_defunct                        0x20000110   Data           8  scheduler.o(.data)
    finsh_compile_sp                         0x2000012c   Data           4  finsh_compiler.o(.data)
    finsh_compile_pc                         0x20000130   Data           4  finsh_compiler.o(.data)
    global_errno                             0x20000170   Data           1  finsh_error.o(.data)
    global_sysvar_list                       0x2000017c   Data           4  finsh_var.o(.data)
    global_syscall_list                      0x20000180   Data           4  finsh_vm.o(.data)
    finsh_sp                                 0x20000184   Data           4  finsh_vm.o(.data)
    finsh_pc                                 0x20000188   Data           4  finsh_vm.o(.data)
    shell                                    0x2000018c   Data           4  shell.o(.data)
    _syscall_table_begin                     0x20000190   Data           4  symbol.o(.data)
    _syscall_table_end                       0x20000194   Data           4  symbol.o(.data)
    _sysvar_table_begin                      0x20000198   Data           4  symbol.o(.data)
    _sysvar_table_end                        0x2000019c   Data           4  symbol.o(.data)
    uart1                                    0x200001a4   Data          12  usart.o(.data)
    rt_thread_priority_table                 0x200003cc   Data         256  scheduler.o(.bss)
    finsh_heap                               0x200004cc   Data         128  finsh_heap.o(.bss)
    global_node_table                        0x2000054c   Data         320  finsh_node.o(.bss)
    global_variable                          0x2000068c   Data         192  finsh_var.o(.bss)
    finsh_vm_stack                           0x2000074c   Data         256  finsh_vm.o(.bss)
    text_segment                             0x2000084c   Data         128  finsh_vm.o(.bss)
    uart1_int_rx                             0x200008cc   Data          72  usart.o(.bss)
    uart1_device                             0x20000914   Data          64  usart.o(.bss)
    __libspace_start                         0x20000954   Data          96  libspace.o(.bss)
    __temporary_stack_top$libspace           0x200009b4   Data           0  libspace.o(.bss)
    Image$$RW_IRAM1$$ZI$$Limit               0x20000bb8   Number         0  start_rvds.o(STACK)



==============================================================================

Memory Map of the image

  Image Entry point : 0x08000151

  Load Region LR_IROM1 (Base: 0x08000000, Size: 0x00009720, Max: 0x00080000, ABSOLUTE, COMPRESSED[0x0000960c])

    Execution Region ER_IROM1 (Base: 0x08000000, Size: 0x00009570, Max: 0x00080000, ABSOLUTE)

    Base Addr    Size         Type   Attr      Idx    E Section Name        Object

    0x08000000   0x00000150   Data   RO         3192    RESET               start_rvds.o
    0x08000150   0x00000008   Code   RO         5607  * !!!main             __main.o(c_w.l)
    0x08000158   0x00000034   Code   RO         5785    !!!scatter          __scatter.o(c_w.l)
    0x0800018c   0x0000005a   Code   RO         5783    !!dczerorl2         __dczerorl2.o(c_w.l)
    0x080001e6   0x00000002   PAD
    0x080001e8   0x0000001c   Code   RO         5787    !!handler_zi        __scatter_zi.o(c_w.l)
    0x08000204   0x00000006   Code   RO         5704    .ARM.Collect$$libinit$$00000000  libinit.o(c_w.l)
    0x0800020a   0x00000000   Code   RO         5651    .ARM.Collect$$libinit$$00000006  libinit2.o(c_w.l)
    0x0800020a   0x00000000   Code   RO         5653    .ARM.Collect$$libinit$$00000008  libinit2.o(c_w.l)
    0x0800020a   0x00000000   Code   RO         5655    .ARM.Collect$$libinit$$0000000A  libinit2.o(c_w.l)
    0x0800020a   0x00000006   Code   RO         5656    .ARM.Collect$$libinit$$0000000B  libinit2.o(c_w.l)
    0x08000210   0x00000000   Code   RO         5658    .ARM.Collect$$libinit$$0000000D  libinit2.o(c_w.l)
    0x08000210   0x0000000c   Code   RO         5659    .ARM.Collect$$libinit$$0000000E  libinit2.o(c_w.l)
    0x0800021c   0x00000000   Code   RO         5660    .ARM.Collect$$libinit$$0000000F  libinit2.o(c_w.l)
    0x0800021c   0x00000000   Code   RO         5662    .ARM.Collect$$libinit$$00000011  libinit2.o(c_w.l)
    0x0800021c   0x00000000   Code   RO         5664    .ARM.Collect$$libinit$$00000013  libinit2.o(c_w.l)
    0x0800021c   0x00000000   Code   RO         5666    .ARM.Collect$$libinit$$00000015  libinit2.o(c_w.l)
    0x0800021c   0x00000000   Code   RO         5668    .ARM.Collect$$libinit$$00000017  libinit2.o(c_w.l)
    0x0800021c   0x00000000   Code   RO         5670    .ARM.Collect$$libinit$$00000019  libinit2.o(c_w.l)
    0x0800021c   0x00000000   Code   RO         5672    .ARM.Collect$$libinit$$0000001B  libinit2.o(c_w.l)
    0x0800021c   0x00000000   Code   RO         5674    .ARM.Collect$$libinit$$0000001D  libinit2.o(c_w.l)
    0x0800021c   0x00000000   Code   RO         5676    .ARM.Collect$$libinit$$0000001F  libinit2.o(c_w.l)
    0x0800021c   0x00000000   Code   RO         5678    .ARM.Collect$$libinit$$00000021  libinit2.o(c_w.l)
    0x0800021c   0x00000000   Code   RO         5682    .ARM.Collect$$libinit$$00000028  libinit2.o(c_w.l)
    0x0800021c   0x00000000   Code   RO         5684    .ARM.Collect$$libinit$$0000002A  libinit2.o(c_w.l)
    0x0800021c   0x00000000   Code   RO         5686    .ARM.Collect$$libinit$$0000002C  libinit2.o(c_w.l)
    0x0800021c   0x00000000   Code   RO         5688    .ARM.Collect$$libinit$$0000002E  libinit2.o(c_w.l)
    0x0800021c   0x00000002   Code   RO         5689    .ARM.Collect$$libinit$$0000002F  libinit2.o(c_w.l)
    0x0800021e   0x00000002   Code   RO         5741    .ARM.Collect$$libshutdown$$00000000  libshutdown.o(c_w.l)
    0x08000220   0x00000000   Code   RO         5748    .ARM.Collect$$libshutdown$$00000003  libshutdown2.o(c_w.l)
    0x08000220   0x00000000   Code   RO         5751    .ARM.Collect$$libshutdown$$00000006  libshutdown2.o(c_w.l)
    0x08000220   0x00000000   Code   RO         5754    .ARM.Collect$$libshutdown$$00000009  libshutdown2.o(c_w.l)
    0x08000220   0x00000000   Code   RO         5756    .ARM.Collect$$libshutdown$$0000000B  libshutdown2.o(c_w.l)
    0x08000220   0x00000000   Code   RO         5759    .ARM.Collect$$libshutdown$$0000000E  libshutdown2.o(c_w.l)
    0x08000220   0x00000002   Code   RO         5760    .ARM.Collect$$libshutdown$$0000000F  libshutdown2.o(c_w.l)
    0x08000222   0x00000000   Code   RO         5609    .ARM.Collect$$rtentry$$00000000  rtentry.o(c_w.l)
    0x08000222   0x00000000   Code   RO         5630    .ARM.Collect$$rtentry$$00000002  rtentry2.o(c_w.l)
    0x08000222   0x00000006   Code   RO         5645    .ARM.Collect$$rtentry$$00000004  rtentry4.o(c_w.l)
    0x08000228   0x00000000   Code   RO         5632    .ARM.Collect$$rtentry$$00000009  rtentry2.o(c_w.l)
    0x08000228   0x00000004   Code   RO         5633    .ARM.Collect$$rtentry$$0000000A  rtentry2.o(c_w.l)
    0x0800022c   0x00000000   Code   RO         5635    .ARM.Collect$$rtentry$$0000000C  rtentry2.o(c_w.l)
    0x0800022c   0x00000008   Code   RO         5636    .ARM.Collect$$rtentry$$0000000D  rtentry2.o(c_w.l)
    0x08000234   0x00000000   Code   RO         5705    .ARM.Collect$$rtexit$$00000000  rtexit.o(c_w.l)
    0x08000234   0x00000000   Code   RO         5716    .ARM.Collect$$rtexit$$00000002  rtexit2.o(c_w.l)
    0x08000234   0x00000004   Code   RO         5717    .ARM.Collect$$rtexit$$00000003  rtexit2.o(c_w.l)
    0x08000238   0x00000004   Code   RO         5718    .ARM.Collect$$rtexit$$00000004  rtexit2.o(c_w.l)
    0x0800023c   0x0000003c   Code   RO         3193    .text               start_rvds.o
    0x08000278   0x000000a8   Code   RO         3197    .text               context_rvds.o
    0x08000320   0x00000014   Code   RO         3201    .text               fault_rvds.o
    0x08000334   0x00000010   Code   RO         5587    .text               rt_ctype_table.o(c_w.l)
    0x08000344   0x0000001a   Code   RO         5589    .text               atoi.o(c_w.l)
    0x0800035e   0x0000008c   Code   RO         5591    .text               strncmp.o(c_w.l)
    0x080003ea   0x0000003e   Code   RO         5593    .text               strlen.o(c_w.l)
    0x08000428   0x0000008c   Code   RO         5595    .text               rt_memcpy_v6.o(c_w.l)
    0x080004b4   0x00000044   Code   RO         5597    .text               rt_memclr.o(c_w.l)
    0x080004f8   0x00000064   Code   RO         5599    .text               rt_memcpy_w.o(c_w.l)
    0x0800055c   0x0000004e   Code   RO         5601    .text               rt_memclr_w.o(c_w.l)
    0x080005aa   0x00000056   Code   RO         5603    .text               strncpy.o(c_w.l)
    0x08000600   0x00000006   Code   RO         5605    .text               heapauxi.o(c_w.l)
    0x08000606   0x00000002   PAD
    0x08000608   0x0000000c   Code   RO         5614    .text               rt_locale_intlibspace.o(c_w.l)
    0x08000614   0x0000000c   Code   RO         5619    .text               rt_errno_addr_intlibspace.o(c_w.l)
    0x08000620   0x00000070   Code   RO         5621    .text               strtol.o(c_w.l)
    0x08000690   0x00000008   Code   RO         5626    .text               libspace.o(c_w.l)
    0x08000698   0x00000098   Code   RO         5647    .text               _strtoul.o(c_w.l)
    0x08000730   0x0000004a   Code   RO         5690    .text               sys_stackheap_outer.o(c_w.l)
    0x0800077a   0x00000020   Code   RO         5692    .text               _chval.o(c_w.l)
    0x0800079a   0x0000000c   Code   RO         5694    .text               exit.o(c_w.l)
    0x080007a6   0x00000002   PAD
    0x080007a8   0x00000014   Code   RO         5729    .text               sys_exit.o(c_w.l)
    0x080007bc   0x00000002   Code   RO         5731    .text               use_no_semi.o(c_w.l)
    0x080007be   0x00000004   Code   RO         5364    i.BusFault_Handler  stm32f10x_it.o
    0x080007c2   0x00000002   Code   RO         5365    i.DMA1_Channel2_IRQHandler  stm32f10x_it.o
    0x080007c4   0x00000016   Code   RO          762    i.DMA_Cmd           stm32f10x_dma.o
    0x080007da   0x00000002   Code   RO         5546    i.DMA_Configuration  usart.o
    0x080007dc   0x00000002   Code   RO         5366    i.DebugMon_Handler  stm32f10x_it.o
    0x080007de   0x00000002   PAD
    0x080007e0   0x0000003c   Code   RO         5547    i.GPIO_Configuration  usart.o
    0x0800081c   0x0000010c   Code   RO         1186    i.GPIO_Init         stm32f10x_gpio.o
    0x08000928   0x00000004   Code   RO         1193    i.GPIO_ResetBits    stm32f10x_gpio.o
    0x0800092c   0x00000004   Code   RO         1194    i.GPIO_SetBits      stm32f10x_gpio.o
    0x08000930   0x00000004   Code   RO         5368    i.MemManage_Handler  stm32f10x_it.o
    0x08000934   0x00000002   Code   RO         5369    i.NMI_Handler       stm32f10x_it.o
    0x08000936   0x00000016   Code   RO         5443    i.NVIC_Configuration  board.o
    0x0800094c   0x0000001c   Code   RO         5548    i.NVIC_Configuration  usart.o
    0x08000968   0x00000074   Code   RO            1    i.NVIC_Init         misc.o
    0x080009dc   0x00000014   Code   RO            2    i.NVIC_PriorityGroupConfig  misc.o
    0x080009f0   0x00000014   Code   RO            3    i.NVIC_SetVectorTable  misc.o
    0x08000a04   0x00000030   Code   RO         4662    i.OP_add_byte       finsh_ops.o
    0x08000a34   0x00000030   Code   RO         4663    i.OP_add_dword      finsh_ops.o
    0x08000a64   0x00000030   Code   RO         4664    i.OP_add_word       finsh_ops.o
    0x08000a94   0x00000030   Code   RO         4665    i.OP_and_byte       finsh_ops.o
    0x08000ac4   0x00000030   Code   RO         4666    i.OP_and_dword      finsh_ops.o
    0x08000af4   0x00000030   Code   RO         4667    i.OP_and_word       finsh_ops.o
    0x08000b24   0x00000018   Code   RO         4668    i.OP_bw_byte        finsh_ops.o
    0x08000b3c   0x00000018   Code   RO         4669    i.OP_bw_dword       finsh_ops.o
    0x08000b54   0x00000018   Code   RO         4670    i.OP_bw_word        finsh_ops.o
    0x08000b6c   0x000001e0   Code   RO         4671    i.OP_call           finsh_ops.o
    0x08000d4c   0x00000030   Code   RO         4672    i.OP_div_byte       finsh_ops.o
    0x08000d7c   0x00000030   Code   RO         4673    i.OP_div_dword      finsh_ops.o
    0x08000dac   0x00000034   Code   RO         4674    i.OP_div_word       finsh_ops.o
    0x08000de0   0x0000002c   Code   RO         4675    i.OP_ld_byte        finsh_ops.o
    0x08000e0c   0x00000048   Code   RO         4676    i.OP_ld_dword       finsh_ops.o
    0x08000e54   0x0000004c   Code   RO         4677    i.OP_ld_value_byte  finsh_ops.o
    0x08000ea0   0x00000018   Code   RO         4678    i.OP_ld_value_byte_stack  finsh_ops.o
    0x08000eb8   0x0000004c   Code   RO         4679    i.OP_ld_value_dword  finsh_ops.o
    0x08000f04   0x00000018   Code   RO         4680    i.OP_ld_value_dword_stack  finsh_ops.o
    0x08000f1c   0x0000004c   Code   RO         4681    i.OP_ld_value_word  finsh_ops.o
    0x08000f68   0x00000018   Code   RO         4682    i.OP_ld_value_word_stack  finsh_ops.o
    0x08000f80   0x00000038   Code   RO         4683    i.OP_ld_word        finsh_ops.o
    0x08000fb8   0x00000034   Code   RO         4684    i.OP_mod_byte       finsh_ops.o
    0x08000fec   0x00000034   Code   RO         4685    i.OP_mod_dword      finsh_ops.o
    0x08001020   0x00000038   Code   RO         4686    i.OP_mod_word       finsh_ops.o
    0x08001058   0x00000030   Code   RO         4687    i.OP_mul_byte       finsh_ops.o
    0x08001088   0x00000030   Code   RO         4688    i.OP_mul_dword      finsh_ops.o
    0x080010b8   0x00000030   Code   RO         4689    i.OP_mul_word       finsh_ops.o
    0x080010e8   0x00000002   Code   RO         4690    i.OP_no_op          finsh_ops.o
    0x080010ea   0x00000002   PAD
    0x080010ec   0x00000030   Code   RO         4691    i.OP_or_byte        finsh_ops.o
    0x0800111c   0x00000030   Code   RO         4692    i.OP_or_dword       finsh_ops.o
    0x0800114c   0x00000030   Code   RO         4693    i.OP_or_word        finsh_ops.o
    0x0800117c   0x00000010   Code   RO         4694    i.OP_pop            finsh_ops.o
    0x0800118c   0x00000030   Code   RO         4695    i.OP_shl_byte       finsh_ops.o
    0x080011bc   0x00000030   Code   RO         4696    i.OP_shl_dword      finsh_ops.o
    0x080011ec   0x00000030   Code   RO         4697    i.OP_shl_word       finsh_ops.o
    0x0800121c   0x00000030   Code   RO         4698    i.OP_shr_byte       finsh_ops.o
    0x0800124c   0x00000030   Code   RO         4699    i.OP_shr_dword      finsh_ops.o
    0x0800127c   0x00000030   Code   RO         4700    i.OP_shr_word       finsh_ops.o
    0x080012ac   0x00000024   Code   RO         4701    i.OP_st_byte        finsh_ops.o
    0x080012d0   0x00000024   Code   RO         4702    i.OP_st_dword       finsh_ops.o
    0x080012f4   0x00000024   Code   RO         4703    i.OP_st_word        finsh_ops.o
    0x08001318   0x00000030   Code   RO         4704    i.OP_sub_byte       finsh_ops.o
    0x08001348   0x00000030   Code   RO         4705    i.OP_sub_dword      finsh_ops.o
    0x08001378   0x00000030   Code   RO         4706    i.OP_sub_word       finsh_ops.o
    0x080013a8   0x00000030   Code   RO         4707    i.OP_xor_byte       finsh_ops.o
    0x080013d8   0x00000030   Code   RO         4708    i.OP_xor_dword      finsh_ops.o
    0x08001408   0x00000030   Code   RO         4709    i.OP_xor_word       finsh_ops.o
    0x08001438   0x00000020   Code   RO         1604    i.RCC_APB2PeriphClockCmd  stm32f10x_rcc.o
    0x08001458   0x00000016   Code   RO         5549    i.RCC_Configuration  usart.o
    0x0800146e   0x00000002   PAD
    0x08001470   0x000000d4   Code   RO         1612    i.RCC_GetClocksFreq  stm32f10x_rcc.o
    0x08001544   0x00000002   Code   RO         5370    i.SVC_Handler       stm32f10x_it.o
    0x08001546   0x00000008   Code   RO         3025    i.SetSysClock       system_stm32f10x.o
    0x0800154e   0x00000002   PAD
    0x08001550   0x000000c8   Code   RO         3026    i.SetSysClockTo72   system_stm32f10x.o
    0x08001618   0x00000028   Code   RO            5    i.SysTick_CLKSourceConfig  misc.o
    0x08001640   0x00000068   Code   RO         5444    i.SysTick_Configuration  board.o
    0x080016a8   0x00000054   Code   RO         3028    i.SystemInit        system_stm32f10x.o
    0x080016fc   0x00000018   Code   RO         5371    i.USART1_IRQHandler  stm32f10x_it.o
    0x08001714   0x00000002   Code   RO         5372    i.USART2_IRQHandler  stm32f10x_it.o
    0x08001716   0x00000002   Code   RO         5373    i.USART3_IRQHandler  stm32f10x_it.o
    0x08001718   0x0000001e   Code   RO         2778    i.USART_ClearITPendingBit  stm32f10x_usart.o
    0x08001736   0x00000020   Code   RO         2779    i.USART_ClockInit   stm32f10x_usart.o
    0x08001756   0x00000018   Code   RO         2781    i.USART_Cmd         stm32f10x_usart.o
    0x0800176e   0x00000054   Code   RO         2785    i.USART_GetITStatus  stm32f10x_usart.o
    0x080017c2   0x00000048   Code   RO         2787    i.USART_ITConfig    stm32f10x_usart.o
    0x0800180a   0x00000002   PAD
    0x0800180c   0x000000d8   Code   RO         2788    i.USART_Init        stm32f10x_usart.o
    0x080018e4   0x00000004   Code   RO         5374    i.UsageFault_Handler  stm32f10x_it.o
    0x080018e8   0x000000e8   Code   RO         4030    i._rt_scheduler_stack_check  scheduler.o
    0x080019d0   0x000000f0   Code   RO         4109    i._rt_thread_init   thread.o
    0x08001ac0   0x00000032   Code   RO         4224    i._rt_timer_init    timer.o
    0x08001af2   0x00000002   PAD
    0x08001af4   0x0000002c   Code   RO         5248    i.finsh_auto_complete  shell.o
    0x08001b20   0x0000003a   Code   RO         4516    i.finsh_block_insert  finsh_heap.o
    0x08001b5a   0x0000007a   Code   RO         4517    i.finsh_block_merge  finsh_heap.o
    0x08001bd4   0x0000002a   Code   RO         4518    i.finsh_block_remove  finsh_heap.o
    0x08001bfe   0x00000018   Code   RO         4519    i.finsh_block_split  finsh_heap.o
    0x08001c16   0x00000002   PAD
    0x08001c18   0x00001630   Code   RO         4435    i.finsh_compile     finsh_compiler.o
    0x08003248   0x0000006c   Code   RO         4436    i.finsh_compiler_run  finsh_compiler.o
    0x080032b4   0x0000000c   Code   RO         4482    i.finsh_errno       finsh_error.o
    0x080032c0   0x0000000c   Code   RO         4483    i.finsh_error_init  finsh_error.o
    0x080032cc   0x00000010   Code   RO         4484    i.finsh_error_set   finsh_error.o
    0x080032dc   0x00000010   Code   RO         4485    i.finsh_error_string  finsh_error.o
    0x080032ec   0x00000016   Code   RO         4569    i.finsh_flush       finsh_init.o
    0x08003302   0x00000002   PAD
    0x08003304   0x00000138   Code   RO         5251    i.finsh_handle_history  shell.o
    0x0800343c   0x00000070   Code   RO         4520    i.finsh_heap_allocate  finsh_heap.o
    0x080034ac   0x0000002c   Code   RO         4521    i.finsh_heap_free   finsh_heap.o
    0x080034d8   0x00000058   Code   RO         4522    i.finsh_heap_gc     finsh_heap.o
    0x08003530   0x00000030   Code   RO         4523    i.finsh_heap_init   finsh_heap.o
    0x08003560   0x0000001e   Code   RO         4570    i.finsh_init        finsh_init.o
    0x0800357e   0x00000002   PAD
    0x08003580   0x0000003c   Code   RO         4605    i.finsh_node_allocate  finsh_node.o
    0x080035bc   0x00000014   Code   RO         4606    i.finsh_node_init   finsh_node.o
    0x080035d0   0x0000001e   Code   RO         4607    i.finsh_node_new_char  finsh_node.o
    0x080035ee   0x00000076   Code   RO         4608    i.finsh_node_new_id  finsh_node.o
    0x08003664   0x0000001e   Code   RO         4609    i.finsh_node_new_int  finsh_node.o
    0x08003682   0x0000001e   Code   RO         4610    i.finsh_node_new_long  finsh_node.o
    0x080036a0   0x0000001e   Code   RO         4611    i.finsh_node_new_ptr  finsh_node.o
    0x080036be   0x0000004a   Code   RO         4612    i.finsh_node_new_string  finsh_node.o
    0x08003708   0x00000010   Code   RO         4962    i.finsh_parser_init  finsh_parser.o
    0x08003718   0x000000d2   Code   RO         4963    i.finsh_parser_run  finsh_parser.o
    0x080037ea   0x000000b0   Code   RO         5252    i.finsh_push_history  shell.o
    0x0800389a   0x00000002   PAD
    0x0800389c   0x000000c4   Code   RO         5253    i.finsh_run_line    shell.o
    0x08003960   0x0000006c   Code   RO         5254    i.finsh_rx_ind      shell.o
    0x080039cc   0x000000c8   Code   RO         5255    i.finsh_set_device  shell.o
    0x08003a94   0x0000000c   Code   RO         4572    i.finsh_stack_bottom  finsh_init.o
    0x08003aa0   0x0000005c   Code   RO         5210    i.finsh_syscall_lookup  finsh_vm.o
    0x08003afc   0x00000014   Code   RO         5257    i.finsh_system_function_init  shell.o
    0x08003b10   0x000000a8   Code   RO         5258    i.finsh_system_init  shell.o
    0x08003bb8   0x00000014   Code   RO         5259    i.finsh_system_var_init  shell.o
    0x08003bcc   0x0000005c   Code   RO         5157    i.finsh_sysvar_lookup  finsh_var.o
    0x08003c28   0x00000238   Code   RO         5260    i.finsh_thread_entry  shell.o
    0x08003e60   0x00000014   Code   RO         5074    i.finsh_token_init  finsh_token.o
    0x08003e74   0x00000018   Code   RO         5075    i.finsh_token_token  finsh_token.o
    0x08003e8c   0x0000015e   Code   RO         4437    i.finsh_type_check  finsh_compiler.o
    0x08003fea   0x00000002   PAD
    0x08003fec   0x00000014   Code   RO         5159    i.finsh_var_init    finsh_var.o
    0x08004000   0x00000074   Code   RO         5160    i.finsh_var_insert  finsh_var.o
    0x08004074   0x00000040   Code   RO         5161    i.finsh_var_lookup  finsh_var.o
    0x080040b4   0x00000054   Code   RO         5211    i.finsh_vm_run      finsh_vm.o
    0x08004108   0x00000020   Code   RO         4323    i.hello             cmd.o
    0x08004128   0x0000005c   Code   RO         5511    i.led               led.o
    0x08004184   0x000000c8   Code   RO         4324    i.list              cmd.o
    0x0800424c   0x00000084   Code   RO         4325    i.list_device       cmd.o
    0x080042d0   0x0000009c   Code   RO         4326    i.list_event        cmd.o
    0x0800436c   0x000000e4   Code   RO         4327    i.list_mailbox      cmd.o
    0x08004450   0x00000074   Code   RO         3786    i.list_mem          mem.o
    0x080044c4   0x000000f4   Code   RO         4328    i.list_mempool      cmd.o
    0x080045b8   0x000000d4   Code   RO         4329    i.list_msgqueue     cmd.o
    0x0800468c   0x000000a4   Code   RO         4330    i.list_mutex        cmd.o
    0x08004730   0x0000015c   Code   RO         4331    i.list_prefix       cmd.o
    0x0800488c   0x000000d0   Code   RO         4332    i.list_sem          cmd.o
    0x0800495c   0x000000fc   Code   RO         4333    i.list_thread       cmd.o
    0x08004a58   0x000000f8   Code   RO         4334    i.list_timer        cmd.o
    0x08004b50   0x00000014   Code   RO         5492    i.main              startup.o
    0x08004b64   0x00000026   Code   RO         4964    i.make_sys_node     finsh_parser.o
    0x08004b8a   0x00000002   PAD
    0x08004b8c   0x00000158   Code   RO         3787    i.plug_holes        mem.o
    0x08004ce4   0x00000134   Code   RO         3645    i.print_number      kservice.o
    0x08004e18   0x00000072   Code   RO         4965    i.proc_additive_expr  finsh_parser.o
    0x08004e8a   0x0000004c   Code   RO         4966    i.proc_and_expr     finsh_parser.o
    0x08004ed6   0x00000038   Code   RO         4967    i.proc_assign_expr  finsh_parser.o
    0x08004f0e   0x0000004e   Code   RO         4968    i.proc_cast_expr    finsh_parser.o
    0x08004f5c   0x0000004c   Code   RO         4969    i.proc_exclusive_or_expr  finsh_parser.o
    0x08004fa8   0x0000000c   Code   RO         4970    i.proc_expr         finsh_parser.o
    0x08004fb4   0x00000038   Code   RO         4971    i.proc_expr_statement  finsh_parser.o
    0x08004fec   0x0000002c   Code   RO         4972    i.proc_identifier   finsh_parser.o
    0x08005018   0x0000004c   Code   RO         4973    i.proc_inclusive_or_expr  finsh_parser.o
    0x08005064   0x0000008a   Code   RO         4974    i.proc_multiplicative_expr  finsh_parser.o
    0x080050ee   0x0000004c   Code   RO         4975    i.proc_param_list   finsh_parser.o
    0x0800513a   0x000000a2   Code   RO         4976    i.proc_postfix_expr  finsh_parser.o
    0x080051dc   0x0000009e   Code   RO         4977    i.proc_primary_expr  finsh_parser.o
    0x0800527a   0x00000074   Code   RO         4978    i.proc_shift_expr   finsh_parser.o
    0x080052ee   0x000000fa   Code   RO         4979    i.proc_type         finsh_parser.o
    0x080053e8   0x000000be   Code   RO         4980    i.proc_unary_expr   finsh_parser.o
    0x080054a6   0x000001de   Code   RO         4981    i.proc_variable_decl  finsh_parser.o
    0x08005684   0x00000004   Code   RO         5480    i.rt_application_init  application.o
    0x08005688   0x00000034   Code   RO         3646    i.rt_console_set_device  kservice.o
    0x080056bc   0x00000074   Code   RO         3237    i.rt_device_close   device.o
    0x08005730   0x00000050   Code   RO         3239    i.rt_device_find    device.o
    0x08005780   0x00000088   Code   RO         3241    i.rt_device_init_all  device.o
    0x08005808   0x000000f4   Code   RO         3242    i.rt_device_open    device.o
    0x080058fc   0x0000007c   Code   RO         3243    i.rt_device_read    device.o
    0x08005978   0x00000020   Code   RO         3244    i.rt_device_register  device.o
    0x08005998   0x0000005c   Code   RO         3245    i.rt_device_set_rx_indicate  device.o
    0x080059f4   0x0000007c   Code   RO         3248    i.rt_device_write   device.o
    0x08005a70   0x00000020   Code   RO         4031    i.rt_enter_critical  scheduler.o
    0x08005a90   0x0000003c   Code   RO         4032    i.rt_exit_critical  scheduler.o
    0x08005acc   0x00000184   Code   RO         3789    i.rt_free           mem.o
    0x08005c50   0x00000020   Code   RO         5445    i.rt_hw_board_init  board.o
    0x08005c70   0x00000002   Code   RO         3648    i.rt_hw_console_output  kservice.o
    0x08005c72   0x00000002   PAD
    0x08005c74   0x000000f8   Code   RO         3090    i.rt_hw_hard_fault_exception  fault.o
    0x08005d6c   0x0000003c   Code   RO         5512    i.rt_hw_led_init    led.o
    0x08005da8   0x0000002c   Code   RO         5513    i.rt_hw_led_off     led.o
    0x08005dd4   0x0000002c   Code   RO         5514    i.rt_hw_led_on      led.o
    0x08005e00   0x00000120   Code   RO         3113    i.rt_hw_serial_isr  serial.o
    0x08005f20   0x000000d4   Code   RO         3114    i.rt_hw_serial_register  serial.o
    0x08005ff4   0x0000006c   Code   RO         3178    i.rt_hw_stack_init  stack.o
    0x08006060   0x00000010   Code   RO         5446    i.rt_hw_timer_handler  board.o
    0x08006070   0x0000008c   Code   RO         5550    i.rt_hw_usart_init  usart.o
    0x080060fc   0x00000020   Code   RO         3624    i.rt_interrupt_enter  irq.o
    0x0800611c   0x00000020   Code   RO         3625    i.rt_interrupt_leave  irq.o
    0x0800613c   0x00000014   Code   RO         3357    i.rt_ipc_list_resume  ipc.o
    0x08006150   0x0000006c   Code   RO         3359    i.rt_ipc_list_suspend  ipc.o
    0x080061bc   0x00000010   Code   RO         3360    i.rt_ipc_object_init  ipc.o
    0x080061cc   0x00000040   Code   RO         3649    i.rt_kprintf        kservice.o
    0x0800620c   0x00000006   Code   RO         3361    i.rt_list_init      ipc.o
    0x08006212   0x00000006   Code   RO         3871    i.rt_list_init      mempool.o
    0x08006218   0x00000006   Code   RO         4033    i.rt_list_init      scheduler.o
    0x0800621e   0x00000006   Code   RO         4225    i.rt_list_init      timer.o
    0x08006224   0x0000000e   Code   RO         3941    i.rt_list_insert_after  object.o
    0x08006232   0x0000000e   Code   RO         4110    i.rt_list_insert_after  thread.o
    0x08006240   0x0000000e   Code   RO         3362    i.rt_list_insert_before  ipc.o
    0x0800624e   0x0000000e   Code   RO         4226    i.rt_list_insert_before  timer.o
    0x0800625c   0x00000010   Code   RO         3363    i.rt_list_isempty   ipc.o
    0x0800626c   0x00000010   Code   RO         4335    i.rt_list_isempty   cmd.o
    0x0800627c   0x00000014   Code   RO         4336    i.rt_list_len       cmd.o
    0x08006290   0x00000012   Code   RO         3942    i.rt_list_remove    object.o
    0x080062a2   0x00000012   Code   RO         4111    i.rt_list_remove    thread.o
    0x080062b4   0x00000012   Code   RO         4227    i.rt_list_remove    timer.o
    0x080062c6   0x00000002   PAD
    0x080062c8   0x000002c0   Code   RO         3791    i.rt_malloc         mem.o
    0x08006588   0x00000048   Code   RO         3653    i.rt_memset         kservice.o
    0x080065d0   0x000000b8   Code   RO         3873    i.rt_mp_alloc       mempool.o
    0x08006688   0x000000d8   Code   RO         3880    i.rt_mp_init        mempool.o
    0x08006760   0x00000068   Code   RO         3943    i.rt_object_allocate  object.o
    0x080067c8   0x000000d0   Code   RO         3945    i.rt_object_delete  object.o
    0x08006898   0x0000007c   Code   RO         3946    i.rt_object_detach  object.o
    0x08006914   0x00000060   Code   RO         3948    i.rt_object_init    object.o
    0x08006974   0x00000068   Code   RO         3949    i.rt_object_is_systemobject  object.o
    0x080069dc   0x000000f4   Code   RO         4034    i.rt_schedule       scheduler.o
    0x08006ad0   0x0000009c   Code   RO         4035    i.rt_schedule_insert_thread  scheduler.o
    0x08006b6c   0x000000a8   Code   RO         4036    i.rt_schedule_remove_thread  scheduler.o
    0x08006c14   0x00000074   Code   RO         3391    i.rt_sem_init       ipc.o
    0x08006c88   0x0000004c   Code   RO         3392    i.rt_sem_release    ipc.o
    0x08006cd4   0x000000ec   Code   RO         3393    i.rt_sem_take       ipc.o
    0x08006dc0   0x00000006   Code   RO         3115    i.rt_serial_close   serial.o
    0x08006dc6   0x00000002   PAD
    0x08006dc8   0x00000090   Code   RO         3116    i.rt_serial_control  serial.o
    0x08006e58   0x00000078   Code   RO         3117    i.rt_serial_enable_dma  serial.o
    0x08006ed0   0x000000d4   Code   RO         3118    i.rt_serial_init    serial.o
    0x08006fa4   0x00000006   Code   RO         3119    i.rt_serial_open    serial.o
    0x08006faa   0x000000a4   Code   RO         3120    i.rt_serial_read    serial.o
    0x0800704e   0x00000002   PAD
    0x08007050   0x00000160   Code   RO         3121    i.rt_serial_write   serial.o
    0x080071b0   0x0000001c   Code   RO         3654    i.rt_set_errno      kservice.o
    0x080071cc   0x000000a8   Code   RO         3655    i.rt_show_version   kservice.o
    0x08007274   0x00000012   Code   RO         3661    i.rt_strlen         kservice.o
    0x08007286   0x00000028   Code   RO         3662    i.rt_strncmp        kservice.o
    0x080072ae   0x0000001a   Code   RO         3663    i.rt_strncpy        kservice.o
    0x080072c8   0x000000fc   Code   RO         3795    i.rt_system_heap_init  mem.o
    0x080073c4   0x00000002   Code   RO         3953    i.rt_system_object_init  object.o
    0x080073c6   0x00000002   PAD
    0x080073c8   0x0000004c   Code   RO         4038    i.rt_system_scheduler_init  scheduler.o
    0x08007414   0x00000088   Code   RO         4039    i.rt_system_scheduler_start  scheduler.o
    0x0800749c   0x0000000c   Code   RO         3205    i.rt_system_tick_init  clock.o
    0x080074a8   0x00000010   Code   RO         4228    i.rt_system_timer_init  timer.o
    0x080074b8   0x00000002   Code   RO         4229    i.rt_system_timer_thread_init  timer.o
    0x080074ba   0x00000058   Code   RO         4113    i.rt_thread_create  thread.o
    0x08007512   0x00000002   PAD
    0x08007514   0x0000005c   Code   RO         4117    i.rt_thread_exit    thread.o
    0x08007570   0x00000068   Code   RO         3320    i.rt_thread_idle_entry  idle.o
    0x080075d8   0x00000034   Code   RO         3321    i.rt_thread_idle_init  idle.o
    0x0800760c   0x00000114   Code   RO         4119    i.rt_thread_init    thread.o
    0x08007720   0x00000098   Code   RO         4120    i.rt_thread_resume  thread.o
    0x080077b8   0x0000000c   Code   RO         4121    i.rt_thread_self    thread.o
    0x080077c4   0x000000b0   Code   RO         4123    i.rt_thread_startup  thread.o
    0x08007874   0x00000080   Code   RO         4124    i.rt_thread_suspend  thread.o
    0x080078f4   0x000000b8   Code   RO         4125    i.rt_thread_timeout  thread.o
    0x080079ac   0x00000060   Code   RO         4126    i.rt_thread_yield   thread.o
    0x08007a0c   0x0000000c   Code   RO         3207    i.rt_tick_get       clock.o
    0x08007a18   0x00000030   Code   RO         3208    i.rt_tick_increase  clock.o
    0x08007a48   0x0000009c   Code   RO         4230    i.rt_timer_check    timer.o
    0x08007ae4   0x00000094   Code   RO         4231    i.rt_timer_control  timer.o
    0x08007b78   0x00000074   Code   RO         4234    i.rt_timer_detach   timer.o
    0x08007bec   0x00000084   Code   RO         4235    i.rt_timer_init     timer.o
    0x08007c70   0x00000124   Code   RO         4236    i.rt_timer_start    timer.o
    0x08007d94   0x00000054   Code   RO         5493    i.rtthread_startup  startup.o
    0x08007de8   0x00000030   Code   RO         4337    i.show_wait_queue   cmd.o
    0x08007e18   0x00000022   Code   RO         4338    i.str_is_prefix     cmd.o
    0x08007e3a   0x0000001c   Code   RO         5261    i.strcmp            shell.o
    0x08007e56   0x00000076   Code   RO         5076    i.token_get_string  finsh_token.o
    0x08007ecc   0x00000034   Code   RO         5077    i.token_match_name  finsh_token.o
    0x08007f00   0x0000003e   Code   RO         5078    i.token_next_char   finsh_token.o
    0x08007f3e   0x00000014   Code   RO         5079    i.token_prev_char   finsh_token.o
    0x08007f52   0x000000a2   Code   RO         5080    i.token_proc_char   finsh_token.o
    0x08007ff4   0x000000ae   Code   RO         5081    i.token_proc_escape  finsh_token.o
    0x080080a2   0x0000010a   Code   RO         5082    i.token_proc_number  finsh_token.o
    0x080081ac   0x00000050   Code   RO         5083    i.token_proc_string  finsh_token.o
    0x080081fc   0x00000184   Code   RO         5084    i.token_run         finsh_token.o
    0x08008380   0x0000009c   Code   RO         5085    i.token_spec_number  finsh_token.o
    0x0800841c   0x0000001e   Code   RO         5086    i.token_trim_space  finsh_token.o
    0x0800843a   0x0000000a   Code   RO         4339    i.version           cmd.o
    0x08008444   0x00000370   Code   RO         3666    i.vsnprintf         kservice.o
    0x080087b4   0x0000002c   Code   RO         5624    locale$$code        lc_ctype_c.o(c_w.l)
    0x080087e0   0x00000085   Data   RO         3122    .constdata          serial.o
    0x08008865   0x000000a8   Data   RO         3249    .constdata          device.o
    0x0800890d   0x0000011f   Data   RO         3395    .constdata          ipc.o
    0x08008a2c   0x00000022   Data   RO         3668    .constdata          kservice.o
    0x08008a4e   0x00000002   PAD
    0x08008a50   0x00000134   Data   RO         3797    .constdata          mem.o
    0x08008b84   0x00000025   Data   RO         3881    .constdata          mempool.o
    0x08008ba9   0x0000003c   Data   RO         3954    .constdata          object.o
    0x08008be5   0x0000014e   Data   RO         4041    .constdata          scheduler.o
    0x08008d33   0x000000aa   Data   RO         4127    .constdata          thread.o
    0x08008ddd   0x0000005c   Data   RO         4239    .constdata          timer.o
    0x08008e39   0x00000003   PAD
    0x08008e3c   0x00000268   Data   RO         4340    .constdata          cmd.o
    0x080090a4   0x000000c4   Data   RO         4710    .constdata          finsh_ops.o
    0x08009168   0x00000040   Data   RO         5087    .constdata          finsh_token.o
    0x080091a8   0x0000004d   Data   RO         5263    .constdata          shell.o
    0x080091f5   0x00000024   Data   RO         5515    .constdata          led.o
    0x08009219   0x00000069   Data   RO         4341    .conststring        cmd.o
    0x08009282   0x000000d8   Data   RO         4486    .conststring        finsh_error.o
    0x0800935a   0x0000002c   Data   RO         5088    .conststring        finsh_token.o
    0x08009386   0x00000002   PAD
    0x08009388   0x0000000c   Data   RO         3799    FSymTab             mem.o
    0x08009394   0x00000090   Data   RO         4343    FSymTab             cmd.o
    0x08009424   0x0000000c   Data   RO         5517    FSymTab             led.o
    0x08009430   0x00000020   Data   RO         5781    Region$$Table       anon$$obj.o
    0x08009450   0x00000010   Data   RO         4344    VSymTab             cmd.o
    0x08009460   0x00000110   Data   RO         5623    locale$$data        lc_ctype_c.o(c_w.l)


    Execution Region RW_IRAM1 (Base: 0x20000000, Size: 0x00000bb8, Max: 0x00010000, ABSOLUTE, COMPRESSED[0x0000009c])

    Base Addr    Size         Type   Attr      Idx    E Section Name        Object

    0x20000000   0x00000014   Data   RW         1632    .data               stm32f10x_rcc.o
    0x20000014   0x0000000c   Data   RW         3103    .data               interrupt.o
    0x20000020   0x00000004   Data   RW         3209    .data               clock.o
    0x20000024   0x00000004   Data   RW         3324    .data               idle.o
    0x20000028   0x00000001   Data   RW         3626    .data               irq.o
    0x20000029   0x00000003   PAD
    0x2000002c   0x00000008   Data   RW         3669    .data               kservice.o
    0x20000034   0x00000020   Data   RW         3798    .data               mem.o
    0x20000054   0x00000008   Data   RW         3882    .data               mempool.o
    0x2000005c   0x000000a4   Data   RW         3955    .data               object.o
    0x20000100   0x0000001c   Data   RW         4042    .data               scheduler.o
    0x2000011c   0x0000000c   Data   RW         4240    .data               timer.o
    0x20000128   0x00000004   Data   RW         4342    .data               cmd.o
    0x2000012c   0x00000008   Data   RW         4438    .data               finsh_compiler.o
    0x20000134   0x0000003d   Data   RW         4487    .data               finsh_error.o
    0x20000171   0x00000003   PAD
    0x20000174   0x00000008   Data   RW         4525    .data               finsh_heap.o
    0x2000017c   0x00000004   Data   RW         5163    .data               finsh_var.o
    0x20000180   0x0000000c   Data   RW         5213    .data               finsh_vm.o
    0x2000018c   0x00000004   Data   RW         5264    .data               shell.o
    0x20000190   0x00000010   Data   RW         5351    .data               symbol.o
    0x200001a0   0x00000001   Data   RW         5516    .data               led.o
    0x200001a1   0x00000003   PAD
    0x200001a4   0x0000000c   Data   RW         5552    .data               usart.o
    0x200001b0   0x0000017c   Zero   RW         3323    .bss                idle.o
    0x2000032c   0x00000080   Zero   RW         3667    .bss                kservice.o
    0x200003ac   0x00000020   Zero   RW         3796    .bss                mem.o
    0x200003cc   0x00000100   Zero   RW         4040    .bss                scheduler.o
    0x200004cc   0x00000080   Zero   RW         4524    .bss                finsh_heap.o
    0x2000054c   0x00000140   Zero   RW         4613    .bss                finsh_node.o
    0x2000068c   0x000000c0   Zero   RW         5162    .bss                finsh_var.o
    0x2000074c   0x00000180   Zero   RW         5212    .bss                finsh_vm.o
    0x200008cc   0x00000088   Zero   RW         5551    .bss                usart.o
    0x20000954   0x00000060   Zero   RW         5627    .bss                libspace.o(c_w.l)
    0x200009b4   0x00000004   PAD
    0x200009b8   0x00000000   Zero   RW         3191    HEAP                start_rvds.o
    0x200009b8   0x00000200   Zero   RW         3190    STACK               start_rvds.o


==============================================================================

Image component sizes


      Code (inc. data)   RO Data    RW Data    ZI Data      Debug   Object Name

         4          0          0          0          0        438   application.o
       174         18          0          0          0      17073   board.o
        72         16          0          4          0       1543   clock.o
      2552       1202        881          4          0      13219   cmd.o
       168         20          0          0          0        480   context_rvds.o
         0          0          0          0          0         20   core_cm3.o
         0          0          0          0          0       6284   cpu.o
       948        386        168          0          0       9019   device.o
       248        162          0          0          0       1073   fault.o
        20          0          0          0          0        332   fault_rvds.o
      6138        156          0          8          0      10998   finsh_compiler.o
        56         22        216         61          0       2575   finsh_error.o
       538         30          0          8        128       5539   finsh_heap.o
        64          6          0          0          0       1984   finsh_init.o
       392          8          0          0        320       5522   finsh_node.o
      2610        294        196          0          0      24202   finsh_ops.o
      2420         32          0          0          0      15587   finsh_parser.o
      1552         16        108          0          0       9362   finsh_token.o
       292         30          0          4        192       7178   finsh_var.o
       176         36          0         12        384       6483   finsh_vm.o
       156         26          0          4        380       2490   idle.o
         0          0          0         12          0        414   interrupt.o
       608        118        287          0          0      19182   ipc.o
        64         12          0          1          0       1466   irq.o
      1658        164         34          8        128       9419   kservice.o
       240         20         48          1          0       2843   led.o
      1804        554        320         32         32       9958   mem.o
       406         60         37          8          0       4717   mempool.o
       196         32          0          0          0     234755   misc.o
       670        238         60        164          0       6372   object.o
      1110        354        334         28        256       7271   scheduler.o
      1504        400        133          0          0       9105   serial.o
      1840        362         77          4          0      10030   shell.o
       108          0          0          0          0        763   stack.o
        60         24        336          0        512        492   start_rvds.o
       104         18          0          0          0        942   startup.o
        22          0          0          0          0      11634   stm32f10x_dma.o
       276          0          0          0          0       3172   stm32f10x_gpio.o
        48          6          0          0          0       4126   stm32f10x_it.o
       244         24          0         20          0       4001   stm32f10x_rcc.o
       458          6          0          0          0       5942   stm32f10x_usart.o
         0          0          0         16          0       3837   symbol.o
       292         22          0          0          0       2197   system_stm32f10x.o
      1476        528        170          0          0      11450   thread.o
       950        284         92         12          0       9155   timer.o
       252         26          0         12        136       2481   usart.o

    ----------------------------------------------------------------------
     33006       5712       3536        432       2468     517125   Object Totals
         0          0         32          0          0          0   (incl. Generated)
        36          0          7          9          0          1   (incl. Padding)

    ----------------------------------------------------------------------

      Code (inc. data)   RO Data    RW Data    ZI Data      Debug   Library Member Name

        90          0          0          0          0          0   __dczerorl2.o
         8          0          0          0          0         68   __main.o
        52          8          0          0          0          0   __scatter.o
        28          0          0          0          0          0   __scatter_zi.o
        32          0          0          0          0         68   _chval.o
       152          0          0          0          0         88   _strtoul.o
        26          0          0          0          0         80   atoi.o
        12          0          0          0          0         68   exit.o
         6          0          0          0          0        148   heapauxi.o
        44         10        272          0          0         76   lc_ctype_c.o
         6          0          0          0          0          0   libinit.o
        20          0          0          0          0          0   libinit2.o
         2          0          0          0          0          0   libshutdown.o
         2          0          0          0          0          0   libshutdown2.o
         8          4          0          0         96         68   libspace.o
        16          6          0          0          0         76   rt_ctype_table.o
        12          6          0          0          0         68   rt_errno_addr_intlibspace.o
        12          6          0          0          0         68   rt_locale_intlibspace.o
        68          0          0          0          0         68   rt_memclr.o
        78          0          0          0          0         76   rt_memclr_w.o
       140          0          0          0          0         68   rt_memcpy_v6.o
       100          0          0          0          0         80   rt_memcpy_w.o
         0          0          0          0          0          0   rtentry.o
        12          0          0          0          0          0   rtentry2.o
         6          0          0          0          0          0   rtentry4.o
         0          0          0          0          0          0   rtexit.o
         8          0          0          0          0          0   rtexit2.o
        62          0          0          0          0         76   strlen.o
       140          0          0          0          0         80   strncmp.o
        86          0          0          0          0         76   strncpy.o
       112          0          0          0          0         88   strtol.o
        20         10          0          0          0         68   sys_exit.o
        74          0          0          0          0         80   sys_stackheap_outer.o
         2          0          0          0          0         68   use_no_semi.o

    ----------------------------------------------------------------------
      1442         50        272          0        100       1704   Library Totals
         6          0          0          0          4          0   (incl. Padding)

    ----------------------------------------------------------------------

      Code (inc. data)   RO Data    RW Data    ZI Data      Debug   Library Name

      1436         50        272          0         96       1704   c_w.l

    ----------------------------------------------------------------------
      1442         50        272          0        100       1704   Library Totals

    ----------------------------------------------------------------------

==============================================================================


      Code (inc. data)   RO Data    RW Data    ZI Data      Debug   

     34448       5762       3808        432       2568     503880   Grand Totals
     34448       5762       3808        156       2568     503880   ELF Image Totals (compressed)
     34448       5762       3808        156          0          0   ROM Totals

==============================================================================

    Total RO  Size (Code + RO Data)                38256 (  37.36kB)
    Total RW  Size (RW Data + ZI Data)              3000 (   2.93kB)
    Total ROM Size (Code + RO Data + RW Data)      38412 (  37.51kB)

==============================================================================

