<!doctype html public "-//w3c//dtd html 4.0 transitional//en">
<html><head>
<title>Static Call Graph - [.\obj\rtthread-stm32.axf]</title></head>
<body><HR>
<H1>Static Call Graph for image .\obj\rtthread-stm32.axf</H1><HR>
<BR><P>#&#060CALLGRAPH&#062# ARM Linker, RVCT4.0 [Build 524]: Last Updated: Sun Dec 15 13:00:00 2013
<BR><P>
<H3>Maximum Stack Usage =        644 bytes + Unknown(Functions without stacksize, Cycles, Untraceable Function Pointers)</H3><H3>
Call chain for Maximum Stack Depth:</H3>
finsh_thread_entry &rArr; finsh_run_line &rArr; finsh_parser_run &rArr; proc_variable_decl &rArr; proc_assign_expr &rArr;  proc_assign_expr (Cycle)
<P>
<H3>
Functions with no stack information
</H3><UL>
 <LI><a href="#[17b4c04]">__user_initial_stackheap</a>
</UL>
</UL>
<P>
<H3>
Mutually Recursive functions
</H3> <LI><a href="#[17b4844]">ADC1_2_IRQHandler</a>&nbsp;&nbsp;&nbsp;&rArr;&nbsp;&nbsp;&nbsp;<a href="#[17b4844]">ADC1_2_IRQHandler</a><BR>
 <LI><a href="#[173dcf8]">rt_device_write</a>&nbsp;&nbsp;&nbsp;&rArr;&nbsp;&nbsp;&nbsp;<a href="#[17b7058]">rt_kprintf</a><BR>
 <LI><a href="#[17dcffc]">finsh_type_check</a>&nbsp;&nbsp;&nbsp;&rArr;&nbsp;&nbsp;&nbsp;<a href="#[17dcffc]">finsh_type_check</a><BR>
 <LI><a href="#[17dd038]">finsh_compile</a>&nbsp;&nbsp;&nbsp;&rArr;&nbsp;&nbsp;&nbsp;<a href="#[17dd038]">finsh_compile</a><BR>
 <LI><a href="#[18c9e90]">proc_expr</a>&nbsp;&nbsp;&nbsp;&rArr;&nbsp;&nbsp;&nbsp;<a href="#[18c9f44]">proc_assign_expr</a><BR>
 <LI><a href="#[18c9d64]">proc_param_list</a>&nbsp;&nbsp;&nbsp;&rArr;&nbsp;&nbsp;&nbsp;<a href="#[18c9f44]">proc_assign_expr</a><BR>
 <LI><a href="#[18c9c38]">proc_unary_expr</a>&nbsp;&nbsp;&nbsp;&rArr;&nbsp;&nbsp;&nbsp;<a href="#[18c9f08]">proc_cast_expr</a><BR>
 <LI><a href="#[18c9f08]">proc_cast_expr</a>&nbsp;&nbsp;&nbsp;&rArr;&nbsp;&nbsp;&nbsp;<a href="#[18c9f08]">proc_cast_expr</a><BR>
 <LI><a href="#[18c9f44]">proc_assign_expr</a>&nbsp;&nbsp;&nbsp;&rArr;&nbsp;&nbsp;&nbsp;<a href="#[18c9f44]">proc_assign_expr</a><BR>
</UL>
<P>
<H3>
Function Pointers
</H3><UL>
 <LI><a href="#[17b4a24]">Reset_Handler</a>
 <LI><a href="#[18c3158]">NMI_Handler</a>
 <LI><a href="#[17b4ad8]">rt_hw_hard_fault</a>
 <LI><a href="#[18c3194]">MemManage_Handler</a>
 <LI><a href="#[18c3284]">BusFault_Handler</a>
 <LI><a href="#[18c302c]">UsageFault_Handler</a>
 <LI><a href="#[18c311c]">SVC_Handler</a>
 <LI><a href="#[18c320c]">DebugMon_Handler</a>
 <LI><a href="#[17b4a9c]">rt_hw_pend_sv</a>
 <LI><a href="#[17b4a60]">rt_hw_timer_handler</a>
 <LI><a href="#[17b3890]">WWDG_IRQHandler</a>
 <LI><a href="#[17b3f98]">PVD_IRQHandler</a>
 <LI><a href="#[17b3db8]">TAMPER_IRQHandler</a>
 <LI><a href="#[17b3ee4]">RTC_IRQHandler</a>
 <LI><a href="#[17b4178]">FLASH_IRQHandler</a>
 <LI><a href="#[17b3f5c]">RCC_IRQHandler</a>
 <LI><a href="#[17b431c]">EXTI0_IRQHandler</a>
 <LI><a href="#[17b42a4]">EXTI1_IRQHandler</a>
 <LI><a href="#[17b4268]">EXTI2_IRQHandler</a>
 <LI><a href="#[17b422c]">EXTI3_IRQHandler</a>
 <LI><a href="#[17b41f0]">EXTI4_IRQHandler</a>
 <LI><a href="#[17b4664]">DMA1_Channel1_IRQHandler</a>
 <LI><a href="#[18c3248]">DMA1_Channel2_IRQHandler</a>
 <LI><a href="#[17b45ec]">DMA1_Channel3_IRQHandler</a>
 <LI><a href="#[17b45b0]">DMA1_Channel4_IRQHandler</a>
 <LI><a href="#[17b4574]">DMA1_Channel5_IRQHandler</a>
 <LI><a href="#[17b4538]">DMA1_Channel6_IRQHandler</a>
 <LI><a href="#[17b44fc]">DMA1_Channel7_IRQHandler</a>
 <LI><a href="#[17b4844]">ADC1_2_IRQHandler</a>
 <LI><a href="#[17b3908]">USB_HP_CAN1_TX_IRQHandler</a>
 <LI><a href="#[17b38cc]">USB_LP_CAN1_RX0_IRQHandler</a>
 <LI><a href="#[17b47cc]">CAN1_RX1_IRQHandler</a>
 <LI><a href="#[17b4790]">CAN1_SCE_IRQHandler</a>
 <LI><a href="#[17b41b4]">EXTI9_5_IRQHandler</a>
 <LI><a href="#[17b3d7c]">TIM1_BRK_IRQHandler</a>
 <LI><a href="#[17b3cc8]">TIM1_UP_IRQHandler</a>
 <LI><a href="#[17b3d04]">TIM1_TRG_COM_IRQHandler</a>
 <LI><a href="#[17b3d40]">TIM1_CC_IRQHandler</a>
 <LI><a href="#[17b3c8c]">TIM2_IRQHandler</a>
 <LI><a href="#[17b3c50]">TIM3_IRQHandler</a>
 <LI><a href="#[17b3c14]">TIM4_IRQHandler</a>
 <LI><a href="#[17b40c4]">I2C1_EV_IRQHandler</a>
 <LI><a href="#[17b4100]">I2C1_ER_IRQHandler</a>
 <LI><a href="#[17b404c]">I2C2_EV_IRQHandler</a>
 <LI><a href="#[17b4088]">I2C2_ER_IRQHandler</a>
 <LI><a href="#[17b3e6c]">SPI1_IRQHandler</a>
 <LI><a href="#[17b3e30]">SPI2_IRQHandler</a>
 <LI><a href="#[18c30e0]">USART1_IRQHandler</a>
 <LI><a href="#[18c30a4]">USART2_IRQHandler</a>
 <LI><a href="#[18c3068]">USART3_IRQHandler</a>
 <LI><a href="#[17b42e0]">EXTI15_10_IRQHandler</a>
 <LI><a href="#[17b3f20]">RTCAlarm_IRQHandler</a>
 <LI><a href="#[17b3fd4]">OTG_FS_WKUP_IRQHandler</a>
 <LI><a href="#[17b3b24]">TIM8_BRK_IRQHandler</a>
 <LI><a href="#[17b3a70]">TIM8_UP_IRQHandler</a>
 <LI><a href="#[17b3aac]">TIM8_TRG_COM_IRQHandler</a>
 <LI><a href="#[17b3ae8]">TIM8_CC_IRQHandler</a>
 <LI><a href="#[17b4808]">ADC3_IRQHandler</a>
 <LI><a href="#[17b413c]">FSMC_IRQHandler</a>
 <LI><a href="#[17b3ea8]">SDIO_IRQHandler</a>
 <LI><a href="#[17b3bd8]">TIM5_IRQHandler</a>
 <LI><a href="#[17b3df4]">SPI3_IRQHandler</a>
 <LI><a href="#[17b3a34]">UART4_IRQHandler</a>
 <LI><a href="#[17b39f8]">UART5_IRQHandler</a>
 <LI><a href="#[17b3b9c]">TIM6_IRQHandler</a>
 <LI><a href="#[17b3b60]">TIM7_IRQHandler</a>
 <LI><a href="#[17b44c0]">DMA2_Channel1_IRQHandler</a>
 <LI><a href="#[17b4484]">DMA2_Channel2_IRQHandler</a>
 <LI><a href="#[17b4448]">DMA2_Channel3_IRQHandler</a>
 <LI><a href="#[17b440c]">DMA2_Channel4_5_IRQHandler</a>
 <LI><a href="#[17b43d0]">DMA2_Channel5_IRQHandler</a>
 <LI><a href="#[17b4394]">ETH_IRQHandler</a>
 <LI><a href="#[17b4358]">ETH_WKUP_IRQHandler</a>
 <LI><a href="#[17b46a0]">CAN2_TX_IRQHandler</a>
 <LI><a href="#[17b4754]">CAN2_RX0_IRQHandler</a>
 <LI><a href="#[17b4718]">CAN2_RX1_IRQHandler</a>
 <LI><a href="#[17b46dc]">CAN2_SCE_IRQHandler</a>
 <LI><a href="#[17b4010]">OTG_FS_IRQHandler</a>
 <LI><a href="#[18bf648]">__main</a>
 <LI><a href="#[196a52c]">_get_lc_ctype</a>
 <LI><a href="#[1966620]">__I$use$semihosting</a>
 <LI><a href="#[17e1fe8]">rt_thread_exit</a>
 <LI><a href="#[17e1c28]">rt_thread_timeout</a>
 <LI><a href="#[18c5048]">finsh_rx_ind</a>
 <LI><a href="#[18c4b20]">finsh_thread_entry</a>
 <LI><a href="#[17b58ac]">rt_serial_init</a>
 <LI><a href="#[17b5870]">rt_serial_open</a>
 <LI><a href="#[17b5960]">rt_serial_close</a>
 <LI><a href="#[17b5834]">rt_serial_read</a>
 <LI><a href="#[17b57f8]">rt_serial_write</a>
 <LI><a href="#[17b5924]">rt_serial_control</a>
 <LI><a href="#[173d500]">rt_thread_idle_entry</a>
 <LI><a href="#[18cbdf8]">OP_no_op</a>
 <LI><a href="#[18cc488]">OP_add_byte</a>
 <LI><a href="#[18cc410]">OP_add_word</a>
 <LI><a href="#[18cc44c]">OP_add_dword</a>
 <LI><a href="#[18cbab0]">OP_sub_byte</a>
 <LI><a href="#[18cba38]">OP_sub_word</a>
 <LI><a href="#[18cba74]">OP_sub_dword</a>
 <LI><a href="#[18cc230]">OP_div_byte</a>
 <LI><a href="#[18cc1b8]">OP_div_word</a>
 <LI><a href="#[18cc1f4]">OP_div_dword</a>
 <LI><a href="#[18cbf60]">OP_mod_byte</a>
 <LI><a href="#[18cbee8]">OP_mod_word</a>
 <LI><a href="#[18cbf24]">OP_mod_dword</a>
 <LI><a href="#[18cbeac]">OP_mul_byte</a>
 <LI><a href="#[18cbe34]">OP_mul_word</a>
 <LI><a href="#[18cbe70]">OP_mul_dword</a>
 <LI><a href="#[18cc3d4]">OP_and_byte</a>
 <LI><a href="#[18cc35c]">OP_and_word</a>
 <LI><a href="#[18cc398]">OP_and_dword</a>
 <LI><a href="#[18cbdbc]">OP_or_byte</a>
 <LI><a href="#[18cbd44]">OP_or_word</a>
 <LI><a href="#[18cbd80]">OP_or_dword</a>
 <LI><a href="#[18cb9fc]">OP_xor_byte</a>
 <LI><a href="#[18cb984]">OP_xor_word</a>
 <LI><a href="#[18cb9c0]">OP_xor_dword</a>
 <LI><a href="#[18cc320]">OP_bw_byte</a>
 <LI><a href="#[18cc2a8]">OP_bw_word</a>
 <LI><a href="#[18cc2e4]">OP_bw_dword</a>
 <LI><a href="#[18cbccc]">OP_shl_byte</a>
 <LI><a href="#[18cbc54]">OP_shl_word</a>
 <LI><a href="#[18cbc90]">OP_shl_dword</a>
 <LI><a href="#[18cbc18]">OP_shr_byte</a>
 <LI><a href="#[18cbba0]">OP_shr_word</a>
 <LI><a href="#[18cbbdc]">OP_shr_dword</a>
 <LI><a href="#[18cc17c]">OP_ld_byte</a>
 <LI><a href="#[18cbf9c]">OP_ld_word</a>
 <LI><a href="#[18cc140]">OP_ld_dword</a>
 <LI><a href="#[18cc104]">OP_ld_value_byte</a>
 <LI><a href="#[18cc014]">OP_ld_value_word</a>
 <LI><a href="#[18cc08c]">OP_ld_value_dword</a>
 <LI><a href="#[18cbb64]">OP_st_byte</a>
 <LI><a href="#[18cbaec]">OP_st_word</a>
 <LI><a href="#[18cbb28]">OP_st_dword</a>
 <LI><a href="#[18cbd08]">OP_pop</a>
 <LI><a href="#[18cc26c]">OP_call</a>
 <LI><a href="#[18cc0c8]">OP_ld_value_byte_stack</a>
 <LI><a href="#[18cbfd8]">OP_ld_value_word_stack</a>
 <LI><a href="#[18cc050]">OP_ld_value_dword_stack</a>
 <LI><a href="#[17337f8]">list_mem</a>
 <LI><a href="#[17dda4c]">hello</a>
 <LI><a href="#[17dd7b8]">version</a>
 <LI><a href="#[17b6c5c]">list_thread</a>
 <LI><a href="#[17dd830]">list_sem</a>
 <LI><a href="#[17dd998]">list_event</a>
 <LI><a href="#[17dd8a8]">list_mutex</a>
 <LI><a href="#[17dd95c]">list_mailbox</a>
 <LI><a href="#[17dd8e4]">list_msgqueue</a>
 <LI><a href="#[17dd920]">list_mempool</a>
 <LI><a href="#[17dd7f4]">list_timer</a>
 <LI><a href="#[17dd9d4]">list_device</a>
 <LI><a href="#[17dda10]">list</a>
 <LI><a href="#[18c122c]">led</a>
</UL>
<P>
<H3>
Global Symbols
</H3>
<P><STRONG><a name="[18bf648]"></a>__main</STRONG> (Thumb, 8 bytes, Stack size 0 bytes, __main.o(!!!main))
<BR><BR>[Calls]<UL><LI><a href="#[18bf51c]">&gt;&gt;</a>&nbsp;&nbsp;&nbsp;__rt_entry
<LI><a href="#[1964028]">&gt;&gt;</a>&nbsp;&nbsp;&nbsp;__scatterload
</UL>

<P><STRONG><a name="[1964028]"></a>__scatterload</STRONG> (Thumb, 0 bytes, Stack size unknown bytes, __scatter.o(!!!scatter))
<BR><BR>[Called By]<UL><LI><a href="#[18bf648]">&gt;&gt;</a>&nbsp;&nbsp;&nbsp;__main
</UL>

<P><STRONG><a name="[1963fec]"></a>__scatterload_rt2</STRONG> (Thumb, 44 bytes, Stack size unknown bytes, __scatter.o(!!!scatter), UNUSED)
<BR><BR>[Calls]<UL><LI><a href="#[18bf51c]">&gt;&gt;</a>&nbsp;&nbsp;&nbsp;__rt_entry
</UL>

<P><STRONG><a name="[1963fb0]"></a>__scatterload_rt2_thumb_only</STRONG> (Thumb, 0 bytes, Stack size unknown bytes, __scatter.o(!!!scatter), UNUSED)

<P><STRONG><a name="[1963f74]"></a>__scatterload_null</STRONG> (Thumb, 0 bytes, Stack size unknown bytes, __scatter.o(!!!scatter), UNUSED)

<P><STRONG><a name="[1964154]"></a>__decompress</STRONG> (Thumb, 90 bytes, Stack size unknown bytes, __dczerorl2.o(!!dczerorl2), UNUSED)

<P><STRONG><a name="[1964118]"></a>__decompress1</STRONG> (Thumb, 0 bytes, Stack size unknown bytes, __dczerorl2.o(!!dczerorl2), UNUSED)

<P><STRONG><a name="[1963dd0]"></a>__scatterload_zeroinit</STRONG> (Thumb, 28 bytes, Stack size unknown bytes, __scatter_zi.o(!!handler_zi), UNUSED)

<P><STRONG><a name="[1967a0c]"></a>__rt_lib_init</STRONG> (Thumb, 0 bytes, Stack size unknown bytes, libinit.o(.ARM.Collect$$libinit$$00000000))
<BR><BR>[Called By]<UL><LI><a href="#[1969f14]">&gt;&gt;</a>&nbsp;&nbsp;&nbsp;__rt_entry_li
</UL>

<P><STRONG><a name="[1969014]"></a>__rt_lib_init_heap_1</STRONG> (Thumb, 0 bytes, Stack size unknown bytes, libinit2.o(.ARM.Collect$$libinit$$00000006))

<P><STRONG><a name="[1968ee8]"></a>__rt_lib_init_lc_common</STRONG> (Thumb, 0 bytes, Stack size unknown bytes, libinit2.o(.ARM.Collect$$libinit$$0000000B))
<BR><BR>[Calls]<UL><LI><a href="#[18bf15c]">&gt;&gt;</a>&nbsp;&nbsp;&nbsp;__rt_locale
</UL>

<P><STRONG><a name="[1968f24]"></a>__rt_lib_init_rand_1</STRONG> (Thumb, 0 bytes, Stack size unknown bytes, libinit2.o(.ARM.Collect$$libinit$$0000000A))

<P><STRONG><a name="[1968f9c]"></a>__rt_lib_init_user_alloc_1</STRONG> (Thumb, 0 bytes, Stack size unknown bytes, libinit2.o(.ARM.Collect$$libinit$$00000008))

<P><STRONG><a name="[1968e70]"></a>__rt_lib_init_lc_collate_1</STRONG> (Thumb, 0 bytes, Stack size unknown bytes, libinit2.o(.ARM.Collect$$libinit$$0000000D))

<P><STRONG><a name="[1968e34]"></a>__rt_lib_init_lc_ctype_2</STRONG> (Thumb, 0 bytes, Stack size unknown bytes, libinit2.o(.ARM.Collect$$libinit$$0000000E))
<BR><BR>[Stack]<UL><LI>Max Depth = 8 + Unknown Stack Size
<LI>Call Chain = __rt_lib_init_lc_ctype_2 &rArr; _get_lc_ctype
</UL>
<BR>[Calls]<UL><LI><a href="#[196a52c]">&gt;&gt;</a>&nbsp;&nbsp;&nbsp;_get_lc_ctype
</UL>

<P><STRONG><a name="[19687e0]"></a>__rt_lib_init_alloca_1</STRONG> (Thumb, 0 bytes, Stack size unknown bytes, libinit2.o(.ARM.Collect$$libinit$$0000002A))

<P><STRONG><a name="[1968858]"></a>__rt_lib_init_argv_1</STRONG> (Thumb, 0 bytes, Stack size unknown bytes, libinit2.o(.ARM.Collect$$libinit$$00000028))

<P><STRONG><a name="[1968c18]"></a>__rt_lib_init_atexit_1</STRONG> (Thumb, 0 bytes, Stack size unknown bytes, libinit2.o(.ARM.Collect$$libinit$$00000017))

<P><STRONG><a name="[1968ab0]"></a>__rt_lib_init_clock_1</STRONG> (Thumb, 0 bytes, Stack size unknown bytes, libinit2.o(.ARM.Collect$$libinit$$0000001D))

<P><STRONG><a name="[19686f0]"></a>__rt_lib_init_cpp_1</STRONG> (Thumb, 0 bytes, Stack size unknown bytes, libinit2.o(.ARM.Collect$$libinit$$0000002E))

<P><STRONG><a name="[1968768]"></a>__rt_lib_init_exceptions_1</STRONG> (Thumb, 0 bytes, Stack size unknown bytes, libinit2.o(.ARM.Collect$$libinit$$0000002C))

<P><STRONG><a name="[1968b28]"></a>__rt_lib_init_fp_trap_1</STRONG> (Thumb, 0 bytes, Stack size unknown bytes, libinit2.o(.ARM.Collect$$libinit$$0000001B))

<P><STRONG><a name="[1968a38]"></a>__rt_lib_init_getenv_1</STRONG> (Thumb, 0 bytes, Stack size unknown bytes, libinit2.o(.ARM.Collect$$libinit$$0000001F))

<P><STRONG><a name="[1968df8]"></a>__rt_lib_init_lc_ctype_1</STRONG> (Thumb, 0 bytes, Stack size unknown bytes, libinit2.o(.ARM.Collect$$libinit$$0000000F))

<P><STRONG><a name="[1968d80]"></a>__rt_lib_init_lc_monetary_1</STRONG> (Thumb, 0 bytes, Stack size unknown bytes, libinit2.o(.ARM.Collect$$libinit$$00000011))

<P><STRONG><a name="[1968d08]"></a>__rt_lib_init_lc_numeric_1</STRONG> (Thumb, 0 bytes, Stack size unknown bytes, libinit2.o(.ARM.Collect$$libinit$$00000013))

<P><STRONG><a name="[1968c90]"></a>__rt_lib_init_lc_time_1</STRONG> (Thumb, 0 bytes, Stack size unknown bytes, libinit2.o(.ARM.Collect$$libinit$$00000015))

<P><STRONG><a name="[19686b4]"></a>__rt_lib_init_return</STRONG> (Thumb, 0 bytes, Stack size unknown bytes, libinit2.o(.ARM.Collect$$libinit$$0000002F))

<P><STRONG><a name="[1968ba0]"></a>__rt_lib_init_signal_1</STRONG> (Thumb, 0 bytes, Stack size unknown bytes, libinit2.o(.ARM.Collect$$libinit$$00000019))

<P><STRONG><a name="[19689c0]"></a>__rt_lib_init_stdio_1</STRONG> (Thumb, 0 bytes, Stack size unknown bytes, libinit2.o(.ARM.Collect$$libinit$$00000021))

<P><STRONG><a name="[19660f8]"></a>__rt_lib_shutdown</STRONG> (Thumb, 0 bytes, Stack size unknown bytes, libshutdown.o(.ARM.Collect$$libshutdown$$00000000))
<BR><BR>[Called By]<UL><LI><a href="#[1966cb0]">&gt;&gt;</a>&nbsp;&nbsp;&nbsp;__rt_exit_ls
</UL>

<P><STRONG><a name="[19657d4]"></a>__rt_lib_shutdown_fp_trap_1</STRONG> (Thumb, 0 bytes, Stack size unknown bytes, libshutdown2.o(.ARM.Collect$$libshutdown$$00000006))

<P><STRONG><a name="[19655f4]"></a>__rt_lib_shutdown_heap_1</STRONG> (Thumb, 0 bytes, Stack size unknown bytes, libshutdown2.o(.ARM.Collect$$libshutdown$$0000000E))

<P><STRONG><a name="[19655b8]"></a>__rt_lib_shutdown_return</STRONG> (Thumb, 0 bytes, Stack size unknown bytes, libshutdown2.o(.ARM.Collect$$libshutdown$$0000000F))

<P><STRONG><a name="[1965720]"></a>__rt_lib_shutdown_signal_1</STRONG> (Thumb, 0 bytes, Stack size unknown bytes, libshutdown2.o(.ARM.Collect$$libshutdown$$00000009))

<P><STRONG><a name="[1965888]"></a>__rt_lib_shutdown_stdio_1</STRONG> (Thumb, 0 bytes, Stack size unknown bytes, libshutdown2.o(.ARM.Collect$$libshutdown$$00000003))

<P><STRONG><a name="[19656a8]"></a>__rt_lib_shutdown_user_alloc_1</STRONG> (Thumb, 0 bytes, Stack size unknown bytes, libshutdown2.o(.ARM.Collect$$libshutdown$$0000000B))

<P><STRONG><a name="[18bf51c]"></a>__rt_entry</STRONG> (Thumb, 0 bytes, Stack size unknown bytes, rtentry.o(.ARM.Collect$$rtentry$$00000000))
<BR><BR>[Called By]<UL><LI><a href="#[18bf648]">&gt;&gt;</a>&nbsp;&nbsp;&nbsp;__main
<LI><a href="#[1963fec]">&gt;&gt;</a>&nbsp;&nbsp;&nbsp;__scatterload_rt2
</UL>

<P><STRONG><a name="[1969fc8]"></a>__rt_entry_presh_1</STRONG> (Thumb, 0 bytes, Stack size unknown bytes, rtentry2.o(.ARM.Collect$$rtentry$$00000002))

<P><STRONG><a name="[1969c44]"></a>__rt_entry_sh</STRONG> (Thumb, 0 bytes, Stack size unknown bytes, rtentry4.o(.ARM.Collect$$rtentry$$00000004))
<BR><BR>[Stack]<UL><LI>Max Depth = 8 + Unknown Stack Size
<LI>Call Chain = __rt_entry_sh &rArr; __user_setup_stackheap
</UL>
<BR>[Calls]<UL><LI><a href="#[19681c8]">&gt;&gt;</a>&nbsp;&nbsp;&nbsp;__user_setup_stackheap
</UL>

<P><STRONG><a name="[1969f14]"></a>__rt_entry_li</STRONG> (Thumb, 0 bytes, Stack size unknown bytes, rtentry2.o(.ARM.Collect$$rtentry$$0000000A))
<BR><BR>[Calls]<UL><LI><a href="#[1967a0c]">&gt;&gt;</a>&nbsp;&nbsp;&nbsp;__rt_lib_init
</UL>

<P><STRONG><a name="[1969f50]"></a>__rt_entry_postsh_1</STRONG> (Thumb, 0 bytes, Stack size unknown bytes, rtentry2.o(.ARM.Collect$$rtentry$$00000009))

<P><STRONG><a name="[1969e60]"></a>__rt_entry_main</STRONG> (Thumb, 0 bytes, Stack size unknown bytes, rtentry2.o(.ARM.Collect$$rtentry$$0000000D))
<BR><BR>[Stack]<UL><LI>Max Depth = 404 + Unknown Stack Size
<LI>Call Chain = __rt_entry_main &rArr; main &rArr; rtthread_startup &rArr; finsh_system_init &rArr; rt_thread_create &rArr; rt_object_allocate &rArr; rt_malloc &rArr; rt_sem_take &rArr; rt_ipc_list_suspend &rArr; rt_thread_suspend &rArr; rt_schedule_remove_thread &rArr; rt_kprintf &rArr; vsnprintf &rArr; print_number
</UL>
<BR>[Calls]<UL><LI><a href="#[18c1c7c]">&gt;&gt;</a>&nbsp;&nbsp;&nbsp;main
<LI><a href="#[1967f70]">&gt;&gt;</a>&nbsp;&nbsp;&nbsp;exit
</UL>

<P><STRONG><a name="[1969e9c]"></a>__rt_entry_postli_1</STRONG> (Thumb, 0 bytes, Stack size unknown bytes, rtentry2.o(.ARM.Collect$$rtentry$$0000000C))

<P><STRONG><a name="[19674a8]"></a>__rt_exit</STRONG> (Thumb, 0 bytes, Stack size unknown bytes, rtexit.o(.ARM.Collect$$rtexit$$00000000))
<BR><BR>[Called By]<UL><LI><a href="#[1967f70]">&gt;&gt;</a>&nbsp;&nbsp;&nbsp;exit
</UL>

<P><STRONG><a name="[1966cb0]"></a>__rt_exit_ls</STRONG> (Thumb, 0 bytes, Stack size unknown bytes, rtexit2.o(.ARM.Collect$$rtexit$$00000003))
<BR><BR>[Calls]<UL><LI><a href="#[19660f8]">&gt;&gt;</a>&nbsp;&nbsp;&nbsp;__rt_lib_shutdown
</UL>

<P><STRONG><a name="[1966cec]"></a>__rt_exit_prels_1</STRONG> (Thumb, 0 bytes, Stack size unknown bytes, rtexit2.o(.ARM.Collect$$rtexit$$00000002))

<P><STRONG><a name="[1966c74]"></a>__rt_exit_exit</STRONG> (Thumb, 0 bytes, Stack size unknown bytes, rtexit2.o(.ARM.Collect$$rtexit$$00000004))
<BR><BR>[Calls]<UL><LI><a href="#[1966710]">&gt;&gt;</a>&nbsp;&nbsp;&nbsp;_sys_exit
</UL>

<P><STRONG><a name="[17b4a24]"></a>Reset_Handler</STRONG> (Thumb, 10 bytes, Stack size 0 bytes, start_rvds.o(.text))
<BR>[Address Reference Count : 1]<UL><LI> start_rvds.o(RESET)
</UL>
<P><STRONG><a name="[17b4844]"></a>ADC1_2_IRQHandler</STRONG> (Thumb, 0 bytes, Stack size 0 bytes, start_rvds.o(.text))
<BR><BR>[Calls]<UL><LI><a href="#[17b4844]">&gt;&gt;</a>&nbsp;&nbsp;&nbsp;ADC1_2_IRQHandler
</UL>
<BR>[Called By]<UL><LI><a href="#[17b4844]">&gt;&gt;</a>&nbsp;&nbsp;&nbsp;ADC1_2_IRQHandler
</UL>
<BR>[Address Reference Count : 1]<UL><LI> start_rvds.o(RESET)
</UL>
<P><STRONG><a name="[17b4808]"></a>ADC3_IRQHandler</STRONG> (Thumb, 0 bytes, Stack size 0 bytes, start_rvds.o(.text))
<BR>[Address Reference Count : 1]<UL><LI> start_rvds.o(RESET)
</UL>
<P><STRONG><a name="[17b47cc]"></a>CAN1_RX1_IRQHandler</STRONG> (Thumb, 0 bytes, Stack size 0 bytes, start_rvds.o(.text))
<BR>[Address Reference Count : 1]<UL><LI> start_rvds.o(RESET)
</UL>
<P><STRONG><a name="[17b4790]"></a>CAN1_SCE_IRQHandler</STRONG> (Thumb, 0 bytes, Stack size 0 bytes, start_rvds.o(.text))
<BR>[Address Reference Count : 1]<UL><LI> start_rvds.o(RESET)
</UL>
<P><STRONG><a name="[17b4754]"></a>CAN2_RX0_IRQHandler</STRONG> (Thumb, 0 bytes, Stack size 0 bytes, start_rvds.o(.text))
<BR>[Address Reference Count : 1]<UL><LI> start_rvds.o(RESET)
</UL>
<P><STRONG><a name="[17b4718]"></a>CAN2_RX1_IRQHandler</STRONG> (Thumb, 0 bytes, Stack size 0 bytes, start_rvds.o(.text))
<BR>[Address Reference Count : 1]<UL><LI> start_rvds.o(RESET)
</UL>
<P><STRONG><a name="[17b46dc]"></a>CAN2_SCE_IRQHandler</STRONG> (Thumb, 0 bytes, Stack size 0 bytes, start_rvds.o(.text))
<BR>[Address Reference Count : 1]<UL><LI> start_rvds.o(RESET)
</UL>
<P><STRONG><a name="[17b46a0]"></a>CAN2_TX_IRQHandler</STRONG> (Thumb, 0 bytes, Stack size 0 bytes, start_rvds.o(.text))
<BR>[Address Reference Count : 1]<UL><LI> start_rvds.o(RESET)
</UL>
<P><STRONG><a name="[17b4664]"></a>DMA1_Channel1_IRQHandler</STRONG> (Thumb, 0 bytes, Stack size 0 bytes, start_rvds.o(.text))
<BR>[Address Reference Count : 1]<UL><LI> start_rvds.o(RESET)
</UL>
<P><STRONG><a name="[17b45ec]"></a>DMA1_Channel3_IRQHandler</STRONG> (Thumb, 0 bytes, Stack size 0 bytes, start_rvds.o(.text))
<BR>[Address Reference Count : 1]<UL><LI> start_rvds.o(RESET)
</UL>
<P><STRONG><a name="[17b45b0]"></a>DMA1_Channel4_IRQHandler</STRONG> (Thumb, 0 bytes, Stack size 0 bytes, start_rvds.o(.text))
<BR>[Address Reference Count : 1]<UL><LI> start_rvds.o(RESET)
</UL>
<P><STRONG><a name="[17b4574]"></a>DMA1_Channel5_IRQHandler</STRONG> (Thumb, 0 bytes, Stack size 0 bytes, start_rvds.o(.text))
<BR>[Address Reference Count : 1]<UL><LI> start_rvds.o(RESET)
</UL>
<P><STRONG><a name="[17b4538]"></a>DMA1_Channel6_IRQHandler</STRONG> (Thumb, 0 bytes, Stack size 0 bytes, start_rvds.o(.text))
<BR>[Address Reference Count : 1]<UL><LI> start_rvds.o(RESET)
</UL>
<P><STRONG><a name="[17b44fc]"></a>DMA1_Channel7_IRQHandler</STRONG> (Thumb, 0 bytes, Stack size 0 bytes, start_rvds.o(.text))
<BR>[Address Reference Count : 1]<UL><LI> start_rvds.o(RESET)
</UL>
<P><STRONG><a name="[17b44c0]"></a>DMA2_Channel1_IRQHandler</STRONG> (Thumb, 0 bytes, Stack size 0 bytes, start_rvds.o(.text))
<BR>[Address Reference Count : 1]<UL><LI> start_rvds.o(RESET)
</UL>
<P><STRONG><a name="[17b4484]"></a>DMA2_Channel2_IRQHandler</STRONG> (Thumb, 0 bytes, Stack size 0 bytes, start_rvds.o(.text))
<BR>[Address Reference Count : 1]<UL><LI> start_rvds.o(RESET)
</UL>
<P><STRONG><a name="[17b4448]"></a>DMA2_Channel3_IRQHandler</STRONG> (Thumb, 0 bytes, Stack size 0 bytes, start_rvds.o(.text))
<BR>[Address Reference Count : 1]<UL><LI> start_rvds.o(RESET)
</UL>
<P><STRONG><a name="[17b440c]"></a>DMA2_Channel4_5_IRQHandler</STRONG> (Thumb, 0 bytes, Stack size 0 bytes, start_rvds.o(.text))
<BR>[Address Reference Count : 1]<UL><LI> start_rvds.o(RESET)
</UL>
<P><STRONG><a name="[17b43d0]"></a>DMA2_Channel5_IRQHandler</STRONG> (Thumb, 0 bytes, Stack size 0 bytes, start_rvds.o(.text))
<BR>[Address Reference Count : 1]<UL><LI> start_rvds.o(RESET)
</UL>
<P><STRONG><a name="[17b4394]"></a>ETH_IRQHandler</STRONG> (Thumb, 0 bytes, Stack size 0 bytes, start_rvds.o(.text))
<BR>[Address Reference Count : 1]<UL><LI> start_rvds.o(RESET)
</UL>
<P><STRONG><a name="[17b4358]"></a>ETH_WKUP_IRQHandler</STRONG> (Thumb, 0 bytes, Stack size 0 bytes, start_rvds.o(.text))
<BR>[Address Reference Count : 1]<UL><LI> start_rvds.o(RESET)
</UL>
<P><STRONG><a name="[17b431c]"></a>EXTI0_IRQHandler</STRONG> (Thumb, 0 bytes, Stack size 0 bytes, start_rvds.o(.text))
<BR>[Address Reference Count : 1]<UL><LI> start_rvds.o(RESET)
</UL>
<P><STRONG><a name="[17b42e0]"></a>EXTI15_10_IRQHandler</STRONG> (Thumb, 0 bytes, Stack size 0 bytes, start_rvds.o(.text))
<BR>[Address Reference Count : 1]<UL><LI> start_rvds.o(RESET)
</UL>
<P><STRONG><a name="[17b42a4]"></a>EXTI1_IRQHandler</STRONG> (Thumb, 0 bytes, Stack size 0 bytes, start_rvds.o(.text))
<BR>[Address Reference Count : 1]<UL><LI> start_rvds.o(RESET)
</UL>
<P><STRONG><a name="[17b4268]"></a>EXTI2_IRQHandler</STRONG> (Thumb, 0 bytes, Stack size 0 bytes, start_rvds.o(.text))
<BR>[Address Reference Count : 1]<UL><LI> start_rvds.o(RESET)
</UL>
<P><STRONG><a name="[17b422c]"></a>EXTI3_IRQHandler</STRONG> (Thumb, 0 bytes, Stack size 0 bytes, start_rvds.o(.text))
<BR>[Address Reference Count : 1]<UL><LI> start_rvds.o(RESET)
</UL>
<P><STRONG><a name="[17b41f0]"></a>EXTI4_IRQHandler</STRONG> (Thumb, 0 bytes, Stack size 0 bytes, start_rvds.o(.text))
<BR>[Address Reference Count : 1]<UL><LI> start_rvds.o(RESET)
</UL>
<P><STRONG><a name="[17b41b4]"></a>EXTI9_5_IRQHandler</STRONG> (Thumb, 0 bytes, Stack size 0 bytes, start_rvds.o(.text))
<BR>[Address Reference Count : 1]<UL><LI> start_rvds.o(RESET)
</UL>
<P><STRONG><a name="[17b4178]"></a>FLASH_IRQHandler</STRONG> (Thumb, 0 bytes, Stack size 0 bytes, start_rvds.o(.text))
<BR>[Address Reference Count : 1]<UL><LI> start_rvds.o(RESET)
</UL>
<P><STRONG><a name="[17b413c]"></a>FSMC_IRQHandler</STRONG> (Thumb, 0 bytes, Stack size 0 bytes, start_rvds.o(.text))
<BR>[Address Reference Count : 1]<UL><LI> start_rvds.o(RESET)
</UL>
<P><STRONG><a name="[17b4100]"></a>I2C1_ER_IRQHandler</STRONG> (Thumb, 0 bytes, Stack size 0 bytes, start_rvds.o(.text))
<BR>[Address Reference Count : 1]<UL><LI> start_rvds.o(RESET)
</UL>
<P><STRONG><a name="[17b40c4]"></a>I2C1_EV_IRQHandler</STRONG> (Thumb, 0 bytes, Stack size 0 bytes, start_rvds.o(.text))
<BR>[Address Reference Count : 1]<UL><LI> start_rvds.o(RESET)
</UL>
<P><STRONG><a name="[17b4088]"></a>I2C2_ER_IRQHandler</STRONG> (Thumb, 0 bytes, Stack size 0 bytes, start_rvds.o(.text))
<BR>[Address Reference Count : 1]<UL><LI> start_rvds.o(RESET)
</UL>
<P><STRONG><a name="[17b404c]"></a>I2C2_EV_IRQHandler</STRONG> (Thumb, 0 bytes, Stack size 0 bytes, start_rvds.o(.text))
<BR>[Address Reference Count : 1]<UL><LI> start_rvds.o(RESET)
</UL>
<P><STRONG><a name="[17b4010]"></a>OTG_FS_IRQHandler</STRONG> (Thumb, 0 bytes, Stack size 0 bytes, start_rvds.o(.text))
<BR>[Address Reference Count : 1]<UL><LI> start_rvds.o(RESET)
</UL>
<P><STRONG><a name="[17b3fd4]"></a>OTG_FS_WKUP_IRQHandler</STRONG> (Thumb, 0 bytes, Stack size 0 bytes, start_rvds.o(.text))
<BR>[Address Reference Count : 1]<UL><LI> start_rvds.o(RESET)
</UL>
<P><STRONG><a name="[17b3f98]"></a>PVD_IRQHandler</STRONG> (Thumb, 0 bytes, Stack size 0 bytes, start_rvds.o(.text))
<BR>[Address Reference Count : 1]<UL><LI> start_rvds.o(RESET)
</UL>
<P><STRONG><a name="[17b3f5c]"></a>RCC_IRQHandler</STRONG> (Thumb, 0 bytes, Stack size 0 bytes, start_rvds.o(.text))
<BR>[Address Reference Count : 1]<UL><LI> start_rvds.o(RESET)
</UL>
<P><STRONG><a name="[17b3f20]"></a>RTCAlarm_IRQHandler</STRONG> (Thumb, 0 bytes, Stack size 0 bytes, start_rvds.o(.text))
<BR>[Address Reference Count : 1]<UL><LI> start_rvds.o(RESET)
</UL>
<P><STRONG><a name="[17b3ee4]"></a>RTC_IRQHandler</STRONG> (Thumb, 0 bytes, Stack size 0 bytes, start_rvds.o(.text))
<BR>[Address Reference Count : 1]<UL><LI> start_rvds.o(RESET)
</UL>
<P><STRONG><a name="[17b3ea8]"></a>SDIO_IRQHandler</STRONG> (Thumb, 0 bytes, Stack size 0 bytes, start_rvds.o(.text))
<BR>[Address Reference Count : 1]<UL><LI> start_rvds.o(RESET)
</UL>
<P><STRONG><a name="[17b3e6c]"></a>SPI1_IRQHandler</STRONG> (Thumb, 0 bytes, Stack size 0 bytes, start_rvds.o(.text))
<BR>[Address Reference Count : 1]<UL><LI> start_rvds.o(RESET)
</UL>
<P><STRONG><a name="[17b3e30]"></a>SPI2_IRQHandler</STRONG> (Thumb, 0 bytes, Stack size 0 bytes, start_rvds.o(.text))
<BR>[Address Reference Count : 1]<UL><LI> start_rvds.o(RESET)
</UL>
<P><STRONG><a name="[17b3df4]"></a>SPI3_IRQHandler</STRONG> (Thumb, 0 bytes, Stack size 0 bytes, start_rvds.o(.text))
<BR>[Address Reference Count : 1]<UL><LI> start_rvds.o(RESET)
</UL>
<P><STRONG><a name="[17b3db8]"></a>TAMPER_IRQHandler</STRONG> (Thumb, 0 bytes, Stack size 0 bytes, start_rvds.o(.text))
<BR>[Address Reference Count : 1]<UL><LI> start_rvds.o(RESET)
</UL>
<P><STRONG><a name="[17b3d7c]"></a>TIM1_BRK_IRQHandler</STRONG> (Thumb, 0 bytes, Stack size 0 bytes, start_rvds.o(.text))
<BR>[Address Reference Count : 1]<UL><LI> start_rvds.o(RESET)
</UL>
<P><STRONG><a name="[17b3d40]"></a>TIM1_CC_IRQHandler</STRONG> (Thumb, 0 bytes, Stack size 0 bytes, start_rvds.o(.text))
<BR>[Address Reference Count : 1]<UL><LI> start_rvds.o(RESET)
</UL>
<P><STRONG><a name="[17b3d04]"></a>TIM1_TRG_COM_IRQHandler</STRONG> (Thumb, 0 bytes, Stack size 0 bytes, start_rvds.o(.text))
<BR>[Address Reference Count : 1]<UL><LI> start_rvds.o(RESET)
</UL>
<P><STRONG><a name="[17b3cc8]"></a>TIM1_UP_IRQHandler</STRONG> (Thumb, 0 bytes, Stack size 0 bytes, start_rvds.o(.text))
<BR>[Address Reference Count : 1]<UL><LI> start_rvds.o(RESET)
</UL>
<P><STRONG><a name="[17b3c8c]"></a>TIM2_IRQHandler</STRONG> (Thumb, 0 bytes, Stack size 0 bytes, start_rvds.o(.text))
<BR>[Address Reference Count : 1]<UL><LI> start_rvds.o(RESET)
</UL>
<P><STRONG><a name="[17b3c50]"></a>TIM3_IRQHandler</STRONG> (Thumb, 0 bytes, Stack size 0 bytes, start_rvds.o(.text))
<BR>[Address Reference Count : 1]<UL><LI> start_rvds.o(RESET)
</UL>
<P><STRONG><a name="[17b3c14]"></a>TIM4_IRQHandler</STRONG> (Thumb, 0 bytes, Stack size 0 bytes, start_rvds.o(.text))
<BR>[Address Reference Count : 1]<UL><LI> start_rvds.o(RESET)
</UL>
<P><STRONG><a name="[17b3bd8]"></a>TIM5_IRQHandler</STRONG> (Thumb, 0 bytes, Stack size 0 bytes, start_rvds.o(.text))
<BR>[Address Reference Count : 1]<UL><LI> start_rvds.o(RESET)
</UL>
<P><STRONG><a name="[17b3b9c]"></a>TIM6_IRQHandler</STRONG> (Thumb, 0 bytes, Stack size 0 bytes, start_rvds.o(.text))
<BR>[Address Reference Count : 1]<UL><LI> start_rvds.o(RESET)
</UL>
<P><STRONG><a name="[17b3b60]"></a>TIM7_IRQHandler</STRONG> (Thumb, 0 bytes, Stack size 0 bytes, start_rvds.o(.text))
<BR>[Address Reference Count : 1]<UL><LI> start_rvds.o(RESET)
</UL>
<P><STRONG><a name="[17b3b24]"></a>TIM8_BRK_IRQHandler</STRONG> (Thumb, 0 bytes, Stack size 0 bytes, start_rvds.o(.text))
<BR>[Address Reference Count : 1]<UL><LI> start_rvds.o(RESET)
</UL>
<P><STRONG><a name="[17b3ae8]"></a>TIM8_CC_IRQHandler</STRONG> (Thumb, 0 bytes, Stack size 0 bytes, start_rvds.o(.text))
<BR>[Address Reference Count : 1]<UL><LI> start_rvds.o(RESET)
</UL>
<P><STRONG><a name="[17b3aac]"></a>TIM8_TRG_COM_IRQHandler</STRONG> (Thumb, 0 bytes, Stack size 0 bytes, start_rvds.o(.text))
<BR>[Address Reference Count : 1]<UL><LI> start_rvds.o(RESET)
</UL>
<P><STRONG><a name="[17b3a70]"></a>TIM8_UP_IRQHandler</STRONG> (Thumb, 0 bytes, Stack size 0 bytes, start_rvds.o(.text))
<BR>[Address Reference Count : 1]<UL><LI> start_rvds.o(RESET)
</UL>
<P><STRONG><a name="[17b3a34]"></a>UART4_IRQHandler</STRONG> (Thumb, 0 bytes, Stack size 0 bytes, start_rvds.o(.text))
<BR>[Address Reference Count : 1]<UL><LI> start_rvds.o(RESET)
</UL>
<P><STRONG><a name="[17b39f8]"></a>UART5_IRQHandler</STRONG> (Thumb, 0 bytes, Stack size 0 bytes, start_rvds.o(.text))
<BR>[Address Reference Count : 1]<UL><LI> start_rvds.o(RESET)
</UL>
<P><STRONG><a name="[17b3908]"></a>USB_HP_CAN1_TX_IRQHandler</STRONG> (Thumb, 0 bytes, Stack size 0 bytes, start_rvds.o(.text))
<BR>[Address Reference Count : 1]<UL><LI> start_rvds.o(RESET)
</UL>
<P><STRONG><a name="[17b38cc]"></a>USB_LP_CAN1_RX0_IRQHandler</STRONG> (Thumb, 0 bytes, Stack size 0 bytes, start_rvds.o(.text))
<BR>[Address Reference Count : 1]<UL><LI> start_rvds.o(RESET)
</UL>
<P><STRONG><a name="[17b3890]"></a>WWDG_IRQHandler</STRONG> (Thumb, 0 bytes, Stack size 0 bytes, start_rvds.o(.text))
<BR>[Address Reference Count : 1]<UL><LI> start_rvds.o(RESET)
</UL>
<P><STRONG><a name="[17b4c04]"></a>__user_initial_stackheap</STRONG> (Thumb, 0 bytes, Stack size unknown bytes, start_rvds.o(.text))
<BR><BR>[Called By]<UL><LI><a href="#[19681c8]">&gt;&gt;</a>&nbsp;&nbsp;&nbsp;__user_setup_stackheap
</UL>

<P><STRONG><a name="[17b53fc]"></a>rt_hw_interrupt_disable</STRONG> (Thumb, 8 bytes, Stack size 0 bytes, context_rvds.o(.text))
<BR><BR>[Called By]<UL><LI><a href="#[17377f4]">&gt;&gt;</a>&nbsp;&nbsp;&nbsp;rt_interrupt_leave
<LI><a href="#[1737830]">&gt;&gt;</a>&nbsp;&nbsp;&nbsp;rt_interrupt_enter
<LI><a href="#[1737e0c]">&gt;&gt;</a>&nbsp;&nbsp;&nbsp;rt_timer_start
<LI><a href="#[1737e84]">&gt;&gt;</a>&nbsp;&nbsp;&nbsp;rt_thread_suspend
<LI><a href="#[1737ec0]">&gt;&gt;</a>&nbsp;&nbsp;&nbsp;rt_thread_resume
<LI><a href="#[1737f38]">&gt;&gt;</a>&nbsp;&nbsp;&nbsp;rt_schedule
<LI><a href="#[1738028]">&gt;&gt;</a>&nbsp;&nbsp;&nbsp;rt_object_allocate
<LI><a href="#[1738118]">&gt;&gt;</a>&nbsp;&nbsp;&nbsp;rt_sem_take
<LI><a href="#[1738154]">&gt;&gt;</a>&nbsp;&nbsp;&nbsp;rt_sem_release
<LI><a href="#[173d1f4]">&gt;&gt;</a>&nbsp;&nbsp;&nbsp;rt_object_delete
<LI><a href="#[173d500]">&gt;&gt;</a>&nbsp;&nbsp;&nbsp;rt_thread_idle_entry
<LI><a href="#[173dbcc]">&gt;&gt;</a>&nbsp;&nbsp;&nbsp;rt_object_init
<LI><a href="#[173dc08]">&gt;&gt;</a>&nbsp;&nbsp;&nbsp;rt_object_detach
<LI><a href="#[173dc80]">&gt;&gt;</a>&nbsp;&nbsp;&nbsp;rt_exit_critical
<LI><a href="#[173dcbc]">&gt;&gt;</a>&nbsp;&nbsp;&nbsp;rt_enter_critical
<LI><a href="#[17b2b70]">&gt;&gt;</a>&nbsp;&nbsp;&nbsp;rt_timer_check
<LI><a href="#[17b2bac]">&gt;&gt;</a>&nbsp;&nbsp;&nbsp;rt_thread_yield
<LI><a href="#[17b5348]">&gt;&gt;</a>&nbsp;&nbsp;&nbsp;rt_mp_alloc
<LI><a href="#[17b54b0]">&gt;&gt;</a>&nbsp;&nbsp;&nbsp;rt_hw_serial_isr
<LI><a href="#[17b57f8]">&gt;&gt;</a>&nbsp;&nbsp;&nbsp;rt_serial_write
<LI><a href="#[17b5834]">&gt;&gt;</a>&nbsp;&nbsp;&nbsp;rt_serial_read
<LI><a href="#[17e1bec]">&gt;&gt;</a>&nbsp;&nbsp;&nbsp;rt_timer_detach
<LI><a href="#[17e1fe8]">&gt;&gt;</a>&nbsp;&nbsp;&nbsp;rt_thread_exit
<LI><a href="#[17e3f50]">&gt;&gt;</a>&nbsp;&nbsp;&nbsp;rt_schedule_remove_thread
<LI><a href="#[17e3f8c]">&gt;&gt;</a>&nbsp;&nbsp;&nbsp;rt_schedule_insert_thread
<LI><a href="#[17e4310]">&gt;&gt;</a>&nbsp;&nbsp;&nbsp;_rt_scheduler_stack_check
<LI><a href="#[18c1c7c]">&gt;&gt;</a>&nbsp;&nbsp;&nbsp;main
</UL>

<P><STRONG><a name="[17b53c0]"></a>rt_hw_interrupt_enable</STRONG> (Thumb, 6 bytes, Stack size 0 bytes, context_rvds.o(.text))
<BR><BR>[Called By]<UL><LI><a href="#[17377f4]">&gt;&gt;</a>&nbsp;&nbsp;&nbsp;rt_interrupt_leave
<LI><a href="#[1737830]">&gt;&gt;</a>&nbsp;&nbsp;&nbsp;rt_interrupt_enter
<LI><a href="#[1737e0c]">&gt;&gt;</a>&nbsp;&nbsp;&nbsp;rt_timer_start
<LI><a href="#[1737e84]">&gt;&gt;</a>&nbsp;&nbsp;&nbsp;rt_thread_suspend
<LI><a href="#[1737ec0]">&gt;&gt;</a>&nbsp;&nbsp;&nbsp;rt_thread_resume
<LI><a href="#[1737f38]">&gt;&gt;</a>&nbsp;&nbsp;&nbsp;rt_schedule
<LI><a href="#[1738028]">&gt;&gt;</a>&nbsp;&nbsp;&nbsp;rt_object_allocate
<LI><a href="#[1738118]">&gt;&gt;</a>&nbsp;&nbsp;&nbsp;rt_sem_take
<LI><a href="#[1738154]">&gt;&gt;</a>&nbsp;&nbsp;&nbsp;rt_sem_release
<LI><a href="#[173d1f4]">&gt;&gt;</a>&nbsp;&nbsp;&nbsp;rt_object_delete
<LI><a href="#[173d500]">&gt;&gt;</a>&nbsp;&nbsp;&nbsp;rt_thread_idle_entry
<LI><a href="#[173dbcc]">&gt;&gt;</a>&nbsp;&nbsp;&nbsp;rt_object_init
<LI><a href="#[173dc08]">&gt;&gt;</a>&nbsp;&nbsp;&nbsp;rt_object_detach
<LI><a href="#[173dc80]">&gt;&gt;</a>&nbsp;&nbsp;&nbsp;rt_exit_critical
<LI><a href="#[173dcbc]">&gt;&gt;</a>&nbsp;&nbsp;&nbsp;rt_enter_critical
<LI><a href="#[17b2b70]">&gt;&gt;</a>&nbsp;&nbsp;&nbsp;rt_timer_check
<LI><a href="#[17b2bac]">&gt;&gt;</a>&nbsp;&nbsp;&nbsp;rt_thread_yield
<LI><a href="#[17b5348]">&gt;&gt;</a>&nbsp;&nbsp;&nbsp;rt_mp_alloc
<LI><a href="#[17b54b0]">&gt;&gt;</a>&nbsp;&nbsp;&nbsp;rt_hw_serial_isr
<LI><a href="#[17b57f8]">&gt;&gt;</a>&nbsp;&nbsp;&nbsp;rt_serial_write
<LI><a href="#[17b5834]">&gt;&gt;</a>&nbsp;&nbsp;&nbsp;rt_serial_read
<LI><a href="#[17e1bec]">&gt;&gt;</a>&nbsp;&nbsp;&nbsp;rt_timer_detach
<LI><a href="#[17e1fe8]">&gt;&gt;</a>&nbsp;&nbsp;&nbsp;rt_thread_exit
<LI><a href="#[17e3f50]">&gt;&gt;</a>&nbsp;&nbsp;&nbsp;rt_schedule_remove_thread
<LI><a href="#[17e3f8c]">&gt;&gt;</a>&nbsp;&nbsp;&nbsp;rt_schedule_insert_thread
</UL>

<P><STRONG><a name="[17b3728]"></a>rt_hw_context_switch</STRONG> (Thumb, 32 bytes, Stack size 0 bytes, context_rvds.o(.text))
<BR><BR>[Called By]<UL><LI><a href="#[1737f38]">&gt;&gt;</a>&nbsp;&nbsp;&nbsp;rt_schedule
</UL>

<P><STRONG><a name="[17b36ec]"></a>rt_hw_context_switch_interrupt</STRONG> (Thumb, 0 bytes, Stack size 0 bytes, context_rvds.o(.text))
<BR><BR>[Called By]<UL><LI><a href="#[1737f38]">&gt;&gt;</a>&nbsp;&nbsp;&nbsp;rt_schedule
</UL>

<P><STRONG><a name="[17b4a9c]"></a>rt_hw_pend_sv</STRONG> (Thumb, 60 bytes, Stack size 0 bytes, context_rvds.o(.text))
<BR>[Address Reference Count : 1]<UL><LI> start_rvds.o(RESET)
</UL>
<P><STRONG><a name="[17b36b0]"></a>rt_hw_context_switch_to</STRONG> (Thumb, 38 bytes, Stack size 0 bytes, context_rvds.o(.text))
<BR><BR>[Called By]<UL><LI><a href="#[17e3e9c]">&gt;&gt;</a>&nbsp;&nbsp;&nbsp;rt_system_scheduler_start
</UL>

<P><STRONG><a name="[17b3674]"></a>rt_hw_interrupt_thread_switch</STRONG> (Thumb, 4 bytes, Stack size 0 bytes, context_rvds.o(.text), UNUSED)

<P><STRONG><a name="[17b4ad8]"></a>rt_hw_hard_fault</STRONG> (Thumb, 20 bytes, Stack size 0 bytes, fault_rvds.o(.text))
<BR><BR>[Stack]<UL><LI>Max Depth = 212<LI>Call Chain = rt_hw_hard_fault &rArr; rt_hw_hard_fault_exception &rArr; list_thread &rArr; rt_kprintf &rArr; vsnprintf &rArr; print_number
</UL>
<BR>[Calls]<UL><LI><a href="#[17b6c98]">&gt;&gt;</a>&nbsp;&nbsp;&nbsp;rt_hw_hard_fault_exception
</UL>
<BR>[Address Reference Count : 1]<UL><LI> start_rvds.o(RESET)
</UL>
<P><STRONG><a name="[18c03a4]"></a>__rt_ctype_table</STRONG> (Thumb, 16 bytes, Stack size 8 bytes, rt_ctype_table.o(.text))
<BR><BR>[Stack]<UL><LI>Max Depth = 8<LI>Call Chain = __rt_ctype_table
</UL>
<BR>[Calls]<UL><LI><a href="#[18bf15c]">&gt;&gt;</a>&nbsp;&nbsp;&nbsp;__rt_locale
</UL>
<BR>[Called By]<UL><LI><a href="#[18c848c]">&gt;&gt;</a>&nbsp;&nbsp;&nbsp;token_proc_number
<LI><a href="#[196a748]">&gt;&gt;</a>&nbsp;&nbsp;&nbsp;strtol
</UL>

<P><STRONG><a name="[18c023c]"></a>atoi</STRONG> (Thumb, 26 bytes, Stack size 16 bytes, atoi.o(.text))
<BR><BR>[Stack]<UL><LI>Max Depth = 88<LI>Call Chain = atoi &rArr; strtol &rArr; _strtoul
</UL>
<BR>[Calls]<UL><LI><a href="#[196a748]">&gt;&gt;</a>&nbsp;&nbsp;&nbsp;strtol
<LI><a href="#[196a8b0]">&gt;&gt;</a>&nbsp;&nbsp;&nbsp;__aeabi_errno_addr
</UL>
<BR>[Called By]<UL><LI><a href="#[18c8504]">&gt;&gt;</a>&nbsp;&nbsp;&nbsp;token_proc_char
</UL>

<P><STRONG><a name="[18c00d4]"></a>strncmp</STRONG> (Thumb, 140 bytes, Stack size 16 bytes, strncmp.o(.text))
<BR><BR>[Stack]<UL><LI>Max Depth = 16<LI>Call Chain = strncmp
</UL>
<BR>[Called By]<UL><LI><a href="#[17d91e0]">&gt;&gt;</a>&nbsp;&nbsp;&nbsp;finsh_var_lookup
<LI><a href="#[17d921c]">&gt;&gt;</a>&nbsp;&nbsp;&nbsp;finsh_sysvar_lookup
<LI><a href="#[17d9258]">&gt;&gt;</a>&nbsp;&nbsp;&nbsp;finsh_syscall_lookup
<LI><a href="#[18c992c]">&gt;&gt;</a>&nbsp;&nbsp;&nbsp;finsh_var_insert
</UL>

<P><STRONG><a name="[18bffe4]"></a>strlen</STRONG> (Thumb, 62 bytes, Stack size 8 bytes, strlen.o(.text))
<BR><BR>[Stack]<UL><LI>Max Depth = 8<LI>Call Chain = strlen
</UL>
<BR>[Called By]<UL><LI><a href="#[17d921c]">&gt;&gt;</a>&nbsp;&nbsp;&nbsp;finsh_sysvar_lookup
<LI><a href="#[17d9258]">&gt;&gt;</a>&nbsp;&nbsp;&nbsp;finsh_syscall_lookup
<LI><a href="#[17d9294]">&gt;&gt;</a>&nbsp;&nbsp;&nbsp;finsh_node_new_string
<LI><a href="#[17dd86c]">&gt;&gt;</a>&nbsp;&nbsp;&nbsp;list_prefix
<LI><a href="#[18c4b20]">&gt;&gt;</a>&nbsp;&nbsp;&nbsp;finsh_thread_entry
<LI><a href="#[18c4d00]">&gt;&gt;</a>&nbsp;&nbsp;&nbsp;finsh_handle_history
<LI><a href="#[18c848c]">&gt;&gt;</a>&nbsp;&nbsp;&nbsp;token_proc_number
<LI><a href="#[18c857c]">&gt;&gt;</a>&nbsp;&nbsp;&nbsp;token_next_char
</UL>

<P><STRONG><a name="[18bfef4]"></a>__aeabi_memcpy</STRONG> (Thumb, 0 bytes, Stack size 0 bytes, rt_memcpy_v6.o(.text))
<BR><BR>[Called By]<UL><LI><a href="#[18c4cc4]">&gt;&gt;</a>&nbsp;&nbsp;&nbsp;finsh_push_history
<LI><a href="#[18c4d00]">&gt;&gt;</a>&nbsp;&nbsp;&nbsp;finsh_handle_history
</UL>

<P><STRONG><a name="[18bfeb8]"></a>__rt_memcpy</STRONG> (Thumb, 140 bytes, Stack size 0 bytes, rt_memcpy_v6.o(.text), UNUSED)
<BR><BR>[Calls]<UL><LI><a href="#[18bfbe8]">&gt;&gt;</a>&nbsp;&nbsp;&nbsp;__aeabi_memcpy4
</UL>

<P><STRONG><a name="[18bfe7c]"></a>_memcpy_lastbytes</STRONG> (Thumb, 0 bytes, Stack size unknown bytes, rt_memcpy_v6.o(.text), UNUSED)

<P><STRONG><a name="[18bfd8c]"></a>__aeabi_memclr</STRONG> (Thumb, 0 bytes, Stack size 0 bytes, rt_memclr.o(.text))
<BR><BR>[Called By]<UL><LI><a href="#[17dadc4]">&gt;&gt;</a>&nbsp;&nbsp;&nbsp;finsh_heap_init
<LI><a href="#[17dc7c8]">&gt;&gt;</a>&nbsp;&nbsp;&nbsp;finsh_compiler_run
<LI><a href="#[18bf8a0]">&gt;&gt;</a>&nbsp;&nbsp;&nbsp;strncpy
<LI><a href="#[18c4cc4]">&gt;&gt;</a>&nbsp;&nbsp;&nbsp;finsh_push_history
</UL>

<P><STRONG><a name="[18bfd50]"></a>__rt_memclr</STRONG> (Thumb, 68 bytes, Stack size 0 bytes, rt_memclr.o(.text), UNUSED)
<BR><BR>[Calls]<UL><LI><a href="#[18bf990]">&gt;&gt;</a>&nbsp;&nbsp;&nbsp;_memset_w
</UL>

<P><STRONG><a name="[18bfd14]"></a>_memset</STRONG> (Thumb, 0 bytes, Stack size unknown bytes, rt_memclr.o(.text), UNUSED)

<P><STRONG><a name="[18bfbe8]"></a>__aeabi_memcpy4</STRONG> (Thumb, 0 bytes, Stack size 8 bytes, rt_memcpy_w.o(.text))
<BR><BR>[Stack]<UL><LI>Max Depth = 8<LI>Call Chain = __aeabi_memcpy4
</UL>
<BR>[Called By]<UL><LI><a href="#[17dd9d4]">&gt;&gt;</a>&nbsp;&nbsp;&nbsp;list_device
<LI><a href="#[18bfeb8]">&gt;&gt;</a>&nbsp;&nbsp;&nbsp;__rt_memcpy
</UL>

<P><STRONG><a name="[18bfbac]"></a>__aeabi_memcpy8</STRONG> (Thumb, 0 bytes, Stack size 8 bytes, rt_memcpy_w.o(.text), UNUSED)

<P><STRONG><a name="[18bfb70]"></a>__rt_memcpy_w</STRONG> (Thumb, 100 bytes, Stack size 8 bytes, rt_memcpy_w.o(.text), UNUSED)

<P><STRONG><a name="[18bfb34]"></a>_memcpy_lastbytes_aligned</STRONG> (Thumb, 0 bytes, Stack size unknown bytes, rt_memcpy_w.o(.text), UNUSED)

<P><STRONG><a name="[18bfa44]"></a>__aeabi_memclr4</STRONG> (Thumb, 0 bytes, Stack size 4 bytes, rt_memclr_w.o(.text))
<BR><BR>[Stack]<UL><LI>Max Depth = 4<LI>Call Chain = __aeabi_memclr4
</UL>
<BR>[Called By]<UL><LI><a href="#[17da248]">&gt;&gt;</a>&nbsp;&nbsp;&nbsp;finsh_var_init
<LI><a href="#[17da284]">&gt;&gt;</a>&nbsp;&nbsp;&nbsp;finsh_parser_init
<LI><a href="#[17da2c0]">&gt;&gt;</a>&nbsp;&nbsp;&nbsp;finsh_node_init
<LI><a href="#[17dae3c]">&gt;&gt;</a>&nbsp;&nbsp;&nbsp;finsh_heap_allocate
<LI><a href="#[18c4b20]">&gt;&gt;</a>&nbsp;&nbsp;&nbsp;finsh_thread_entry
<LI><a href="#[18c4b98]">&gt;&gt;</a>&nbsp;&nbsp;&nbsp;finsh_system_init
<LI><a href="#[18c99a4]">&gt;&gt;</a>&nbsp;&nbsp;&nbsp;finsh_token_init
</UL>

<P><STRONG><a name="[18bfa08]"></a>__aeabi_memclr8</STRONG> (Thumb, 0 bytes, Stack size 4 bytes, rt_memclr_w.o(.text), UNUSED)

<P><STRONG><a name="[18bf9cc]"></a>__rt_memclr_w</STRONG> (Thumb, 78 bytes, Stack size 4 bytes, rt_memclr_w.o(.text), UNUSED)

<P><STRONG><a name="[18bf990]"></a>_memset_w</STRONG> (Thumb, 0 bytes, Stack size unknown bytes, rt_memclr_w.o(.text), UNUSED)
<BR><BR>[Called By]<UL><LI><a href="#[18bfd50]">&gt;&gt;</a>&nbsp;&nbsp;&nbsp;__rt_memclr
</UL>

<P><STRONG><a name="[18bf8a0]"></a>strncpy</STRONG> (Thumb, 86 bytes, Stack size 8 bytes, strncpy.o(.text))
<BR><BR>[Stack]<UL><LI>Max Depth = 8<LI>Call Chain = strncpy
</UL>
<BR>[Calls]<UL><LI><a href="#[18bfd8c]">&gt;&gt;</a>&nbsp;&nbsp;&nbsp;__aeabi_memclr
</UL>
<BR>[Called By]<UL><LI><a href="#[17d9294]">&gt;&gt;</a>&nbsp;&nbsp;&nbsp;finsh_node_new_string
<LI><a href="#[18c992c]">&gt;&gt;</a>&nbsp;&nbsp;&nbsp;finsh_var_insert
<LI><a href="#[18c9e18]">&gt;&gt;</a>&nbsp;&nbsp;&nbsp;proc_identifier
</UL>

<P><STRONG><a name="[18bf7b0]"></a>__use_two_region_memory</STRONG> (Thumb, 2 bytes, Stack size 0 bytes, heapauxi.o(.text), UNUSED)

<P><STRONG><a name="[18bf774]"></a>__rt_heap_escrow$2region</STRONG> (Thumb, 2 bytes, Stack size 0 bytes, heapauxi.o(.text), UNUSED)

<P><STRONG><a name="[18bf738]"></a>__rt_heap_expand$2region</STRONG> (Thumb, 2 bytes, Stack size 0 bytes, heapauxi.o(.text), UNUSED)

<P><STRONG><a name="[18bf15c]"></a>__rt_locale</STRONG> (Thumb, 12 bytes, Stack size 0 bytes, rt_locale_intlibspace.o(.text))
<BR><BR>[Called By]<UL><LI><a href="#[18c03a4]">&gt;&gt;</a>&nbsp;&nbsp;&nbsp;__rt_ctype_table
<LI><a href="#[1968ee8]">&gt;&gt;</a>&nbsp;&nbsp;&nbsp;__rt_lib_init_lc_common
</UL>

<P><STRONG><a name="[196a8b0]"></a>__aeabi_errno_addr</STRONG> (Thumb, 12 bytes, Stack size 0 bytes, rt_errno_addr_intlibspace.o(.text))
<BR><BR>[Called By]<UL><LI><a href="#[18c023c]">&gt;&gt;</a>&nbsp;&nbsp;&nbsp;atoi
<LI><a href="#[1969b18]">&gt;&gt;</a>&nbsp;&nbsp;&nbsp;_strtoul
<LI><a href="#[196a748]">&gt;&gt;</a>&nbsp;&nbsp;&nbsp;strtol
</UL>

<P><STRONG><a name="[196a874]"></a>__errno$intlibspace</STRONG> (Thumb, 0 bytes, Stack size 0 bytes, rt_errno_addr_intlibspace.o(.text), UNUSED)

<P><STRONG><a name="[196a838]"></a>__rt_errno_addr$intlibspace</STRONG> (Thumb, 0 bytes, Stack size 0 bytes, rt_errno_addr_intlibspace.o(.text), UNUSED)

<P><STRONG><a name="[196a748]"></a>strtol</STRONG> (Thumb, 112 bytes, Stack size 32 bytes, strtol.o(.text))
<BR><BR>[Stack]<UL><LI>Max Depth = 72<LI>Call Chain = strtol &rArr; _strtoul
</UL>
<BR>[Calls]<UL><LI><a href="#[18c03a4]">&gt;&gt;</a>&nbsp;&nbsp;&nbsp;__rt_ctype_table
<LI><a href="#[1969b18]">&gt;&gt;</a>&nbsp;&nbsp;&nbsp;_strtoul
<LI><a href="#[196a8b0]">&gt;&gt;</a>&nbsp;&nbsp;&nbsp;__aeabi_errno_addr
</UL>
<BR>[Called By]<UL><LI><a href="#[18c023c]">&gt;&gt;</a>&nbsp;&nbsp;&nbsp;atoi
</UL>

<P><STRONG><a name="[196a2d4]"></a>__user_libspace</STRONG> (Thumb, 8 bytes, Stack size 0 bytes, libspace.o(.text), UNUSED)

<P><STRONG><a name="[196a298]"></a>__user_perproc_libspace</STRONG> (Thumb, 0 bytes, Stack size 0 bytes, libspace.o(.text))
<BR><BR>[Called By]<UL><LI><a href="#[19681c8]">&gt;&gt;</a>&nbsp;&nbsp;&nbsp;__user_setup_stackheap
</UL>

<P><STRONG><a name="[196a25c]"></a>__user_perthread_libspace</STRONG> (Thumb, 0 bytes, Stack size 0 bytes, libspace.o(.text), UNUSED)

<P><STRONG><a name="[1969b18]"></a>_strtoul</STRONG> (Thumb, 152 bytes, Stack size 40 bytes, _strtoul.o(.text))
<BR><BR>[Stack]<UL><LI>Max Depth = 40<LI>Call Chain = _strtoul
</UL>
<BR>[Calls]<UL><LI><a href="#[1968060]">&gt;&gt;</a>&nbsp;&nbsp;&nbsp;_chval
<LI><a href="#[196a8b0]">&gt;&gt;</a>&nbsp;&nbsp;&nbsp;__aeabi_errno_addr
</UL>
<BR>[Called By]<UL><LI><a href="#[196a748]">&gt;&gt;</a>&nbsp;&nbsp;&nbsp;strtol
</UL>

<P><STRONG><a name="[19681c8]"></a>__user_setup_stackheap</STRONG> (Thumb, 74 bytes, Stack size 8 bytes, sys_stackheap_outer.o(.text))
<BR><BR>[Stack]<UL><LI>Max Depth = 8 + Unknown Stack Size
<LI>Call Chain = __user_setup_stackheap
</UL>
<BR>[Calls]<UL><LI><a href="#[17b4c04]">&gt;&gt;</a>&nbsp;&nbsp;&nbsp;__user_initial_stackheap
<LI><a href="#[196a298]">&gt;&gt;</a>&nbsp;&nbsp;&nbsp;__user_perproc_libspace
</UL>
<BR>[Called By]<UL><LI><a href="#[1969c44]">&gt;&gt;</a>&nbsp;&nbsp;&nbsp;__rt_entry_sh
</UL>

<P><STRONG><a name="[1968060]"></a>_chval</STRONG> (Thumb, 32 bytes, Stack size 0 bytes, _chval.o(.text))
<BR><BR>[Called By]<UL><LI><a href="#[1969b18]">&gt;&gt;</a>&nbsp;&nbsp;&nbsp;_strtoul
</UL>

<P><STRONG><a name="[1967f70]"></a>exit</STRONG> (Thumb, 12 bytes, Stack size 0 bytes, exit.o(.text))
<BR><BR>[Calls]<UL><LI><a href="#[19674a8]">&gt;&gt;</a>&nbsp;&nbsp;&nbsp;__rt_exit
</UL>
<BR>[Called By]<UL><LI><a href="#[1969e60]">&gt;&gt;</a>&nbsp;&nbsp;&nbsp;__rt_entry_main
</UL>

<P><STRONG><a name="[1966710]"></a>_sys_exit</STRONG> (Thumb, 16 bytes, Stack size 0 bytes, sys_exit.o(.text))
<BR><BR>[Called By]<UL><LI><a href="#[1966c74]">&gt;&gt;</a>&nbsp;&nbsp;&nbsp;__rt_exit_exit
</UL>

<P><STRONG><a name="[1966620]"></a>__I$use$semihosting</STRONG> (Thumb, 0 bytes, Stack size 0 bytes, use_no_semi.o(.text))
<BR>[Address Reference Count : 1]<UL><LI> sys_exit.o(.text)
</UL>
<P><STRONG><a name="[19665e4]"></a>__use_no_semihosting_swi</STRONG> (Thumb, 2 bytes, Stack size 0 bytes, use_no_semi.o(.text), UNUSED)

<P><STRONG><a name="[18c3284]"></a>BusFault_Handler</STRONG> (Thumb, 4 bytes, Stack size 0 bytes, stm32f10x_it.o(i.BusFault_Handler))
<BR>[Address Reference Count : 1]<UL><LI> start_rvds.o(RESET)
</UL>
<P><STRONG><a name="[18c3248]"></a>DMA1_Channel2_IRQHandler</STRONG> (Thumb, 2 bytes, Stack size 0 bytes, stm32f10x_it.o(i.DMA1_Channel2_IRQHandler))
<BR>[Address Reference Count : 1]<UL><LI> start_rvds.o(RESET)
</UL>
<P><STRONG><a name="[bf04e0]"></a>DMA_Cmd</STRONG> (Thumb, 22 bytes, Stack size 0 bytes, stm32f10x_dma.o(i.DMA_Cmd))
<BR><BR>[Called By]<UL><LI><a href="#[17b58e8]">&gt;&gt;</a>&nbsp;&nbsp;&nbsp;rt_serial_enable_dma
</UL>

<P><STRONG><a name="[18c320c]"></a>DebugMon_Handler</STRONG> (Thumb, 2 bytes, Stack size 0 bytes, stm32f10x_it.o(i.DebugMon_Handler))
<BR>[Address Reference Count : 1]<UL><LI> start_rvds.o(RESET)
</UL>
<P><STRONG><a name="[c6affc]"></a>GPIO_Init</STRONG> (Thumb, 268 bytes, Stack size 20 bytes, stm32f10x_gpio.o(i.GPIO_Init))
<BR><BR>[Stack]<UL><LI>Max Depth = 20<LI>Call Chain = GPIO_Init
</UL>
<BR>[Called By]<UL><LI><a href="#[18c0908]">&gt;&gt;</a>&nbsp;&nbsp;&nbsp;GPIO_Configuration
<LI><a href="#[18c11f0]">&gt;&gt;</a>&nbsp;&nbsp;&nbsp;rt_hw_led_init
</UL>

<P><STRONG><a name="[c6ae58]"></a>GPIO_ResetBits</STRONG> (Thumb, 4 bytes, Stack size 0 bytes, stm32f10x_gpio.o(i.GPIO_ResetBits))
<BR><BR>[Called By]<UL><LI><a href="#[18c11b4]">&gt;&gt;</a>&nbsp;&nbsp;&nbsp;rt_hw_led_off
</UL>

<P><STRONG><a name="[c6ae1c]"></a>GPIO_SetBits</STRONG> (Thumb, 4 bytes, Stack size 0 bytes, stm32f10x_gpio.o(i.GPIO_SetBits))
<BR><BR>[Called By]<UL><LI><a href="#[18c1178]">&gt;&gt;</a>&nbsp;&nbsp;&nbsp;rt_hw_led_on
</UL>

<P><STRONG><a name="[18c3194]"></a>MemManage_Handler</STRONG> (Thumb, 4 bytes, Stack size 0 bytes, stm32f10x_it.o(i.MemManage_Handler))
<BR>[Address Reference Count : 1]<UL><LI> start_rvds.o(RESET)
</UL>
<P><STRONG><a name="[18c3158]"></a>NMI_Handler</STRONG> (Thumb, 2 bytes, Stack size 0 bytes, stm32f10x_it.o(i.NMI_Handler))
<BR>[Address Reference Count : 1]<UL><LI> start_rvds.o(RESET)
</UL>
<P><STRONG><a name="[18c2618]"></a>NVIC_Configuration</STRONG> (Thumb, 22 bytes, Stack size 8 bytes, board.o(i.NVIC_Configuration))
<BR><BR>[Stack]<UL><LI>Max Depth = 8<LI>Call Chain = NVIC_Configuration
</UL>
<BR>[Calls]<UL><LI><a href="#[bfd320]">&gt;&gt;</a>&nbsp;&nbsp;&nbsp;NVIC_SetVectorTable
<LI><a href="#[bfd35c]">&gt;&gt;</a>&nbsp;&nbsp;&nbsp;NVIC_PriorityGroupConfig
</UL>
<BR>[Called By]<UL><LI><a href="#[18c25a0]">&gt;&gt;</a>&nbsp;&nbsp;&nbsp;rt_hw_board_init
</UL>

<P><STRONG><a name="[bfd398]"></a>NVIC_Init</STRONG> (Thumb, 102 bytes, Stack size 16 bytes, misc.o(i.NVIC_Init))
<BR><BR>[Stack]<UL><LI>Max Depth = 16<LI>Call Chain = NVIC_Init
</UL>
<BR>[Called By]<UL><LI><a href="#[18c08cc]">&gt;&gt;</a>&nbsp;&nbsp;&nbsp;NVIC_Configuration
</UL>

<P><STRONG><a name="[bfd35c]"></a>NVIC_PriorityGroupConfig</STRONG> (Thumb, 10 bytes, Stack size 0 bytes, misc.o(i.NVIC_PriorityGroupConfig))
<BR><BR>[Called By]<UL><LI><a href="#[18c2618]">&gt;&gt;</a>&nbsp;&nbsp;&nbsp;NVIC_Configuration
</UL>

<P><STRONG><a name="[bfd320]"></a>NVIC_SetVectorTable</STRONG> (Thumb, 12 bytes, Stack size 0 bytes, misc.o(i.NVIC_SetVectorTable))
<BR><BR>[Called By]<UL><LI><a href="#[18c2618]">&gt;&gt;</a>&nbsp;&nbsp;&nbsp;NVIC_Configuration
</UL>

<P><STRONG><a name="[18cc488]"></a>OP_add_byte</STRONG> (Thumb, 42 bytes, Stack size 0 bytes, finsh_ops.o(i.OP_add_byte))
<BR>[Address Reference Count : 1]<UL><LI> finsh_ops.o(.constdata)
</UL>
<P><STRONG><a name="[18cc44c]"></a>OP_add_dword</STRONG> (Thumb, 42 bytes, Stack size 0 bytes, finsh_ops.o(i.OP_add_dword))
<BR>[Address Reference Count : 1]<UL><LI> finsh_ops.o(.constdata)
</UL>
<P><STRONG><a name="[18cc410]"></a>OP_add_word</STRONG> (Thumb, 44 bytes, Stack size 0 bytes, finsh_ops.o(i.OP_add_word))
<BR>[Address Reference Count : 1]<UL><LI> finsh_ops.o(.constdata)
</UL>
<P><STRONG><a name="[18cc3d4]"></a>OP_and_byte</STRONG> (Thumb, 42 bytes, Stack size 0 bytes, finsh_ops.o(i.OP_and_byte))
<BR>[Address Reference Count : 1]<UL><LI> finsh_ops.o(.constdata)
</UL>
<P><STRONG><a name="[18cc398]"></a>OP_and_dword</STRONG> (Thumb, 42 bytes, Stack size 0 bytes, finsh_ops.o(i.OP_and_dword))
<BR>[Address Reference Count : 1]<UL><LI> finsh_ops.o(.constdata)
</UL>
<P><STRONG><a name="[18cc35c]"></a>OP_and_word</STRONG> (Thumb, 42 bytes, Stack size 0 bytes, finsh_ops.o(i.OP_and_word))
<BR>[Address Reference Count : 1]<UL><LI> finsh_ops.o(.constdata)
</UL>
<P><STRONG><a name="[18cc320]"></a>OP_bw_byte</STRONG> (Thumb, 20 bytes, Stack size 0 bytes, finsh_ops.o(i.OP_bw_byte))
<BR>[Address Reference Count : 1]<UL><LI> finsh_ops.o(.constdata)
</UL>
<P><STRONG><a name="[18cc2e4]"></a>OP_bw_dword</STRONG> (Thumb, 20 bytes, Stack size 0 bytes, finsh_ops.o(i.OP_bw_dword))
<BR>[Address Reference Count : 1]<UL><LI> finsh_ops.o(.constdata)
</UL>
<P><STRONG><a name="[18cc2a8]"></a>OP_bw_word</STRONG> (Thumb, 20 bytes, Stack size 0 bytes, finsh_ops.o(i.OP_bw_word))
<BR>[Address Reference Count : 1]<UL><LI> finsh_ops.o(.constdata)
</UL>
<P><STRONG><a name="[18cc26c]"></a>OP_call</STRONG> (Thumb, 470 bytes, Stack size 136 bytes, finsh_ops.o(i.OP_call))
<BR><BR>[Stack]<UL><LI>Max Depth = 136<LI>Call Chain = OP_call
</UL>
<BR>[Address Reference Count : 1]<UL><LI> finsh_ops.o(.constdata)
</UL>
<P><STRONG><a name="[18cc230]"></a>OP_div_byte</STRONG> (Thumb, 44 bytes, Stack size 0 bytes, finsh_ops.o(i.OP_div_byte))
<BR>[Address Reference Count : 1]<UL><LI> finsh_ops.o(.constdata)
</UL>
<P><STRONG><a name="[18cc1f4]"></a>OP_div_dword</STRONG> (Thumb, 44 bytes, Stack size 0 bytes, finsh_ops.o(i.OP_div_dword))
<BR>[Address Reference Count : 1]<UL><LI> finsh_ops.o(.constdata)
</UL>
<P><STRONG><a name="[18cc1b8]"></a>OP_div_word</STRONG> (Thumb, 46 bytes, Stack size 0 bytes, finsh_ops.o(i.OP_div_word))
<BR>[Address Reference Count : 1]<UL><LI> finsh_ops.o(.constdata)
</UL>
<P><STRONG><a name="[18cc17c]"></a>OP_ld_byte</STRONG> (Thumb, 34 bytes, Stack size 0 bytes, finsh_ops.o(i.OP_ld_byte))
<BR>[Address Reference Count : 1]<UL><LI> finsh_ops.o(.constdata)
</UL>
<P><STRONG><a name="[18cc140]"></a>OP_ld_dword</STRONG> (Thumb, 64 bytes, Stack size 0 bytes, finsh_ops.o(i.OP_ld_dword))
<BR>[Address Reference Count : 1]<UL><LI> finsh_ops.o(.constdata)
</UL>
<P><STRONG><a name="[18cc104]"></a>OP_ld_value_byte</STRONG> (Thumb, 66 bytes, Stack size 0 bytes, finsh_ops.o(i.OP_ld_value_byte))
<BR>[Address Reference Count : 1]<UL><LI> finsh_ops.o(.constdata)
</UL>
<P><STRONG><a name="[18cc0c8]"></a>OP_ld_value_byte_stack</STRONG> (Thumb, 20 bytes, Stack size 0 bytes, finsh_ops.o(i.OP_ld_value_byte_stack))
<BR>[Address Reference Count : 1]<UL><LI> finsh_ops.o(.constdata)
</UL>
<P><STRONG><a name="[18cc08c]"></a>OP_ld_value_dword</STRONG> (Thumb, 66 bytes, Stack size 0 bytes, finsh_ops.o(i.OP_ld_value_dword))
<BR>[Address Reference Count : 1]<UL><LI> finsh_ops.o(.constdata)
</UL>
<P><STRONG><a name="[18cc050]"></a>OP_ld_value_dword_stack</STRONG> (Thumb, 20 bytes, Stack size 0 bytes, finsh_ops.o(i.OP_ld_value_dword_stack))
<BR>[Address Reference Count : 1]<UL><LI> finsh_ops.o(.constdata)
</UL>
<P><STRONG><a name="[18cc014]"></a>OP_ld_value_word</STRONG> (Thumb, 66 bytes, Stack size 0 bytes, finsh_ops.o(i.OP_ld_value_word))
<BR>[Address Reference Count : 1]<UL><LI> finsh_ops.o(.constdata)
</UL>
<P><STRONG><a name="[18cbfd8]"></a>OP_ld_value_word_stack</STRONG> (Thumb, 20 bytes, Stack size 0 bytes, finsh_ops.o(i.OP_ld_value_word_stack))
<BR>[Address Reference Count : 1]<UL><LI> finsh_ops.o(.constdata)
</UL>
<P><STRONG><a name="[18cbf9c]"></a>OP_ld_word</STRONG> (Thumb, 46 bytes, Stack size 0 bytes, finsh_ops.o(i.OP_ld_word))
<BR>[Address Reference Count : 1]<UL><LI> finsh_ops.o(.constdata)
</UL>
<P><STRONG><a name="[18cbf60]"></a>OP_mod_byte</STRONG> (Thumb, 48 bytes, Stack size 0 bytes, finsh_ops.o(i.OP_mod_byte))
<BR>[Address Reference Count : 1]<UL><LI> finsh_ops.o(.constdata)
</UL>
<P><STRONG><a name="[18cbf24]"></a>OP_mod_dword</STRONG> (Thumb, 48 bytes, Stack size 0 bytes, finsh_ops.o(i.OP_mod_dword))
<BR>[Address Reference Count : 1]<UL><LI> finsh_ops.o(.constdata)
</UL>
<P><STRONG><a name="[18cbee8]"></a>OP_mod_word</STRONG> (Thumb, 50 bytes, Stack size 0 bytes, finsh_ops.o(i.OP_mod_word))
<BR>[Address Reference Count : 1]<UL><LI> finsh_ops.o(.constdata)
</UL>
<P><STRONG><a name="[18cbeac]"></a>OP_mul_byte</STRONG> (Thumb, 42 bytes, Stack size 0 bytes, finsh_ops.o(i.OP_mul_byte))
<BR>[Address Reference Count : 1]<UL><LI> finsh_ops.o(.constdata)
</UL>
<P><STRONG><a name="[18cbe70]"></a>OP_mul_dword</STRONG> (Thumb, 42 bytes, Stack size 0 bytes, finsh_ops.o(i.OP_mul_dword))
<BR>[Address Reference Count : 1]<UL><LI> finsh_ops.o(.constdata)
</UL>
<P><STRONG><a name="[18cbe34]"></a>OP_mul_word</STRONG> (Thumb, 44 bytes, Stack size 0 bytes, finsh_ops.o(i.OP_mul_word))
<BR>[Address Reference Count : 1]<UL><LI> finsh_ops.o(.constdata)
</UL>
<P><STRONG><a name="[18cbdf8]"></a>OP_no_op</STRONG> (Thumb, 2 bytes, Stack size 0 bytes, finsh_ops.o(i.OP_no_op))
<BR>[Address Reference Count : 1]<UL><LI> finsh_ops.o(.constdata)
</UL>
<P><STRONG><a name="[18cbdbc]"></a>OP_or_byte</STRONG> (Thumb, 42 bytes, Stack size 0 bytes, finsh_ops.o(i.OP_or_byte))
<BR>[Address Reference Count : 1]<UL><LI> finsh_ops.o(.constdata)
</UL>
<P><STRONG><a name="[18cbd80]"></a>OP_or_dword</STRONG> (Thumb, 42 bytes, Stack size 0 bytes, finsh_ops.o(i.OP_or_dword))
<BR>[Address Reference Count : 1]<UL><LI> finsh_ops.o(.constdata)
</UL>
<P><STRONG><a name="[18cbd44]"></a>OP_or_word</STRONG> (Thumb, 42 bytes, Stack size 0 bytes, finsh_ops.o(i.OP_or_word))
<BR>[Address Reference Count : 1]<UL><LI> finsh_ops.o(.constdata)
</UL>
<P><STRONG><a name="[18cbd08]"></a>OP_pop</STRONG> (Thumb, 12 bytes, Stack size 0 bytes, finsh_ops.o(i.OP_pop))
<BR>[Address Reference Count : 1]<UL><LI> finsh_ops.o(.constdata)
</UL>
<P><STRONG><a name="[18cbccc]"></a>OP_shl_byte</STRONG> (Thumb, 42 bytes, Stack size 0 bytes, finsh_ops.o(i.OP_shl_byte))
<BR>[Address Reference Count : 1]<UL><LI> finsh_ops.o(.constdata)
</UL>
<P><STRONG><a name="[18cbc90]"></a>OP_shl_dword</STRONG> (Thumb, 42 bytes, Stack size 0 bytes, finsh_ops.o(i.OP_shl_dword))
<BR>[Address Reference Count : 1]<UL><LI> finsh_ops.o(.constdata)
</UL>
<P><STRONG><a name="[18cbc54]"></a>OP_shl_word</STRONG> (Thumb, 44 bytes, Stack size 0 bytes, finsh_ops.o(i.OP_shl_word))
<BR>[Address Reference Count : 1]<UL><LI> finsh_ops.o(.constdata)
</UL>
<P><STRONG><a name="[18cbc18]"></a>OP_shr_byte</STRONG> (Thumb, 42 bytes, Stack size 0 bytes, finsh_ops.o(i.OP_shr_byte))
<BR>[Address Reference Count : 1]<UL><LI> finsh_ops.o(.constdata)
</UL>
<P><STRONG><a name="[18cbbdc]"></a>OP_shr_dword</STRONG> (Thumb, 42 bytes, Stack size 0 bytes, finsh_ops.o(i.OP_shr_dword))
<BR>[Address Reference Count : 1]<UL><LI> finsh_ops.o(.constdata)
</UL>
<P><STRONG><a name="[18cbba0]"></a>OP_shr_word</STRONG> (Thumb, 44 bytes, Stack size 0 bytes, finsh_ops.o(i.OP_shr_word))
<BR>[Address Reference Count : 1]<UL><LI> finsh_ops.o(.constdata)
</UL>
<P><STRONG><a name="[18cbb64]"></a>OP_st_byte</STRONG> (Thumb, 30 bytes, Stack size 0 bytes, finsh_ops.o(i.OP_st_byte))
<BR>[Address Reference Count : 1]<UL><LI> finsh_ops.o(.constdata)
</UL>
<P><STRONG><a name="[18cbb28]"></a>OP_st_dword</STRONG> (Thumb, 30 bytes, Stack size 0 bytes, finsh_ops.o(i.OP_st_dword))
<BR>[Address Reference Count : 1]<UL><LI> finsh_ops.o(.constdata)
</UL>
<P><STRONG><a name="[18cbaec]"></a>OP_st_word</STRONG> (Thumb, 30 bytes, Stack size 0 bytes, finsh_ops.o(i.OP_st_word))
<BR>[Address Reference Count : 1]<UL><LI> finsh_ops.o(.constdata)
</UL>
<P><STRONG><a name="[18cbab0]"></a>OP_sub_byte</STRONG> (Thumb, 42 bytes, Stack size 0 bytes, finsh_ops.o(i.OP_sub_byte))
<BR>[Address Reference Count : 1]<UL><LI> finsh_ops.o(.constdata)
</UL>
<P><STRONG><a name="[18cba74]"></a>OP_sub_dword</STRONG> (Thumb, 42 bytes, Stack size 0 bytes, finsh_ops.o(i.OP_sub_dword))
<BR>[Address Reference Count : 1]<UL><LI> finsh_ops.o(.constdata)
</UL>
<P><STRONG><a name="[18cba38]"></a>OP_sub_word</STRONG> (Thumb, 44 bytes, Stack size 0 bytes, finsh_ops.o(i.OP_sub_word))
<BR>[Address Reference Count : 1]<UL><LI> finsh_ops.o(.constdata)
</UL>
<P><STRONG><a name="[18cb9fc]"></a>OP_xor_byte</STRONG> (Thumb, 42 bytes, Stack size 0 bytes, finsh_ops.o(i.OP_xor_byte))
<BR>[Address Reference Count : 1]<UL><LI> finsh_ops.o(.constdata)
</UL>
<P><STRONG><a name="[18cb9c0]"></a>OP_xor_dword</STRONG> (Thumb, 42 bytes, Stack size 0 bytes, finsh_ops.o(i.OP_xor_dword))
<BR>[Address Reference Count : 1]<UL><LI> finsh_ops.o(.constdata)
</UL>
<P><STRONG><a name="[18cb984]"></a>OP_xor_word</STRONG> (Thumb, 42 bytes, Stack size 0 bytes, finsh_ops.o(i.OP_xor_word))
<BR>[Address Reference Count : 1]<UL><LI> finsh_ops.o(.constdata)
</UL>
<P><STRONG><a name="[16d7230]"></a>RCC_APB2PeriphClockCmd</STRONG> (Thumb, 26 bytes, Stack size 0 bytes, stm32f10x_rcc.o(i.RCC_APB2PeriphClockCmd))
<BR><BR>[Called By]<UL><LI><a href="#[18c0890]">&gt;&gt;</a>&nbsp;&nbsp;&nbsp;RCC_Configuration
<LI><a href="#[18c11f0]">&gt;&gt;</a>&nbsp;&nbsp;&nbsp;rt_hw_led_init
</UL>

<P><STRONG><a name="[c675dc]"></a>RCC_GetClocksFreq</STRONG> (Thumb, 194 bytes, Stack size 12 bytes, stm32f10x_rcc.o(i.RCC_GetClocksFreq))
<BR><BR>[Stack]<UL><LI>Max Depth = 12<LI>Call Chain = RCC_GetClocksFreq
</UL>
<BR>[Called By]<UL><LI><a href="#[17b9ce0]">&gt;&gt;</a>&nbsp;&nbsp;&nbsp;USART_Init
<LI><a href="#[18c25dc]">&gt;&gt;</a>&nbsp;&nbsp;&nbsp;SysTick_Configuration
</UL>

<P><STRONG><a name="[18c311c]"></a>SVC_Handler</STRONG> (Thumb, 2 bytes, Stack size 0 bytes, stm32f10x_it.o(i.SVC_Handler))
<BR>[Address Reference Count : 1]<UL><LI> start_rvds.o(RESET)
</UL>
<P><STRONG><a name="[bfd2a8]"></a>SysTick_CLKSourceConfig</STRONG> (Thumb, 40 bytes, Stack size 0 bytes, misc.o(i.SysTick_CLKSourceConfig))
<BR><BR>[Called By]<UL><LI><a href="#[18c25dc]">&gt;&gt;</a>&nbsp;&nbsp;&nbsp;SysTick_Configuration
</UL>

<P><STRONG><a name="[18c25dc]"></a>SysTick_Configuration</STRONG> (Thumb, 96 bytes, Stack size 32 bytes, board.o(i.SysTick_Configuration))
<BR><BR>[Stack]<UL><LI>Max Depth = 44<LI>Call Chain = SysTick_Configuration &rArr; RCC_GetClocksFreq
</UL>
<BR>[Calls]<UL><LI><a href="#[bfd2a8]">&gt;&gt;</a>&nbsp;&nbsp;&nbsp;SysTick_CLKSourceConfig
<LI><a href="#[c675dc]">&gt;&gt;</a>&nbsp;&nbsp;&nbsp;RCC_GetClocksFreq
</UL>
<BR>[Called By]<UL><LI><a href="#[18c25a0]">&gt;&gt;</a>&nbsp;&nbsp;&nbsp;rt_hw_board_init
</UL>

<P><STRONG><a name="[17b79f4]"></a>SystemInit</STRONG> (Thumb, 70 bytes, Stack size 8 bytes, system_stm32f10x.o(i.SystemInit))
<BR><BR>[Stack]<UL><LI>Max Depth = 16<LI>Call Chain = SystemInit &rArr; SetSysClock
</UL>
<BR>[Calls]<UL><LI><a href="#[17b7d00]">&gt;&gt;</a>&nbsp;&nbsp;&nbsp;SetSysClock
</UL>
<BR>[Called By]<UL><LI><a href="#[18c1c7c]">&gt;&gt;</a>&nbsp;&nbsp;&nbsp;main
</UL>

<P><STRONG><a name="[18c30e0]"></a>USART1_IRQHandler</STRONG> (Thumb, 18 bytes, Stack size 8 bytes, stm32f10x_it.o(i.USART1_IRQHandler))
<BR><BR>[Stack]<UL><LI>Max Depth = 204<LI>Call Chain = USART1_IRQHandler &rArr; rt_hw_serial_isr &rArr; rt_kprintf &rArr; vsnprintf &rArr; print_number
</UL>
<BR>[Calls]<UL><LI><a href="#[17377f4]">&gt;&gt;</a>&nbsp;&nbsp;&nbsp;rt_interrupt_leave
<LI><a href="#[1737830]">&gt;&gt;</a>&nbsp;&nbsp;&nbsp;rt_interrupt_enter
<LI><a href="#[17b54b0]">&gt;&gt;</a>&nbsp;&nbsp;&nbsp;rt_hw_serial_isr
</UL>
<BR>[Address Reference Count : 1]<UL><LI> start_rvds.o(RESET)
</UL>
<P><STRONG><a name="[18c30a4]"></a>USART2_IRQHandler</STRONG> (Thumb, 2 bytes, Stack size 0 bytes, stm32f10x_it.o(i.USART2_IRQHandler))
<BR>[Address Reference Count : 1]<UL><LI> start_rvds.o(RESET)
</UL>
<P><STRONG><a name="[18c3068]"></a>USART3_IRQHandler</STRONG> (Thumb, 2 bytes, Stack size 0 bytes, stm32f10x_it.o(i.USART3_IRQHandler))
<BR>[Address Reference Count : 1]<UL><LI> start_rvds.o(RESET)
</UL>
<P><STRONG><a name="[17b9f38]"></a>USART_ClearITPendingBit</STRONG> (Thumb, 30 bytes, Stack size 8 bytes, stm32f10x_usart.o(i.USART_ClearITPendingBit))
<BR><BR>[Stack]<UL><LI>Max Depth = 8<LI>Call Chain = USART_ClearITPendingBit
</UL>
<BR>[Called By]<UL><LI><a href="#[17b54b0]">&gt;&gt;</a>&nbsp;&nbsp;&nbsp;rt_hw_serial_isr
</UL>

<P><STRONG><a name="[17b9efc]"></a>USART_ClockInit</STRONG> (Thumb, 32 bytes, Stack size 8 bytes, stm32f10x_usart.o(i.USART_ClockInit))
<BR><BR>[Stack]<UL><LI>Max Depth = 8<LI>Call Chain = USART_ClockInit
</UL>
<BR>[Called By]<UL><LI><a href="#[18c2564]">&gt;&gt;</a>&nbsp;&nbsp;&nbsp;rt_hw_usart_init
</UL>

<P><STRONG><a name="[17b9e84]"></a>USART_Cmd</STRONG> (Thumb, 24 bytes, Stack size 0 bytes, stm32f10x_usart.o(i.USART_Cmd))
<BR><BR>[Called By]<UL><LI><a href="#[17b58ac]">&gt;&gt;</a>&nbsp;&nbsp;&nbsp;rt_serial_init
<LI><a href="#[17b5924]">&gt;&gt;</a>&nbsp;&nbsp;&nbsp;rt_serial_control
</UL>

<P><STRONG><a name="[17b9d94]"></a>USART_GetITStatus</STRONG> (Thumb, 84 bytes, Stack size 16 bytes, stm32f10x_usart.o(i.USART_GetITStatus))
<BR><BR>[Stack]<UL><LI>Max Depth = 16<LI>Call Chain = USART_GetITStatus
</UL>
<BR>[Called By]<UL><LI><a href="#[17b54b0]">&gt;&gt;</a>&nbsp;&nbsp;&nbsp;rt_hw_serial_isr
</UL>

<P><STRONG><a name="[17b9d1c]"></a>USART_ITConfig</STRONG> (Thumb, 72 bytes, Stack size 20 bytes, stm32f10x_usart.o(i.USART_ITConfig))
<BR><BR>[Stack]<UL><LI>Max Depth = 20<LI>Call Chain = USART_ITConfig
</UL>
<BR>[Called By]<UL><LI><a href="#[18c2564]">&gt;&gt;</a>&nbsp;&nbsp;&nbsp;rt_hw_usart_init
</UL>

<P><STRONG><a name="[17b9ce0]"></a>USART_Init</STRONG> (Thumb, 210 bytes, Stack size 56 bytes, stm32f10x_usart.o(i.USART_Init))
<BR><BR>[Stack]<UL><LI>Max Depth = 68<LI>Call Chain = USART_Init &rArr; RCC_GetClocksFreq
</UL>
<BR>[Calls]<UL><LI><a href="#[c675dc]">&gt;&gt;</a>&nbsp;&nbsp;&nbsp;RCC_GetClocksFreq
</UL>
<BR>[Called By]<UL><LI><a href="#[18c2564]">&gt;&gt;</a>&nbsp;&nbsp;&nbsp;rt_hw_usart_init
</UL>

<P><STRONG><a name="[18c302c]"></a>UsageFault_Handler</STRONG> (Thumb, 4 bytes, Stack size 0 bytes, stm32f10x_it.o(i.UsageFault_Handler))
<BR>[Address Reference Count : 1]<UL><LI> start_rvds.o(RESET)
</UL>
<P><STRONG><a name="[18c4db4]"></a>finsh_auto_complete</STRONG> (Thumb, 26 bytes, Stack size 8 bytes, shell.o(i.finsh_auto_complete))
<BR><BR>[Stack]<UL><LI>Max Depth = 212<LI>Call Chain = finsh_auto_complete &rArr; list_prefix &rArr; rt_kprintf &rArr; vsnprintf &rArr; print_number
</UL>
<BR>[Calls]<UL><LI><a href="#[17b7058]">&gt;&gt;</a>&nbsp;&nbsp;&nbsp;rt_kprintf
<LI><a href="#[17dd86c]">&gt;&gt;</a>&nbsp;&nbsp;&nbsp;list_prefix
</UL>
<BR>[Called By]<UL><LI><a href="#[18c4b20]">&gt;&gt;</a>&nbsp;&nbsp;&nbsp;finsh_thread_entry
</UL>

<P><STRONG><a name="[17dc7c8]"></a>finsh_compiler_run</STRONG> (Thumb, 90 bytes, Stack size 16 bytes, finsh_compiler.o(i.finsh_compiler_run))
<BR><BR>[Stack]<UL><LI>Max Depth = 32<LI>Call Chain = finsh_compiler_run &rArr; finsh_type_check &rArr;  finsh_type_check (Cycle)
</UL>
<BR>[Calls]<UL><LI><a href="#[17dcffc]">&gt;&gt;</a>&nbsp;&nbsp;&nbsp;finsh_type_check
<LI><a href="#[17dd038]">&gt;&gt;</a>&nbsp;&nbsp;&nbsp;finsh_compile
<LI><a href="#[18bfd8c]">&gt;&gt;</a>&nbsp;&nbsp;&nbsp;__aeabi_memclr
</UL>
<BR>[Called By]<UL><LI><a href="#[18c4c88]">&gt;&gt;</a>&nbsp;&nbsp;&nbsp;finsh_run_line
</UL>

<P><STRONG><a name="[17dbdb4]"></a>finsh_errno</STRONG> (Thumb, 6 bytes, Stack size 0 bytes, finsh_error.o(i.finsh_errno))
<BR><BR>[Called By]<UL><LI><a href="#[18c4c88]">&gt;&gt;</a>&nbsp;&nbsp;&nbsp;finsh_run_line
</UL>

<P><STRONG><a name="[17dbd78]"></a>finsh_error_init</STRONG> (Thumb, 8 bytes, Stack size 0 bytes, finsh_error.o(i.finsh_error_init))
<BR><BR>[Called By]<UL><LI><a href="#[17da374]">&gt;&gt;</a>&nbsp;&nbsp;&nbsp;finsh_init
<LI><a href="#[17da3b0]">&gt;&gt;</a>&nbsp;&nbsp;&nbsp;finsh_flush
</UL>

<P><STRONG><a name="[17dc750]"></a>finsh_error_set</STRONG> (Thumb, 10 bytes, Stack size 0 bytes, finsh_error.o(i.finsh_error_set))
<BR><BR>[Called By]<UL><LI><a href="#[17d9294]">&gt;&gt;</a>&nbsp;&nbsp;&nbsp;finsh_node_new_string
<LI><a href="#[17d92d0]">&gt;&gt;</a>&nbsp;&nbsp;&nbsp;finsh_node_new_ptr
<LI><a href="#[17d930c]">&gt;&gt;</a>&nbsp;&nbsp;&nbsp;finsh_node_new_long
<LI><a href="#[17d9348]">&gt;&gt;</a>&nbsp;&nbsp;&nbsp;finsh_node_new_int
<LI><a href="#[17d9384]">&gt;&gt;</a>&nbsp;&nbsp;&nbsp;finsh_node_new_id
<LI><a href="#[17d93c0]">&gt;&gt;</a>&nbsp;&nbsp;&nbsp;finsh_node_new_char
<LI><a href="#[17dcffc]">&gt;&gt;</a>&nbsp;&nbsp;&nbsp;finsh_type_check
<LI><a href="#[17dd038]">&gt;&gt;</a>&nbsp;&nbsp;&nbsp;finsh_compile
<LI><a href="#[18c8414]">&gt;&gt;</a>&nbsp;&nbsp;&nbsp;token_run
<LI><a href="#[18c8450]">&gt;&gt;</a>&nbsp;&nbsp;&nbsp;token_proc_string
<LI><a href="#[18c8504]">&gt;&gt;</a>&nbsp;&nbsp;&nbsp;token_proc_char
<LI><a href="#[18c9bfc]">&gt;&gt;</a>&nbsp;&nbsp;&nbsp;proc_variable_decl
<LI><a href="#[18c9c74]">&gt;&gt;</a>&nbsp;&nbsp;&nbsp;proc_type
<LI><a href="#[18c9cb0]">&gt;&gt;</a>&nbsp;&nbsp;&nbsp;proc_shift_expr
<LI><a href="#[18c9cec]">&gt;&gt;</a>&nbsp;&nbsp;&nbsp;proc_primary_expr
<LI><a href="#[18c9d28]">&gt;&gt;</a>&nbsp;&nbsp;&nbsp;proc_postfix_expr
<LI><a href="#[18c9d64]">&gt;&gt;</a>&nbsp;&nbsp;&nbsp;proc_param_list
<LI><a href="#[18c9da0]">&gt;&gt;</a>&nbsp;&nbsp;&nbsp;proc_multiplicative_expr
<LI><a href="#[18c9ddc]">&gt;&gt;</a>&nbsp;&nbsp;&nbsp;proc_inclusive_or_expr
<LI><a href="#[18c9e18]">&gt;&gt;</a>&nbsp;&nbsp;&nbsp;proc_identifier
<LI><a href="#[18c9e54]">&gt;&gt;</a>&nbsp;&nbsp;&nbsp;proc_expr_statement
<LI><a href="#[18c9ecc]">&gt;&gt;</a>&nbsp;&nbsp;&nbsp;proc_exclusive_or_expr
<LI><a href="#[18c9f08]">&gt;&gt;</a>&nbsp;&nbsp;&nbsp;proc_cast_expr
<LI><a href="#[18c9f80]">&gt;&gt;</a>&nbsp;&nbsp;&nbsp;proc_and_expr
<LI><a href="#[18c9fbc]">&gt;&gt;</a>&nbsp;&nbsp;&nbsp;proc_additive_expr
<LI><a href="#[18c9ff8]">&gt;&gt;</a>&nbsp;&nbsp;&nbsp;make_sys_node
</UL>

<P><STRONG><a name="[17dbd3c]"></a>finsh_error_string</STRONG> (Thumb, 10 bytes, Stack size 0 bytes, finsh_error.o(i.finsh_error_string))
<BR><BR>[Called By]<UL><LI><a href="#[18c4c88]">&gt;&gt;</a>&nbsp;&nbsp;&nbsp;finsh_run_line
</UL>

<P><STRONG><a name="[17da3b0]"></a>finsh_flush</STRONG> (Thumb, 22 bytes, Stack size 8 bytes, finsh_init.o(i.finsh_flush))
<BR><BR>[Stack]<UL><LI>Max Depth = 20<LI>Call Chain = finsh_flush &rArr; finsh_parser_init &rArr; __aeabi_memclr4
</UL>
<BR>[Calls]<UL><LI><a href="#[17da284]">&gt;&gt;</a>&nbsp;&nbsp;&nbsp;finsh_parser_init
<LI><a href="#[17da2c0]">&gt;&gt;</a>&nbsp;&nbsp;&nbsp;finsh_node_init
<LI><a href="#[17dbd78]">&gt;&gt;</a>&nbsp;&nbsp;&nbsp;finsh_error_init
</UL>
<BR>[Called By]<UL><LI><a href="#[18c4c88]">&gt;&gt;</a>&nbsp;&nbsp;&nbsp;finsh_run_line
</UL>

<P><STRONG><a name="[18c4d00]"></a>finsh_handle_history</STRONG> (Thumb, 286 bytes, Stack size 16 bytes, shell.o(i.finsh_handle_history))
<BR><BR>[Stack]<UL><LI>Max Depth = 188<LI>Call Chain = finsh_handle_history &rArr; rt_kprintf &rArr; vsnprintf &rArr; print_number
</UL>
<BR>[Calls]<UL><LI><a href="#[17b7058]">&gt;&gt;</a>&nbsp;&nbsp;&nbsp;rt_kprintf
<LI><a href="#[18bfef4]">&gt;&gt;</a>&nbsp;&nbsp;&nbsp;__aeabi_memcpy
<LI><a href="#[18bffe4]">&gt;&gt;</a>&nbsp;&nbsp;&nbsp;strlen
</UL>
<BR>[Called By]<UL><LI><a href="#[18c4b20]">&gt;&gt;</a>&nbsp;&nbsp;&nbsp;finsh_thread_entry
</UL>

<P><STRONG><a name="[17dae3c]"></a>finsh_heap_allocate</STRONG> (Thumb, 108 bytes, Stack size 16 bytes, finsh_heap.o(i.finsh_heap_allocate))
<BR><BR>[Stack]<UL><LI>Max Depth = 60<LI>Call Chain = finsh_heap_allocate &rArr; finsh_heap_gc &rArr; finsh_heap_free &rArr; finsh_block_merge
</UL>
<BR>[Calls]<UL><LI><a href="#[17dafa4]">&gt;&gt;</a>&nbsp;&nbsp;&nbsp;finsh_heap_gc
<LI><a href="#[17dafe0]">&gt;&gt;</a>&nbsp;&nbsp;&nbsp;finsh_block_split
<LI><a href="#[17db01c]">&gt;&gt;</a>&nbsp;&nbsp;&nbsp;finsh_block_remove
<LI><a href="#[17db094]">&gt;&gt;</a>&nbsp;&nbsp;&nbsp;finsh_block_insert
<LI><a href="#[18bfa44]">&gt;&gt;</a>&nbsp;&nbsp;&nbsp;__aeabi_memclr4
</UL>
<BR>[Called By]<UL><LI><a href="#[17d9294]">&gt;&gt;</a>&nbsp;&nbsp;&nbsp;finsh_node_new_string
</UL>

<P><STRONG><a name="[17dae00]"></a>finsh_heap_free</STRONG> (Thumb, 38 bytes, Stack size 16 bytes, finsh_heap.o(i.finsh_heap_free))
<BR><BR>[Stack]<UL><LI>Max Depth = 28<LI>Call Chain = finsh_heap_free &rArr; finsh_block_merge
</UL>
<BR>[Calls]<UL><LI><a href="#[17db01c]">&gt;&gt;</a>&nbsp;&nbsp;&nbsp;finsh_block_remove
<LI><a href="#[17db058]">&gt;&gt;</a>&nbsp;&nbsp;&nbsp;finsh_block_merge
<LI><a href="#[17db094]">&gt;&gt;</a>&nbsp;&nbsp;&nbsp;finsh_block_insert
</UL>
<BR>[Called By]<UL><LI><a href="#[17dafa4]">&gt;&gt;</a>&nbsp;&nbsp;&nbsp;finsh_heap_gc
</UL>

<P><STRONG><a name="[17dadc4]"></a>finsh_heap_init</STRONG> (Thumb, 38 bytes, Stack size 8 bytes, finsh_heap.o(i.finsh_heap_init))
<BR><BR>[Stack]<UL><LI>Max Depth = 8<LI>Call Chain = finsh_heap_init
</UL>
<BR>[Calls]<UL><LI><a href="#[18bfd8c]">&gt;&gt;</a>&nbsp;&nbsp;&nbsp;__aeabi_memclr
</UL>
<BR>[Called By]<UL><LI><a href="#[17da374]">&gt;&gt;</a>&nbsp;&nbsp;&nbsp;finsh_init
</UL>

<P><STRONG><a name="[17da374]"></a>finsh_init</STRONG> (Thumb, 30 bytes, Stack size 8 bytes, finsh_init.o(i.finsh_init))
<BR><BR>[Stack]<UL><LI>Max Depth = 20<LI>Call Chain = finsh_init &rArr; finsh_var_init &rArr; __aeabi_memclr4
</UL>
<BR>[Calls]<UL><LI><a href="#[17da248]">&gt;&gt;</a>&nbsp;&nbsp;&nbsp;finsh_var_init
<LI><a href="#[17da284]">&gt;&gt;</a>&nbsp;&nbsp;&nbsp;finsh_parser_init
<LI><a href="#[17da2c0]">&gt;&gt;</a>&nbsp;&nbsp;&nbsp;finsh_node_init
<LI><a href="#[17dadc4]">&gt;&gt;</a>&nbsp;&nbsp;&nbsp;finsh_heap_init
<LI><a href="#[17dbd78]">&gt;&gt;</a>&nbsp;&nbsp;&nbsp;finsh_error_init
</UL>
<BR>[Called By]<UL><LI><a href="#[18c4b20]">&gt;&gt;</a>&nbsp;&nbsp;&nbsp;finsh_thread_entry
</UL>

<P><STRONG><a name="[17d93fc]"></a>finsh_node_allocate</STRONG> (Thumb, 56 bytes, Stack size 0 bytes, finsh_node.o(i.finsh_node_allocate))
<BR><BR>[Called By]<UL><LI><a href="#[17d9294]">&gt;&gt;</a>&nbsp;&nbsp;&nbsp;finsh_node_new_string
<LI><a href="#[17d92d0]">&gt;&gt;</a>&nbsp;&nbsp;&nbsp;finsh_node_new_ptr
<LI><a href="#[17d930c]">&gt;&gt;</a>&nbsp;&nbsp;&nbsp;finsh_node_new_long
<LI><a href="#[17d9348]">&gt;&gt;</a>&nbsp;&nbsp;&nbsp;finsh_node_new_int
<LI><a href="#[17d9384]">&gt;&gt;</a>&nbsp;&nbsp;&nbsp;finsh_node_new_id
<LI><a href="#[17d93c0]">&gt;&gt;</a>&nbsp;&nbsp;&nbsp;finsh_node_new_char
<LI><a href="#[18c9ff8]">&gt;&gt;</a>&nbsp;&nbsp;&nbsp;make_sys_node
</UL>

<P><STRONG><a name="[17da2c0]"></a>finsh_node_init</STRONG> (Thumb, 16 bytes, Stack size 8 bytes, finsh_node.o(i.finsh_node_init))
<BR><BR>[Stack]<UL><LI>Max Depth = 12<LI>Call Chain = finsh_node_init &rArr; __aeabi_memclr4
</UL>
<BR>[Calls]<UL><LI><a href="#[18bfa44]">&gt;&gt;</a>&nbsp;&nbsp;&nbsp;__aeabi_memclr4
</UL>
<BR>[Called By]<UL><LI><a href="#[17da374]">&gt;&gt;</a>&nbsp;&nbsp;&nbsp;finsh_init
<LI><a href="#[17da3b0]">&gt;&gt;</a>&nbsp;&nbsp;&nbsp;finsh_flush
</UL>

<P><STRONG><a name="[17d93c0]"></a>finsh_node_new_char</STRONG> (Thumb, 30 bytes, Stack size 16 bytes, finsh_node.o(i.finsh_node_new_char))
<BR><BR>[Stack]<UL><LI>Max Depth = 16<LI>Call Chain = finsh_node_new_char
</UL>
<BR>[Calls]<UL><LI><a href="#[17d93fc]">&gt;&gt;</a>&nbsp;&nbsp;&nbsp;finsh_node_allocate
<LI><a href="#[17dc750]">&gt;&gt;</a>&nbsp;&nbsp;&nbsp;finsh_error_set
</UL>
<BR>[Called By]<UL><LI><a href="#[18c9cec]">&gt;&gt;</a>&nbsp;&nbsp;&nbsp;proc_primary_expr
</UL>

<P><STRONG><a name="[17d9384]"></a>finsh_node_new_id</STRONG> (Thumb, 118 bytes, Stack size 24 bytes, finsh_node.o(i.finsh_node_new_id))
<BR><BR>[Stack]<UL><LI>Max Depth = 64<LI>Call Chain = finsh_node_new_id &rArr; finsh_sysvar_lookup &rArr; strncmp
</UL>
<BR>[Calls]<UL><LI><a href="#[17d91e0]">&gt;&gt;</a>&nbsp;&nbsp;&nbsp;finsh_var_lookup
<LI><a href="#[17d921c]">&gt;&gt;</a>&nbsp;&nbsp;&nbsp;finsh_sysvar_lookup
<LI><a href="#[17d9258]">&gt;&gt;</a>&nbsp;&nbsp;&nbsp;finsh_syscall_lookup
<LI><a href="#[17d93fc]">&gt;&gt;</a>&nbsp;&nbsp;&nbsp;finsh_node_allocate
<LI><a href="#[17dc750]">&gt;&gt;</a>&nbsp;&nbsp;&nbsp;finsh_error_set
</UL>
<BR>[Called By]<UL><LI><a href="#[18c9bfc]">&gt;&gt;</a>&nbsp;&nbsp;&nbsp;proc_variable_decl
<LI><a href="#[18c9cec]">&gt;&gt;</a>&nbsp;&nbsp;&nbsp;proc_primary_expr
</UL>

<P><STRONG><a name="[17d9348]"></a>finsh_node_new_int</STRONG> (Thumb, 30 bytes, Stack size 16 bytes, finsh_node.o(i.finsh_node_new_int))
<BR><BR>[Stack]<UL><LI>Max Depth = 16<LI>Call Chain = finsh_node_new_int
</UL>
<BR>[Calls]<UL><LI><a href="#[17d93fc]">&gt;&gt;</a>&nbsp;&nbsp;&nbsp;finsh_node_allocate
<LI><a href="#[17dc750]">&gt;&gt;</a>&nbsp;&nbsp;&nbsp;finsh_error_set
</UL>
<BR>[Called By]<UL><LI><a href="#[18c9cec]">&gt;&gt;</a>&nbsp;&nbsp;&nbsp;proc_primary_expr
</UL>

<P><STRONG><a name="[17d930c]"></a>finsh_node_new_long</STRONG> (Thumb, 30 bytes, Stack size 16 bytes, finsh_node.o(i.finsh_node_new_long))
<BR><BR>[Stack]<UL><LI>Max Depth = 16<LI>Call Chain = finsh_node_new_long
</UL>
<BR>[Calls]<UL><LI><a href="#[17d93fc]">&gt;&gt;</a>&nbsp;&nbsp;&nbsp;finsh_node_allocate
<LI><a href="#[17dc750]">&gt;&gt;</a>&nbsp;&nbsp;&nbsp;finsh_error_set
</UL>
<BR>[Called By]<UL><LI><a href="#[18c9c38]">&gt;&gt;</a>&nbsp;&nbsp;&nbsp;proc_unary_expr
<LI><a href="#[18c9cec]">&gt;&gt;</a>&nbsp;&nbsp;&nbsp;proc_primary_expr
</UL>

<P><STRONG><a name="[17d92d0]"></a>finsh_node_new_ptr</STRONG> (Thumb, 30 bytes, Stack size 16 bytes, finsh_node.o(i.finsh_node_new_ptr))
<BR><BR>[Stack]<UL><LI>Max Depth = 16<LI>Call Chain = finsh_node_new_ptr
</UL>
<BR>[Calls]<UL><LI><a href="#[17d93fc]">&gt;&gt;</a>&nbsp;&nbsp;&nbsp;finsh_node_allocate
<LI><a href="#[17dc750]">&gt;&gt;</a>&nbsp;&nbsp;&nbsp;finsh_error_set
</UL>
<BR>[Called By]<UL><LI><a href="#[18c9cec]">&gt;&gt;</a>&nbsp;&nbsp;&nbsp;proc_primary_expr
</UL>

<P><STRONG><a name="[17d9294]"></a>finsh_node_new_string</STRONG> (Thumb, 74 bytes, Stack size 16 bytes, finsh_node.o(i.finsh_node_new_string))
<BR><BR>[Stack]<UL><LI>Max Depth = 76<LI>Call Chain = finsh_node_new_string &rArr; finsh_heap_allocate &rArr; finsh_heap_gc &rArr; finsh_heap_free &rArr; finsh_block_merge
</UL>
<BR>[Calls]<UL><LI><a href="#[17d93fc]">&gt;&gt;</a>&nbsp;&nbsp;&nbsp;finsh_node_allocate
<LI><a href="#[17dae3c]">&gt;&gt;</a>&nbsp;&nbsp;&nbsp;finsh_heap_allocate
<LI><a href="#[17dc750]">&gt;&gt;</a>&nbsp;&nbsp;&nbsp;finsh_error_set
<LI><a href="#[18bf8a0]">&gt;&gt;</a>&nbsp;&nbsp;&nbsp;strncpy
<LI><a href="#[18bffe4]">&gt;&gt;</a>&nbsp;&nbsp;&nbsp;strlen
</UL>
<BR>[Called By]<UL><LI><a href="#[18c9cec]">&gt;&gt;</a>&nbsp;&nbsp;&nbsp;proc_primary_expr
</UL>

<P><STRONG><a name="[17da284]"></a>finsh_parser_init</STRONG> (Thumb, 16 bytes, Stack size 8 bytes, finsh_parser.o(i.finsh_parser_init))
<BR><BR>[Stack]<UL><LI>Max Depth = 12<LI>Call Chain = finsh_parser_init &rArr; __aeabi_memclr4
</UL>
<BR>[Calls]<UL><LI><a href="#[18bfa44]">&gt;&gt;</a>&nbsp;&nbsp;&nbsp;__aeabi_memclr4
</UL>
<BR>[Called By]<UL><LI><a href="#[17da374]">&gt;&gt;</a>&nbsp;&nbsp;&nbsp;finsh_init
<LI><a href="#[17da3b0]">&gt;&gt;</a>&nbsp;&nbsp;&nbsp;finsh_flush
</UL>

<P><STRONG><a name="[18c99e0]"></a>finsh_parser_run</STRONG> (Thumb, 210 bytes, Stack size 24 bytes, finsh_parser.o(i.finsh_parser_run))
<BR><BR>[Stack]<UL><LI>Max Depth = 596<LI>Call Chain = finsh_parser_run &rArr; proc_variable_decl &rArr; proc_assign_expr &rArr;  proc_assign_expr (Cycle)
</UL>
<BR>[Calls]<UL><LI><a href="#[18c9968]">&gt;&gt;</a>&nbsp;&nbsp;&nbsp;finsh_token_token
<LI><a href="#[18c99a4]">&gt;&gt;</a>&nbsp;&nbsp;&nbsp;finsh_token_init
[...]
<BR><BR>[Stack]<UL><LI>Max Depth = 516 + In Cycle
<LI>Call Chain = proc_assign_expr &rArr;  proc_assign_expr (Cycle)
</UL>
<BR>[Calls]<UL><LI><a href="#[18c9968]">&gt;&gt;</a>&nbsp;&nbsp;&nbsp;finsh_token_token
<LI><a href="#[18c9ddc]">&gt;&gt;</a>&nbsp;&nbsp;&nbsp;proc_inclusive_or_expr
<LI><a href="#[18c9f44]">&gt;&gt;</a>&nbsp;&nbsp;&nbsp;proc_assign_expr
<LI><a href="#[18c9ff8]">&gt;&gt;</a>&nbsp;&nbsp;&nbsp;make_sys_node
</UL>
<BR>[Called By]<UL><LI><a href="#[18c9bfc]">&gt;&gt;</a>&nbsp;&nbsp;&nbsp;proc_variable_decl
<LI><a href="#[18c9d64]">&gt;&gt;</a>&nbsp;&nbsp;&nbsp;proc_param_list
<LI><a href="#[18c9e90]">&gt;&gt;</a>&nbsp;&nbsp;&nbsp;proc_expr
<LI><a href="#[18c9f44]">&gt;&gt;</a>&nbsp;&nbsp;&nbsp;proc_assign_expr
</UL>

<P><STRONG><a name="[18c9f08]"></a>proc_cast_expr</STRONG> (Thumb, 78 bytes, Stack size 24 bytes, finsh_parser.o(i.proc_cast_expr))
<BR><BR>[Stack]<UL><LI>Max Depth = 348 + In Cycle
<LI>Call Chain = proc_cast_expr &rArr;  proc_cast_expr (Cycle)
</UL>
<BR>[Calls]<UL><LI><a href="#[17dc750]">&gt;&gt;</a>&nbsp;&nbsp;&nbsp;finsh_error_set
<LI><a href="#[18c9968]">&gt;&gt;</a>&nbsp;&nbsp;&nbsp;finsh_token_token
<LI><a href="#[18c9c38]">&gt;&gt;</a>&nbsp;&nbsp;&nbsp;proc_unary_expr
<LI><a href="#[18c9c74]">&gt;&gt;</a>&nbsp;&nbsp;&nbsp;proc_type
<LI><a href="#[18c9f08]">&gt;&gt;</a>&nbsp;&nbsp;&nbsp;proc_cast_expr
</UL>
<BR>[Called By]<UL><LI><a href="#[18c9c38]">&gt;&gt;</a>&nbsp;&nbsp;&nbsp;proc_unary_expr
<LI><a href="#[18c9da0]">&gt;&gt;</a>&nbsp;&nbsp;&nbsp;proc_multiplicative_expr
<LI><a href="#[18c9f08]">&gt;&gt;</a>&nbsp;&nbsp;&nbsp;proc_cast_expr
</UL>

<P><STRONG><a name="[18c9ecc]"></a>proc_exclusive_or_expr</STRONG> (Thumb, 76 bytes, Stack size 24 bytes, finsh_parser.o(i.proc_exclusive_or_expr))
<BR><BR>[Stack]<UL><LI>Max Depth = 468<LI>Call Chain = proc_exclusive_or_expr &rArr; proc_and_expr &rArr; proc_shift_expr &rArr; proc_additive_expr &rArr; proc_multiplicative_expr &rArr; proc_cast_expr &rArr;  proc_cast_expr (Cycle)
</UL>
<BR>[Calls]<UL><LI><a href="#[17dc750]">&gt;&gt;</a>&nbsp;&nbsp;&nbsp;finsh_error_set
<LI><a href="#[18c9968]">&gt;&gt;</a>&nbsp;&nbsp;&nbsp;finsh_token_token
<LI><a href="#[18c9f80]">&gt;&gt;</a>&nbsp;&nbsp;&nbsp;proc_and_expr
<LI><a href="#[18c9ff8]">&gt;&gt;</a>&nbsp;&nbsp;&nbsp;make_sys_node
</UL>
<BR>[Called By]<UL><LI><a href="#[18c9ddc]">&gt;&gt;</a>&nbsp;&nbsp;&nbsp;proc_inclusive_or_expr
</UL>

<P><STRONG><a name="[18c9e90]"></a>proc_expr</STRONG> (Thumb, 12 bytes, Stack size 8 bytes, finsh_parser.o(i.proc_expr))
<BR><BR>[Stack]<UL><LI>Max Depth = 8 + In Cycle
<LI>Call Chain = proc_expr &rArr;  proc_assign_expr (Cycle)
</UL>
<BR>[Calls]<UL><LI><a href="#[18c9f44]">&gt;&gt;</a>&nbsp;&nbsp;&nbsp;proc_assign_expr
</UL>
<BR>[Called By]<UL><LI><a href="#[18c9cec]">&gt;&gt;</a>&nbsp;&nbsp;&nbsp;proc_primary_expr
<LI><a href="#[18c9e54]">&gt;&gt;</a>&nbsp;&nbsp;&nbsp;proc_expr_statement
</UL>

<P><STRONG><a name="[18c9e54]"></a>proc_expr_statement</STRONG> (Thumb, 56 bytes, Stack size 16 bytes, finsh_parser.o(i.proc_expr_statement))
<BR><BR>[Stack]<UL><LI>Max Depth = 236<LI>Call Chain = proc_expr_statement &rArr; finsh_token_token &rArr; token_run &rArr; token_proc_number &rArr; token_spec_number
</UL>
<BR>[Calls]<UL><LI><a href="#[17dc750]">&gt;&gt;</a>&nbsp;&nbsp;&nbsp;finsh_error_set
<LI><a href="#[18c9968]">&gt;&gt;</a>&nbsp;&nbsp;&nbsp;finsh_token_token
<LI><a href="#[18c9e90]">&gt;&gt;</a>&nbsp;&nbsp;&nbsp;proc_expr
</UL>
<BR>[Called By]<UL><LI><a href="#[18c99e0]">&gt;&gt;</a>&nbsp;&nbsp;&nbsp;finsh_parser_run
</UL>

<P><STRONG><a name="[18c9e18]"></a>proc_identifier</STRONG> (Thumb, 44 bytes, Stack size 16 bytes, finsh_parser.o(i.proc_identifier))
<BR><BR>[Stack]<UL><LI>Max Depth = 236<LI>Call Chain = proc_identifier &rArr; finsh_token_token &rArr; token_run &rArr; token_proc_number &rArr; token_spec_number
</UL>
<BR>[Calls]<UL><LI><a href="#[17dc750]">&gt;&gt;</a>&nbsp;&nbsp;&nbsp;finsh_error_set
<LI><a href="#[18bf8a0]">&gt;&gt;</a>&nbsp;&nbsp;&nbsp;strncpy
<LI><a href="#[18c9968]">&gt;&gt;</a>&nbsp;&nbsp;&nbsp;finsh_token_token
</UL>
<BR>[Called By]<UL><LI><a href="#[18c9bfc]">&gt;&gt;</a>&nbsp;&nbsp;&nbsp;proc_variable_decl
<LI><a href="#[18c9cec]">&gt;&gt;</a>&nbsp;&nbsp;&nbsp;proc_primary_expr
</UL>

<P><STRONG><a name="[18c9ddc]"></a>proc_inclusive_or_expr</STRONG> (Thumb, 76 bytes, Stack size 24 bytes, finsh_parser.o(i.proc_inclusive_or_expr))
<BR><BR>[Stack]<UL><LI>Max Depth = 492<LI>Call Chain = proc_inclusive_or_expr &rArr; proc_exclusive_or_expr &rArr; proc_and_expr &rArr; proc_shift_expr &rArr; proc_additive_expr &rArr; proc_multiplicative_expr &rArr; proc_cast_expr &rArr;  proc_cast_expr (Cycle)
</UL>
<BR>[Calls]<UL><LI><a href="#[17dc750]">&gt;&gt;</a>&nbsp;&nbsp;&nbsp;finsh_error_set
<LI><a href="#[18c9968]">&gt;&gt;</a>&nbsp;&nbsp;&nbsp;finsh_token_token
<LI><a href="#[18c9ecc]">&gt;&gt;</a>&nbsp;&nbsp;&nbsp;proc_exclusive_or_expr
<LI><a href="#[18c9ff8]">&gt;&gt;</a>&nbsp;&nbsp;&nbsp;make_sys_node
</UL>
<BR>[Called By]<UL><LI><a href="#[18c9f44]">&gt;&gt;</a>&nbsp;&nbsp;&nbsp;proc_assign_expr
</UL>

<P><STRONG><a name="[18c9da0]"></a>proc_multiplicative_expr</STRONG> (Thumb, 138 bytes, Stack size 24 bytes, finsh_parser.o(i.proc_multiplicative_expr))
<BR><BR>[Stack]<UL><LI>Max Depth = 372<LI>Call Chain = proc_multiplicative_expr &rArr; proc_cast_expr &rArr;  proc_cast_expr (Cycle)
</UL>
<BR>[Calls]<UL><LI><a href="#[17dc750]">&gt;&gt;</a>&nbsp;&nbsp;&nbsp;finsh_error_set
<LI><a href="#[18c9968]">&gt;&gt;</a>&nbsp;&nbsp;&nbsp;finsh_token_token
<LI><a href="#[18c9f08]">&gt;&gt;</a>&nbsp;&nbsp;&nbsp;proc_cast_expr
<LI><a href="#[18c9ff8]">&gt;&gt;</a>&nbsp;&nbsp;&nbsp;make_sys_node
</UL>
<BR>[Called By]<UL><LI><a href="#[18c9fbc]">&gt;&gt;</a>&nbsp;&nbsp;&nbsp;proc_additive_expr
</UL>

<P><STRONG><a name="[18c9d64]"></a>proc_param_list</STRONG> (Thumb, 76 bytes, Stack size 24 bytes, finsh_parser.o(i.proc_param_list))
<BR><BR>[Stack]<UL><LI>Max Depth = 244 + In Cycle
<LI>Call Chain = proc_param_list &rArr;  proc_assign_expr (Cycle)
</UL>
<BR>[Calls]<UL><LI><a href="#[17dc750]">&gt;&gt;</a>&nbsp;&nbsp;&nbsp;finsh_error_set
<LI><a href="#[18c9968]">&gt;&gt;</a>&nbsp;&nbsp;&nbsp;finsh_token_token
<LI><a href="#[18c9f44]">&gt;&gt;</a>&nbsp;&nbsp;&nbsp;proc_assign_expr
</UL>
<BR>[Called By]<UL><LI><a href="#[18c9d28]">&gt;&gt;</a>&nbsp;&nbsp;&nbsp;proc_postfix_expr
</UL>

<P><STRONG><a name="[18c9d28]"></a>proc_postfix_expr</STRONG> (Thumb, 162 bytes, Stack size 24 bytes, finsh_parser.o(i.proc_postfix_expr))
<BR><BR>[Stack]<UL><LI>Max Depth = 300<LI>Call Chain = proc_postfix_expr &rArr; proc_primary_expr &rArr; proc_identifier &rArr; finsh_token_token &rArr; token_run &rArr; token_proc_number &rArr; token_spec_number
</UL>
<BR>[Calls]<UL><LI><a href="#[17dc750]">&gt;&gt;</a>&nbsp;&nbsp;&nbsp;finsh_error_set
<LI><a href="#[18c9968]">&gt;&gt;</a>&nbsp;&nbsp;&nbsp;finsh_token_token
<LI><a href="#[18c9cec]">&gt;&gt;</a>&nbsp;&nbsp;&nbsp;proc_primary_expr
<LI><a href="#[18c9d64]">&gt;&gt;</a>&nbsp;&nbsp;&nbsp;proc_param_list
<LI><a href="#[18c9ff8]">&gt;&gt;</a>&nbsp;&nbsp;&nbsp;make_sys_node
</UL>
<BR>[Called By]<UL><LI><a href="#[18c9c38]">&gt;&gt;</a>&nbsp;&nbsp;&nbsp;proc_unary_expr
</UL>

<P><STRONG><a name="[18c9cec]"></a>proc_primary_expr</STRONG> (Thumb, 158 bytes, Stack size 40 bytes, finsh_parser.o(i.proc_primary_expr))
<BR><BR>[Stack]<UL><LI>Max Depth = 276<LI>Call Chain = proc_primary_expr &rArr; proc_identifier &rArr; finsh_token_token &rArr; token_run &rArr; token_proc_number &rArr; token_spec_number
</UL>
<BR>[Calls]<UL><LI><a href="#[17d9294]">&gt;&gt;</a>&nbsp;&nbsp;&nbsp;finsh_node_new_string
<LI><a href="#[17d92d0]">&gt;&gt;</a>&nbsp;&nbsp;&nbsp;finsh_node_new_ptr
<LI><a href="#[17d930c]">&gt;&gt;</a>&nbsp;&nbsp;&nbsp;finsh_node_new_long
<LI><a href="#[17d9348]">&gt;&gt;</a>&nbsp;&nbsp;&nbsp;finsh_node_new_int
<LI><a href="#[17d9384]">&gt;&gt;</a>&nbsp;&nbsp;&nbsp;finsh_node_new_id
<LI><a href="#[17d93c0]">&gt;&gt;</a>&nbsp;&nbsp;&nbsp;finsh_node_new_char
<LI><a href="#[17dc750]">&gt;&gt;</a>&nbsp;&nbsp;&nbsp;finsh_error_set
<LI><a href="#[18c9968]">&gt;&gt;</a>&nbsp;&nbsp;&nbsp;finsh_token_token
<LI><a href="#[18c9e18]">&gt;&gt;</a>&nbsp;&nbsp;&nbsp;proc_identifier
<LI><a href="#[18c9e90]">&gt;&gt;</a>&nbsp;&nbsp;&nbsp;proc_expr
</UL>
<BR>[Called By]<UL><LI><a href="#[18c9d28]">&gt;&gt;</a>&nbsp;&nbsp;&nbsp;proc_postfix_expr
</UL>

<P><STRONG><a name="[18c9cb0]"></a>proc_shift_expr</STRONG> (Thumb, 116 bytes, Stack size 24 bytes, finsh_parser.o(i.proc_shift_expr))
<BR><BR>[Stack]<UL><LI>Max Depth = 420<LI>Call Chain = proc_shift_expr &rArr; proc_additive_expr &rArr; proc_multiplicative_expr &rArr; proc_cast_expr &rArr;  proc_cast_expr (Cycle)
</UL>
<BR>[Calls]<UL><LI><a href="#[17dc750]">&gt;&gt;</a>&nbsp;&nbsp;&nbsp;finsh_error_set
<LI><a href="#[18c9968]">&gt;&gt;</a>&nbsp;&nbsp;&nbsp;finsh_token_token
<LI><a href="#[18c9fbc]">&gt;&gt;</a>&nbsp;&nbsp;&nbsp;proc_additive_expr
<LI><a href="#[18c9ff8]">&gt;&gt;</a>&nbsp;&nbsp;&nbsp;make_sys_node
</UL>
<BR>[Called By]<UL><LI><a href="#[18c9f80]">&gt;&gt;</a>&nbsp;&nbsp;&nbsp;proc_and_expr
</UL>

<P><STRONG><a name="[18c9c74]"></a>proc_type</STRONG> (Thumb, 250 bytes, Stack size 16 bytes, finsh_parser.o(i.proc_type))
<BR><BR>[Stack]<UL><LI>Max Depth = 236<LI>Call Chain = proc_type &rArr; finsh_token_token &rArr; token_run &rArr; token_proc_number &rArr; token_spec_number
</UL>
<BR>[Calls]<UL><LI><a href="#[17dc750]">&gt;&gt;</a>&nbsp;&nbsp;&nbsp;finsh_error_set
<LI><a href="#[18c9968]">&gt;&gt;</a>&nbsp;&nbsp;&nbsp;finsh_token_token
</UL>
<BR>[Called By]<UL><LI><a href="#[18c9bfc]">&gt;&gt;</a>&nbsp;&nbsp;&nbsp;proc_variable_decl
<LI><a href="#[18c9f08]">&gt;&gt;</a>&nbsp;&nbsp;&nbsp;proc_cast_expr
</UL>

<P><STRONG><a name="[18c9c38]"></a>proc_unary_expr</STRONG> (Thumb, 190 bytes, Stack size 24 bytes, finsh_parser.o(i.proc_unary_expr))
<BR><BR>[Stack]<UL><LI>Max Depth = 324 + In Cycle
<LI>Call Chain = proc_unary_expr &rArr;  proc_cast_expr (Cycle)
</UL>
<BR>[Calls]<UL><LI><a href="#[17d930c]">&gt;&gt;</a>&nbsp;&nbsp;&nbsp;finsh_node_new_long
<LI><a href="#[18c9968]">&gt;&gt;</a>&nbsp;&nbsp;&nbsp;finsh_token_token
<LI><a href="#[18c9d28]">&gt;&gt;</a>&nbsp;&nbsp;&nbsp;proc_postfix_expr
<LI><a href="#[18c9f08]">&gt;&gt;</a>&nbsp;&nbsp;&nbsp;proc_cast_expr
<LI><a href="#[18c9ff8]">&gt;&gt;</a>&nbsp;&nbsp;&nbsp;make_sys_node
</UL>
<BR>[Called By]<UL><LI><a href="#[18c9f08]">&gt;&gt;</a>&nbsp;&nbsp;&nbsp;proc_cast_expr
</UL>

<P><STRONG><a name="[18c9bfc]"></a>proc_variable_decl</STRONG> (Thumb, 478 bytes, Stack size 56 bytes, finsh_parser.o(i.proc_variable_decl))
<BR><BR>[Stack]<UL><LI>Max Depth = 572<LI>Call Chain = proc_variable_decl &rArr; proc_assign_expr &rArr;  proc_assign_expr (Cycle)
</UL>
<BR>[Calls]<UL><LI><a href="#[17d9384]">&gt;&gt;</a>&nbsp;&nbsp;&nbsp;finsh_node_new_id
<LI><a href="#[17dc750]">&gt;&gt;</a>&nbsp;&nbsp;&nbsp;finsh_error_set
<LI><a href="#[18c992c]">&gt;&gt;</a>&nbsp;&nbsp;&nbsp;finsh_var_insert
<LI><a href="#[18c9968]">&gt;&gt;</a>&nbsp;&nbsp;&nbsp;finsh_token_token
<LI><a href="#[18c9c74]">&gt;&gt;</a>&nbsp;&nbsp;&nbsp;proc_type
<LI><a href="#[18c9e18]">&gt;&gt;</a>&nbsp;&nbsp;&nbsp;proc_identifier
<LI><a href="#[18c9f44]">&gt;&gt;</a>&nbsp;&nbsp;&nbsp;proc_assign_expr
<LI><a href="#[18c9ff8]">&gt;&gt;</a>&nbsp;&nbsp;&nbsp;make_sys_node
</UL>
<BR>[Called By]<UL><LI><a href="#[18c99e0]">&gt;&gt;</a>&nbsp;&nbsp;&nbsp;finsh_parser_run
</UL>

<P><STRONG><a name="[18c85b8]"></a>token_match_name</STRONG> (Thumb, 48 bytes, Stack size 16 bytes, finsh_token.o(i.token_match_name))
<BR><BR>[Stack]<UL><LI>Max Depth = 16<LI>Call Chain = token_match_name
</UL>
<BR>[Calls]<UL><LI><a href="#[18c8180]">&gt;&gt;</a>&nbsp;&nbsp;&nbsp;strcmp
</UL>
<BR>[Called By]<UL><LI><a href="#[18c8414]">&gt;&gt;</a>&nbsp;&nbsp;&nbsp;token_run
</UL>

<P><STRONG><a name="[18c857c]"></a>token_next_char</STRONG> (Thumb, 62 bytes, Stack size 8 bytes, finsh_token.o(i.token_next_char))
<BR><BR>[Stack]<UL><LI>Max Depth = 16<LI>Call Chain = token_next_char &rArr; strlen
</UL>
<BR>[Calls]<UL><LI><a href="#[18bffe4]">&gt;&gt;</a>&nbsp;&nbsp;&nbsp;strlen
</UL>
<BR>[Called By]<UL><LI><a href="#[18c8234]">&gt;&gt;</a>&nbsp;&nbsp;&nbsp;token_get_string
<LI><a href="#[18c839c]">&gt;&gt;</a>&nbsp;&nbsp;&nbsp;token_trim_space
<LI><a href="#[18c8414]">&gt;&gt;</a>&nbsp;&nbsp;&nbsp;token_run
<LI><a href="#[18c8450]">&gt;&gt;</a>&nbsp;&nbsp;&nbsp;token_proc_string
<LI><a href="#[18c848c]">&gt;&gt;</a>&nbsp;&nbsp;&nbsp;token_proc_number
<LI><a href="#[18c84c8]">&gt;&gt;</a>&nbsp;&nbsp;&nbsp;token_proc_escape
<LI><a href="#[18c8504]">&gt;&gt;</a>&nbsp;&nbsp;&nbsp;token_proc_char
</UL>

<P><STRONG><a name="[18c8540]"></a>token_prev_char</STRONG> (Thumb, 20 bytes, Stack size 0 bytes, finsh_token.o(i.token_prev_char))
<BR><BR>[Called By]<UL><LI><a href="#[18c8234]">&gt;&gt;</a>&nbsp;&nbsp;&nbsp;token_get_string
<LI><a href="#[18c839c]">&gt;&gt;</a>&nbsp;&nbsp;&nbsp;token_trim_space
<LI><a href="#[18c8414]">&gt;&gt;</a>&nbsp;&nbsp;&nbsp;token_run
<LI><a href="#[18c848c]">&gt;&gt;</a>&nbsp;&nbsp;&nbsp;token_proc_number
<LI><a href="#[18c84c8]">&gt;&gt;</a>&nbsp;&nbsp;&nbsp;token_proc_escape
<LI><a href="#[18c8504]">&gt;&gt;</a>&nbsp;&nbsp;&nbsp;token_proc_char
</UL>

<P><STRONG><a name="[18c8504]"></a>token_proc_char</STRONG> (Thumb, 162 bytes, Stack size 24 bytes, finsh_token.o(i.token_proc_char))
<BR><BR>[Stack]<UL><LI>Max Depth = 112<LI>Call Chain = token_proc_char &rArr; atoi &rArr; strtol &rArr; _strtoul
</UL>
<BR>[Calls]<UL><LI><a href="#[17dc750]">&gt;&gt;</a>&nbsp;&nbsp;&nbsp;finsh_error_set
<LI><a href="#[18c023c]">&gt;&gt;</a>&nbsp;&nbsp;&nbsp;atoi
<LI><a href="#[18c8540]">&gt;&gt;</a>&nbsp;&nbsp;&nbsp;token_prev_char
<LI><a href="#[18c857c]">&gt;&gt;</a>&nbsp;&nbsp;&nbsp;token_next_char
</UL>
<BR>[Called By]<UL><LI><a href="#[18c8414]">&gt;&gt;</a>&nbsp;&nbsp;&nbsp;token_run
</UL>

<P><STRONG><a name="[18c84c8]"></a>token_proc_escape</STRONG> (Thumb, 174 bytes, Stack size 16 bytes, finsh_token.o(i.token_proc_escape))
<BR><BR>[Stack]<UL><LI>Max Depth = 32<LI>Call Chain = token_proc_escape &rArr; token_next_char &rArr; strlen
</UL>
<BR>[Calls]<UL><LI><a href="#[18c8540]">&gt;&gt;</a>&nbsp;&nbsp;&nbsp;token_prev_char
<LI><a href="#[18c857c]">&gt;&gt;</a>&nbsp;&nbsp;&nbsp;token_next_char
</UL>
<BR>[Called By]<UL><LI><a href="#[18c8450]">&gt;&gt;</a>&nbsp;&nbsp;&nbsp;token_proc_string
</UL>

<P><STRONG><a name="[18c848c]"></a>token_proc_number</STRONG> (Thumb, 266 bytes, Stack size 160 bytes, finsh_token.o(i.token_proc_number))
<BR><BR>[Stack]<UL><LI>Max Depth = 196<LI>Call Chain = token_proc_number &rArr; token_spec_number
</UL>
<BR>[Calls]<UL><LI><a href="#[18bffe4]">&gt;&gt;</a>&nbsp;&nbsp;&nbsp;strlen
<LI><a href="#[18c03a4]">&gt;&gt;</a>&nbsp;&nbsp;&nbsp;__rt_ctype_table
<LI><a href="#[18c83d8]">&gt;&gt;</a>&nbsp;&nbsp;&nbsp;token_spec_number
<LI><a href="#[18c8540]">&gt;&gt;</a>&nbsp;&nbsp;&nbsp;token_prev_char
<LI><a href="#[18c857c]">&gt;&gt;</a>&nbsp;&nbsp;&nbsp;token_next_char
</UL>
<BR>[Called By]<UL><LI><a href="#[18c8414]">&gt;&gt;</a>&nbsp;&nbsp;&nbsp;token_run
</UL>

<P><STRONG><a name="[18c8450]"></a>token_proc_string</STRONG> (Thumb, 80 bytes, Stack size 16 bytes, finsh_token.o(i.token_proc_string))
<BR><BR>[Stack]<UL><LI>Max Depth = 48<LI>Call Chain = token_proc_string &rArr; token_proc_escape &rArr; token_next_char &rArr; strlen
</UL>
<BR>[Calls]<UL><LI><a href="#[17dc750]">&gt;&gt;</a>&nbsp;&nbsp;&nbsp;finsh_error_set
<LI><a href="#[18c84c8]">&gt;&gt;</a>&nbsp;&nbsp;&nbsp;token_proc_escape
<LI><a href="#[18c857c]">&gt;&gt;</a>&nbsp;&nbsp;&nbsp;token_next_char
</UL>
<BR>[Called By]<UL><LI><a href="#[18c8414]">&gt;&gt;</a>&nbsp;&nbsp;&nbsp;token_run
</UL>

<P><STRONG><a name="[18c8414]"></a>token_run</STRONG> (Thumb, 388 bytes, Stack size 16 bytes, finsh_token.o(i.token_run))
<BR><BR>[Stack]<UL><LI>Max Depth = 212<LI>Call Chain = token_run &rArr; token_proc_number &rArr; token_spec_number
</UL>
<BR>[Calls]<UL><LI><a href="#[17dc750]">&gt;&gt;</a>&nbsp;&nbsp;&nbsp;finsh_error_set
<LI><a href="#[18c8234]">&gt;&gt;</a>&nbsp;&nbsp;&nbsp;token_get_string
<LI><a href="#[18c839c]">&gt;&gt;</a>&nbsp;&nbsp;&nbsp;token_trim_space
<LI><a href="#[18c8450]">&gt;&gt;</a>&nbsp;&nbsp;&nbsp;token_proc_string
<LI><a href="#[18c848c]">&gt;&gt;</a>&nbsp;&nbsp;&nbsp;token_proc_number
<LI><a href="#[18c8504]">&gt;&gt;</a>&nbsp;&nbsp;&nbsp;token_proc_char
<LI><a href="#[18c8540]">&gt;&gt;</a>&nbsp;&nbsp;&nbsp;token_prev_char
<LI><a href="#[18c857c]">&gt;&gt;</a>&nbsp;&nbsp;&nbsp;token_next_char
<LI><a href="#[18c85b8]">&gt;&gt;</a>&nbsp;&nbsp;&nbsp;token_match_name
</UL>
<BR>[Called By]<UL><LI><a href="#[18c9968]">&gt;&gt;</a>&nbsp;&nbsp;&nbsp;finsh_token_token
</UL>

<P><STRONG><a name="[18c83d8]"></a>token_spec_number</STRONG> (Thumb, 156 bytes, Stack size 36 bytes, finsh_token.o(i.token_spec_number))
<BR><BR>[Stack]<UL><LI>Max Depth = 36<LI>Call Chain = token_spec_number
</UL>
<BR>[Called By]<UL><LI><a href="#[18c848c]">&gt;&gt;</a>&nbsp;&nbsp;&nbsp;token_proc_number
</UL>

<P><STRONG><a name="[18c839c]"></a>token_trim_space</STRONG> (Thumb, 30 bytes, Stack size 16 bytes, finsh_token.o(i.token_trim_space))
<BR><BR>[Stack]<UL><LI>Max Depth = 32<LI>Call Chain = token_trim_space &rArr; token_next_char &rArr; strlen
</UL>
<BR>[Calls]<UL><LI><a href="#[18c8540]">&gt;&gt;</a>&nbsp;&nbsp;&nbsp;token_prev_char
<LI><a href="#[18c857c]">&gt;&gt;</a>&nbsp;&nbsp;&nbsp;token_next_char
</UL>
<BR>[Called By]<UL><LI><a href="#[18c8414]">&gt;&gt;</a>&nbsp;&nbsp;&nbsp;token_run
</UL>

<P><STRONG><a name="[18c5048]"></a>finsh_rx_ind</STRONG> (Thumb, 46 bytes, Stack size 16 bytes, shell.o(i.finsh_rx_ind))
<BR><BR>[Stack]<UL><LI>Max Depth = 252<LI>Call Chain = finsh_rx_ind &rArr; rt_sem_release &rArr; rt_ipc_list_resume &rArr; rt_thread_resume &rArr; rt_schedule_insert_thread &rArr; rt_kprintf &rArr; vsnprintf &rArr; print_number
</UL>
<BR>[Calls]<UL><LI><a href="#[1738154]">&gt;&gt;</a>&nbsp;&nbsp;&nbsp;rt_sem_release
<LI><a href="#[17b7058]">&gt;&gt;</a>&nbsp;&nbsp;&nbsp;rt_kprintf
</UL>
<BR>[Address Reference Count : 1]<UL><LI> shell.o(i.finsh_set_device)
</UL>
<P><STRONG><a name="[18c0944]"></a>DMA_Configuration</STRONG> (Thumb, 2 bytes, Stack size 0 bytes, usart.o(i.DMA_Configuration))
<BR><BR>[Called By]<UL><LI><a href="#[18c2564]">&gt;&gt;</a>&nbsp;&nbsp;&nbsp;rt_hw_usart_init
</UL>

<P><STRONG><a name="[18c0908]"></a>GPIO_Configuration</STRONG> (Thumb, 54 bytes, Stack size 8 bytes, usart.o(i.GPIO_Configuration))
<BR><BR>[Stack]<UL><LI>Max Depth = 28<LI>Call Chain = GPIO_Configuration &rArr; GPIO_Init
</UL>
<BR>[Calls]<UL><LI><a href="#[c6affc]">&gt;&gt;</a>&nbsp;&nbsp;&nbsp;GPIO_Init
</UL>
<BR>[Called By]<UL><LI><a href="#[18c2564]">&gt;&gt;</a>&nbsp;&nbsp;&nbsp;rt_hw_usart_init
</UL>

<P><STRONG><a name="[18c08cc]"></a>NVIC_Configuration</STRONG> (Thumb, 28 bytes, Stack size 8 bytes, usart.o(i.NVIC_Configuration))
<BR><BR>[Stack]<UL><LI>Max Depth = 24<LI>Call Chain = NVIC_Configuration &rArr; NVIC_Init
</UL>
<BR>[Calls]<UL><LI><a href="#[bfd398]">&gt;&gt;</a>&nbsp;&nbsp;&nbsp;NVIC_Init
</UL>
<BR>[Called By]<UL><LI><a href="#[18c2564]">&gt;&gt;</a>&nbsp;&nbsp;&nbsp;rt_hw_usart_init
</UL>

<P><STRONG><a name="[18c0890]"></a>RCC_Configuration</STRONG> (Thumb, 22 bytes, Stack size 8 bytes, usart.o(i.RCC_Configuration))
<BR><BR>[Stack]<UL><LI>Max Depth = 8<LI>Call Chain = RCC_Configuration
</UL>
<BR>[Calls]<UL><LI><a href="#[16d7230]">&gt;&gt;</a>&nbsp;&nbsp;&nbsp;RCC_APB2PeriphClockCmd
</UL>
<BR>[Called By]<UL><LI><a href="#[18c2564]">&gt;&gt;</a>&nbsp;&nbsp;&nbsp;rt_hw_usart_init
</UL>
<P>
<H3>
Undefined Global Symbols
</H3><HR></body></html>
