<!doctype html public "-//w3c//dtd html 4.0 transitional//en">
<html><head>
<title>Static Call Graph - [.\obj\rtthread-stm32.axf]</title></head>
<body><HR>
<H1>Static Call Graph for image .\obj\rtthread-stm32.axf</H1><HR>
<BR><P>#&#060CALLGRAPH&#062# ARM Linker, RVCT4.0 [Build 524]: Last Updated: Wed May 21 23:52:53 2014
<BR><P>
<H3>Maximum Stack Usage =        852 bytes + Unknown(Cycles, Untraceable Function Pointers)</H3><H3>
Call chain for Maximum Stack Depth:</H3>
tcpip_thread &rArr; ethernet_input &rArr; ip_input &rArr; tcp_input &rArr; tcp_listen_input &rArr; tcp_alloc &rArr; tcp_kill_prio &rArr; tcp_abandon &rArr; tcp_pcb_remove &rArr; tcp_output &rArr; tcp_output_segment &rArr; ip_output &rArr; ip_output_if &rArr; ip_frag &rArr; pbuf_alloc &rArr; pbuf_pool_is_empty &rArr; tcpip_callback_with_block &rArr; memp_malloc &rArr; rt_malloc &rArr; rt_sem_take &rArr; rt_ipc_list_suspend &rArr; rt_thread_suspend &rArr; rt_schedule_remove_thread &rArr; rt_kprintf &rArr; vsnprintf &rArr; print_number
<P>
<H3>
Mutually Recursive functions
</H3> <LI><a href="#[28c4e98]">NMI_Handler</a>&nbsp;&nbsp;&nbsp;&rArr;&nbsp;&nbsp;&nbsp;<a href="#[28c4e98]">NMI_Handler</a><BR>
 <LI><a href="#[28c4e20]">MemManage_Handler</a>&nbsp;&nbsp;&nbsp;&rArr;&nbsp;&nbsp;&nbsp;<a href="#[28c4e20]">MemManage_Handler</a><BR>
 <LI><a href="#[28c4de4]">BusFault_Handler</a>&nbsp;&nbsp;&nbsp;&rArr;&nbsp;&nbsp;&nbsp;<a href="#[28c4de4]">BusFault_Handler</a><BR>
 <LI><a href="#[28c4da8]">UsageFault_Handler</a>&nbsp;&nbsp;&nbsp;&rArr;&nbsp;&nbsp;&nbsp;<a href="#[28c4da8]">UsageFault_Handler</a><BR>
 <LI><a href="#[28c4d6c]">SVC_Handler</a>&nbsp;&nbsp;&nbsp;&rArr;&nbsp;&nbsp;&nbsp;<a href="#[28c4d6c]">SVC_Handler</a><BR>
 <LI><a href="#[28c4d30]">DebugMon_Handler</a>&nbsp;&nbsp;&nbsp;&rArr;&nbsp;&nbsp;&nbsp;<a href="#[28c4d30]">DebugMon_Handler</a><BR>
 <LI><a href="#[28c4cf4]">ADC1_2_IRQHandler</a>&nbsp;&nbsp;&nbsp;&rArr;&nbsp;&nbsp;&nbsp;<a href="#[28c4cf4]">ADC1_2_IRQHandler</a><BR>
 <LI><a href="#[285a1a8]">rt_device_write</a>&nbsp;&nbsp;&nbsp;&rArr;&nbsp;&nbsp;&nbsp;<a href="#[28c7490]">rt_kprintf</a><BR>
 <LI><a href="#[28f84ac]">finsh_type_check</a>&nbsp;&nbsp;&nbsp;&rArr;&nbsp;&nbsp;&nbsp;<a href="#[28f84ac]">finsh_type_check</a><BR>
 <LI><a href="#[28f84e8]">finsh_compile</a>&nbsp;&nbsp;&nbsp;&rArr;&nbsp;&nbsp;&nbsp;<a href="#[28f84e8]">finsh_compile</a><BR>
 <LI><a href="#[29e6340]">proc_expr</a>&nbsp;&nbsp;&nbsp;&rArr;&nbsp;&nbsp;&nbsp;<a href="#[29e63f4]">proc_assign_expr</a><BR>
 <LI><a href="#[29e6214]">proc_param_list</a>&nbsp;&nbsp;&nbsp;&rArr;&nbsp;&nbsp;&nbsp;<a href="#[29e63f4]">proc_assign_expr</a><BR>
 <LI><a href="#[29e60e8]">proc_unary_expr</a>&nbsp;&nbsp;&nbsp;&rArr;&nbsp;&nbsp;&nbsp;<a href="#[29e63b8]">proc_cast_expr</a><BR>
 <LI><a href="#[29e63b8]">proc_cast_expr</a>&nbsp;&nbsp;&nbsp;&rArr;&nbsp;&nbsp;&nbsp;<a href="#[29e63b8]">proc_cast_expr</a><BR>
 <LI><a href="#[29e63f4]">proc_assign_expr</a>&nbsp;&nbsp;&nbsp;&rArr;&nbsp;&nbsp;&nbsp;<a href="#[29e63f4]">proc_assign_expr</a><BR>
 <LI><a href="#[3038758]">lwip_send</a>&nbsp;&nbsp;&nbsp;&rArr;&nbsp;&nbsp;&nbsp;<a href="#[303871c]">lwip_sendto</a><BR>
 <LI><a href="#[2f1bb14]">netconn_free</a>&nbsp;&nbsp;&nbsp;&rArr;&nbsp;&nbsp;&nbsp;<a href="#[2f1c078]">netconn_delete</a><BR>
</UL>
<P>
<H3>
Function Pointers
</H3><UL>
 <LI><a href="#[28c4ed4]">Reset_Handler</a>
 <LI><a href="#[28c4e98]">NMI_Handler</a>
 <LI><a href="#[28c4f88]">rt_hw_hard_fault</a>
 <LI><a href="#[28c4e20]">MemManage_Handler</a>
 <LI><a href="#[28c4de4]">BusFault_Handler</a>
 <LI><a href="#[28c4da8]">UsageFault_Handler</a>
 <LI><a href="#[28c4d6c]">SVC_Handler</a>
 <LI><a href="#[28c4d30]">DebugMon_Handler</a>
 <LI><a href="#[28c4f4c]">rt_hw_pend_sv</a>
 <LI><a href="#[28c4f10]">rt_hw_timer_handler</a>
 <LI><a href="#[29dc3a4]">WWDG_IRQHandler</a>
 <LI><a href="#[29dc7dc]">PVD_IRQHandler</a>
 <LI><a href="#[29dc638]">TAMPER_IRQHandler</a>
 <LI><a href="#[29dc728]">RTC_IRQHandler</a>
 <LI><a href="#[29dc908]">FLASH_IRQHandler</a>
 <LI><a href="#[29dc7a0]">RCC_IRQHandler</a>
 <LI><a href="#[29dcaac]">EXTI0_IRQHandler</a>
 <LI><a href="#[29dca34]">EXTI1_IRQHandler</a>
 <LI><a href="#[29dc9f8]">EXTI2_IRQHandler</a>
 <LI><a href="#[29dc9bc]">EXTI3_IRQHandler</a>
 <LI><a href="#[29dc980]">EXTI4_IRQHandler</a>
 <LI><a href="#[29dcc8c]">DMA1_Channel1_IRQHandler</a>
 <LI><a href="#[29dcc50]">DMA1_Channel2_IRQHandler</a>
 <LI><a href="#[29dcc14]">DMA1_Channel3_IRQHandler</a>
 <LI><a href="#[29dcbd8]">DMA1_Channel4_IRQHandler</a>
 <LI><a href="#[29dcb9c]">DMA1_Channel5_IRQHandler</a>
 <LI><a href="#[29dcb60]">DMA1_Channel6_IRQHandler</a>
 <LI><a href="#[28c49ac]">DMA1_Channel7_IRQHandler</a>
 <LI><a href="#[28c4cf4]">ADC1_2_IRQHandler</a>
 <LI><a href="#[28c3db8]">USB_HP_CAN1_TX_IRQHandler</a>
 <LI><a href="#[28c3d7c]">USB_LP_CAN1_RX0_IRQHandler</a>
 <LI><a href="#[28c4c7c]">CAN1_RX1_IRQHandler</a>
 <LI><a href="#[28c4c40]">CAN1_SCE_IRQHandler</a>
 <LI><a href="#[29dc944]">EXTI9_5_IRQHandler</a>
 <LI><a href="#[28c422c]">TIM1_BRK_IRQHandler</a>
 <LI><a href="#[28c4178]">TIM1_UP_IRQHandler</a>
 <LI><a href="#[28c41b4]">TIM1_TRG_COM_IRQHandler</a>
 <LI><a href="#[28c41f0]">TIM1_CC_IRQHandler</a>
 <LI><a href="#[28c413c]">TIM2_IRQHandler</a>
 <LI><a href="#[28c4100]">TIM3_IRQHandler</a>
 <LI><a href="#[28c40c4]">TIM4_IRQHandler</a>
 <LI><a href="#[28c4574]">I2C1_EV_IRQHandler</a>
 <LI><a href="#[28c45b0]">I2C1_ER_IRQHandler</a>
 <LI><a href="#[28c44fc]">I2C2_EV_IRQHandler</a>
 <LI><a href="#[28c4538]">I2C2_ER_IRQHandler</a>
 <LI><a href="#[28c431c]">SPI1_IRQHandler</a>
 <LI><a href="#[28c42e0]">SPI2_IRQHandler</a>
 <LI><a href="#[29dc4d0]">USART1_IRQHandler</a>
 <LI><a href="#[29dc494]">USART2_IRQHandler</a>
 <LI><a href="#[29dc458]">USART3_IRQHandler</a>
 <LI><a href="#[29dca70]">EXTI15_10_IRQHandler</a>
 <LI><a href="#[29dc764]">RTCAlarm_IRQHandler</a>
 <LI><a href="#[28c4484]">OTG_FS_WKUP_IRQHandler</a>
 <LI><a href="#[29dc5c0]">TIM8_BRK_IRQHandler</a>
 <LI><a href="#[29dc50c]">TIM8_UP_IRQHandler</a>
 <LI><a href="#[29dc548]">TIM8_TRG_COM_IRQHandler</a>
 <LI><a href="#[29dc584]">TIM8_CC_IRQHandler</a>
 <LI><a href="#[29dcd04]">ADC3_IRQHandler</a>
 <LI><a href="#[29dc8cc]">FSMC_IRQHandler</a>
 <LI><a href="#[29dc6ec]">SDIO_IRQHandler</a>
 <LI><a href="#[29dc5fc]">TIM5_IRQHandler</a>
 <LI><a href="#[28c42a4]">SPI3_IRQHandler</a>
 <LI><a href="#[28c3ee4]">UART4_IRQHandler</a>
 <LI><a href="#[28c3ea8]">UART5_IRQHandler</a>
 <LI><a href="#[28c404c]">TIM6_IRQHandler</a>
 <LI><a href="#[28c4010]">TIM7_IRQHandler</a>
 <LI><a href="#[28c4970]">DMA2_Channel1_IRQHandler</a>
 <LI><a href="#[29dcb24]">DMA2_Channel2_IRQHandler</a>
 <LI><a href="#[28c48f8]">DMA2_Channel3_IRQHandler</a>
 <LI><a href="#[28c48bc]">DMA2_Channel4_5_IRQHandler</a>
 <LI><a href="#[28c4880]">DMA2_Channel5_IRQHandler</a>
 <LI><a href="#[28c4844]">ETH_IRQHandler</a>
 <LI><a href="#[28c4808]">ETH_WKUP_IRQHandler</a>
 <LI><a href="#[28c4b50]">CAN2_TX_IRQHandler</a>
 <LI><a href="#[28c4c04]">CAN2_RX0_IRQHandler</a>
 <LI><a href="#[28c4bc8]">CAN2_RX1_IRQHandler</a>
 <LI><a href="#[28c4b8c]">CAN2_SCE_IRQHandler</a>
 <LI><a href="#[28c44c0]">OTG_FS_IRQHandler</a>
 <LI><a href="#[29c61e4]">main</a>
 <LI><a href="#[30356d4]">__main</a>
 <LI><a href="#[29b9548]">ENC28J60_TimOut</a>
 <LI><a href="#[29b93e0]">enc28j60_init</a>
 <LI><a href="#[29b93a4]">enc28j60_open</a>
 <LI><a href="#[29b9458]">enc28j60_close</a>
 <LI><a href="#[29b92f0]">enc28j60_read</a>
 <LI><a href="#[29b9200]">enc28j60_write</a>
 <LI><a href="#[29b941c]">enc28j60_control</a>
 <LI><a href="#[29b92b4]">enc28j60_rx</a>
 <LI><a href="#[29b923c]">enc28j60_tx</a>
 <LI><a href="#[28fd498]">rt_thread_exit</a>
 <LI><a href="#[28fd0d8]">rt_thread_timeout</a>
 <LI><a href="#[2fd083c]">arp_timer</a>
 <LI><a href="#[2a9f1e4]">dns_recv</a>
 <LI><a href="#[2fd0800]">dns_timer</a>
 <LI><a href="#[2f19288]">sent_tcp</a>
 <LI><a href="#[2f19378]">poll_tcp</a>
 <LI><a href="#[2f1942c]">err_tcp</a>
 <LI><a href="#[2fcb2b0]">ethernetif_output</a>
 <LI><a href="#[2fcb2ec]">ethernetif_linkoutput</a>
 <LI><a href="#[2fcb3a0]">eth_input</a>
 <LI><a href="#[2fcb3dc]">eth_init</a>
 <LI><a href="#[2fcb364]">eth_rx_thread_entry</a>
 <LI><a href="#[2fcb328]">eth_tx_thread_entry</a>
 <LI><a href="#[29e14f8]">finsh_rx_ind</a>
 <LI><a href="#[29e0fd0]">finsh_thread_entry</a>
 <LI><a href="#[2fd07c4]">ip_reass_timer</a>
 <LI><a href="#[3038fc8]">lwip_setsockopt_internal</a>
 <LI><a href="#[30390f4]">event_callback</a>
 <LI><a href="#[2f1bd6c]">do_delconn</a>
 <LI><a href="#[2f1bcf4]">do_getaddr</a>
 <LI><a href="#[2f1bc40]">do_newconn</a>
 <LI><a href="#[2f1bc04]">do_recv</a>
 <LI><a href="#[2f1bbc8]">do_send</a>
 <LI><a href="#[2f1bb8c]">do_write</a>
 <LI><a href="#[2a99190]">netif_poll</a>
 <LI><a href="#[2a97624]">pbuf_free_ooseq</a>
 <LI><a href="#[2f1933c]">recv_raw</a>
 <LI><a href="#[2f192c4]">recv_udp</a>
 <LI><a href="#[29c6964]">rt_init_thread_entry</a>
 <LI><a href="#[28c5ce4]">rt_serial_init</a>
 <LI><a href="#[28c5ca8]">rt_serial_open</a>
 <LI><a href="#[28c5d98]">rt_serial_close</a>
 <LI><a href="#[28c5c6c]">rt_serial_read</a>
 <LI><a href="#[28c5c30]">rt_serial_write</a>
 <LI><a href="#[28c5d5c]">rt_serial_control</a>
 <LI><a href="#[28599b0]">rt_thread_idle_entry</a>
 <LI><a href="#[2f19300]">recv_tcp</a>
 <LI><a href="#[2f19288]">sent_tcp</a>
 <LI><a href="#[2f19378]">poll_tcp</a>
 <LI><a href="#[2f1942c]">err_tcp</a>
 <LI><a href="#[2f2770c]">tcp_recv_null</a>
 <LI><a href="#[2fd0710]">tcpip_tcp_timer</a>
 <LI><a href="#[2fd06d4]">tcpip_thread</a>
 <LI><a href="#[2fd0710]">tcpip_tcp_timer</a>
 <LI><a href="#[2fd07c4]">ip_reass_timer</a>
 <LI><a href="#[2fd083c]">arp_timer</a>
 <LI><a href="#[2fd0800]">dns_timer</a>
 <LI><a href="#[29e82a8]">OP_no_op</a>
 <LI><a href="#[29e8938]">OP_add_byte</a>
 <LI><a href="#[29e88c0]">OP_add_word</a>
 <LI><a href="#[29e88fc]">OP_add_dword</a>
 <LI><a href="#[29e7f60]">OP_sub_byte</a>
 <LI><a href="#[29e7ee8]">OP_sub_word</a>
 <LI><a href="#[29e7f24]">OP_sub_dword</a>
 <LI><a href="#[29e86e0]">OP_div_byte</a>
 <LI><a href="#[29e8668]">OP_div_word</a>
 <LI><a href="#[29e86a4]">OP_div_dword</a>
 <LI><a href="#[29e8410]">OP_mod_byte</a>
 <LI><a href="#[29e8398]">OP_mod_word</a>
 <LI><a href="#[29e83d4]">OP_mod_dword</a>
 <LI><a href="#[29e835c]">OP_mul_byte</a>
 <LI><a href="#[29e82e4]">OP_mul_word</a>
 <LI><a href="#[29e8320]">OP_mul_dword</a>
 <LI><a href="#[29e8884]">OP_and_byte</a>
 <LI><a href="#[29e880c]">OP_and_word</a>
 <LI><a href="#[29e8848]">OP_and_dword</a>
 <LI><a href="#[29e826c]">OP_or_byte</a>
 <LI><a href="#[29e81f4]">OP_or_word</a>
 <LI><a href="#[29e8230]">OP_or_dword</a>
 <LI><a href="#[29e7eac]">OP_xor_byte</a>
 <LI><a href="#[29e7e34]">OP_xor_word</a>
 <LI><a href="#[29e7e70]">OP_xor_dword</a>
 <LI><a href="#[29e87d0]">OP_bw_byte</a>
 <LI><a href="#[29e8758]">OP_bw_word</a>
 <LI><a href="#[29e8794]">OP_bw_dword</a>
 <LI><a href="#[29e817c]">OP_shl_byte</a>
 <LI><a href="#[29e8104]">OP_shl_word</a>
 <LI><a href="#[29e8140]">OP_shl_dword</a>
 <LI><a href="#[29e80c8]">OP_shr_byte</a>
 <LI><a href="#[29e8050]">OP_shr_word</a>
 <LI><a href="#[29e808c]">OP_shr_dword</a>
 <LI><a href="#[29e862c]">OP_ld_byte</a>
 <LI><a href="#[29e844c]">OP_ld_word</a>
 <LI><a href="#[29e85f0]">OP_ld_dword</a>
 <LI><a href="#[29e85b4]">OP_ld_value_byte</a>
 <LI><a href="#[29e84c4]">OP_ld_value_word</a>
 <LI><a href="#[29e853c]">OP_ld_value_dword</a>
 <LI><a href="#[29e8014]">OP_st_byte</a>
 <LI><a href="#[29e7f9c]">OP_st_word</a>
 <LI><a href="#[29e7fd8]">OP_st_dword</a>
 <LI><a href="#[29e81b8]">OP_pop</a>
 <LI><a href="#[29e871c]">OP_call</a>
 <LI><a href="#[29e8578]">OP_ld_value_byte_stack</a>
 <LI><a href="#[29e8488]">OP_ld_value_word_stack</a>
 <LI><a href="#[29e8500]">OP_ld_value_dword_stack</a>
 <LI><a href="#[284fca8]">list_mem</a>
 <LI><a href="#[28f8efc]">hello</a>
 <LI><a href="#[28f8c68]">version</a>
 <LI><a href="#[28c7094]">list_thread</a>
 <LI><a href="#[28f8ce0]">list_sem</a>
 <LI><a href="#[28f8e48]">list_event</a>
 <LI><a href="#[28f8d58]">list_mutex</a>
 <LI><a href="#[28f8e0c]">list_mailbox</a>
 <LI><a href="#[28f8d94]">list_msgqueue</a>
 <LI><a href="#[28f8dd0]">list_mempool</a>
 <LI><a href="#[28f8ca4]">list_timer</a>
 <LI><a href="#[28f8e84]">list_device</a>
 <LI><a href="#[28f8ec0]">list</a>
 <LI><a href="#[29c5794]">led</a>
 <LI><a href="#[29bdc88]">radio_search</a>
 <LI><a href="#[29ba754]">enc28j60</a>
 <LI><a href="#[29b91c4]">show_reg</a>
 <LI><a href="#[2fcb1fc]">set_if</a>
 <LI><a href="#[2fcb238]">set_dns</a>
 <LI><a href="#[2fcb274]">list_if</a>
 <LI><a href="#[3037aec]">ping</a>
</UL>
<P>
<H3>
Global Symbols
</H3>
<P><STRONG><a name="[30356d4]"></a>__main</STRONG> (Thumb, 0 bytes, Stack size unknown bytes, entry.o(.ARM.Collect$$$$00000000))
<BR>[Address Reference Count : 1]<UL><LI> start_rvds.o(.text)
</UL>
<P><STRONG><a name="[3033be0]"></a>_main_stk</STRONG> (Thumb, 0 bytes, Stack size unknown bytes, entry2.o(.ARM.Collect$$$$00000001))
<BR><BR>[Calls]<UL><LI><a href="#[28c4e98]">&gt;&gt;</a>&nbsp;&nbsp;&nbsp;NMI_Handler
</UL>

<P><STRONG><a name="[3033ab4]"></a>_main_scatterload</STRONG> (Thumb, 0 bytes, Stack size unknown bytes, entry5.o(.ARM.Collect$$$$00000004))
<BR><BR>[Calls]<UL><LI><a href="#[3033424]">&gt;&gt;</a>&nbsp;&nbsp;&nbsp;__scatterload
</UL>

<P><STRONG><a name="[3033a78]"></a>__main_after_scatterload</STRONG> (Thumb, 0 bytes, Stack size unknown bytes, entry5.o(.ARM.Collect$$$$00000004))
<BR><BR>[Called By]<UL><LI><a href="#[3033424]">&gt;&gt;</a>&nbsp;&nbsp;&nbsp;__scatterload
</UL>

<P><STRONG><a name="[3033988]"></a>_main_init</STRONG> (Thumb, 0 bytes, Stack size unknown bytes, entry7.o(.ARM.Collect$$$$00000007))

<P><STRONG><a name="[28c4ed4]"></a>Reset_Handler</STRONG> (Thumb, 10 bytes, Stack size 0 bytes, start_rvds.o(.text))
<BR>[Address Reference Count : 1]<UL><LI> start_rvds.o(RESET)
</UL>
<P><STRONG><a name="[28c4e98]"></a>NMI_Handler</STRONG> (Thumb, 2 bytes, Stack size 0 bytes, start_rvds.o(.text))
<BR><BR>[Calls]<UL><LI><a href="#[28c4e98]">&gt;&gt;</a>&nbsp;&nbsp;&nbsp;NMI_Handler
</UL>
<BR>[Called By]<UL><LI><a href="#[28c4e98]">&gt;&gt;</a>&nbsp;&nbsp;&nbsp;NMI_Handler
<LI><a href="#[3033be0]">&gt;&gt;</a>&nbsp;&nbsp;&nbsp;_main_stk
</UL>
<BR>[Address Reference Count : 1]<UL><LI> start_rvds.o(RESET)
</UL>
<P><STRONG><a name="[28c4e5c]"></a>HardFault_Handler</STRONG> (Thumb, 2 bytes, Stack size 0 bytes, start_rvds.o(.text), UNUSED)
<BR><BR>[Calls]<UL><LI><a href="#[28c4e5c]">&gt;&gt;</a>&nbsp;&nbsp;&nbsp;HardFault_Handler
</UL>
<BR>[Called By]<UL><LI><a href="#[28c4e5c]">&gt;&gt;</a>&nbsp;&nbsp;&nbsp;HardFault_Handler
</UL>

<P><STRONG><a name="[28c4e20]"></a>MemManage_Handler</STRONG> (Thumb, 2 bytes, Stack size 0 bytes, start_rvds.o(.text))
<BR><BR>[Calls]<UL><LI><a href="#[28c4e20]">&gt;&gt;</a>&nbsp;&nbsp;&nbsp;MemManage_Handler
</UL>
<BR>[Called By]<UL><LI><a href="#[28c4e20]">&gt;&gt;</a>&nbsp;&nbsp;&nbsp;MemManage_Handler
</UL>
<BR>[Address Reference Count : 1]<UL><LI> start_rvds.o(RESET)
</UL>
<P><STRONG><a name="[28c4de4]"></a>BusFault_Handler</STRONG> (Thumb, 2 bytes, Stack size 0 bytes, start_rvds.o(.text))
<BR><BR>[Calls]<UL><LI><a href="#[28c4de4]">&gt;&gt;</a>&nbsp;&nbsp;&nbsp;BusFault_Handler
</UL>
<BR>[Called By]<UL><LI><a href="#[28c4de4]">&gt;&gt;</a>&nbsp;&nbsp;&nbsp;BusFault_Handler
</UL>
<BR>[Address Reference Count : 1]<UL><LI> start_rvds.o(RESET)
</UL>
<P><STRONG><a name="[28c4da8]"></a>UsageFault_Handler</STRONG> (Thumb, 2 bytes, Stack size 0 bytes, start_rvds.o(.text))
<BR><BR>[Calls]<UL><LI><a href="#[28c4da8]">&gt;&gt;</a>&nbsp;&nbsp;&nbsp;UsageFault_Handler
</UL>
<BR>[Called By]<UL><LI><a href="#[28c4da8]">&gt;&gt;</a>&nbsp;&nbsp;&nbsp;UsageFault_Handler
</UL>
<BR>[Address Reference Count : 1]<UL><LI> start_rvds.o(RESET)
</UL>
<P><STRONG><a name="[28c4d6c]"></a>SVC_Handler</STRONG> (Thumb, 2 bytes, Stack size 0 bytes, start_rvds.o(.text))
<BR><BR>[Calls]<UL><LI><a href="#[28c4d6c]">&gt;&gt;</a>&nbsp;&nbsp;&nbsp;SVC_Handler
</UL>
<BR>[Called By]<UL><LI><a href="#[28c4d6c]">&gt;&gt;</a>&nbsp;&nbsp;&nbsp;SVC_Handler
</UL>
<BR>[Address Reference Count : 1]<UL><LI> start_rvds.o(RESET)
</UL>
<P><STRONG><a name="[28c4d30]"></a>DebugMon_Handler</STRONG> (Thumb, 2 bytes, Stack size 0 bytes, start_rvds.o(.text))
<BR><BR>[Calls]<UL><LI><a href="#[28c4d30]">&gt;&gt;</a>&nbsp;&nbsp;&nbsp;DebugMon_Handler
</UL>
<BR>[Called By]<UL><LI><a href="#[28c4d30]">&gt;&gt;</a>&nbsp;&nbsp;&nbsp;DebugMon_Handler
</UL>
<BR>[Address Reference Count : 1]<UL><LI> start_rvds.o(RESET)
</UL>
<P><STRONG><a name="[28c4cf4]"></a>ADC1_2_IRQHandler</STRONG> (Thumb, 0 bytes, Stack size 0 bytes, start_rvds.o(.text))
<BR><BR>[Calls]<UL><LI><a href="#[28c4cf4]">&gt;&gt;</a>&nbsp;&nbsp;&nbsp;ADC1_2_IRQHandler
</UL>
<BR>[Called By]<UL><LI><a href="#[28c4cf4]">&gt;&gt;</a>&nbsp;&nbsp;&nbsp;ADC1_2_IRQHandler
</UL>
<BR>[Address Reference Count : 1]<UL><LI> start_rvds.o(RESET)
</UL>
<P><STRONG><a name="[28c4c7c]"></a>CAN1_RX1_IRQHandler</STRONG> (Thumb, 0 bytes, Stack size 0 bytes, start_rvds.o(.text))
<BR>[Address Reference Count : 1]<UL><LI> start_rvds.o(RESET)
</UL>
<P><STRONG><a name="[28c4c40]"></a>CAN1_SCE_IRQHandler</STRONG> (Thumb, 0 bytes, Stack size 0 bytes, start_rvds.o(.text))
<BR>[Address Reference Count : 1]<UL><LI> start_rvds.o(RESET)
</UL>
<P><STRONG><a name="[28c4c04]"></a>CAN2_RX0_IRQHandler</STRONG> (Thumb, 0 bytes, Stack size 0 bytes, start_rvds.o(.text))
<BR>[Address Reference Count : 1]<UL><LI> start_rvds.o(RESET)
</UL>
<P><STRONG><a name="[28c4bc8]"></a>CAN2_RX1_IRQHandler</STRONG> (Thumb, 0 bytes, Stack size 0 bytes, start_rvds.o(.text))
<BR>[Address Reference Count : 1]<UL><LI> start_rvds.o(RESET)
</UL>
<P><STRONG><a name="[28c4b8c]"></a>CAN2_SCE_IRQHandler</STRONG> (Thumb, 0 bytes, Stack size 0 bytes, start_rvds.o(.text))
<BR>[Address Reference Count : 1]<UL><LI> start_rvds.o(RESET)
</UL>
<P><STRONG><a name="[28c4b50]"></a>CAN2_TX_IRQHandler</STRONG> (Thumb, 0 bytes, Stack size 0 bytes, start_rvds.o(.text))
<BR>[Address Reference Count : 1]<UL><LI> start_rvds.o(RESET)
</UL>
<P><STRONG><a name="[28c49ac]"></a>DMA1_Channel7_IRQHandler</STRONG> (Thumb, 0 bytes, Stack size 0 bytes, start_rvds.o(.text))
<BR>[Address Reference Count : 1]<UL><LI> start_rvds.o(RESET)
</UL>
<P><STRONG><a name="[28c4970]"></a>DMA2_Channel1_IRQHandler</STRONG> (Thumb, 0 bytes, Stack size 0 bytes, start_rvds.o(.text))
<BR>[Address Reference Count : 1]<UL><LI> start_rvds.o(RESET)
</UL>
<P><STRONG><a name="[28c48f8]"></a>DMA2_Channel3_IRQHandler</STRONG> (Thumb, 0 bytes, Stack size 0 bytes, start_rvds.o(.text))
<BR>[Address Reference Count : 1]<UL><LI> start_rvds.o(RESET)
</UL>
<P><STRONG><a name="[28c48bc]"></a>DMA2_Channel4_5_IRQHandler</STRONG> (Thumb, 0 bytes, Stack size 0 bytes, start_rvds.o(.text))
<BR>[Address Reference Count : 1]<UL><LI> start_rvds.o(RESET)
</UL>
<P><STRONG><a name="[28c4880]"></a>DMA2_Channel5_IRQHandler</STRONG> (Thumb, 0 bytes, Stack size 0 bytes, start_rvds.o(.text))
<BR>[Address Reference Count : 1]<UL><LI> start_rvds.o(RESET)
</UL>
<P><STRONG><a name="[28c4844]"></a>ETH_IRQHandler</STRONG> (Thumb, 0 bytes, Stack size 0 bytes, start_rvds.o(.text))
<BR>[Address Reference Count : 1]<UL><LI> start_rvds.o(RESET)
</UL>
<P><STRONG><a name="[28c4808]"></a>ETH_WKUP_IRQHandler</STRONG> (Thumb, 0 bytes, Stack size 0 bytes, start_rvds.o(.text))
<BR>[Address Reference Count : 1]<UL><LI> start_rvds.o(RESET)
</UL>
<P><STRONG><a name="[28c45b0]"></a>I2C1_ER_IRQHandler</STRONG> (Thumb, 0 bytes, Stack size 0 bytes, start_rvds.o(.text))
<BR>[Address Reference Count : 1]<UL><LI> start_rvds.o(RESET)
</UL>
<P><STRONG><a name="[28c4574]"></a>I2C1_EV_IRQHandler</STRONG> (Thumb, 0 bytes, Stack size 0 bytes, start_rvds.o(.text))
<BR>[Address Reference Count : 1]<UL><LI> start_rvds.o(RESET)
</UL>
<P><STRONG><a name="[28c4538]"></a>I2C2_ER_IRQHandler</STRONG> (Thumb, 0 bytes, Stack size 0 bytes, start_rvds.o(.text))
<BR>[Address Reference Count : 1]<UL><LI> start_rvds.o(RESET)
</UL>
<P><STRONG><a name="[28c44fc]"></a>I2C2_EV_IRQHandler</STRONG> (Thumb, 0 bytes, Stack size 0 bytes, start_rvds.o(.text))
<BR>[Address Reference Count : 1]<UL><LI> start_rvds.o(RESET)
</UL>
<P><STRONG><a name="[28c44c0]"></a>OTG_FS_IRQHandler</STRONG> (Thumb, 0 bytes, Stack size 0 bytes, start_rvds.o(.text))
<BR>[Address Reference Count : 1]<UL><LI> start_rvds.o(RESET)
</UL>
<P><STRONG><a name="[28c4484]"></a>OTG_FS_WKUP_IRQHandler</STRONG> (Thumb, 0 bytes, Stack size 0 bytes, start_rvds.o(.text))
<BR>[Address Reference Count : 1]<UL><LI> start_rvds.o(RESET)
</UL>
<P><STRONG><a name="[28c431c]"></a>SPI1_IRQHandler</STRONG> (Thumb, 0 bytes, Stack size 0 bytes, start_rvds.o(.text))
<BR>[Address Reference Count : 1]<UL><LI> start_rvds.o(RESET)
</UL>
<P><STRONG><a name="[28c42e0]"></a>SPI2_IRQHandler</STRONG> (Thumb, 0 bytes, Stack size 0 bytes, start_rvds.o(.text))
<BR>[Address Reference Count : 1]<UL><LI> start_rvds.o(RESET)
</UL>
<P><STRONG><a name="[28c42a4]"></a>SPI3_IRQHandler</STRONG> (Thumb, 0 bytes, Stack size 0 bytes, start_rvds.o(.text))
<BR>[Address Reference Count : 1]<UL><LI> start_rvds.o(RESET)
</UL>
<P><STRONG><a name="[28c422c]"></a>TIM1_BRK_IRQHandler</STRONG> (Thumb, 0 bytes, Stack size 0 bytes, start_rvds.o(.text))
<BR>[Address Reference Count : 1]<UL><LI> start_rvds.o(RESET)
</UL>
<P><STRONG><a name="[28c41f0]"></a>TIM1_CC_IRQHandler</STRONG> (Thumb, 0 bytes, Stack size 0 bytes, start_rvds.o(.text))
<BR>[Address Reference Count : 1]<UL><LI> start_rvds.o(RESET)
</UL>
<P><STRONG><a name="[28c41b4]"></a>TIM1_TRG_COM_IRQHandler</STRONG> (Thumb, 0 bytes, Stack size 0 bytes, start_rvds.o(.text))
<BR>[Address Reference Count : 1]<UL><LI> start_rvds.o(RESET)
</UL>
<P><STRONG><a name="[28c4178]"></a>TIM1_UP_IRQHandler</STRONG> (Thumb, 0 bytes, Stack size 0 bytes, start_rvds.o(.text))
<BR>[Address Reference Count : 1]<UL><LI> start_rvds.o(RESET)
</UL>
<P><STRONG><a name="[28c413c]"></a>TIM2_IRQHandler</STRONG> (Thumb, 0 bytes, Stack size 0 bytes, start_rvds.o(.text))
<BR>[Address Reference Count : 1]<UL><LI> start_rvds.o(RESET)
</UL>
<P><STRONG><a name="[28c4100]"></a>TIM3_IRQHandler</STRONG> (Thumb, 0 bytes, Stack size 0 bytes, start_rvds.o(.text))
<BR>[Address Reference Count : 1]<UL><LI> start_rvds.o(RESET)
</UL>
<P><STRONG><a name="[28c40c4]"></a>TIM4_IRQHandler</STRONG> (Thumb, 0 bytes, Stack size 0 bytes, start_rvds.o(.text))
<BR>[Address Reference Count : 1]<UL><LI> start_rvds.o(RESET)
</UL>
<P><STRONG><a name="[28c404c]"></a>TIM6_IRQHandler</STRONG> (Thumb, 0 bytes, Stack size 0 bytes, start_rvds.o(.text))
<BR>[Address Reference Count : 1]<UL><LI> start_rvds.o(RESET)
</UL>
<P><STRONG><a name="[28c4010]"></a>TIM7_IRQHandler</STRONG> (Thumb, 0 bytes, Stack size 0 bytes, start_rvds.o(.text))
<BR>[Address Reference Count : 1]<UL><LI> start_rvds.o(RESET)
</UL>
<P><STRONG><a name="[28c3ee4]"></a>UART4_IRQHandler</STRONG> (Thumb, 0 bytes, Stack size 0 bytes, start_rvds.o(.text))
<BR>[Address Reference Count : 1]<UL><LI> start_rvds.o(RESET)
</UL>
<P><STRONG><a name="[28c3ea8]"></a>UART5_IRQHandler</STRONG> (Thumb, 0 bytes, Stack size 0 bytes, start_rvds.o(.text))
<BR>[Address Reference Count : 1]<UL><LI> start_rvds.o(RESET)
</UL>
<P><STRONG><a name="[28c3db8]"></a>USB_HP_CAN1_TX_IRQHandler</STRONG> (Thumb, 0 bytes, Stack size 0 bytes, start_rvds.o(.text))
<BR>[Address Reference Count : 1]<UL><LI> start_rvds.o(RESET)
</UL>
<P><STRONG><a name="[28c3d7c]"></a>USB_LP_CAN1_RX0_IRQHandler</STRONG> (Thumb, 0 bytes, Stack size 0 bytes, start_rvds.o(.text))
<BR>[Address Reference Count : 1]<UL><LI> start_rvds.o(RESET)
</UL>
<P><STRONG><a name="[28c5834]"></a>rt_hw_interrupt_disable</STRONG> (Thumb, 8 bytes, Stack size 0 bytes, context_rvds.o(.text))
<BR><BR>[Called By]<UL><LI><a href="#[2853ca4]">&gt;&gt;</a>&nbsp;&nbsp;&nbsp;rt_interrupt_leave
<LI><a href="#[2853ce0]">&gt;&gt;</a>&nbsp;&nbsp;&nbsp;rt_interrupt_enter
<LI><a href="#[28542bc]">&gt;&gt;</a>&nbsp;&nbsp;&nbsp;rt_timer_start
<LI><a href="#[2854334]">&gt;&gt;</a>&nbsp;&nbsp;&nbsp;rt_thread_suspend
<LI><a href="#[2854370]">&gt;&gt;</a>&nbsp;&nbsp;&nbsp;rt_thread_resume
<LI><a href="#[28543e8]">&gt;&gt;</a>&nbsp;&nbsp;&nbsp;rt_schedule
<LI><a href="#[28544d8]">&gt;&gt;</a>&nbsp;&nbsp;&nbsp;rt_object_allocate
<LI><a href="#[28545c8]">&gt;&gt;</a>&nbsp;&nbsp;&nbsp;rt_sem_take
<LI><a href="#[2854604]">&gt;&gt;</a>&nbsp;&nbsp;&nbsp;rt_sem_release
<LI><a href="#[2854af0]">&gt;&gt;</a>&nbsp;&nbsp;&nbsp;rt_mb_send_wait
<LI><a href="#[2854b68]">&gt;&gt;</a>&nbsp;&nbsp;&nbsp;rt_mb_recv
<LI><a href="#[28551bc]">&gt;&gt;</a>&nbsp;&nbsp;&nbsp;rt_ipc_list_resume_all
<LI><a href="#[28596a4]">&gt;&gt;</a>&nbsp;&nbsp;&nbsp;rt_object_delete
<LI><a href="#[28599b0]">&gt;&gt;</a>&nbsp;&nbsp;&nbsp;rt_thread_idle_entry
<LI><a href="#[285a07c]">&gt;&gt;</a>&nbsp;&nbsp;&nbsp;rt_object_init
<LI><a href="#[285a0b8]">&gt;&gt;</a>&nbsp;&nbsp;&nbsp;rt_object_detach
<LI><a href="#[285a130]">&gt;&gt;</a>&nbsp;&nbsp;&nbsp;rt_exit_critical
<LI><a href="#[285a16c]">&gt;&gt;</a>&nbsp;&nbsp;&nbsp;rt_enter_critical
<LI><a href="#[28c3020]">&gt;&gt;</a>&nbsp;&nbsp;&nbsp;rt_timer_check
<LI><a href="#[28c305c]">&gt;&gt;</a>&nbsp;&nbsp;&nbsp;rt_thread_yield
<LI><a href="#[28c5780]">&gt;&gt;</a>&nbsp;&nbsp;&nbsp;rt_mp_alloc
<LI><a href="#[28c58e8]">&gt;&gt;</a>&nbsp;&nbsp;&nbsp;rt_hw_serial_isr
<LI><a href="#[28c5c30]">&gt;&gt;</a>&nbsp;&nbsp;&nbsp;rt_serial_write
<LI><a href="#[28c5c6c]">&gt;&gt;</a>&nbsp;&nbsp;&nbsp;rt_serial_read
<LI><a href="#[28fd09c]">&gt;&gt;</a>&nbsp;&nbsp;&nbsp;rt_timer_detach
<LI><a href="#[28fd114]">&gt;&gt;</a>&nbsp;&nbsp;&nbsp;rt_thread_sleep
<LI><a href="#[28fd498]">&gt;&gt;</a>&nbsp;&nbsp;&nbsp;rt_thread_exit
<LI><a href="#[28ff400]">&gt;&gt;</a>&nbsp;&nbsp;&nbsp;rt_schedule_remove_thread
<LI><a href="#[28ff43c]">&gt;&gt;</a>&nbsp;&nbsp;&nbsp;rt_schedule_insert_thread
<LI><a href="#[28ff7c0]">&gt;&gt;</a>&nbsp;&nbsp;&nbsp;_rt_scheduler_stack_check
<LI><a href="#[29ba5b0]">&gt;&gt;</a>&nbsp;&nbsp;&nbsp;spi_write_op
<LI><a href="#[29c61e4]">&gt;&gt;</a>&nbsp;&nbsp;&nbsp;main
</UL>

<P><STRONG><a name="[28c57f8]"></a>rt_hw_interrupt_enable</STRONG> (Thumb, 6 bytes, Stack size 0 bytes, context_rvds.o(.text))
<BR><BR>[Called By]<UL><LI><a href="#[2853ca4]">&gt;&gt;</a>&nbsp;&nbsp;&nbsp;rt_interrupt_leave
<LI><a href="#[2853ce0]">&gt;&gt;</a>&nbsp;&nbsp;&nbsp;rt_interrupt_enter
<LI><a href="#[28542bc]">&gt;&gt;</a>&nbsp;&nbsp;&nbsp;rt_timer_start
<LI><a href="#[2854334]">&gt;&gt;</a>&nbsp;&nbsp;&nbsp;rt_thread_suspend
<LI><a href="#[2854370]">&gt;&gt;</a>&nbsp;&nbsp;&nbsp;rt_thread_resume
<LI><a href="#[28543e8]">&gt;&gt;</a>&nbsp;&nbsp;&nbsp;rt_schedule
<LI><a href="#[28544d8]">&gt;&gt;</a>&nbsp;&nbsp;&nbsp;rt_object_allocate
<LI><a href="#[28545c8]">&gt;&gt;</a>&nbsp;&nbsp;&nbsp;rt_sem_take
<LI><a href="#[2854604]">&gt;&gt;</a>&nbsp;&nbsp;&nbsp;rt_sem_release
<LI><a href="#[2854af0]">&gt;&gt;</a>&nbsp;&nbsp;&nbsp;rt_mb_send_wait
<LI><a href="#[2854b68]">&gt;&gt;</a>&nbsp;&nbsp;&nbsp;rt_mb_recv
<LI><a href="#[28551bc]">&gt;&gt;</a>&nbsp;&nbsp;&nbsp;rt_ipc_list_resume_all
<LI><a href="#[28596a4]">&gt;&gt;</a>&nbsp;&nbsp;&nbsp;rt_object_delete
<LI><a href="#[28599b0]">&gt;&gt;</a>&nbsp;&nbsp;&nbsp;rt_thread_idle_entry
<LI><a href="#[285a07c]">&gt;&gt;</a>&nbsp;&nbsp;&nbsp;rt_object_init
<LI><a href="#[285a0b8]">&gt;&gt;</a>&nbsp;&nbsp;&nbsp;rt_object_detach
<LI><a href="#[285a130]">&gt;&gt;</a>&nbsp;&nbsp;&nbsp;rt_exit_critical
<LI><a href="#[285a16c]">&gt;&gt;</a>&nbsp;&nbsp;&nbsp;rt_enter_critical
<LI><a href="#[28c3020]">&gt;&gt;</a>&nbsp;&nbsp;&nbsp;rt_timer_check
<LI><a href="#[28c305c]">&gt;&gt;</a>&nbsp;&nbsp;&nbsp;rt_thread_yield
<LI><a href="#[28c5780]">&gt;&gt;</a>&nbsp;&nbsp;&nbsp;rt_mp_alloc
<LI><a href="#[28c58e8]">&gt;&gt;</a>&nbsp;&nbsp;&nbsp;rt_hw_serial_isr
<LI><a href="#[28c5c30]">&gt;&gt;</a>&nbsp;&nbsp;&nbsp;rt_serial_write
<LI><a href="#[28c5c6c]">&gt;&gt;</a>&nbsp;&nbsp;&nbsp;rt_serial_read
<LI><a href="#[28fd09c]">&gt;&gt;</a>&nbsp;&nbsp;&nbsp;rt_timer_detach
<LI><a href="#[28fd114]">&gt;&gt;</a>&nbsp;&nbsp;&nbsp;rt_thread_sleep
<LI><a href="#[28fd498]">&gt;&gt;</a>&nbsp;&nbsp;&nbsp;rt_thread_exit
<LI><a href="#[28ff400]">&gt;&gt;</a>&nbsp;&nbsp;&nbsp;rt_schedule_remove_thread
<LI><a href="#[28ff43c]">&gt;&gt;</a>&nbsp;&nbsp;&nbsp;rt_schedule_insert_thread
<LI><a href="#[29ba5b0]">&gt;&gt;</a>&nbsp;&nbsp;&nbsp;spi_write_op
</UL>

<P><STRONG><a name="[28c3bd8]"></a>rt_hw_context_switch</STRONG> (Thumb, 32 bytes, Stack size 0 bytes, context_rvds.o(.text))
<BR><BR>[Called By]<UL><LI><a href="#[28543e8]">&gt;&gt;</a>&nbsp;&nbsp;&nbsp;rt_schedule
</UL>

<P><STRONG><a name="[28c3b9c]"></a>rt_hw_context_switch_interrupt</STRONG> (Thumb, 0 bytes, Stack size 0 bytes, context_rvds.o(.text))
<BR><BR>[Called By]<UL><LI><a href="#[28543e8]">&gt;&gt;</a>&nbsp;&nbsp;&nbsp;rt_schedule
</UL>

<P><STRONG><a name="[28c4f4c]"></a>rt_hw_pend_sv</STRONG> (Thumb, 60 bytes, Stack size 0 bytes, context_rvds.o(.text))
<BR>[Address Reference Count : 1]<UL><LI> start_rvds.o(RESET)
</UL>
<P><STRONG><a name="[28c3b60]"></a>rt_hw_context_switch_to</STRONG> (Thumb, 38 bytes, Stack size 0 bytes, context_rvds.o(.text))
<BR><BR>[Called By]<UL><LI><a href="#[28ff34c]">&gt;&gt;</a>&nbsp;&nbsp;&nbsp;rt_system_scheduler_start
</UL>

<P><STRONG><a name="[28c3b24]"></a>rt_hw_interrupt_thread_switch</STRONG> (Thumb, 4 bytes, Stack size 0 bytes, context_rvds.o(.text), UNUSED)

<P><STRONG><a name="[28c4f88]"></a>rt_hw_hard_fault</STRONG> (Thumb, 20 bytes, Stack size 0 bytes, fault_rvds.o(.text))
<BR><BR>[Stack]<UL><LI>Max Depth = 212<LI>Call Chain = rt_hw_hard_fault &rArr; rt_hw_hard_fault_exception &rArr; list_thread &rArr; rt_kprintf &rArr; vsnprintf &rArr; print_number
</UL>
<BR>[Calls]<UL><LI><a href="#[28c70d0]">&gt;&gt;</a>&nbsp;&nbsp;&nbsp;rt_hw_hard_fault_exception
</UL>
<BR>[Address Reference Count : 1]<UL><LI> start_rvds.o(RESET)
</UL>
<P><STRONG><a name="[3035314]"></a>__rt_ctype_table</STRONG> (Thumb, 4 bytes, Stack size 0 bytes, ctype_o.o(.text))
<BR><BR>[Called By]<UL><LI><a href="#[29e493c]">&gt;&gt;</a>&nbsp;&nbsp;&nbsp;token_proc_number
<LI><a href="#[3033550]">&gt;&gt;</a>&nbsp;&nbsp;&nbsp;strtol
</UL>

<P><STRONG><a name="[30346a8]"></a>__aeabi_memcpy</STRONG> (Thumb, 36 bytes, Stack size 0 bytes, memcpya.o(.text))
<BR><BR>[Called By]<UL><LI><a href="#[29e1174]">&gt;&gt;</a>&nbsp;&nbsp;&nbsp;finsh_push_history
<LI><a href="#[29e11b0]">&gt;&gt;</a>&nbsp;&nbsp;&nbsp;finsh_handle_history
<LI><a href="#[2a98efc]">&gt;&gt;</a>&nbsp;&nbsp;&nbsp;pbuf_copy
<LI><a href="#[2a9e668]">&gt;&gt;</a>&nbsp;&nbsp;&nbsp;pbuf_copy_partial
<LI><a href="#[2a9e848]">&gt;&gt;</a>&nbsp;&nbsp;&nbsp;dns_setserver
<LI><a href="#[2a9e8c0]">&gt;&gt;</a>&nbsp;&nbsp;&nbsp;dns_getserver
<LI><a href="#[2a9f1a8]">&gt;&gt;</a>&nbsp;&nbsp;&nbsp;dns_send
<LI><a href="#[2a9f1e4]">&gt;&gt;</a>&nbsp;&nbsp;&nbsp;dns_recv
<LI><a href="#[2f1bcf4]">&gt;&gt;</a>&nbsp;&nbsp;&nbsp;do_getaddr
<LI><a href="#[2f1e4cc]">&gt;&gt;</a>&nbsp;&nbsp;&nbsp;ip_reass_free_complete_datagram
<LI><a href="#[2f1e508]">&gt;&gt;</a>&nbsp;&nbsp;&nbsp;ip_reass_enqueue_new_datagram
<LI><a href="#[2f1f9a8]">&gt;&gt;</a>&nbsp;&nbsp;&nbsp;ip_reass
<LI><a href="#[2f1f9e4]">&gt;&gt;</a>&nbsp;&nbsp;&nbsp;ip_frag
<LI><a href="#[2f22414]">&gt;&gt;</a>&nbsp;&nbsp;&nbsp;icmp_send_response
<LI><a href="#[2f274f0]">&gt;&gt;</a>&nbsp;&nbsp;&nbsp;tcp_enqueue
<LI><a href="#[2fce2f8]">&gt;&gt;</a>&nbsp;&nbsp;&nbsp;etharp_arp_input
<LI><a href="#[2fce6b8]">&gt;&gt;</a>&nbsp;&nbsp;&nbsp;etharp_raw
<LI><a href="#[30387d0]">&gt;&gt;</a>&nbsp;&nbsp;&nbsp;lwip_recvfrom
</UL>

<P><STRONG><a name="[303466c]"></a>__aeabi_memcpy4</STRONG> (Thumb, 0 bytes, Stack size 0 bytes, memcpya.o(.text))
<BR><BR>[Called By]<UL><LI><a href="#[28f8e84]">&gt;&gt;</a>&nbsp;&nbsp;&nbsp;list_device
<LI><a href="#[2f27694]">&gt;&gt;</a>&nbsp;&nbsp;&nbsp;tcp_seg_copy
</UL>

<P><STRONG><a name="[3034630]"></a>__aeabi_memcpy8</STRONG> (Thumb, 0 bytes, Stack size 0 bytes, memcpya.o(.text), UNUSED)

<P><STRONG><a name="[3034540]"></a>__aeabi_memset</STRONG> (Thumb, 14 bytes, Stack size 0 bytes, memseta.o(.text))
<BR><BR>[Called By]<UL><LI><a href="#[30343d8]">&gt;&gt;</a>&nbsp;&nbsp;&nbsp;_memset$wrapper
<LI><a href="#[303448c]">&gt;&gt;</a>&nbsp;&nbsp;&nbsp;__aeabi_memclr
</UL>

<P><STRONG><a name="[3034504]"></a>__aeabi_memset4</STRONG> (Thumb, 0 bytes, Stack size 0 bytes, memseta.o(.text), UNUSED)

<P><STRONG><a name="[30344c8]"></a>__aeabi_memset8</STRONG> (Thumb, 0 bytes, Stack size 0 bytes, memseta.o(.text), UNUSED)

<P><STRONG><a name="[303448c]"></a>__aeabi_memclr</STRONG> (Thumb, 4 bytes, Stack size 0 bytes, memseta.o(.text))
<BR><BR>[Calls]<UL><LI><a href="#[3034540]">&gt;&gt;</a>&nbsp;&nbsp;&nbsp;__aeabi_memset
</UL>
<BR>[Called By]<UL><LI><a href="#[28f6274]">&gt;&gt;</a>&nbsp;&nbsp;&nbsp;finsh_heap_init
<LI><a href="#[28f7c78]">&gt;&gt;</a>&nbsp;&nbsp;&nbsp;finsh_compiler_run
<LI><a href="#[29e1174]">&gt;&gt;</a>&nbsp;&nbsp;&nbsp;finsh_push_history
<LI><a href="#[2a9f1a8]">&gt;&gt;</a>&nbsp;&nbsp;&nbsp;dns_send
</UL>

<P><STRONG><a name="[3034450]"></a>__aeabi_memclr4</STRONG> (Thumb, 0 bytes, Stack size 0 bytes, memseta.o(.text))
<BR><BR>[Called By]<UL><LI><a href="#[28f56f8]">&gt;&gt;</a>&nbsp;&nbsp;&nbsp;finsh_var_init
<LI><a href="#[28f5734]">&gt;&gt;</a>&nbsp;&nbsp;&nbsp;finsh_parser_init
<LI><a href="#[28f5770]">&gt;&gt;</a>&nbsp;&nbsp;&nbsp;finsh_node_init
<LI><a href="#[28f62ec]">&gt;&gt;</a>&nbsp;&nbsp;&nbsp;finsh_heap_allocate
<LI><a href="#[29e0fd0]">&gt;&gt;</a>&nbsp;&nbsp;&nbsp;finsh_thread_entry
<LI><a href="#[29e1048]">&gt;&gt;</a>&nbsp;&nbsp;&nbsp;finsh_system_init
<LI><a href="#[29e5e54]">&gt;&gt;</a>&nbsp;&nbsp;&nbsp;finsh_token_init
<LI><a href="#[2a9106c]">&gt;&gt;</a>&nbsp;&nbsp;&nbsp;tcp_alloc
<LI><a href="#[2a95ef0]">&gt;&gt;</a>&nbsp;&nbsp;&nbsp;raw_new
<LI><a href="#[2a9e4c4]">&gt;&gt;</a>&nbsp;&nbsp;&nbsp;udp_new
<LI><a href="#[2f1e508]">&gt;&gt;</a>&nbsp;&nbsp;&nbsp;ip_reass_enqueue_new_datagram
</UL>

<P><STRONG><a name="[3034414]"></a>__aeabi_memclr8</STRONG> (Thumb, 0 bytes, Stack size 0 bytes, memseta.o(.text), UNUSED)

<P><STRONG><a name="[30343d8]"></a>_memset$wrapper</STRONG> (Thumb, 20 bytes, Stack size 8 bytes, memseta.o(.text), UNUSED)
<BR><BR>[Calls]<UL><LI><a href="#[3034540]">&gt;&gt;</a>&nbsp;&nbsp;&nbsp;__aeabi_memset
</UL>

<P><STRONG><a name="[30342e8]"></a>strncpy</STRONG> (Thumb, 24 bytes, Stack size 8 bytes, strncpy.o(.text))
<BR><BR>[Stack]<UL><LI>Max Depth = 8<LI>Call Chain = strncpy
</UL>
<BR>[Called By]<UL><LI><a href="#[28f4744]">&gt;&gt;</a>&nbsp;&nbsp;&nbsp;finsh_node_new_string
<LI><a href="#[29e5ddc]">&gt;&gt;</a>&nbsp;&nbsp;&nbsp;finsh_var_insert
<LI><a href="#[29e62c8]">&gt;&gt;</a>&nbsp;&nbsp;&nbsp;proc_identifier
</UL>

<P><STRONG><a name="[30341f8]"></a>strlen</STRONG> (Thumb, 16 bytes, Stack size 0 bytes, strlen.o(.text))
<BR><BR>[Called By]<UL><LI><a href="#[28f46cc]">&gt;&gt;</a>&nbsp;&nbsp;&nbsp;finsh_sysvar_lookup
<LI><a href="#[28f4708]">&gt;&gt;</a>&nbsp;&nbsp;&nbsp;finsh_syscall_lookup
<LI><a href="#[28f4744]">&gt;&gt;</a>&nbsp;&nbsp;&nbsp;finsh_node_new_string
<LI><a href="#[28f8d1c]">&gt;&gt;</a>&nbsp;&nbsp;&nbsp;list_prefix
<LI><a href="#[29e0fd0]">&gt;&gt;</a>&nbsp;&nbsp;&nbsp;finsh_thread_entry
<LI><a href="#[29e11b0]">&gt;&gt;</a>&nbsp;&nbsp;&nbsp;finsh_handle_history
<LI><a href="#[29e493c]">&gt;&gt;</a>&nbsp;&nbsp;&nbsp;token_proc_number
<LI><a href="#[29e4a2c]">&gt;&gt;</a>&nbsp;&nbsp;&nbsp;token_next_char
</UL>

<P><STRONG><a name="[3034018]"></a>strncmp</STRONG> (Thumb, 30 bytes, Stack size 12 bytes, strncmp.o(.text))
<BR><BR>[Stack]<UL><LI>Max Depth = 12<LI>Call Chain = strncmp
</UL>
<BR>[Called By]<UL><LI><a href="#[28f4690]">&gt;&gt;</a>&nbsp;&nbsp;&nbsp;finsh_var_lookup
<LI><a href="#[28f46cc]">&gt;&gt;</a>&nbsp;&nbsp;&nbsp;finsh_sysvar_lookup
<LI><a href="#[28f4708]">&gt;&gt;</a>&nbsp;&nbsp;&nbsp;finsh_syscall_lookup
<LI><a href="#[29e5ddc]">&gt;&gt;</a>&nbsp;&nbsp;&nbsp;finsh_var_insert
</UL>

<P><STRONG><a name="[3033dc0]"></a>atoi</STRONG> (Thumb, 26 bytes, Stack size 16 bytes, atoi.o(.text))
<BR><BR>[Stack]<UL><LI>Max Depth = 88<LI>Call Chain = atoi &rArr; strtol &rArr; _strtoul
</UL>
<BR>[Calls]<UL><LI><a href="#[3033550]">&gt;&gt;</a>&nbsp;&nbsp;&nbsp;strtol
<LI><a href="#[30336f4]">&gt;&gt;</a>&nbsp;&nbsp;&nbsp;__aeabi_errno_addr
</UL>
<BR>[Called By]<UL><LI><a href="#[29e49b4]">&gt;&gt;</a>&nbsp;&nbsp;&nbsp;token_proc_char
</UL>

<P><STRONG><a name="[3033550]"></a>strtol</STRONG> (Thumb, 112 bytes, Stack size 32 bytes, strtol.o(.text))
<BR><BR>[Stack]<UL><LI>Max Depth = 72<LI>Call Chain = strtol &rArr; _strtoul
</UL>
<BR>[Calls]<UL><LI><a href="#[3033208]">&gt;&gt;</a>&nbsp;&nbsp;&nbsp;_strtoul
<LI><a href="#[30336f4]">&gt;&gt;</a>&nbsp;&nbsp;&nbsp;__aeabi_errno_addr
<LI><a href="#[3035314]">&gt;&gt;</a>&nbsp;&nbsp;&nbsp;__rt_ctype_table
</UL>
<BR>[Called By]<UL><LI><a href="#[3033dc0]">&gt;&gt;</a>&nbsp;&nbsp;&nbsp;atoi
</UL>

<P><STRONG><a name="[3033424]"></a>__scatterload</STRONG> (Thumb, 28 bytes, Stack size 0 bytes, init.o(.text))
<BR><BR>[Calls]<UL><LI><a href="#[3033a78]">&gt;&gt;</a>&nbsp;&nbsp;&nbsp;__main_after_scatterload
</UL>
<BR>[Called By]<UL><LI><a href="#[3033ab4]">&gt;&gt;</a>&nbsp;&nbsp;&nbsp;_main_scatterload
</UL>

<P><STRONG><a name="[30333e8]"></a>__scatterload_rt2</STRONG> (Thumb, 0 bytes, Stack size 0 bytes, init.o(.text), UNUSED)

<P><STRONG><a name="[3033208]"></a>_strtoul</STRONG> (Thumb, 152 bytes, Stack size 40 bytes, _strtoul.o(.text))
<BR><BR>[Stack]<UL><LI>Max Depth = 40<LI>Call Chain = _strtoul
</UL>
<BR>[Calls]<UL><LI><a href="#[30330dc]">&gt;&gt;</a>&nbsp;&nbsp;&nbsp;_chval
<LI><a href="#[30336f4]">&gt;&gt;</a>&nbsp;&nbsp;&nbsp;__aeabi_errno_addr
</UL>
<BR>[Called By]<UL><LI><a href="#[3033550]">&gt;&gt;</a>&nbsp;&nbsp;&nbsp;strtol
</UL>

<P><STRONG><a name="[30330dc]"></a>_chval</STRONG> (Thumb, 32 bytes, Stack size 0 bytes, _chval.o(.text))
<BR><BR>[Called By]<UL><LI><a href="#[3033208]">&gt;&gt;</a>&nbsp;&nbsp;&nbsp;_strtoul
</UL>

<P><STRONG><a name="[3032ce0]"></a>__decompress</STRONG> (Thumb, 0 bytes, Stack size unknown bytes, __dczerorl2.o(.text), UNUSED)

<P><STRONG><a name="[3032ca4]"></a>__decompress1</STRONG> (Thumb, 88 bytes, Stack size unknown bytes, __dczerorl2.o(.text), UNUSED)

<P><STRONG><a name="[29dcd04]"></a>ADC3_IRQHandler</STRONG> (Thumb, 2 bytes, Stack size 0 bytes, stm32f10x_it.o(i.ADC3_IRQHandler))
<BR>[Address Reference Count : 1]<UL><LI> start_rvds.o(RESET)
</UL>
<P><STRONG><a name="[29dcc8c]"></a>DMA1_Channel1_IRQHandler</STRONG> (Thumb, 2 bytes, Stack size 0 bytes, stm32f10x_it.o(i.DMA1_Channel1_IRQHandler))
<BR>[Address Reference Count : 1]<UL><LI> start_rvds.o(RESET)
</UL>
<P><STRONG><a name="[29dcc50]"></a>DMA1_Channel2_IRQHandler</STRONG> (Thumb, 2 bytes, Stack size 0 bytes, stm32f10x_it.o(i.DMA1_Channel2_IRQHandler))
<BR>[Address Reference Count : 1]<UL><LI> start_rvds.o(RESET)
</UL>
<P><STRONG><a name="[29dcc14]"></a>DMA1_Channel3_IRQHandler</STRONG> (Thumb, 2 bytes, Stack size 0 bytes, stm32f10x_it.o(i.DMA1_Channel3_IRQHandler))
<BR>[Address Reference Count : 1]<UL><LI> start_rvds.o(RESET)
</UL>
<P><STRONG><a name="[29dcbd8]"></a>DMA1_Channel4_IRQHandler</STRONG> (Thumb, 2 bytes, Stack size 0 bytes, stm32f10x_it.o(i.DMA1_Channel4_IRQHandler))
<BR>[Address Reference Count : 1]<UL><LI> start_rvds.o(RESET)
</UL>
<P><STRONG><a name="[29dcb9c]"></a>DMA1_Channel5_IRQHandler</STRONG> (Thumb, 30 bytes, Stack size 8 bytes, stm32f10x_it.o(i.DMA1_Channel5_IRQHandler))
<BR><BR>[Stack]<UL><LI>Max Depth = 16<LI>Call Chain = DMA1_Channel5_IRQHandler &rArr; rt_interrupt_leave
</UL>
<BR>[Calls]<UL><LI><a href="#[14d23f0]">&gt;&gt;</a>&nbsp;&nbsp;&nbsp;DMA_GetITStatus
<LI><a href="#[14d2558]">&gt;&gt;</a>&nbsp;&nbsp;&nbsp;DMA_ClearFlag
<LI><a href="#[2853ca4]">&gt;&gt;</a>&nbsp;&nbsp;&nbsp;rt_interrupt_leave
<LI><a href="#[2853ce0]">&gt;&gt;</a>&nbsp;&nbsp;&nbsp;rt_interrupt_enter
</UL>
<BR>[Address Reference Count : 1]<UL><LI> start_rvds.o(RESET)
</UL>
<P><STRONG><a name="[29dcb60]"></a>DMA1_Channel6_IRQHandler</STRONG> (Thumb, 2 bytes, Stack size 0 bytes, stm32f10x_it.o(i.DMA1_Channel6_IRQHandler))
<BR>[Address Reference Count : 1]<UL><LI> start_rvds.o(RESET)
</UL>
<P><STRONG><a name="[29dcb24]"></a>DMA2_Channel2_IRQHandler</STRONG> (Thumb, 2 bytes, Stack size 0 bytes, stm32f10x_it.o(i.DMA2_Channel2_IRQHandler))
<BR>[Address Reference Count : 1]<UL><LI> start_rvds.o(RESET)
</UL>
<P><STRONG><a name="[14d2558]"></a>DMA_ClearFlag</STRONG> (Thumb, 18 bytes, Stack size 0 bytes, stm32f10x_dma.o(i.DMA_ClearFlag))
<BR><BR>[Called By]<UL><LI><a href="#[29dcb9c]">&gt;&gt;</a>&nbsp;&nbsp;&nbsp;DMA1_Channel5_IRQHandler
</UL>

<P><STRONG><a name="[14d24e0]"></a>DMA_Cmd</STRONG> (Thumb, 22 bytes, Stack size 0 bytes, stm32f10x_dma.o(i.DMA_Cmd))
<BR><BR>[Called By]<UL><LI><a href="#[28c5d20]">&gt;&gt;</a>&nbsp;&nbsp;&nbsp;rt_serial_enable_dma
</UL>

<P><STRONG><a name="[14d23f0]"></a>DMA_GetITStatus</STRONG> (Thumb, 34 bytes, Stack size 0 bytes, stm32f10x_dma.o(i.DMA_GetITStatus))
<BR><BR>[Called By]<UL><LI><a href="#[29dcb9c]">&gt;&gt;</a>&nbsp;&nbsp;&nbsp;DMA1_Channel5_IRQHandler
</UL>

<P><STRONG><a name="[29c6928]"></a>ENC28J60_PollRoutine</STRONG> (Thumb, 38 bytes, Stack size 8 bytes, enc28j60.o(i.ENC28J60_PollRoutine))
<BR><BR>[Stack]<UL><LI>Max Depth = 356<LI>Call Chain = ENC28J60_PollRoutine &rArr; rt_timer_create &rArr; rt_object_allocate &rArr; rt_malloc &rArr; rt_sem_take &rArr; rt_ipc_list_suspend &rArr; rt_thread_suspend &rArr; rt_schedule_remove_thread &rArr; rt_kprintf &rArr; vsnprintf &rArr; print_number
</UL>
<BR>[Calls]<UL><LI><a href="#[28542bc]">&gt;&gt;</a>&nbsp;&nbsp;&nbsp;rt_timer_start
<LI><a href="#[28fb4f4]">&gt;&gt;</a>&nbsp;&nbsp;&nbsp;rt_timer_create
</UL>
<BR>[Called By]<UL><LI><a href="#[29c6964]">&gt;&gt;</a>&nbsp;&nbsp;&nbsp;rt_init_thread_entry
</UL>

<P><STRONG><a name="[29b9548]"></a>ENC28J60_TimOut</STRONG> (Thumb, 32 bytes, Stack size 8 bytes, enc28j60.o(i.ENC28J60_TimOut))
<BR><BR>[Stack]<UL><LI>Max Depth = 300<LI>Call Chain = ENC28J60_TimOut &rArr; eth_device_ready &rArr; rt_mb_send &rArr; rt_mb_send_wait &rArr; rt_ipc_list_suspend &rArr; rt_thread_suspend &rArr; rt_schedule_remove_thread &rArr; rt_kprintf &rArr; vsnprintf &rArr; print_number
</UL>
<BR>[Calls]<UL><LI><a href="#[29b8fe4]">&gt;&gt;</a>&nbsp;&nbsp;&nbsp;eth_device_ready
<LI><a href="#[29b905c]">&gt;&gt;</a>&nbsp;&nbsp;&nbsp;enc28j60Read
</UL>
<BR>[Address Reference Count : 1]<UL><LI> enc28j60.o(i.ENC28J60_PollRoutine)
</UL>
<P><STRONG><a name="[29dcaac]"></a>EXTI0_IRQHandler</STRONG> (Thumb, 10 bytes, Stack size 8 bytes, stm32f10x_it.o(i.EXTI0_IRQHandler))
<BR><BR>[Stack]<UL><LI>Max Depth = 180<LI>Call Chain = EXTI0_IRQHandler &rArr; rt_kprintf &rArr; vsnprintf &rArr; print_number
</UL>
<BR>[Calls]<UL><LI><a href="#[28c7490]">&gt;&gt;</a>&nbsp;&nbsp;&nbsp;rt_kprintf
</UL>
<BR>[Address Reference Count : 1]<UL><LI> start_rvds.o(RESET)
</UL>
<P><STRONG><a name="[29dca70]"></a>EXTI15_10_IRQHandler</STRONG> (Thumb, 26 bytes, Stack size 8 bytes, stm32f10x_it.o(i.EXTI15_10_IRQHandler))
<BR><BR>[Stack]<UL><LI>Max Depth = 180<LI>Call Chain = EXTI15_10_IRQHandler &rArr; rt_kprintf &rArr; vsnprintf &rArr; print_number
</UL>
<BR>[Calls]<UL><LI><a href="#[1553004]">&gt;&gt;</a>&nbsp;&nbsp;&nbsp;EXTI_ClearITPendingBit
<LI><a href="#[2853ca4]">&gt;&gt;</a>&nbsp;&nbsp;&nbsp;rt_interrupt_leave
<LI><a href="#[2853ce0]">&gt;&gt;</a>&nbsp;&nbsp;&nbsp;rt_interrupt_enter
<LI><a href="#[28c7490]">&gt;&gt;</a>&nbsp;&nbsp;&nbsp;rt_kprintf
</UL>
<BR>[Address Reference Count : 1]<UL><LI> start_rvds.o(RESET)
</UL>
<P><STRONG><a name="[29dca34]"></a>EXTI1_IRQHandler</STRONG> (Thumb, 28 bytes, Stack size 8 bytes, stm32f10x_it.o(i.EXTI1_IRQHandler))
<BR><BR>[Stack]<UL><LI>Max Depth = 316<LI>Call Chain = EXTI1_IRQHandler &rArr; enc28j60_isr &rArr; eth_device_ready &rArr; rt_mb_send &rArr; rt_mb_send_wait &rArr; rt_ipc_list_suspend &rArr; rt_thread_suspend &rArr; rt_schedule_remove_thread &rArr; rt_kprintf &rArr; vsnprintf &rArr; print_number
</UL>
<BR>[Calls]<UL><LI><a href="#[1553004]">&gt;&gt;</a>&nbsp;&nbsp;&nbsp;EXTI_ClearITPendingBit
<LI><a href="#[2853ca4]">&gt;&gt;</a>&nbsp;&nbsp;&nbsp;rt_interrupt_leave
<LI><a href="#[2853ce0]">&gt;&gt;</a>&nbsp;&nbsp;&nbsp;rt_interrupt_enter
<LI><a href="#[28c7490]">&gt;&gt;</a>&nbsp;&nbsp;&nbsp;rt_kprintf
<LI><a href="#[29dc368]">&gt;&gt;</a>&nbsp;&nbsp;&nbsp;enc28j60_isr
</UL>
<BR>[Address Reference Count : 1]<UL><LI> start_rvds.o(RESET)
</UL>
<P><STRONG><a name="[29dc9f8]"></a>EXTI2_IRQHandler</STRONG> (Thumb, 24 bytes, Stack size 8 bytes, stm32f10x_it.o(i.EXTI2_IRQHandler))
<BR><BR>[Stack]<UL><LI>Max Depth = 180<LI>Call Chain = EXTI2_IRQHandler &rArr; rt_kprintf &rArr; vsnprintf &rArr; print_number
</UL>
<BR>[Calls]<UL><LI><a href="#[1553004]">&gt;&gt;</a>&nbsp;&nbsp;&nbsp;EXTI_ClearITPendingBit
<LI><a href="#[2853ca4]">&gt;&gt;</a>&nbsp;&nbsp;&nbsp;rt_interrupt_leave
<LI><a href="#[2853ce0]">&gt;&gt;</a>&nbsp;&nbsp;&nbsp;rt_interrupt_enter
<LI><a href="#[28c7490]">&gt;&gt;</a>&nbsp;&nbsp;&nbsp;rt_kprintf
</UL>
<BR>[Address Reference Count : 1]<UL><LI> start_rvds.o(RESET)
</UL>
<P><STRONG><a name="[29dc9bc]"></a>EXTI3_IRQHandler</STRONG> (Thumb, 2 bytes, Stack size 0 bytes, stm32f10x_it.o(i.EXTI3_IRQHandler))
<BR>[Address Reference Count : 1]<UL><LI> start_rvds.o(RESET)
</UL>
<P><STRONG><a name="[29dc980]"></a>EXTI4_IRQHandler</STRONG> (Thumb, 32 bytes, Stack size 8 bytes, stm32f10x_it.o(i.EXTI4_IRQHandler))
<BR><BR>[Stack]<UL><LI>Max Depth = 16<LI>Call Chain = EXTI4_IRQHandler &rArr; rt_interrupt_leave
</UL>
<BR>[Calls]<UL><LI><a href="#[154c740]">&gt;&gt;</a>&nbsp;&nbsp;&nbsp;GPIO_ReadInputDataBit
<LI><a href="#[1553004]">&gt;&gt;</a>&nbsp;&nbsp;&nbsp;EXTI_ClearITPendingBit
<LI><a href="#[2853ca4]">&gt;&gt;</a>&nbsp;&nbsp;&nbsp;rt_interrupt_leave
<LI><a href="#[2853ce0]">&gt;&gt;</a>&nbsp;&nbsp;&nbsp;rt_interrupt_enter
</UL>
<BR>[Address Reference Count : 1]<UL><LI> start_rvds.o(RESET)
</UL>
<P><STRONG><a name="[29dc944]"></a>EXTI9_5_IRQHandler</STRONG> (Thumb, 24 bytes, Stack size 8 bytes, stm32f10x_it.o(i.EXTI9_5_IRQHandler))
<BR><BR>[Stack]<UL><LI>Max Depth = 180<LI>Call Chain = EXTI9_5_IRQHandler &rArr; rt_kprintf &rArr; vsnprintf &rArr; print_number
</UL>
<BR>[Calls]<UL><LI><a href="#[1553004]">&gt;&gt;</a>&nbsp;&nbsp;&nbsp;EXTI_ClearITPendingBit
<LI><a href="#[2853ca4]">&gt;&gt;</a>&nbsp;&nbsp;&nbsp;rt_interrupt_leave
<LI><a href="#[2853ce0]">&gt;&gt;</a>&nbsp;&nbsp;&nbsp;rt_interrupt_enter
<LI><a href="#[28c7490]">&gt;&gt;</a>&nbsp;&nbsp;&nbsp;rt_kprintf
</UL>
<BR>[Address Reference Count : 1]<UL><LI> start_rvds.o(RESET)
</UL>
<P><STRONG><a name="[1553004]"></a>EXTI_ClearITPendingBit</STRONG> (Thumb, 6 bytes, Stack size 0 bytes, stm32f10x_exti.o(i.EXTI_ClearITPendingBit))
<BR><BR>[Called By]<UL><LI><a href="#[29ba844]">&gt;&gt;</a>&nbsp;&nbsp;&nbsp;GPIO_Configuration
<LI><a href="#[29dc944]">&gt;&gt;</a>&nbsp;&nbsp;&nbsp;EXTI9_5_IRQHandler
<LI><a href="#[29dc980]">&gt;&gt;</a>&nbsp;&nbsp;&nbsp;EXTI4_IRQHandler
<LI><a href="#[29dc9f8]">&gt;&gt;</a>&nbsp;&nbsp;&nbsp;EXTI2_IRQHandler
<LI><a href="#[29dca34]">&gt;&gt;</a>&nbsp;&nbsp;&nbsp;EXTI1_IRQHandler
<LI><a href="#[29dca70]">&gt;&gt;</a>&nbsp;&nbsp;&nbsp;EXTI15_10_IRQHandler
</UL>

<P><STRONG><a name="[1552ed8]"></a>EXTI_Init</STRONG> (Thumb, 154 bytes, Stack size 0 bytes, stm32f10x_exti.o(i.EXTI_Init))
<BR><BR>[Called By]<UL><LI><a href="#[29ba844]">&gt;&gt;</a>&nbsp;&nbsp;&nbsp;GPIO_Configuration
</UL>

<P><STRONG><a name="[29c68ec]"></a>Enc28j60Init</STRONG> (Thumb, 116 bytes, Stack size 8 bytes, enc28j60.o(i.Enc28j60Init))
<BR><BR>[Stack]<UL><LI>Max Depth = 796<LI>Call Chain = Enc28j60Init &rArr; eth_device_init &rArr; netif_add &rArr; netif_set_addr &rArr; netif_set_ipaddr &rArr; tcp_abandon &rArr; tcp_pcb_remove &rArr; tcp_output &rArr; tcp_output_segment &rArr; ip_output &rArr; ip_output_if &rArr; ip_frag &rArr; pbuf_alloc &rArr; pbuf_pool_is_empty &rArr; tcpip_callback_with_block &rArr; memp_malloc &rArr; rt_malloc &rArr; rt_sem_take &rArr; rt_ipc_list_suspend &rArr; rt_thread_suspend &rArr; rt_schedule_remove_thread &rArr; rt_kprintf &rArr; vsnprintf &rArr; print_number
</UL>
<BR>[Calls]<UL><LI><a href="#[2854640]">&gt;&gt;</a>&nbsp;&nbsp;&nbsp;rt_sem_init
<LI><a href="#[29b9020]">&gt;&gt;</a>&nbsp;&nbsp;&nbsp;eth_device_init
<LI><a href="#[29b9110]">&gt;&gt;</a>&nbsp;&nbsp;&nbsp;SPI1_Init
<LI><a href="#[29b94d0]">&gt;&gt;</a>&nbsp;&nbsp;&nbsp;delay_ms
<LI><a href="#[29ba808]">&gt;&gt;</a>&nbsp;&nbsp;&nbsp;NVIC_Configuration
<LI><a href="#[29ba844]">&gt;&gt;</a>&nbsp;&nbsp;&nbsp;GPIO_Configuration
</UL>
<BR>[Called By]<UL><LI><a href="#[29c6964]">&gt;&gt;</a>&nbsp;&nbsp;&nbsp;rt_init_thread_entry
</UL>

<P><STRONG><a name="[29dc908]"></a>FLASH_IRQHandler</STRONG> (Thumb, 2 bytes, Stack size 0 bytes, stm32f10x_it.o(i.FLASH_IRQHandler))
<BR>[Address Reference Count : 1]<UL><LI> start_rvds.o(RESET)
</UL>
<P><STRONG><a name="[29dc8cc]"></a>FSMC_IRQHandler</STRONG> (Thumb, 2 bytes, Stack size 0 bytes, stm32f10x_it.o(i.FSMC_IRQHandler))
<BR>[Address Reference Count : 1]<UL><LI> start_rvds.o(RESET)
</UL>
<P><STRONG><a name="[154c8e4]"></a>GPIO_EXTILineConfig</STRONG> (Thumb, 56 bytes, Stack size 12 bytes, stm32f10x_gpio.o(i.GPIO_EXTILineConfig))
<BR><BR>[Stack]<UL><LI>Max Depth = 12<LI>Call Chain = GPIO_EXTILineConfig
</UL>
<BR>[Called By]<UL><LI><a href="#[29ba844]">&gt;&gt;</a>&nbsp;&nbsp;&nbsp;GPIO_Configuration
</UL>

<P><STRONG><a name="[154c830]"></a>GPIO_Init</STRONG> (Thumb, 268 bytes, Stack size 20 bytes, stm32f10x_gpio.o(i.GPIO_Init))
<BR><BR>[Stack]<UL><LI>Max Depth = 20<LI>Call Chain = GPIO_Init
</UL>
<BR>[Called By]<UL><LI><a href="#[29b9110]">&gt;&gt;</a>&nbsp;&nbsp;&nbsp;SPI1_Init
<LI><a href="#[29c4e70]">&gt;&gt;</a>&nbsp;&nbsp;&nbsp;GPIO_Configuration
<LI><a href="#[29c5758]">&gt;&gt;</a>&nbsp;&nbsp;&nbsp;rt_hw_led_init
<LI><a href="#[3035a1c]">&gt;&gt;</a>&nbsp;&nbsp;&nbsp;GPIO_Configuration
</UL>

<P><STRONG><a name="[154c740]"></a>GPIO_ReadInputDataBit</STRONG> (Thumb, 18 bytes, Stack size 0 bytes, stm32f10x_gpio.o(i.GPIO_ReadInputDataBit))
<BR><BR>[Called By]<UL><LI><a href="#[29dc980]">&gt;&gt;</a>&nbsp;&nbsp;&nbsp;EXTI4_IRQHandler
</UL>

<P><STRONG><a name="[154c68c]"></a>GPIO_ResetBits</STRONG> (Thumb, 4 bytes, Stack size 0 bytes, stm32f10x_gpio.o(i.GPIO_ResetBits))
<BR><BR>[Called By]<UL><LI><a href="#[29c571c]">&gt;&gt;</a>&nbsp;&nbsp;&nbsp;rt_hw_led_off
<LI><a href="#[3035a1c]">&gt;&gt;</a>&nbsp;&nbsp;&nbsp;GPIO_Configuration
</UL>

<P><STRONG><a name="[154c650]"></a>GPIO_SetBits</STRONG> (Thumb, 4 bytes, Stack size 0 bytes, stm32f10x_gpio.o(i.GPIO_SetBits))
<BR><BR>[Called By]<UL><LI><a href="#[29b9110]">&gt;&gt;</a>&nbsp;&nbsp;&nbsp;SPI1_Init
<LI><a href="#[29c56e0]">&gt;&gt;</a>&nbsp;&nbsp;&nbsp;rt_hw_led_on
<LI><a href="#[3035a1c]">&gt;&gt;</a>&nbsp;&nbsp;&nbsp;GPIO_Configuration
</UL>

<P><STRONG><a name="[29db7ec]"></a>NVIC_Configuration</STRONG> (Thumb, 22 bytes, Stack size 8 bytes, board.o(i.NVIC_Configuration))
<BR><BR>[Stack]<UL><LI>Max Depth = 8<LI>Call Chain = NVIC_Configuration
</UL>
<BR>[Calls]<UL><LI><a href="#[14df320]">&gt;&gt;</a>&nbsp;&nbsp;&nbsp;NVIC_SetVectorTable
<LI><a href="#[14df35c]">&gt;&gt;</a>&nbsp;&nbsp;&nbsp;NVIC_PriorityGroupConfig
</UL>
<BR>[Called By]<UL><LI><a href="#[29db774]">&gt;&gt;</a>&nbsp;&nbsp;&nbsp;rt_hw_board_init
</UL>

<P><STRONG><a name="[14df398]"></a>NVIC_Init</STRONG> (Thumb, 102 bytes, Stack size 16 bytes, misc.o(i.NVIC_Init))
<BR><BR>[Stack]<UL><LI>Max Depth = 16<LI>Call Chain = NVIC_Init
</UL>
<BR>[Called By]<UL><LI><a href="#[29ba808]">&gt;&gt;</a>&nbsp;&nbsp;&nbsp;NVIC_Configuration
<LI><a href="#[29c4e34]">&gt;&gt;</a>&nbsp;&nbsp;&nbsp;NVIC_Configuration
</UL>

<P><STRONG><a name="[14df35c]"></a>NVIC_PriorityGroupConfig</STRONG> (Thumb, 10 bytes, Stack size 0 bytes, misc.o(i.NVIC_PriorityGroupConfig))
<BR><BR>[Called By]<UL><LI><a href="#[29ba808]">&gt;&gt;</a>&nbsp;&nbsp;&nbsp;NVIC_Configuration
<LI><a href="#[29db7ec]">&gt;&gt;</a>&nbsp;&nbsp;&nbsp;NVIC_Configuration
</UL>

<P><STRONG><a name="[14df320]"></a>NVIC_SetVectorTable</STRONG> (Thumb, 12 bytes, Stack size 0 bytes, misc.o(i.NVIC_SetVectorTable))
<BR><BR>[Called By]<UL><LI><a href="#[29db7ec]">&gt;&gt;</a>&nbsp;&nbsp;&nbsp;NVIC_Configuration
</UL>

<P><STRONG><a name="[29e8938]"></a>OP_add_byte</STRONG> (Thumb, 42 bytes, Stack size 0 bytes, finsh_ops.o(i.OP_add_byte))
<BR>[Address Reference Count : 1]<UL><LI> finsh_ops.o(.constdata)
</UL>
<P><STRONG><a name="[29e88fc]"></a>OP_add_dword</STRONG> (Thumb, 42 bytes, Stack size 0 bytes, finsh_ops.o(i.OP_add_dword))
<BR>[Address Reference Count : 1]<UL><LI> finsh_ops.o(.constdata)
</UL>
<P><STRONG><a name="[29e88c0]"></a>OP_add_word</STRONG> (Thumb, 44 bytes, Stack size 0 bytes, finsh_ops.o(i.OP_add_word))
<BR>[Address Reference Count : 1]<UL><LI> finsh_ops.o(.constdata)
</UL>
<P><STRONG><a name="[29e8884]"></a>OP_and_byte</STRONG> (Thumb, 42 bytes, Stack size 0 bytes, finsh_ops.o(i.OP_and_byte))
<BR>[Address Reference Count : 1]<UL><LI> finsh_ops.o(.constdata)
</UL>
<P><STRONG><a name="[29e8848]"></a>OP_and_dword</STRONG> (Thumb, 42 bytes, Stack size 0 bytes, finsh_ops.o(i.OP_and_dword))
<BR>[Address Reference Count : 1]<UL><LI> finsh_ops.o(.constdata)
</UL>
<P><STRONG><a name="[29e880c]"></a>OP_and_word</STRONG> (Thumb, 42 bytes, Stack size 0 bytes, finsh_ops.o(i.OP_and_word))
<BR>[Address Reference Count : 1]<UL><LI> finsh_ops.o(.constdata)
</UL>
<P><STRONG><a name="[29e87d0]"></a>OP_bw_byte</STRONG> (Thumb, 20 bytes, Stack size 0 bytes, finsh_ops.o(i.OP_bw_byte))
<BR>[Address Reference Count : 1]<UL><LI> finsh_ops.o(.constdata)
</UL>
<P><STRONG><a name="[29e8794]"></a>OP_bw_dword</STRONG> (Thumb, 20 bytes, Stack size 0 bytes, finsh_ops.o(i.OP_bw_dword))
<BR>[Address Reference Count : 1]<UL><LI> finsh_ops.o(.constdata)
</UL>
<P><STRONG><a name="[29e8758]"></a>OP_bw_word</STRONG> (Thumb, 20 bytes, Stack size 0 bytes, finsh_ops.o(i.OP_bw_word))
<BR>[Address Reference Count : 1]<UL><LI> finsh_ops.o(.constdata)
</UL>
<P><STRONG><a name="[29e871c]"></a>OP_call</STRONG> (Thumb, 470 bytes, Stack size 136 bytes, finsh_ops.o(i.OP_call))
<BR><BR>[Stack]<UL><LI>Max Depth = 136<LI>Call Chain = OP_call
</UL>
<BR>[Address Reference Count : 1]<UL><LI> finsh_ops.o(.constdata)
</UL>
<P><STRONG><a name="[29e86e0]"></a>OP_div_byte</STRONG> (Thumb, 44 bytes, Stack size 0 bytes, finsh_ops.o(i.OP_div_byte))
<BR>[Address Reference Count : 1]<UL><LI> finsh_ops.o(.constdata)
</UL>
<P><STRONG><a name="[29e86a4]"></a>OP_div_dword</STRONG> (Thumb, 44 bytes, Stack size 0 bytes, finsh_ops.o(i.OP_div_dword))
<BR>[Address Reference Count : 1]<UL><LI> finsh_ops.o(.constdata)
</UL>
<P><STRONG><a name="[29e8668]"></a>OP_div_word</STRONG> (Thumb, 46 bytes, Stack size 0 bytes, finsh_ops.o(i.OP_div_word))
<BR>[Address Reference Count : 1]<UL><LI> finsh_ops.o(.constdata)
</UL>
<P><STRONG><a name="[29e862c]"></a>OP_ld_byte</STRONG> (Thumb, 34 bytes, Stack size 0 bytes, finsh_ops.o(i.OP_ld_byte))
<BR>[Address Reference Count : 1]<UL><LI> finsh_ops.o(.constdata)
</UL>
<P><STRONG><a name="[29e85f0]"></a>OP_ld_dword</STRONG> (Thumb, 64 bytes, Stack size 0 bytes, finsh_ops.o(i.OP_ld_dword))
<BR>[Address Reference Count : 1]<UL><LI> finsh_ops.o(.constdata)
</UL>
<P><STRONG><a name="[29e85b4]"></a>OP_ld_value_byte</STRONG> (Thumb, 66 bytes, Stack size 0 bytes, finsh_ops.o(i.OP_ld_value_byte))
<BR>[Address Reference Count : 1]<UL><LI> finsh_ops.o(.constdata)
</UL>
<P><STRONG><a name="[29e8578]"></a>OP_ld_value_byte_stack</STRONG> (Thumb, 20 bytes, Stack size 0 bytes, finsh_ops.o(i.OP_ld_value_byte_stack))
<BR>[Address Reference Count : 1]<UL><LI> finsh_ops.o(.constdata)
</UL>
<P><STRONG><a name="[29e853c]"></a>OP_ld_value_dword</STRONG> (Thumb, 66 bytes, Stack size 0 bytes, finsh_ops.o(i.OP_ld_value_dword))
<BR>[Address Reference Count : 1]<UL><LI> finsh_ops.o(.constdata)
</UL>
<P><STRONG><a name="[29e8500]"></a>OP_ld_value_dword_stack</STRONG> (Thumb, 20 bytes, Stack size 0 bytes, finsh_ops.o(i.OP_ld_value_dword_stack))
<BR>[Address Reference Count : 1]<UL><LI> finsh_ops.o(.constdata)
</UL>
<P><STRONG><a name="[29e84c4]"></a>OP_ld_value_word</STRONG> (Thumb, 66 bytes, Stack size 0 bytes, finsh_ops.o(i.OP_ld_value_word))
<BR>[Address Reference Count : 1]<UL><LI> finsh_ops.o(.constdata)
</UL>
<P><STRONG><a name="[29e8488]"></a>OP_ld_value_word_stack</STRONG> (Thumb, 20 bytes, Stack size 0 bytes, finsh_ops.o(i.OP_ld_value_word_stack))
<BR>[Address Reference Count : 1]<UL><LI> finsh_ops.o(.constdata)
</UL>
<P><STRONG><a name="[29e844c]"></a>OP_ld_word</STRONG> (Thumb, 46 bytes, Stack size 0 bytes, finsh_ops.o(i.OP_ld_word))
<BR>[Address Reference Count : 1]<UL><LI> finsh_ops.o(.constdata)
</UL>
<P><STRONG><a name="[29e8410]"></a>OP_mod_byte</STRONG> (Thumb, 48 bytes, Stack size 0 bytes, finsh_ops.o(i.OP_mod_byte))
<BR>[Address Reference Count : 1]<UL><LI> finsh_ops.o(.constdata)
</UL>
<P><STRONG><a name="[29e83d4]"></a>OP_mod_dword</STRONG> (Thumb, 48 bytes, Stack size 0 bytes, finsh_ops.o(i.OP_mod_dword))
<BR>[Address Reference Count : 1]<UL><LI> finsh_ops.o(.constdata)
</UL>
<P><STRONG><a name="[29e8398]"></a>OP_mod_word</STRONG> (Thumb, 50 bytes, Stack size 0 bytes, finsh_ops.o(i.OP_mod_word))
<BR>[Address Reference Count : 1]<UL><LI> finsh_ops.o(.constdata)
</UL>
<P><STRONG><a name="[29e835c]"></a>OP_mul_byte</STRONG> (Thumb, 42 bytes, Stack size 0 bytes, finsh_ops.o(i.OP_mul_byte))
<BR>[Address Reference Count : 1]<UL><LI> finsh_ops.o(.constdata)
</UL>
<P><STRONG><a name="[29e8320]"></a>OP_mul_dword</STRONG> (Thumb, 42 bytes, Stack size 0 bytes, finsh_ops.o(i.OP_mul_dword))
<BR>[Address Reference Count : 1]<UL><LI> finsh_ops.o(.constdata)
</UL>
<P><STRONG><a name="[29e82e4]"></a>OP_mul_word</STRONG> (Thumb, 44 bytes, Stack size 0 bytes, finsh_ops.o(i.OP_mul_word))
<BR>[Address Reference Count : 1]<UL><LI> finsh_ops.o(.constdata)
</UL>
<P><STRONG><a name="[29e82a8]"></a>OP_no_op</STRONG> (Thumb, 2 bytes, Stack size 0 bytes, finsh_ops.o(i.OP_no_op))
<BR>[Address Reference Count : 1]<UL><LI> finsh_ops.o(.constdata)
</UL>
<P><STRONG><a name="[29e826c]"></a>OP_or_byte</STRONG> (Thumb, 42 bytes, Stack size 0 bytes, finsh_ops.o(i.OP_or_byte))
<BR>[Address Reference Count : 1]<UL><LI> finsh_ops.o(.constdata)
</UL>
<P><STRONG><a name="[29e8230]"></a>OP_or_dword</STRONG> (Thumb, 42 bytes, Stack size 0 bytes, finsh_ops.o(i.OP_or_dword))
<BR>[Address Reference Count : 1]<UL><LI> finsh_ops.o(.constdata)
</UL>
<P><STRONG><a name="[29e81f4]"></a>OP_or_word</STRONG> (Thumb, 42 bytes, Stack size 0 bytes, finsh_ops.o(i.OP_or_word))
<BR>[Address Reference Count : 1]<UL><LI> finsh_ops.o(.constdata)
</UL>
<P><STRONG><a name="[29e81b8]"></a>OP_pop</STRONG> (Thumb, 12 bytes, Stack size 0 bytes, finsh_ops.o(i.OP_pop))
<BR>[Address Reference Count : 1]<UL><LI> finsh_ops.o(.constdata)
</UL>
<P><STRONG><a name="[29e817c]"></a>OP_shl_byte</STRONG> (Thumb, 42 bytes, Stack size 0 bytes, finsh_ops.o(i.OP_shl_byte))
<BR>[Address Reference Count : 1]<UL><LI> finsh_ops.o(.constdata)
</UL>
<P><STRONG><a name="[29e8140]"></a>OP_shl_dword</STRONG> (Thumb, 42 bytes, Stack size 0 bytes, finsh_ops.o(i.OP_shl_dword))
<BR>[Address Reference Count : 1]<UL><LI> finsh_ops.o(.constdata)
</UL>
<P><STRONG><a name="[29e8104]"></a>OP_shl_word</STRONG> (Thumb, 44 bytes, Stack size 0 bytes, finsh_ops.o(i.OP_shl_word))
<BR>[Address Reference Count : 1]<UL><LI> finsh_ops.o(.constdata)
</UL>
<P><STRONG><a name="[29e80c8]"></a>OP_shr_byte</STRONG> (Thumb, 42 bytes, Stack size 0 bytes, finsh_ops.o(i.OP_shr_byte))
<BR>[Address Reference Count : 1]<UL><LI> finsh_ops.o(.constdata)
</UL>
<P><STRONG><a name="[29e808c]"></a>OP_shr_dword</STRONG> (Thumb, 42 bytes, Stack size 0 bytes, finsh_ops.o(i.OP_shr_dword))
<BR>[Address Reference Count : 1]<UL><LI> finsh_ops.o(.constdata)
</UL>
<P><STRONG><a name="[29e8050]"></a>OP_shr_word</STRONG> (Thumb, 44 bytes, Stack size 0 bytes, finsh_ops.o(i.OP_shr_word))
<BR>[Address Reference Count : 1]<UL><LI> finsh_ops.o(.constdata)
</UL>
<P><STRONG><a name="[29e8014]"></a>OP_st_byte</STRONG> (Thumb, 30 bytes, Stack size 0 bytes, finsh_ops.o(i.OP_st_byte))
<BR>[Address Reference Count : 1]<UL><LI> finsh_ops.o(.constdata)
</UL>
<P><STRONG><a name="[29e7fd8]"></a>OP_st_dword</STRONG> (Thumb, 30 bytes, Stack size 0 bytes, finsh_ops.o(i.OP_st_dword))
<BR>[Address Reference Count : 1]<UL><LI> finsh_ops.o(.constdata)
</UL>
<P><STRONG><a name="[29e7f9c]"></a>OP_st_word</STRONG> (Thumb, 30 bytes, Stack size 0 bytes, finsh_ops.o(i.OP_st_word))
<BR>[Address Reference Count : 1]<UL><LI> finsh_ops.o(.constdata)
</UL>
<P><STRONG><a name="[29e7f60]"></a>OP_sub_byte</STRONG> (Thumb, 42 bytes, Stack size 0 bytes, finsh_ops.o(i.OP_sub_byte))
<BR>[Address Reference Count : 1]<UL><LI> finsh_ops.o(.constdata)
</UL>
<P><STRONG><a name="[29e7f24]"></a>OP_sub_dword</STRONG> (Thumb, 42 bytes, Stack size 0 bytes, finsh_ops.o(i.OP_sub_dword))
<BR>[Address Reference Count : 1]<UL><LI> finsh_ops.o(.constdata)
</UL>
<P><STRONG><a name="[29e7ee8]"></a>OP_sub_word</STRONG> (Thumb, 44 bytes, Stack size 0 bytes, finsh_ops.o(i.OP_sub_word))
<BR>[Address Reference Count : 1]<UL><LI> finsh_ops.o(.constdata)
</UL>
<P><STRONG><a name="[29e7eac]"></a>OP_xor_byte</STRONG> (Thumb, 42 bytes, Stack size 0 bytes, finsh_ops.o(i.OP_xor_byte))
<BR>[Address Reference Count : 1]<UL><LI> finsh_ops.o(.constdata)
</UL>
<P><STRONG><a name="[29e7e70]"></a>OP_xor_dword</STRONG> (Thumb, 42 bytes, Stack size 0 bytes, finsh_ops.o(i.OP_xor_dword))
<BR>[Address Reference Count : 1]<UL><LI> finsh_ops.o(.constdata)
</UL>
<P><STRONG><a name="[29e7e34]"></a>OP_xor_word</STRONG> (Thumb, 42 bytes, Stack size 0 bytes, finsh_ops.o(i.OP_xor_word))
<BR>[Address Reference Count : 1]<UL><LI> finsh_ops.o(.constdata)
</UL>
<P><STRONG><a name="[29dc7dc]"></a>PVD_IRQHandler</STRONG> (Thumb, 2 bytes, Stack size 0 bytes, stm32f10x_it.o(i.PVD_IRQHandler))
<BR>[Address Reference Count : 1]<UL><LI> start_rvds.o(RESET)
</UL>
<P><STRONG><a name="[27e6a64]"></a>RCC_APB2PeriphClockCmd</STRONG> (Thumb, 26 bytes, Stack size 0 bytes, stm32f10x_rcc.o(i.RCC_APB2PeriphClockCmd))
<BR><BR>[Called By]<UL><LI><a href="#[29b9110]">&gt;&gt;</a>&nbsp;&nbsp;&nbsp;SPI1_Init
<LI><a href="#[29c4df8]">&gt;&gt;</a>&nbsp;&nbsp;&nbsp;RCC_Configuration
<LI><a href="#[29c5758]">&gt;&gt;</a>&nbsp;&nbsp;&nbsp;rt_hw_led_init
<LI><a href="#[3035a1c]">&gt;&gt;</a>&nbsp;&nbsp;&nbsp;GPIO_Configuration
</UL>

<P><STRONG><a name="[1548e10]"></a>RCC_GetClocksFreq</STRONG> (Thumb, 194 bytes, Stack size 12 bytes, stm32f10x_rcc.o(i.RCC_GetClocksFreq))
<BR><BR>[Stack]<UL><LI>Max Depth = 12<LI>Call Chain = RCC_GetClocksFreq
</UL>
<BR>[Called By]<UL><LI><a href="#[28ca514]">&gt;&gt;</a>&nbsp;&nbsp;&nbsp;USART_Init
<LI><a href="#[29db7b0]">&gt;&gt;</a>&nbsp;&nbsp;&nbsp;SysTick_Configuration
</UL>

<P><STRONG><a name="[29dc7a0]"></a>RCC_IRQHandler</STRONG> (Thumb, 2 bytes, Stack size 0 bytes, stm32f10x_it.o(i.RCC_IRQHandler))
<BR>[Address Reference Count : 1]<UL><LI> start_rvds.o(RESET)
</UL>
<P><STRONG><a name="[29dc764]"></a>RTCAlarm_IRQHandler</STRONG> (Thumb, 2 bytes, Stack size 0 bytes, stm32f10x_it.o(i.RTCAlarm_IRQHandler))
<BR>[Address Reference Count : 1]<UL><LI> start_rvds.o(RESET)
</UL>
<P><STRONG><a name="[27e4ebc]"></a>RTC_ClearITPendingBit</STRONG> (Thumb, 18 bytes, Stack size 0 bytes, stm32f10x_rtc.o(i.RTC_ClearITPendingBit))
<BR><BR>[Called By]<UL><LI><a href="#[29dc728]">&gt;&gt;</a>&nbsp;&nbsp;&nbsp;RTC_IRQHandler
</UL>

<P><STRONG><a name="[27e4e80]"></a>RTC_EnterConfigMode</STRONG> (Thumb, 16 bytes, Stack size 0 bytes, stm32f10x_rtc.o(i.RTC_EnterConfigMode))
<BR><BR>[Called By]<UL><LI><a href="#[27e4ca0]">&gt;&gt;</a>&nbsp;&nbsp;&nbsp;RTC_SetCounter
</UL>

<P><STRONG><a name="[27e4e44]"></a>RTC_ExitConfigMode</STRONG> (Thumb, 18 bytes, Stack size 0 bytes, stm32f10x_rtc.o(i.RTC_ExitConfigMode))
<BR><BR>[Called By]<UL><LI><a href="#[27e4ca0]">&gt;&gt;</a>&nbsp;&nbsp;&nbsp;RTC_SetCounter
</UL>

<P><STRONG><a name="[27e4e08]"></a>RTC_GetCounter</STRONG> (Thumb, 18 bytes, Stack size 0 bytes, stm32f10x_rtc.o(i.RTC_GetCounter))
<BR><BR>[Called By]<UL><LI><a href="#[29dc728]">&gt;&gt;</a>&nbsp;&nbsp;&nbsp;RTC_IRQHandler
</UL>

<P><STRONG><a name="[27e4d54]"></a>RTC_GetITStatus</STRONG> (Thumb, 32 bytes, Stack size 0 bytes, stm32f10x_rtc.o(i.RTC_GetITStatus))
<BR><BR>[Called By]<UL><LI><a href="#[29dc728]">&gt;&gt;</a>&nbsp;&nbsp;&nbsp;RTC_IRQHandler
</UL>

<P><STRONG><a name="[29dc728]"></a>RTC_IRQHandler</STRONG> (Thumb, 42 bytes, Stack size 8 bytes, stm32f10x_it.o(i.RTC_IRQHandler))
<BR><BR>[Stack]<UL><LI>Max Depth = 12<LI>Call Chain = RTC_IRQHandler &rArr; RTC_SetCounter
</UL>
<BR>[Calls]<UL><LI><a href="#[27e4c28]">&gt;&gt;</a>&nbsp;&nbsp;&nbsp;RTC_WaitForLastTask
<LI><a href="#[27e4ca0]">&gt;&gt;</a>&nbsp;&nbsp;&nbsp;RTC_SetCounter
<LI><a href="#[27e4d54]">&gt;&gt;</a>&nbsp;&nbsp;&nbsp;RTC_GetITStatus
<LI><a href="#[27e4e08]">&gt;&gt;</a>&nbsp;&nbsp;&nbsp;RTC_GetCounter
<LI><a href="#[27e4ebc]">&gt;&gt;</a>&nbsp;&nbsp;&nbsp;RTC_ClearITPendingBit
</UL>
<BR>[Address Reference Count : 1]<UL><LI> start_rvds.o(RESET)
</UL>
<P><STRONG><a name="[27e4ca0]"></a>RTC_SetCounter</STRONG> (Thumb, 26 bytes, Stack size 4 bytes, stm32f10x_rtc.o(i.RTC_SetCounter))
<BR><BR>[Stack]<UL><LI>Max Depth = 4<LI>Call Chain = RTC_SetCounter
</UL>
<BR>[Calls]<UL><LI><a href="#[27e4e44]">&gt;&gt;</a>&nbsp;&nbsp;&nbsp;RTC_ExitConfigMode
<LI><a href="#[27e4e80]">&gt;&gt;</a>&nbsp;&nbsp;&nbsp;RTC_EnterConfigMode
</UL>
<BR>[Called By]<UL><LI><a href="#[29dc728]">&gt;&gt;</a>&nbsp;&nbsp;&nbsp;RTC_IRQHandler
</UL>

<P><STRONG><a name="[27e4c28]"></a>RTC_WaitForLastTask</STRONG> (Thumb, 14 bytes, Stack size 0 bytes, stm32f10x_rtc.o(i.RTC_WaitForLastTask))
<BR><BR>[Called By]<UL><LI><a href="#[29dc728]">&gt;&gt;</a>&nbsp;&nbsp;&nbsp;RTC_IRQHandler
</UL>

<P><STRONG><a name="[29dc6ec]"></a>SDIO_IRQHandler</STRONG> (Thumb, 2 bytes, Stack size 0 bytes, stm32f10x_it.o(i.SDIO_IRQHandler))
<BR>[Address Reference Count : 1]<UL><LI> start_rvds.o(RESET)
</UL>
<P><STRONG><a name="[29b9110]"></a>SPI1_Init</STRONG> (Thumb, 154 bytes, Stack size 32 bytes, spi.o(i.SPI1_Init))
<BR><BR>[Stack]<UL><LI>Max Depth = 60<LI>Call Chain = SPI1_Init &rArr; GPIO_Configuration &rArr; GPIO_Init
</UL>
<BR>[Calls]<UL><LI><a href="#[154c650]">&gt;&gt;</a>&nbsp;&nbsp;&nbsp;GPIO_SetBits
<LI><a href="#[154c830]">&gt;&gt;</a>&nbsp;&nbsp;&nbsp;GPIO_Init
<LI><a href="#[27df048]">&gt;&gt;</a>&nbsp;&nbsp;&nbsp;SPI_Init
<LI><a href="#[27df354]">&gt;&gt;</a>&nbsp;&nbsp;&nbsp;SPI_Cmd
<LI><a href="#[27e6a64]">&gt;&gt;</a>&nbsp;&nbsp;&nbsp;RCC_APB2PeriphClockCmd
<LI><a href="#[30359e0]">&gt;&gt;</a>&nbsp;&nbsp;&nbsp;RCC_Configuration
<LI><a href="#[3035a1c]">&gt;&gt;</a>&nbsp;&nbsp;&nbsp;GPIO_Configuration
</UL>
<BR>[Called By]<UL><LI><a href="#[29c68ec]">&gt;&gt;</a>&nbsp;&nbsp;&nbsp;Enc28j60Init
</UL>

<P><STRONG><a name="[3036070]"></a>SPI1_ReadWrite</STRONG> (Thumb, 50 bytes, Stack size 8 bytes, spi.o(i.SPI1_ReadWrite))
<BR><BR>[Stack]<UL><LI>Max Depth = 8<LI>Call Chain = SPI1_ReadWrite
</UL>
<BR>[Calls]<UL><LI><a href="#[27df084]">&gt;&gt;</a>&nbsp;&nbsp;&nbsp;SPI_I2S_SendData
<LI><a href="#[27df0c0]">&gt;&gt;</a>&nbsp;&nbsp;&nbsp;SPI_I2S_ReceiveData
<LI><a href="#[27df174]">&gt;&gt;</a>&nbsp;&nbsp;&nbsp;SPI_I2S_GetFlagStatus
</UL>
<BR>[Called By]<UL><LI><a href="#[3036124]">&gt;&gt;</a>&nbsp;&nbsp;&nbsp;enc28j60WriteOp
<LI><a href="#[3036214]">&gt;&gt;</a>&nbsp;&nbsp;&nbsp;enc28j60ReadOp
</UL>

<P><STRONG><a name="[27df354]"></a>SPI_Cmd</STRONG> (Thumb, 24 bytes, Stack size 0 bytes, stm32f10x_spi.o(i.SPI_Cmd))
<BR><BR>[Called By]<UL><LI><a href="#[29b9110]">&gt;&gt;</a>&nbsp;&nbsp;&nbsp;SPI1_Init
</UL>

<P><STRONG><a name="[27df174]"></a>SPI_I2S_GetFlagStatus</STRONG> (Thumb, 18 bytes, Stack size 0 bytes, stm32f10x_spi.o(i.SPI_I2S_GetFlagStatus))
<BR><BR>[Called By]<UL><LI><a href="#[29b923c]">&gt;&gt;</a>&nbsp;&nbsp;&nbsp;enc28j60_tx
<LI><a href="#[29b92b4]">&gt;&gt;</a>&nbsp;&nbsp;&nbsp;enc28j60_rx
<LI><a href="#[29ba5b0]">&gt;&gt;</a>&nbsp;&nbsp;&nbsp;spi_write_op
<LI><a href="#[29ba5ec]">&gt;&gt;</a>&nbsp;&nbsp;&nbsp;spi_read_op
<LI><a href="#[3036070]">&gt;&gt;</a>&nbsp;&nbsp;&nbsp;SPI1_ReadWrite
</UL>

<P><STRONG><a name="[27df0c0]"></a>SPI_I2S_ReceiveData</STRONG> (Thumb, 6 bytes, Stack size 0 bytes, stm32f10x_spi.o(i.SPI_I2S_ReceiveData))
<BR><BR>[Called By]<UL><LI><a href="#[29b92b4]">&gt;&gt;</a>&nbsp;&nbsp;&nbsp;enc28j60_rx
<LI><a href="#[29ba5ec]">&gt;&gt;</a>&nbsp;&nbsp;&nbsp;spi_read_op
<LI><a href="#[3036070]">&gt;&gt;</a>&nbsp;&nbsp;&nbsp;SPI1_ReadWrite
</UL>

<P><STRONG><a name="[27df084]"></a>SPI_I2S_SendData</STRONG> (Thumb, 4 bytes, Stack size 0 bytes, stm32f10x_spi.o(i.SPI_I2S_SendData))
<BR><BR>[Called By]<UL><LI><a href="#[29b923c]">&gt;&gt;</a>&nbsp;&nbsp;&nbsp;enc28j60_tx
<LI><a href="#[29b92b4]">&gt;&gt;</a>&nbsp;&nbsp;&nbsp;enc28j60_rx
<LI><a href="#[29ba5b0]">&gt;&gt;</a>&nbsp;&nbsp;&nbsp;spi_write_op
<LI><a href="#[29ba5ec]">&gt;&gt;</a>&nbsp;&nbsp;&nbsp;spi_read_op
<LI><a href="#[3036070]">&gt;&gt;</a>&nbsp;&nbsp;&nbsp;SPI1_ReadWrite
</UL>

<P><STRONG><a name="[27df048]"></a>SPI_Init</STRONG> (Thumb, 60 bytes, Stack size 8 bytes, stm32f10x_spi.o(i.SPI_Init))
<BR><BR>[Stack]<UL><LI>Max Depth = 8<LI>Call Chain = SPI_Init
</UL>
<BR>[Called By]<UL><LI><a href="#[29b9110]">&gt;&gt;</a>&nbsp;&nbsp;&nbsp;SPI1_Init
</UL>

<P><STRONG><a name="[14df2a8]"></a>SysTick_CLKSourceConfig</STRONG> (Thumb, 40 bytes, Stack size 0 bytes, misc.o(i.SysTick_CLKSourceConfig))
<BR><BR>[Called By]<UL><LI><a href="#[29db7b0]">&gt;&gt;</a>&nbsp;&nbsp;&nbsp;SysTick_Configuration
</UL>

<P><STRONG><a name="[29db7b0]"></a>SysTick_Configuration</STRONG> (Thumb, 96 bytes, Stack size 32 bytes, board.o(i.SysTick_Configuration))
<BR><BR>[Stack]<UL><LI>Max Depth = 44<LI>Call Chain = SysTick_Configuration &rArr; RCC_GetClocksFreq
</UL>
<BR>[Calls]<UL><LI><a href="#[14df2a8]">&gt;&gt;</a>&nbsp;&nbsp;&nbsp;SysTick_CLKSourceConfig
<LI><a href="#[1548e10]">&gt;&gt;</a>&nbsp;&nbsp;&nbsp;RCC_GetClocksFreq
</UL>
<BR>[Called By]<UL><LI><a href="#[29db774]">&gt;&gt;</a>&nbsp;&nbsp;&nbsp;rt_hw_board_init
</UL>

<P><STRONG><a name="[28c7e2c]"></a>SystemInit</STRONG> (Thumb, 70 bytes, Stack size 8 bytes, system_stm32f10x.o(i.SystemInit))
<BR><BR>[Stack]<UL><LI>Max Depth = 16<LI>Call Chain = SystemInit &rArr; SetSysClock
</UL>
<BR>[Calls]<UL><LI><a href="#[28c8534]">&gt;&gt;</a>&nbsp;&nbsp;&nbsp;SetSysClock
</UL>
<BR>[Called By]<UL><LI><a href="#[29c61e4]">&gt;&gt;</a>&nbsp;&nbsp;&nbsp;main
</UL>

<P><STRONG><a name="[29dc638]"></a>TAMPER_IRQHandler</STRONG> (Thumb, 2 bytes, Stack size 0 bytes, stm32f10x_it.o(i.TAMPER_IRQHandler))
<BR>[Address Reference Count : 1]<UL><LI> start_rvds.o(RESET)
</UL>
<P><STRONG><a name="[29dc5fc]"></a>TIM5_IRQHandler</STRONG> (Thumb, 2 bytes, Stack size 0 bytes, stm32f10x_it.o(i.TIM5_IRQHandler))
<BR>[Address Reference Count : 1]<UL><LI> start_rvds.o(RESET)
</UL>
<P><STRONG><a name="[29dc5c0]"></a>TIM8_BRK_IRQHandler</STRONG> (Thumb, 2 bytes, Stack size 0 bytes, stm32f10x_it.o(i.TIM8_BRK_IRQHandler))
<BR>[Address Reference Count : 1]<UL><LI> start_rvds.o(RESET)
</UL>
<P><STRONG><a name="[29dc584]"></a>TIM8_CC_IRQHandler</STRONG> (Thumb, 2 bytes, Stack size 0 bytes, stm32f10x_it.o(i.TIM8_CC_IRQHandler))
<BR>[Address Reference Count : 1]<UL><LI> start_rvds.o(RESET)
</UL>
<P><STRONG><a name="[29dc548]"></a>TIM8_TRG_COM_IRQHandler</STRONG> (Thumb, 2 bytes, Stack size 0 bytes, stm32f10x_it.o(i.TIM8_TRG_COM_IRQHandler))
<BR>[Address Reference Count : 1]<UL><LI> start_rvds.o(RESET)
</UL>
<P><STRONG><a name="[29dc50c]"></a>TIM8_UP_IRQHandler</STRONG> (Thumb, 2 bytes, Stack size 0 bytes, stm32f10x_it.o(i.TIM8_UP_IRQHandler))
<BR>[Address Reference Count : 1]<UL><LI> start_rvds.o(RESET)
</UL>
<P><STRONG><a name="[29dc4d0]"></a>USART1_IRQHandler</STRONG> (Thumb, 18 bytes, Stack size 8 bytes, stm32f10x_it.o(i.USART1_IRQHandler))
<BR><BR>[Stack]<UL><LI>Max Depth = 204<LI>Call Chain = USART1_IRQHandler &rArr; rt_hw_serial_isr &rArr; rt_kprintf &rArr; vsnprintf &rArr; print_number
</UL>
<BR>[Calls]<UL><LI><a href="#[2853ca4]">&gt;&gt;</a>&nbsp;&nbsp;&nbsp;rt_interrupt_leave
<LI><a href="#[2853ce0]">&gt;&gt;</a>&nbsp;&nbsp;&nbsp;rt_interrupt_enter
<LI><a href="#[28c58e8]">&gt;&gt;</a>&nbsp;&nbsp;&nbsp;rt_hw_serial_isr
</UL>
<BR>[Address Reference Count : 1]<UL><LI> start_rvds.o(RESET)
</UL>
<P><STRONG><a name="[29dc494]"></a>USART2_IRQHandler</STRONG> (Thumb, 2 bytes, Stack size 0 bytes, stm32f10x_it.o(i.USART2_IRQHandler))
<BR>[Address Reference Count : 1]<UL><LI> start_rvds.o(RESET)
</UL>
<P><STRONG><a name="[29dc458]"></a>USART3_IRQHandler</STRONG> (Thumb, 2 bytes, Stack size 0 bytes, stm32f10x_it.o(i.USART3_IRQHandler))
<BR>[Address Reference Count : 1]<UL><LI> start_rvds.o(RESET)
</UL>
<P><STRONG><a name="[28ca76c]"></a>USART_ClearITPendingBit</STRONG> (Thumb, 30 bytes, Stack size 8 bytes, stm32f10x_usart.o(i.USART_ClearITPendingBit))
<BR><BR>[Stack]<UL><LI>Max Depth = 8<LI>Call Chain = USART_ClearITPendingBit
</UL>
<BR>[Called By]<UL><LI><a href="#[28c58e8]">&gt;&gt;</a>&nbsp;&nbsp;&nbsp;rt_hw_serial_isr
</UL>

<P><STRONG><a name="[28ca730]"></a>USART_ClockInit</STRONG> (Thumb, 32 bytes, Stack size 8 bytes, stm32f10x_usart.o(i.USART_ClockInit))
<BR><BR>[Stack]<UL><LI>Max Depth = 8<LI>Call Chain = USART_ClockInit
</UL>
<BR>[Called By]<UL><LI><a href="#[29db6fc]">&gt;&gt;</a>&nbsp;&nbsp;&nbsp;rt_hw_usart_init
</UL>

<P><STRONG><a name="[28ca6b8]"></a>USART_Cmd</STRONG> (Thumb, 24 bytes, Stack size 0 bytes, stm32f10x_usart.o(i.USART_Cmd))
<BR><BR>[Called By]<UL><LI><a href="#[28c5ce4]">&gt;&gt;</a>&nbsp;&nbsp;&nbsp;rt_serial_init
<LI><a href="#[28c5d5c]">&gt;&gt;</a>&nbsp;&nbsp;&nbsp;rt_serial_control
</UL>

<P><STRONG><a name="[28ca5c8]"></a>USART_GetITStatus</STRONG> (Thumb, 84 bytes, Stack size 16 bytes, stm32f10x_usart.o(i.USART_GetITStatus))
<BR><BR>[Stack]<UL><LI>Max Depth = 16<LI>Call Chain = USART_GetITStatus
</UL>
<BR>[Called By]<UL><LI><a href="#[28c58e8]">&gt;&gt;</a>&nbsp;&nbsp;&nbsp;rt_hw_serial_isr
</UL>

<P><STRONG><a name="[28ca550]"></a>USART_ITConfig</STRONG> (Thumb, 72 bytes, Stack size 20 bytes, stm32f10x_usart.o(i.USART_ITConfig))
<BR><BR>[Stack]<UL><LI>Max Depth = 20<LI>Call Chain = USART_ITConfig
</UL>
<BR>[Called By]<UL><LI><a href="#[29db6fc]">&gt;&gt;</a>&nbsp;&nbsp;&nbsp;rt_hw_usart_init
</UL>

<P><STRONG><a name="[28ca514]"></a>USART_Init</STRONG> (Thumb, 210 bytes, Stack size 56 bytes, stm32f10x_usart.o(i.USART_Init))
<BR><BR>[Stack]<UL><LI>Max Depth = 68<LI>Call Chain = USART_Init &rArr; RCC_GetClocksFreq
</UL>
<BR>[Calls]<UL><LI><a href="#[1548e10]">&gt;&gt;</a>&nbsp;&nbsp;&nbsp;RCC_GetClocksFreq
</UL>
<BR>[Called By]<UL><LI><a href="#[29db6fc]">&gt;&gt;</a>&nbsp;&nbsp;&nbsp;rt_hw_usart_init
</UL>

<P><STRONG><a name="[29dc3a4]"></a>WWDG_IRQHandler</STRONG> (Thumb, 2 bytes, Stack size 0 bytes, stm32f10x_it.o(i.WWDG_IRQHandler))
<BR>[Address Reference Count : 1]<UL><LI> start_rvds.o(RESET)
</UL>
<P><STRONG><a name="[30336f4]"></a>__aeabi_errno_addr</STRONG> (Thumb, 4 bytes, Stack size 0 bytes, errno.o(i.__aeabi_errno_addr))
<BR><BR>[Called By]<UL><LI><a href="#[3033208]">&gt;&gt;</a>&nbsp;&nbsp;&nbsp;_strtoul
<LI><a href="#[3033550]">&gt;&gt;</a>&nbsp;&nbsp;&nbsp;strtol
<LI><a href="#[3033dc0]">&gt;&gt;</a>&nbsp;&nbsp;&nbsp;atoi
</UL>

<P><STRONG><a name="[30336b8]"></a>__rt_errno_addr</STRONG> (Thumb, 0 bytes, Stack size 0 bytes, errno.o(i.__aeabi_errno_addr), UNUSED)

<P><STRONG><a name="[3032e48]"></a>__scatterload_copy</STRONG> (Thumb, 14 bytes, Stack size unknown bytes, handlers.o(i.__scatterload_copy), UNUSED)

<P><STRONG><a name="[3032e0c]"></a>__scatterload_null</STRONG> (Thumb, 2 bytes, Stack size unknown bytes, handlers.o(i.__scatterload_null), UNUSED)

<P><STRONG><a name="[3032dd0]"></a>__scatterload_zeroinit</STRONG> (Thumb, 14 bytes, Stack size unknown bytes, handlers.o(i.__scatterload_zeroinit), UNUSED)

<P><STRONG><a name="[29b950c]"></a>_delay_us</STRONG> (Thumb, 20 bytes, Stack size 0 bytes, enc28j60.o(i._delay_us))
<BR><BR>[Called By]<UL><LI><a href="#[29b932c]">&gt;&gt;</a>&nbsp;&nbsp;&nbsp;enc28j60_phy_write
<LI><a href="#[29b9368]">&gt;&gt;</a>&nbsp;&nbsp;&nbsp;enc28j60_phy_read
</UL>

<P><STRONG><a name="[29bdcc4]"></a>amplifier_tunner</STRONG> (Thumb, 38 bytes, Stack size 16 bytes, _tea5756.o(i.amplifier_tunner))
<BR><BR>[Stack]<UL><LI>Max Depth = 48<LI>Call Chain = amplifier_tunner &rArr; I2C_Write &rArr; I2C_SendByte
</UL>
<BR>[Calls]<UL><LI><a href="#[29bdf94]">&gt;&gt;</a>&nbsp;&nbsp;&nbsp;I2C_Write
</UL>
<BR>[Called By]<UL><LI><a href="#[29bdc88]">&gt;&gt;</a>&nbsp;&nbsp;&nbsp;radio_search
</UL>

<P><STRONG><a name="[29b94d0]"></a>delay_ms</STRONG> (Thumb, 20 bytes, Stack size 0 bytes, enc28j60.o(i.delay_ms))
<BR><BR>[Called By]<UL><LI><a href="#[29b93e0]">&gt;&gt;</a>&nbsp;&nbsp;&nbsp;enc28j60_init
<LI><a href="#[29c68ec]">&gt;&gt;</a>&nbsp;&nbsp;&nbsp;Enc28j60Init
</UL>

<P><STRONG><a name="[2a9e8c0]"></a>dns_getserver</STRONG> (Thumb, 40 bytes, Stack size 16 bytes, dns.o(i.dns_getserver))
<BR><BR>[Stack]<UL><LI>Max Depth = 16<LI>Call Chain = dns_getserver
</UL>
<BR>[Calls]<UL><LI><a href="#[30346a8]">&gt;&gt;</a>&nbsp;&nbsp;&nbsp;__aeabi_memcpy
</UL>
<BR>[Called By]<UL><LI><a href="#[2fcb274]">&gt;&gt;</a>&nbsp;&nbsp;&nbsp;list_if
</UL>

<P><STRONG><a name="[2a9e884]"></a>dns_init</STRONG> (Thumb, 70 bytes, Stack size 8 bytes, dns.o(i.dns_init))
<BR><BR>[Stack]<UL><LI>Max Depth = 324<LI>Call Chain = dns_init &rArr; udp_new &rArr; memp_malloc &rArr; rt_malloc &rArr; rt_sem_take &rArr; rt_ipc_list_suspend &rArr; rt_thread_suspend &rArr; rt_schedule_remove_thread &rArr; rt_kprintf &rArr; vsnprintf &rArr; print_number
</UL>
<BR>[Calls]<UL><LI><a href="#[2a9e488]">&gt;&gt;</a>&nbsp;&nbsp;&nbsp;udp_recv
<LI><a href="#[2a9e4c4]">&gt;&gt;</a>&nbsp;&nbsp;&nbsp;udp_new
<LI><a href="#[2a9e53c]">&gt;&gt;</a>&nbsp;&nbsp;&nbsp;udp_bind
<LI><a href="#[2a9e758]">&gt;&gt;</a>&nbsp;&nbsp;&nbsp;inet_addr
<LI><a href="#[2a9e848]">&gt;&gt;</a>&nbsp;&nbsp;&nbsp;dns_setserver
</UL>
<BR>[Called By]<UL><LI><a href="#[2a9c688]">&gt;&gt;</a>&nbsp;&nbsp;&nbsp;lwip_init
</UL>

<P><STRONG><a name="[2a9e848]"></a>dns_setserver</STRONG> (Thumb, 40 bytes, Stack size 16 bytes, dns.o(i.dns_setserver))
<BR><BR>[Stack]<UL><LI>Max Depth = 16<LI>Call Chain = dns_setserver
</UL>
<BR>[Calls]<UL><LI><a href="#[30346a8]">&gt;&gt;</a>&nbsp;&nbsp;&nbsp;__aeabi_memcpy
</UL>
<BR>[Called By]<UL><LI><a href="#[2a9e884]">&gt;&gt;</a>&nbsp;&nbsp;&nbsp;dns_init
<LI><a href="#[2fcb238]">&gt;&gt;</a>&nbsp;&nbsp;&nbsp;set_dns
</UL>

<P><STRONG><a name="[2a9e80c]"></a>dns_tmr</STRONG> (Thumb, 14 bytes, Stack size 8 bytes, dns.o(i.dns_tmr))
[...]
</UL>
<BR>[Calls]<UL><LI><a href="#[28c7490]">&gt;&gt;</a>&nbsp;&nbsp;&nbsp;rt_kprintf
<LI><a href="#[2a9e578]">&gt;&gt;</a>&nbsp;&nbsp;&nbsp;sys_arch_assert
<LI><a href="#[2f19468]">&gt;&gt;</a>&nbsp;&nbsp;&nbsp;do_writemore
<LI><a href="#[2f1951c]">&gt;&gt;</a>&nbsp;&nbsp;&nbsp;do_close_internal
</UL>
<BR>[Address Reference Count : 2]<UL><LI> api_msg.o(i.setup_tcp)
<LI> api_msg.o(i.do_close_internal)
</UL>
<P><STRONG><a name="[2f1933c]"></a>recv_raw</STRONG> (Thumb, 174 bytes, Stack size 32 bytes, api_msg.o(i.recv_raw))
<BR><BR>[Stack]<UL><LI>Max Depth = 412<LI>Call Chain = recv_raw &rArr; pbuf_alloc &rArr; pbuf_pool_is_empty &rArr; tcpip_callback_with_block &rArr; memp_malloc &rArr; rt_malloc &rArr; rt_sem_take &rArr; rt_ipc_list_suspend &rArr; rt_thread_suspend &rArr; rt_schedule_remove_thread &rArr; rt_kprintf &rArr; vsnprintf &rArr; print_number
</UL>
<BR>[Calls]<UL><LI><a href="#[29b8fa8]">&gt;&gt;</a>&nbsp;&nbsp;&nbsp;pbuf_alloc
<LI><a href="#[2a98efc]">&gt;&gt;</a>&nbsp;&nbsp;&nbsp;pbuf_copy
<LI><a href="#[2a9b4b8]">&gt;&gt;</a>&nbsp;&nbsp;&nbsp;memp_malloc
<LI><a href="#[2a9e62c]">&gt;&gt;</a>&nbsp;&nbsp;&nbsp;pbuf_free
<LI><a href="#[2fd47c0]">&gt;&gt;</a>&nbsp;&nbsp;&nbsp;sys_mbox_trypost
<LI><a href="#[2fd48b0]">&gt;&gt;</a>&nbsp;&nbsp;&nbsp;netbuf_delete
</UL>
<BR>[Address Reference Count : 1]<UL><LI> api_msg.o(i.pcb_new)
</UL>
<P><STRONG><a name="[2f19300]"></a>recv_tcp</STRONG> (Thumb, 170 bytes, Stack size 32 bytes, api_msg.o(i.recv_tcp))
<BR><BR>[Stack]<UL><LI>Max Depth = 332<LI>Call Chain = recv_tcp &rArr; sys_mbox_trypost &rArr; rt_mb_send &rArr; rt_mb_send_wait &rArr; rt_ipc_list_suspend &rArr; rt_thread_suspend &rArr; rt_schedule_remove_thread &rArr; rt_kprintf &rArr; vsnprintf &rArr; print_number
</UL>
<BR>[Calls]<UL><LI><a href="#[28c7490]">&gt;&gt;</a>&nbsp;&nbsp;&nbsp;rt_kprintf
<LI><a href="#[2a9e578]">&gt;&gt;</a>&nbsp;&nbsp;&nbsp;sys_arch_assert
<LI><a href="#[2fd47c0]">&gt;&gt;</a>&nbsp;&nbsp;&nbsp;sys_mbox_trypost
</UL>
<BR>[Address Reference Count : 1]<UL><LI> api_msg.o(i.setup_tcp)
</UL>
<P><STRONG><a name="[2f192c4]"></a>recv_udp</STRONG> (Thumb, 202 bytes, Stack size 32 bytes, api_msg.o(i.recv_udp))
<BR><BR>[Stack]<UL><LI>Max Depth = 356<LI>Call Chain = recv_udp &rArr; netbuf_delete &rArr; pbuf_free &rArr; memp_free &rArr; rt_free &rArr; rt_sem_take &rArr; rt_ipc_list_suspend &rArr; rt_thread_suspend &rArr; rt_schedule_remove_thread &rArr; rt_kprintf &rArr; vsnprintf &rArr; print_number
</UL>
<BR>[Calls]<UL><LI><a href="#[28c7490]">&gt;&gt;</a>&nbsp;&nbsp;&nbsp;rt_kprintf
<LI><a href="#[2a9b4b8]">&gt;&gt;</a>&nbsp;&nbsp;&nbsp;memp_malloc
<LI><a href="#[2a9e578]">&gt;&gt;</a>&nbsp;&nbsp;&nbsp;sys_arch_assert
<LI><a href="#[2a9e62c]">&gt;&gt;</a>&nbsp;&nbsp;&nbsp;pbuf_free
<LI><a href="#[2fd47c0]">&gt;&gt;</a>&nbsp;&nbsp;&nbsp;sys_mbox_trypost
<LI><a href="#[2fd48b0]">&gt;&gt;</a>&nbsp;&nbsp;&nbsp;netbuf_delete
</UL>
<BR>[Address Reference Count : 1]<UL><LI> api_msg.o(i.pcb_new)
</UL>
<P><STRONG><a name="[2f19288]"></a>sent_tcp</STRONG> (Thumb, 122 bytes, Stack size 24 bytes, api_msg.o(i.sent_tcp))
<BR><BR>[Stack]<UL><LI>Max Depth = 676<LI>Call Chain = sent_tcp &rArr; do_close_internal &rArr; tcp_close &rArr; tcp_pcb_remove &rArr; tcp_output &rArr; tcp_output_segment &rArr; ip_output &rArr; ip_output_if &rArr; ip_frag &rArr; pbuf_alloc &rArr; pbuf_pool_is_empty &rArr; tcpip_callback_with_block &rArr; memp_malloc &rArr; rt_malloc &rArr; rt_sem_take &rArr; rt_ipc_list_suspend &rArr; rt_thread_suspend &rArr; rt_schedule_remove_thread &rArr; rt_kprintf &rArr; vsnprintf &rArr; print_number
</UL>
<BR>[Calls]<UL><LI><a href="#[28c7490]">&gt;&gt;</a>&nbsp;&nbsp;&nbsp;rt_kprintf
<LI><a href="#[2a9e578]">&gt;&gt;</a>&nbsp;&nbsp;&nbsp;sys_arch_assert
<LI><a href="#[2f19468]">&gt;&gt;</a>&nbsp;&nbsp;&nbsp;do_writemore
<LI><a href="#[2f1951c]">&gt;&gt;</a>&nbsp;&nbsp;&nbsp;do_close_internal
</UL>
<BR>[Address Reference Count : 2]<UL><LI> api_msg.o(i.setup_tcp)
<LI> api_msg.o(i.do_close_internal)
</UL>
<P><STRONG><a name="[2f1924c]"></a>setup_tcp</STRONG> (Thumb, 50 bytes, Stack size 16 bytes, api_msg.o(i.setup_tcp))
<BR><BR>[Stack]<UL><LI>Max Depth = 16<LI>Call Chain = setup_tcp
</UL>
<BR>[Calls]<UL><LI><a href="#[2a91030]">&gt;&gt;</a>&nbsp;&nbsp;&nbsp;tcp_arg
<LI><a href="#[2f2761c]">&gt;&gt;</a>&nbsp;&nbsp;&nbsp;tcp_sent
<LI><a href="#[2f27748]">&gt;&gt;</a>&nbsp;&nbsp;&nbsp;tcp_recv
<LI><a href="#[2f27784]">&gt;&gt;</a>&nbsp;&nbsp;&nbsp;tcp_poll
<LI><a href="#[2f27928]">&gt;&gt;</a>&nbsp;&nbsp;&nbsp;tcp_err
</UL>
<BR>[Called By]<UL><LI><a href="#[2f193b4]">&gt;&gt;</a>&nbsp;&nbsp;&nbsp;pcb_new
</UL>

<P><STRONG><a name="[2fd083c]"></a>arp_timer</STRONG> (Thumb, 22 bytes, Stack size 8 bytes, tcpip.o(i.arp_timer))
<BR><BR>[Stack]<UL><LI>Max Depth = 348<LI>Call Chain = arp_timer &rArr; sys_timeout &rArr; memp_malloc &rArr; rt_malloc &rArr; rt_sem_take &rArr; rt_ipc_list_suspend &rArr; rt_thread_suspend &rArr; rt_schedule_remove_thread &rArr; rt_kprintf &rArr; vsnprintf &rArr; print_number
</UL>
<BR>[Calls]<UL><LI><a href="#[2a94780]">&gt;&gt;</a>&nbsp;&nbsp;&nbsp;sys_timeout
<LI><a href="#[2fcfc48]">&gt;&gt;</a>&nbsp;&nbsp;&nbsp;etharp_tmr
</UL>
<BR>[Address Reference Count : 2]<UL><LI> tcpip.o(i.arp_timer)
<LI> tcpip.o(i.tcpip_thread)
</UL>
<P><STRONG><a name="[2fd0800]"></a>dns_timer</STRONG> (Thumb, 22 bytes, Stack size 8 bytes, tcpip.o(i.dns_timer))
<BR><BR>[Stack]<UL><LI>Max Depth = 692<LI>Call Chain = dns_timer &rArr; dns_tmr &rArr; dns_check_entries &rArr; dns_check_entry &rArr; dns_send &rArr; udp_sendto &rArr; udp_sendto_if &rArr; ip_output_if &rArr; ip_frag &rArr; pbuf_alloc &rArr; pbuf_pool_is_empty &rArr; tcpip_callback_with_block &rArr; memp_malloc &rArr; rt_malloc &rArr; rt_sem_take &rArr; rt_ipc_list_suspend &rArr; rt_thread_suspend &rArr; rt_schedule_remove_thread &rArr; rt_kprintf &rArr; vsnprintf &rArr; print_number
</UL>
<BR>[Calls]<UL><LI><a href="#[2a94780]">&gt;&gt;</a>&nbsp;&nbsp;&nbsp;sys_timeout
<LI><a href="#[2a9e80c]">&gt;&gt;</a>&nbsp;&nbsp;&nbsp;dns_tmr
</UL>
<BR>[Address Reference Count : 2]<UL><LI> tcpip.o(i.dns_timer)
<LI> tcpip.o(i.tcpip_thread)
</UL>
<P><STRONG><a name="[2fd07c4]"></a>ip_reass_timer</STRONG> (Thumb, 22 bytes, Stack size 8 bytes, tcpip.o(i.ip_reass_timer))
<BR><BR>[Stack]<UL><LI>Max Depth = 652<LI>Call Chain = ip_reass_timer &rArr; ip_reass_tmr &rArr; ip_reass_free_complete_datagram &rArr; icmp_time_exceeded &rArr; icmp_send_response &rArr; ip_output &rArr; ip_output_if &rArr; ip_frag &rArr; pbuf_alloc &rArr; pbuf_pool_is_empty &rArr; tcpip_callback_with_block &rArr; memp_malloc &rArr; rt_malloc &rArr; rt_sem_take &rArr; rt_ipc_list_suspend &rArr; rt_thread_suspend &rArr; rt_schedule_remove_thread &rArr; rt_kprintf &rArr; vsnprintf &rArr; print_number
</UL>
<BR>[Calls]<UL><LI><a href="#[2a94780]">&gt;&gt;</a>&nbsp;&nbsp;&nbsp;sys_timeout
<LI><a href="#[2f1e238]">&gt;&gt;</a>&nbsp;&nbsp;&nbsp;ip_reass_tmr
</UL>
<BR>[Address Reference Count : 2]<UL><LI> tcpip.o(i.ip_reass_timer)
<LI> tcpip.o(i.tcpip_thread)
</UL>
<P><STRONG><a name="[2fd0710]"></a>tcpip_tcp_timer</STRONG> (Thumb, 40 bytes, Stack size 8 bytes, tcpip.o(i.tcpip_tcp_timer))
<BR><BR>[Stack]<UL><LI>Max Depth = 692<LI>Call Chain = tcpip_tcp_timer &rArr; tcp_tmr &rArr; tcp_fasttmr &rArr; tcp_recv_null &rArr; tcp_close &rArr; tcp_pcb_remove &rArr; tcp_output &rArr; tcp_output_segment &rArr; ip_output &rArr; ip_output_if &rArr; ip_frag &rArr; pbuf_alloc &rArr; pbuf_pool_is_empty &rArr; tcpip_callback_with_block &rArr; memp_malloc &rArr; rt_malloc &rArr; rt_sem_take &rArr; rt_ipc_list_suspend &rArr; rt_thread_suspend &rArr; rt_schedule_remove_thread &rArr; rt_kprintf &rArr; vsnprintf &rArr; print_number
</UL>
<BR>[Calls]<UL><LI><a href="#[2a94780]">&gt;&gt;</a>&nbsp;&nbsp;&nbsp;sys_timeout
<LI><a href="#[2f27568]">&gt;&gt;</a>&nbsp;&nbsp;&nbsp;tcp_tmr
</UL>
<BR>[Address Reference Count : 2]<UL><LI> tcpip.o(i.tcp_timer_needed)
<LI> tcpip.o(i.tcpip_tcp_timer)
</UL>
<P><STRONG><a name="[2fd06d4]"></a>tcpip_thread</STRONG> (Thumb, 214 bytes, Stack size 8 bytes, tcpip.o(i.tcpip_thread))
<BR><BR>[Stack]<UL><LI>Max Depth = 852<LI>Call Chain = tcpip_thread &rArr; ethernet_input &rArr; ip_input &rArr; tcp_input &rArr; tcp_listen_input &rArr; tcp_alloc &rArr; tcp_kill_prio &rArr; tcp_abandon &rArr; tcp_pcb_remove &rArr; tcp_output &rArr; tcp_output_segment &rArr; ip_output &rArr; ip_output_if &rArr; ip_frag &rArr; pbuf_alloc &rArr; pbuf_pool_is_empty &rArr; tcpip_callback_with_block &rArr; memp_malloc &rArr; rt_malloc &rArr; rt_sem_take &rArr; rt_ipc_list_suspend &rArr; rt_thread_suspend &rArr; rt_schedule_remove_thread &rArr; rt_kprintf &rArr; vsnprintf &rArr; print_number
</UL>
<BR>[Calls]<UL><LI><a href="#[2a94744]">&gt;&gt;</a>&nbsp;&nbsp;&nbsp;sys_untimeout
<LI><a href="#[2a94780]">&gt;&gt;</a>&nbsp;&nbsp;&nbsp;sys_timeout
<LI><a href="#[2a94870]">&gt;&gt;</a>&nbsp;&nbsp;&nbsp;sys_mbox_fetch
<LI><a href="#[2a98f38]">&gt;&gt;</a>&nbsp;&nbsp;&nbsp;ip_input
<LI><a href="#[2a9b4f4]">&gt;&gt;</a>&nbsp;&nbsp;&nbsp;memp_free
<LI><a href="#[2fcfc0c]">&gt;&gt;</a>&nbsp;&nbsp;&nbsp;ethernet_input
</UL>
<BR>[Address Reference Count : 1]<UL><LI> tcpip.o(i.tcpip_init)
</UL>
<P><STRONG><a name="[2fce6b8]"></a>etharp_raw</STRONG> (Thumb, 290 bytes, Stack size 56 bytes, etharp.o(i.etharp_raw))
<BR><BR>[Stack]<UL><LI>Max Depth = 436<LI>Call Chain = etharp_raw &rArr; pbuf_alloc &rArr; pbuf_pool_is_empty &rArr; tcpip_callback_with_block &rArr; memp_malloc &rArr; rt_malloc &rArr; rt_sem_take &rArr; rt_ipc_list_suspend &rArr; rt_thread_suspend &rArr; rt_schedule_remove_thread &rArr; rt_kprintf &rArr; vsnprintf &rArr; print_number
</UL>
<BR>[Calls]<UL><LI><a href="#[28c7490]">&gt;&gt;</a>&nbsp;&nbsp;&nbsp;rt_kprintf
<LI><a href="#[29b8fa8]">&gt;&gt;</a>&nbsp;&nbsp;&nbsp;pbuf_alloc
<LI><a href="#[2a9e578]">&gt;&gt;</a>&nbsp;&nbsp;&nbsp;sys_arch_assert
<LI><a href="#[2a9e62c]">&gt;&gt;</a>&nbsp;&nbsp;&nbsp;pbuf_free
<LI><a href="#[2a9e794]">&gt;&gt;</a>&nbsp;&nbsp;&nbsp;htons
<LI><a href="#[30346a8]">&gt;&gt;</a>&nbsp;&nbsp;&nbsp;__aeabi_memcpy
</UL>
<BR>[Called By]<UL><LI><a href="#[2a98f74]">&gt;&gt;</a>&nbsp;&nbsp;&nbsp;etharp_request
</UL>

<P><STRONG><a name="[2fce67c]"></a>etharp_send_ip</STRONG> (Thumb, 108 bytes, Stack size 32 bytes, etharp.o(i.etharp_send_ip))
<BR><BR>[Stack]<UL><LI>Max Depth = 220<LI>Call Chain = etharp_send_ip &rArr; sys_arch_assert &rArr; rt_kprintf &rArr; vsnprintf &rArr; print_number
</UL>
<BR>[Calls]<UL><LI><a href="#[28c7490]">&gt;&gt;</a>&nbsp;&nbsp;&nbsp;rt_kprintf
<LI><a href="#[2a9e578]">&gt;&gt;</a>&nbsp;&nbsp;&nbsp;sys_arch_assert
<LI><a href="#[2a9e794]">&gt;&gt;</a>&nbsp;&nbsp;&nbsp;htons
</UL>
<BR>[Called By]<UL><LI><a href="#[2fce208]">&gt;&gt;</a>&nbsp;&nbsp;&nbsp;etharp_query
<LI><a href="#[2fce244]">&gt;&gt;</a>&nbsp;&nbsp;&nbsp;etharp_output
<LI><a href="#[2fce58c]">&gt;&gt;</a>&nbsp;&nbsp;&nbsp;update_arp_entry
</UL>

<P><STRONG><a name="[2fce640]"></a>find_entry</STRONG> (Thumb, 560 bytes, Stack size 48 bytes, etharp.o(i.find_entry))
<BR><BR>[Stack]<UL><LI>Max Depth = 380<LI>Call Chain = find_entry &rArr; free_etharp_q &rArr; pbuf_free &rArr; memp_free &rArr; rt_free &rArr; rt_sem_take &rArr; rt_ipc_list_suspend &rArr; rt_thread_suspend &rArr; rt_schedule_remove_thread &rArr; rt_kprintf &rArr; vsnprintf &rArr; print_number
</UL>
<BR>[Calls]<UL><LI><a href="#[28c7490]">&gt;&gt;</a>&nbsp;&nbsp;&nbsp;rt_kprintf
<LI><a href="#[2a9e578]">&gt;&gt;</a>&nbsp;&nbsp;&nbsp;sys_arch_assert
<LI><a href="#[2fce604]">&gt;&gt;</a>&nbsp;&nbsp;&nbsp;free_etharp_q
</UL>
<BR>[Called By]<UL><LI><a href="#[2fce208]">&gt;&gt;</a>&nbsp;&nbsp;&nbsp;etharp_query
<LI><a href="#[2fce58c]">&gt;&gt;</a>&nbsp;&nbsp;&nbsp;update_arp_entry
</UL>

<P><STRONG><a name="[2fce604]"></a>free_etharp_q</STRONG> (Thumb, 94 bytes, Stack size 16 bytes, etharp.o(i.free_etharp_q))
<BR><BR>[Stack]<UL><LI>Max Depth = 332<LI>Call Chain = free_etharp_q &rArr; pbuf_free &rArr; memp_free &rArr; rt_free &rArr; rt_sem_take &rArr; rt_ipc_list_suspend &rArr; rt_thread_suspend &rArr; rt_schedule_remove_thread &rArr; rt_kprintf &rArr; vsnprintf &rArr; print_number
</UL>
<BR>[Calls]<UL><LI><a href="#[28c7490]">&gt;&gt;</a>&nbsp;&nbsp;&nbsp;rt_kprintf
<LI><a href="#[2a9b4f4]">&gt;&gt;</a>&nbsp;&nbsp;&nbsp;memp_free
<LI><a href="#[2a9e578]">&gt;&gt;</a>&nbsp;&nbsp;&nbsp;sys_arch_assert
<LI><a href="#[2a9e62c]">&gt;&gt;</a>&nbsp;&nbsp;&nbsp;pbuf_free
</UL>
<BR>[Called By]<UL><LI><a href="#[2fce640]">&gt;&gt;</a>&nbsp;&nbsp;&nbsp;find_entry
<LI><a href="#[2fcfc48]">&gt;&gt;</a>&nbsp;&nbsp;&nbsp;etharp_tmr
</UL>

<P><STRONG><a name="[2fce58c]"></a>update_arp_entry</STRONG> (Thumb, 266 bytes, Stack size 40 bytes, etharp.o(i.update_arp_entry))
<BR><BR>[Stack]<UL><LI>Max Depth = 420<LI>Call Chain = update_arp_entry &rArr; find_entry &rArr; free_etharp_q &rArr; pbuf_free &rArr; memp_free &rArr; rt_free &rArr; rt_sem_take &rArr; rt_ipc_list_suspend &rArr; rt_thread_suspend &rArr; rt_schedule_remove_thread &rArr; rt_kprintf &rArr; vsnprintf &rArr; print_number
</UL>
<BR>[Calls]<UL><LI><a href="#[28c7490]">&gt;&gt;</a>&nbsp;&nbsp;&nbsp;rt_kprintf
<LI><a href="#[2a9b4f4]">&gt;&gt;</a>&nbsp;&nbsp;&nbsp;memp_free
<LI><a href="#[2a9e578]">&gt;&gt;</a>&nbsp;&nbsp;&nbsp;sys_arch_assert
<LI><a href="#[2a9e62c]">&gt;&gt;</a>&nbsp;&nbsp;&nbsp;pbuf_free
<LI><a href="#[2a9e6e0]">&gt;&gt;</a>&nbsp;&nbsp;&nbsp;ntohl
<LI><a href="#[2f25ba0]">&gt;&gt;</a>&nbsp;&nbsp;&nbsp;ip_addr_isbroadcast
<LI><a href="#[2fce640]">&gt;&gt;</a>&nbsp;&nbsp;&nbsp;find_entry
<LI><a href="#[2fce67c]">&gt;&gt;</a>&nbsp;&nbsp;&nbsp;etharp_send_ip
</UL>
<BR>[Called By]<UL><LI><a href="#[2fce280]">&gt;&gt;</a>&nbsp;&nbsp;&nbsp;etharp_ip_input
<LI><a href="#[2fce2f8]">&gt;&gt;</a>&nbsp;&nbsp;&nbsp;etharp_arp_input
</UL>

<P><STRONG><a name="[3039130]"></a>alloc_socket</STRONG> (Thumb, 136 bytes, Stack size 16 bytes, sockets.o(i.alloc_socket))
<BR><BR>[Stack]<UL><LI>Max Depth = 340<LI>Call Chain = alloc_socket &rArr; sys_sem_wait &rArr; memp_free &rArr; rt_free &rArr; rt_sem_take &rArr; rt_ipc_list_suspend &rArr; rt_thread_suspend &rArr; rt_schedule_remove_thread &rArr; rt_kprintf &rArr; vsnprintf &rArr; print_number
</UL>
<BR>[Calls]<UL><LI><a href="#[2a945dc]">&gt;&gt;</a>&nbsp;&nbsp;&nbsp;sys_sem_signal
<LI><a href="#[2a947f8]">&gt;&gt;</a>&nbsp;&nbsp;&nbsp;sys_sem_wait
</UL>
<BR>[Called By]<UL><LI><a href="#[3038668]">&gt;&gt;</a>&nbsp;&nbsp;&nbsp;lwip_socket
</UL>

<P><STRONG><a name="[30390f4]"></a>event_callback</STRONG> (Thumb, 338 bytes, Stack size 32 bytes, sockets.o(i.event_callback))
<BR><BR>[Stack]<UL><LI>Max Depth = 356<LI>Call Chain = event_callback &rArr; sys_sem_wait &rArr; memp_free &rArr; rt_free &rArr; rt_sem_take &rArr; rt_ipc_list_suspend &rArr; rt_thread_suspend &rArr; rt_schedule_remove_thread &rArr; rt_kprintf &rArr; vsnprintf &rArr; print_number
</UL>
<BR>[Calls]<UL><LI><a href="#[28c7490]">&gt;&gt;</a>&nbsp;&nbsp;&nbsp;rt_kprintf
<LI><a href="#[2a945dc]">&gt;&gt;</a>&nbsp;&nbsp;&nbsp;sys_sem_signal
<LI><a href="#[2a947f8]">&gt;&gt;</a>&nbsp;&nbsp;&nbsp;sys_sem_wait
<LI><a href="#[2a9e578]">&gt;&gt;</a>&nbsp;&nbsp;&nbsp;sys_arch_assert
<LI><a href="#[30390b8]">&gt;&gt;</a>&nbsp;&nbsp;&nbsp;get_socket
</UL>
<BR>[Address Reference Count : 1]<UL><LI> sockets.o(i.lwip_socket)
</UL>
<P><STRONG><a name="[30390b8]"></a>get_socket</STRONG> (Thumb, 36 bytes, Stack size 0 bytes, sockets.o(i.get_socket))
<BR><BR>[Called By]<UL><LI><a href="#[30386e0]">&gt;&gt;</a>&nbsp;&nbsp;&nbsp;lwip_setsockopt
<LI><a href="#[303871c]">&gt;&gt;</a>&nbsp;&nbsp;&nbsp;lwip_sendto
<LI><a href="#[3038758]">&gt;&gt;</a>&nbsp;&nbsp;&nbsp;lwip_send
<LI><a href="#[30387d0]">&gt;&gt;</a>&nbsp;&nbsp;&nbsp;lwip_recvfrom
<LI><a href="#[30390f4]">&gt;&gt;</a>&nbsp;&nbsp;&nbsp;event_callback
</UL>

<P><STRONG><a name="[3038fc8]"></a>lwip_setsockopt_internal</STRONG> (Thumb, 418 bytes, Stack size 32 bytes, sockets.o(i.lwip_setsockopt_internal))
<BR><BR>[Stack]<UL><LI>Max Depth = 276<LI>Call Chain = lwip_setsockopt_internal &rArr; sys_sem_signal &rArr; rt_sem_release &rArr; rt_ipc_list_resume &rArr; rt_thread_resume &rArr; rt_schedule_insert_thread &rArr; rt_kprintf &rArr; vsnprintf &rArr; print_number
</UL>
<BR>[Calls]<UL><LI><a href="#[28c7490]">&gt;&gt;</a>&nbsp;&nbsp;&nbsp;rt_kprintf
<LI><a href="#[2a945dc]">&gt;&gt;</a>&nbsp;&nbsp;&nbsp;sys_sem_signal
<LI><a href="#[2a9e578]">&gt;&gt;</a>&nbsp;&nbsp;&nbsp;sys_arch_assert
</UL>
<BR>[Address Reference Count : 1]<UL><LI> sockets.o(i.lwip_setsockopt)
</UL>
<P><STRONG><a name="[3037d44]"></a>ping_prepare_echo</STRONG> (Thumb, 78 bytes, Stack size 24 bytes, ping.o(i.ping_prepare_echo))
<BR><BR>[Stack]<UL><LI>Max Depth = 64<LI>Call Chain = ping_prepare_echo &rArr; inet_chksum &rArr; lwip_standard_chksum
</UL>
<BR>[Calls]<UL><LI><a href="#[2a9e794]">&gt;&gt;</a>&nbsp;&nbsp;&nbsp;htons
<LI><a href="#[2f22234]">&gt;&gt;</a>&nbsp;&nbsp;&nbsp;inet_chksum
</UL>
<BR>[Called By]<UL><LI><a href="#[3037ccc]">&gt;&gt;</a>&nbsp;&nbsp;&nbsp;ping_send
</UL>

<P><STRONG><a name="[3037d08]"></a>ping_recv</STRONG> (Thumb, 132 bytes, Stack size 120 bytes, ping.o(i.ping_recv))
<BR><BR>[Stack]<UL><LI>Max Depth = 564<LI>Call Chain = ping_recv &rArr; lwip_recvfrom &rArr; netconn_recv &rArr; tcpip_apimsg &rArr; sys_arch_sem_wait &rArr; rt_sem_take &rArr; rt_ipc_list_suspend &rArr; rt_thread_suspend &rArr; rt_schedule_remove_thread &rArr; rt_kprintf &rArr; vsnprintf &rArr; print_number
</UL>
<BR>[Calls]<UL><LI><a href="#[28c7490]">&gt;&gt;</a>&nbsp;&nbsp;&nbsp;rt_kprintf
<LI><a href="#[2a9e6a4]">&gt;&gt;</a>&nbsp;&nbsp;&nbsp;ntohs
<LI><a href="#[2a9e794]">&gt;&gt;</a>&nbsp;&nbsp;&nbsp;htons
<LI><a href="#[30387d0]">&gt;&gt;</a>&nbsp;&nbsp;&nbsp;lwip_recvfrom
</UL>
<BR>[Called By]<UL><LI><a href="#[3037aec]">&gt;&gt;</a>&nbsp;&nbsp;&nbsp;ping
</UL>

<P><STRONG><a name="[3037ccc]"></a>ping_send</STRONG> (Thumb, 126 bytes, Stack size 48 bytes, ping.o(i.ping_send))
<BR><BR>[Stack]<UL><LI>Max Depth = 516<LI>Call Chain = ping_send &rArr; lwip_sendto &rArr; netbuf_ref &rArr; pbuf_alloc &rArr; pbuf_pool_is_empty &rArr; tcpip_callback_with_block &rArr; memp_malloc &rArr; rt_malloc &rArr; rt_sem_take &rArr; rt_ipc_list_suspend &rArr; rt_thread_suspend &rArr; rt_schedule_remove_thread &rArr; rt_kprintf &rArr; vsnprintf &rArr; print_number
</UL>
<BR>[Calls]<UL><LI><a href="#[2854550]">&gt;&gt;</a>&nbsp;&nbsp;&nbsp;rt_malloc
<LI><a href="#[28596e0]">&gt;&gt;</a>&nbsp;&nbsp;&nbsp;rt_free
<LI><a href="#[28c7490]">&gt;&gt;</a>&nbsp;&nbsp;&nbsp;rt_kprintf
<LI><a href="#[2a9e578]">&gt;&gt;</a>&nbsp;&nbsp;&nbsp;sys_arch_assert
<LI><a href="#[3037d44]">&gt;&gt;</a>&nbsp;&nbsp;&nbsp;ping_prepare_echo
<LI><a href="#[303871c]">&gt;&gt;</a>&nbsp;&nbsp;&nbsp;lwip_sendto
</UL>
<BR>[Called By]<UL><LI><a href="#[3037aec]">&gt;&gt;</a>&nbsp;&nbsp;&nbsp;ping
</UL>

<P><STRONG><a name="[3035a1c]"></a>GPIO_Configuration</STRONG> (Thumb, 126 bytes, Stack size 8 bytes, spi.o(i.GPIO_Configuration))
<BR><BR>[Stack]<UL><LI>Max Depth = 28<LI>Call Chain = GPIO_Configuration &rArr; GPIO_Init
</UL>
<BR>[Calls]<UL><LI><a href="#[154c650]">&gt;&gt;</a>&nbsp;&nbsp;&nbsp;GPIO_SetBits
<LI><a href="#[154c68c]">&gt;&gt;</a>&nbsp;&nbsp;&nbsp;GPIO_ResetBits
<LI><a href="#[154c830]">&gt;&gt;</a>&nbsp;&nbsp;&nbsp;GPIO_Init
<LI><a href="#[27e6a64]">&gt;&gt;</a>&nbsp;&nbsp;&nbsp;RCC_APB2PeriphClockCmd
</UL>
<BR>[Called By]<UL><LI><a href="#[29b9110]">&gt;&gt;</a>&nbsp;&nbsp;&nbsp;SPI1_Init
</UL>

<P><STRONG><a name="[30359e0]"></a>RCC_Configuration</STRONG> (Thumb, 2 bytes, Stack size 0 bytes, spi.o(i.RCC_Configuration))
<BR><BR>[Called By]<UL><LI><a href="#[29b9110]">&gt;&gt;</a>&nbsp;&nbsp;&nbsp;SPI1_Init
</UL>
<P>
<H3>
Undefined Global Symbols
</H3><HR></body></html>
