<html>
<body>
<pre>
<h1>µVision3 Build Log</h1>
<h2>Project:</h2>
F:\rt-thread\workspace\temp\fighting_stm32\bsp\fighting\project.uv2
Project File Date:  05/21/2014

<h2>Output:</h2>
Build target 'RT-Thread STM32'
compiling misc.c...
compiling stm32f10x_adc.c...
compiling stm32f10x_bkp.c...
compiling stm32f10x_can.c...
compiling stm32f10x_cec.c...
compiling stm32f10x_crc.c...
compiling stm32f10x_dac.c...
compiling stm32f10x_dbgmcu.c...
compiling stm32f10x_dma.c...
compiling stm32f10x_exti.c...
compiling stm32f10x_flash.c...
compiling stm32f10x_fsmc.c...
compiling stm32f10x_gpio.c...
compiling stm32f10x_i2c.c...
compiling stm32f10x_iwdg.c...
compiling stm32f10x_pwr.c...
compiling stm32f10x_rcc.c...
compiling stm32f10x_rtc.c...
compiling stm32f10x_sdio.c...
compiling stm32f10x_spi.c...
compiling stm32f10x_tim.c...
compiling stm32f10x_usart.c...
compiling stm32f10x_wwdg.c...
compiling core_cm3.c...
compiling system_stm32f10x.c...
compiling cpu.c...
compiling fault.c...
compiling interrupt.c...
compiling serial.c...
compiling stack.c...
assembling start_rvds.S...
assembling context_rvds.S...
assembling fault_rvds.S...
compiling clock.c...
compiling device.c...
compiling idle.c...
compiling ipc.c...
compiling irq.c...
compiling kservice.c...
compiling mem.c...
compiling mempool.c...
compiling object.c...
compiling scheduler.c...
compiling slab.c...
compiling thread.c...
compiling timer.c...
compiling cmd.c...
compiling finsh_compiler.c...
compiling finsh_error.c...
compiling finsh_heap.c...
compiling finsh_init.c...
compiling finsh_node.c...
compiling finsh_ops.c...
compiling finsh_parser.c...
compiling finsh_token.c...
compiling finsh_var.c...
compiling finsh_vm.c...
compiling shell.c...
compiling symbol.c...
compiling stm32f10x_it.c...
stm32f10x_it.c(474): warning:  #223-D: function "rt_hw_serial_isr" declared implicitly
compiling board.c...
compiling application.c...
application.c(90): warning:  #223-D: function "eth_system_device_init" declared implicitly
application.c(45): warning:  #177-D: variable "buf" was declared but never referenced
compiling startup.c...
compiling led.c...
compiling usart.c...
compiling lcd.c...
lcd.c(224): warning:  #1-D: last line of file ends without a newline
compiling lcd_generic.c...
lcd_generic.c(311): warning:  #940-D: missing return statement at end of non-void function "stm32fighting_lcd_hard_init"
lcd_generic.c(163): warning:  #177-D: function "LCD_WR_REG" was declared but never referenced
lcd_generic.c(169): warning:  #177-D: function "LCD_RD_data" was declared but never referenced
lcd_generic.c(185): warning:  #177-D: function "LCD_WR_Data_8" was declared but never referenced
compiling ili_lcd_general.c...
ili_lcd_general.c(40): warning:  #177-D: function "_LCD_FSMCConfig" was declared but never referenced
ili_lcd_general.c(230): warning:  #177-D: function "read_reg" was declared but never referenced
compiling _tea5756.c...
_tea5756.c(392): warning:  #550-D: variable "freq" was set but never used
_tea5756.c(599): warning:  #177-D: variable "ch1" was declared but never referenced
_tea5756.c(603): warning:  #550-D: variable "fmCh" was set but never used
_tea5756.c(461): warning:  #177-D: function "I2C_Configuration" was declared but never referenced
_tea5756.c(181): warning:  #177-D: function "delay_ms" was declared but never referenced
compiling enc28j60.c...
enc28j60.c(240): warning:  #550-D: variable "duplex" was set but never used
enc28j60.c(311): warning:  #223-D: function "enc28j60Read" declared implicitly
enc28j60.c(344): warning:  #167-D: argument of type "void (*)(void)" is incompatible with parameter of type "void (*)(void *)"
enc28j60.c(373): warning:  #223-D: function "enc28j60PacketReceive" declared implicitly
enc28j60.c(486): warning:  #223-D: function "enc28j60Init" declared implicitly
enc28j60.c(496): warning:  #177-D: variable "ucRegVal" was declared but never referenced
enc28j60.c(876): warning:  #177-D: label "failed" was declared but never referenced
enc28j60.c(926): warning:  #177-D: variable "GPIO_InitStructure" was declared but never referenced
enc28j60.c(1003): warning:  #223-D: function "SPI1_Init" declared implicitly
enc28j60.c(142): warning:  #177-D: function "enc28j60_membuf_read" was declared but never referenced
enc28j60.c(738): warning:  #177-D: function "enc28j60_dump_rsv" was declared but never referenced
enc28j60.c(884): warning:  #177-D: function "RCC_Configuration" was declared but never referenced
enc28j60.c(974): warning:  #177-D: function "SetupSPI" was declared but never referenced
compiling dhcp.c...
compiling dns.c...
compiling init.c...
compiling memp.c...
compiling netif.c...
compiling pbuf.c...
compiling raw.c...
compiling stats.c...
compiling sys.c...
compiling tcp.c...
compiling tcp_in.c...
compiling tcp_out.c...
compiling udp.c...
compiling autoip.c...
compiling icmp.c...
compiling igmp.c...
compiling inet.c...
compiling inet_chksum.c...
compiling ip.c...
compiling ip_addr.c...
compiling ip_frag.c...
compiling msg_in.c...
compiling msg_out.c...
compiling api_lib.c...
compiling api_msg.c...
compiling err.c...
compiling netbuf.c...
compiling netdb.c...
compiling netifapi.c...
compiling tcpip.c...
compiling etharp.c...
compiling ethernetif.c...
compiling loopif.c...
compiling sys_arch_init.c...
compiling sys_arch.c...
compiling sockets.c...
compiling ping.c...
compiling ENC28J60_Poll.C...
drivers\ENC28J60_Poll.C(126): warning:  #177-D: variable "a" was declared but never referenced
compiling SPI.C...
linking...
Program Size: Code=86156 RO-data=4736 RW-data=676 ZI-data=7596  
".\obj\rtthread-stm32.axf" - 0 Error(s), 29 Warning(s).
