ARM Linker, RVCT4.0 [Build 524] for uVision [Standard]

==============================================================================

Section Cross References

    stm32f10x_adc.o(i.ADC_DeInit) refers to stm32f10x_rcc.o(i.RCC_APB2PeriphResetCmd) for RCC_APB2PeriphResetCmd
    stm32f10x_bkp.o(i.BKP_DeInit) refers to stm32f10x_rcc.o(i.RCC_BackupResetCmd) for RCC_BackupResetCmd
    stm32f10x_can.o(i.CAN_DeInit) refers to stm32f10x_rcc.o(i.RCC_APB1PeriphResetCmd) for RCC_APB1PeriphResetCmd
    stm32f10x_can.o(i.CAN_GetITStatus) refers to stm32f10x_can.o(i.CheckITStatus) for CheckITStatus
    stm32f10x_can.o(i.CAN_Receive) refers to stm32f10x_can.o(i.CAN_FIFORelease) for CAN_FIFORelease
    stm32f10x_cec.o(i.CEC_DeInit) refers to stm32f10x_rcc.o(i.RCC_APB1PeriphResetCmd) for RCC_APB1PeriphResetCmd
    stm32f10x_dac.o(i.DAC_DeInit) refers to stm32f10x_rcc.o(i.RCC_APB1PeriphResetCmd) for RCC_APB1PeriphResetCmd
    stm32f10x_flash.o(i.FLASH_EnableWriteProtection) refers to stm32f10x_flash.o(i.FLASH_WaitForLastOperation) for FLASH_WaitForLastOperation
    stm32f10x_flash.o(i.FLASH_EraseAllPages) refers to stm32f10x_flash.o(i.FLASH_WaitForLastOperation) for FLASH_WaitForLastOperation
    stm32f10x_flash.o(i.FLASH_EraseOptionBytes) refers to stm32f10x_flash.o(i.FLASH_GetReadOutProtectionStatus) for FLASH_GetReadOutProtectionStatus
    stm32f10x_flash.o(i.FLASH_EraseOptionBytes) refers to stm32f10x_flash.o(i.FLASH_WaitForLastOperation) for FLASH_WaitForLastOperation
    stm32f10x_flash.o(i.FLASH_ErasePage) refers to stm32f10x_flash.o(i.FLASH_WaitForLastOperation) for FLASH_WaitForLastOperation
    stm32f10x_flash.o(i.FLASH_ProgramHalfWord) refers to stm32f10x_flash.o(i.FLASH_WaitForLastOperation) for FLASH_WaitForLastOperation
    stm32f10x_flash.o(i.FLASH_ProgramOptionByteData) refers to stm32f10x_flash.o(i.FLASH_WaitForLastOperation) for FLASH_WaitForLastOperation
    stm32f10x_flash.o(i.FLASH_ProgramWord) refers to stm32f10x_flash.o(i.FLASH_WaitForLastOperation) for FLASH_WaitForLastOperation
    stm32f10x_flash.o(i.FLASH_ReadOutProtection) refers to stm32f10x_flash.o(i.FLASH_WaitForLastOperation) for FLASH_WaitForLastOperation
    stm32f10x_flash.o(i.FLASH_UserOptionByteConfig) refers to stm32f10x_flash.o(i.FLASH_WaitForLastOperation) for FLASH_WaitForLastOperation
    stm32f10x_flash.o(i.FLASH_WaitForLastOperation) refers to stm32f10x_flash.o(i.FLASH_GetStatus) for FLASH_GetStatus
    stm32f10x_gpio.o(i.GPIO_AFIODeInit) refers to stm32f10x_rcc.o(i.RCC_APB2PeriphResetCmd) for RCC_APB2PeriphResetCmd
    stm32f10x_gpio.o(i.GPIO_DeInit) refers to stm32f10x_rcc.o(i.RCC_APB2PeriphResetCmd) for RCC_APB2PeriphResetCmd
    stm32f10x_i2c.o(i.I2C_DeInit) refers to stm32f10x_rcc.o(i.RCC_APB1PeriphResetCmd) for RCC_APB1PeriphResetCmd
    stm32f10x_i2c.o(i.I2C_Init) refers to stm32f10x_rcc.o(i.RCC_GetClocksFreq) for RCC_GetClocksFreq
    stm32f10x_pwr.o(i.PWR_DeInit) refers to stm32f10x_rcc.o(i.RCC_APB1PeriphResetCmd) for RCC_APB1PeriphResetCmd
    stm32f10x_rcc.o(i.RCC_GetClocksFreq) refers to stm32f10x_rcc.o(.data) for .data
    stm32f10x_rcc.o(i.RCC_WaitForHSEStartUp) refers to stm32f10x_rcc.o(i.RCC_GetFlagStatus) for RCC_GetFlagStatus
    stm32f10x_rtc.o(i.RTC_SetAlarm) refers to stm32f10x_rtc.o(i.RTC_EnterConfigMode) for RTC_EnterConfigMode
    stm32f10x_rtc.o(i.RTC_SetAlarm) refers to stm32f10x_rtc.o(i.RTC_ExitConfigMode) for RTC_ExitConfigMode
    stm32f10x_rtc.o(i.RTC_SetCounter) refers to stm32f10x_rtc.o(i.RTC_EnterConfigMode) for RTC_EnterConfigMode
    stm32f10x_rtc.o(i.RTC_SetCounter) refers to stm32f10x_rtc.o(i.RTC_ExitConfigMode) for RTC_ExitConfigMode
    stm32f10x_rtc.o(i.RTC_SetPrescaler) refers to stm32f10x_rtc.o(i.RTC_EnterConfigMode) for RTC_EnterConfigMode
    stm32f10x_rtc.o(i.RTC_SetPrescaler) refers to stm32f10x_rtc.o(i.RTC_ExitConfigMode) for RTC_ExitConfigMode
    stm32f10x_spi.o(i.I2S_Init) refers to stm32f10x_rcc.o(i.RCC_GetClocksFreq) for RCC_GetClocksFreq
    stm32f10x_spi.o(i.SPI_I2S_DeInit) refers to stm32f10x_rcc.o(i.RCC_APB2PeriphResetCmd) for RCC_APB2PeriphResetCmd
    stm32f10x_spi.o(i.SPI_I2S_DeInit) refers to stm32f10x_rcc.o(i.RCC_APB1PeriphResetCmd) for RCC_APB1PeriphResetCmd
    stm32f10x_tim.o(i.TIM_DeInit) refers to stm32f10x_rcc.o(i.RCC_APB2PeriphResetCmd) for RCC_APB2PeriphResetCmd
    stm32f10x_tim.o(i.TIM_DeInit) refers to stm32f10x_rcc.o(i.RCC_APB1PeriphResetCmd) for RCC_APB1PeriphResetCmd
    stm32f10x_tim.o(i.TIM_ETRClockMode1Config) refers to stm32f10x_tim.o(i.TIM_ETRConfig) for TIM_ETRConfig
    stm32f10x_tim.o(i.TIM_ETRClockMode2Config) refers to stm32f10x_tim.o(i.TIM_ETRConfig) for TIM_ETRConfig
    stm32f10x_tim.o(i.TIM_ICInit) refers to stm32f10x_tim.o(i.TI1_Config) for TI1_Config
    stm32f10x_tim.o(i.TIM_ICInit) refers to stm32f10x_tim.o(i.TIM_SetIC1Prescaler) for TIM_SetIC1Prescaler
    stm32f10x_tim.o(i.TIM_ICInit) refers to stm32f10x_tim.o(i.TI2_Config) for TI2_Config
[...]
    tcp_keepalive                            0x080112a5   Thumb Code   120  tcp_out.o(i.tcp_keepalive)
    tcp_new                                  0x0801153d   Thumb Code    10  tcp.o(i.tcp_new)
    tcp_next_iss                             0x08011549   Thumb Code    20  tcp.o(i.tcp_next_iss)
    tcp_output                               0x08011619   Thumb Code   508  tcp_out.o(i.tcp_output)
    tcp_pcb_purge                            0x08011a89   Thumb Code    76  tcp.o(i.tcp_pcb_purge)
    tcp_pcb_remove                           0x08011ad5   Thumb Code   212  tcp.o(i.tcp_pcb_remove)
    tcp_poll                                 0x08011c19   Thumb Code    10  tcp.o(i.tcp_poll)
    tcp_recv                                 0x080130c9   Thumb Code     6  tcp.o(i.tcp_recv)
    tcp_recv_null                            0x080130cf   Thumb Code    46  tcp.o(i.tcp_recv_null)
    tcp_recved                               0x080130fd   Thumb Code    96  tcp.o(i.tcp_recved)
    tcp_rexmit                               0x080131a1   Thumb Code    78  tcp_out.o(i.tcp_rexmit)
    tcp_rexmit_fast                          0x080131ef   Thumb Code   114  tcp_out.o(i.tcp_rexmit_fast)
    tcp_rexmit_rto                           0x08013261   Thumb Code    56  tcp_out.o(i.tcp_rexmit_rto)
    tcp_rst                                  0x08013299   Thumb Code   240  tcp_out.o(i.tcp_rst)
    tcp_seg_copy                             0x080133dd   Thumb Code    38  tcp.o(i.tcp_seg_copy)
    tcp_seg_free                             0x08013403   Thumb Code    32  tcp.o(i.tcp_seg_free)
    tcp_segs_free                            0x08013423   Thumb Code    30  tcp.o(i.tcp_segs_free)
    tcp_send_ctrl                            0x08013441   Thumb Code    28  tcp_out.o(i.tcp_send_ctrl)
    tcp_send_empty_ack                       0x0801345d   Thumb Code   112  tcp_out.o(i.tcp_send_empty_ack)
    tcp_sent                                 0x080134cd   Thumb Code     6  tcp.o(i.tcp_sent)
    tcp_slowtmr                              0x080134d5   Thumb Code  1374  tcp.o(i.tcp_slowtmr)
    tcp_timer_needed                         0x08013a35   Thumb Code    38  tcpip.o(i.tcp_timer_needed)
    tcp_tmr                                  0x08013b1d   Thumb Code    30  tcp.o(i.tcp_tmr)
    tcp_update_rcv_ann_wnd                   0x08013b41   Thumb Code    70  tcp.o(i.tcp_update_rcv_ann_wnd)
    tcp_write                                0x08013b87   Thumb Code    70  tcp_out.o(i.tcp_write)
    tcp_zero_window_probe                    0x08013bcd   Thumb Code   210  tcp_out.o(i.tcp_zero_window_probe)
    tcpip_apimsg                             0x08013cf5   Thumb Code    52  tcpip.o(i.tcpip_apimsg)
    tcpip_callback_with_block                0x08013d2d   Thumb Code    92  tcpip.o(i.tcpip_callback_with_block)
    tcpip_init                               0x08013d8d   Thumb Code    50  tcpip.o(i.tcpip_init)
    tcpip_input                              0x08013dd1   Thumb Code    72  tcpip.o(i.tcpip_input)
    tea5756_autodetection                    0x08013f3d   Thumb Code   114  _tea5756.o(i.tea5756_autodetection)
    tea5756_set_radiofreq                    0x08014035   Thumb Code   138  _tea5756.o(i.tea5756_set_radiofreq)
    token_get_string                         0x080140c5   Thumb Code   118  finsh_token.o(i.token_get_string)
    udp_bind                                 0x080146ad   Thumb Code   142  udp.o(i.udp_bind)
    udp_connect                              0x0801476d   Thumb Code    94  udp.o(i.udp_connect)
    udp_input                                0x080147d1   Thumb Code   600  udp.o(i.udp_input)
    udp_new                                  0x08014a75   Thumb Code    28  udp.o(i.udp_new)
    udp_recv                                 0x08014a91   Thumb Code     6  udp.o(i.udp_recv)
    udp_remove                               0x08014a99   Thumb Code    60  udp.o(i.udp_remove)
    udp_send                                 0x08014ad9   Thumb Code    20  udp.o(i.udp_send)
    udp_sendto                               0x08014aed   Thumb Code    46  udp.o(i.udp_sendto)
    udp_sendto_if                            0x08014b1d   Thumb Code   406  udp.o(i.udp_sendto_if)
    version                                  0x08014e61   Thumb Code    10  cmd.o(i.version)
    __fsym_list_mem_name                     0x0801544c   Data           9  mem.o(.constdata)
    __fsym_list_mem_desc                     0x08015455   Data          30  mem.o(.constdata)
    rt_lowest_bitmap                         0x080155e1   Data         256  scheduler.o(.constdata)
    __fsym_hello_name                        0x08015838   Data           6  cmd.o(.constdata)
    __fsym_hello_desc                        0x0801583e   Data          16  cmd.o(.constdata)
    __fsym_version_name                      0x0801584e   Data           8  cmd.o(.constdata)
    __fsym_version_desc                      0x08015856   Data          35  cmd.o(.constdata)
    __fsym_list_thread_name                  0x08015879   Data          12  cmd.o(.constdata)
    __fsym_list_thread_desc                  0x08015885   Data          12  cmd.o(.constdata)
    __fsym_list_sem_name                     0x08015891   Data           9  cmd.o(.constdata)
    __fsym_list_sem_desc                     0x0801589a   Data          25  cmd.o(.constdata)
    __fsym_list_event_name                   0x080158b3   Data          11  cmd.o(.constdata)
    __fsym_list_event_desc                   0x080158be   Data          21  cmd.o(.constdata)
    __fsym_list_mutex_name                   0x080158d3   Data          11  cmd.o(.constdata)
    __fsym_list_mutex_desc                   0x080158de   Data          21  cmd.o(.constdata)
    __fsym_list_mailbox_name                 0x080158f3   Data          13  cmd.o(.constdata)
    __fsym_list_mailbox_desc                 0x08015900   Data          24  cmd.o(.constdata)
    __fsym_list_msgqueue_name                0x08015918   Data          14  cmd.o(.constdata)
    __fsym_list_msgqueue_desc                0x08015926   Data          29  cmd.o(.constdata)
    __fsym_list_mempool_name                 0x08015943   Data          13  cmd.o(.constdata)
    __fsym_list_mempool_desc                 0x08015950   Data          27  cmd.o(.constdata)
    __fsym_list_timer_name                   0x0801596b   Data          11  cmd.o(.constdata)
    __fsym_list_timer_desc                   0x08015976   Data          21  cmd.o(.constdata)
    __fsym_list_device_name                  0x0801598b   Data          12  cmd.o(.constdata)
    __fsym_list_device_desc                  0x08015997   Data          22  cmd.o(.constdata)
    __fsym_list_name                         0x080159ad   Data           5  cmd.o(.constdata)
    __fsym_list_desc                         0x080159b2   Data          26  cmd.o(.constdata)
    __vsym_dummy_name                        0x080159cc   Data           6  cmd.o(.constdata)
    __vsym_dummy_desc                        0x080159d2   Data          25  cmd.o(.constdata)
    op_table                                 0x08015aa0   Data         196  finsh_ops.o(.constdata)
    __fsym_led_name                          0x08015bf1   Data           4  led.o(.constdata)
    __fsym_led_desc                          0x08015bf5   Data          32  led.o(.constdata)
    __fsym_radio_search_name                 0x08015c15   Data          13  _tea5756.o(.constdata)
    __fsym_radio_search_desc                 0x08015c22   Data          18  _tea5756.o(.constdata)
    __fsym_enc28j60_name                     0x08015c34   Data           9  enc28j60.o(.constdata)
    __fsym_enc28j60_desc                     0x08015c3d   Data          24  enc28j60.o(.constdata)
    __fsym_show_reg_name                     0x08015c55   Data           9  enc28j60.o(.constdata)
    __fsym_show_reg_desc                     0x08015c5e   Data          18  enc28j60.o(.constdata)
    memp_sizes                               0x08015cfe   Data          28  memp.o(.constdata)
    tcp_backoff                              0x08015d1a   Data          13  tcp.o(.constdata)
    tcp_persist_backoff                      0x08015d27   Data           7  tcp.o(.constdata)
    ip_addr_any                              0x08015d81   Data           4  ip_addr.o(.constdata)
    ip_addr_broadcast                        0x08015d85   Data           4  ip_addr.o(.constdata)
    ethbroadcast                             0x08015d8c   Data           6  etharp.o(.constdata)
    ethzero                                  0x08015d92   Data           6  etharp.o(.constdata)
    __fsym_set_if_name                       0x08015e64   Data           7  ethernetif.o(.constdata)
    __fsym_set_if_desc                       0x08015e6b   Data          30  ethernetif.o(.constdata)
    __fsym_set_dns_name                      0x08015e89   Data           8  ethernetif.o(.constdata)
    __fsym_set_dns_desc                      0x08015e91   Data          23  ethernetif.o(.constdata)
    __fsym_list_if_name                      0x08015ea8   Data           8  ethernetif.o(.constdata)
    __fsym_list_if_desc                      0x08015eb0   Data          35  ethernetif.o(.constdata)
    __fsym_ping_name                         0x08015f6c   Data           5  ping.o(.constdata)
    __fsym_ping_desc                         0x08015f71   Data          18  ping.o(.constdata)
    __ctype_table                            0x08015f83   Data         129  ctype_o.o(.constdata)
    FSymTab$$Base                            0x080161e0   Number         0  mem.o(FSymTab)
    __fsym_list_mem                          0x080161e0   Data          12  mem.o(FSymTab)
    __fsym_hello                             0x080161ec   Data          12  cmd.o(FSymTab)
    __fsym_version                           0x080161f8   Data          12  cmd.o(FSymTab)
    __fsym_list_thread                       0x08016204   Data          12  cmd.o(FSymTab)
    __fsym_list_sem                          0x08016210   Data          12  cmd.o(FSymTab)
    __fsym_list_event                        0x0801621c   Data          12  cmd.o(FSymTab)
    __fsym_list_mutex                        0x08016228   Data          12  cmd.o(FSymTab)
    __fsym_list_mailbox                      0x08016234   Data          12  cmd.o(FSymTab)
    __fsym_list_msgqueue                     0x08016240   Data          12  cmd.o(FSymTab)
    __fsym_list_mempool                      0x0801624c   Data          12  cmd.o(FSymTab)
    __fsym_list_timer                        0x08016258   Data          12  cmd.o(FSymTab)
    __fsym_list_device                       0x08016264   Data          12  cmd.o(FSymTab)
    __fsym_list                              0x08016270   Data          12  cmd.o(FSymTab)
    __fsym_led                               0x0801627c   Data          12  led.o(FSymTab)
    __fsym_radio_search                      0x08016288   Data          12  _tea5756.o(FSymTab)
    __fsym_enc28j60                          0x08016294   Data          12  enc28j60.o(FSymTab)
    __fsym_show_reg                          0x080162a0   Data          12  enc28j60.o(FSymTab)
    __fsym_set_if                            0x080162ac   Data          12  ethernetif.o(FSymTab)
    __fsym_set_dns                           0x080162b8   Data          12  ethernetif.o(FSymTab)
    __fsym_list_if                           0x080162c4   Data          12  ethernetif.o(FSymTab)
    __fsym_ping                              0x080162d0   Data          12  ping.o(FSymTab)
    FSymTab$$Limit                           0x080162dc   Number         0  ping.o(FSymTab)
    Region$$Table$$Base                      0x080162dc   Number         0  anon$$obj.o(Region$$Table)
    Region$$Table$$Limit                     0x080162fc   Number         0  anon$$obj.o(Region$$Table)
    VSymTab$$Base                            0x080162fc   Number         0  cmd.o(VSymTab)
    __vsym_dummy                             0x080162fc   Data          16  cmd.o(VSymTab)
    VSymTab$$Limit                           0x0801630c   Number         0  cmd.o(VSymTab)
    rt_interrupt_from_thread                 0x20000014   Data           4  interrupt.o(.data)
    rt_interrupt_to_thread                   0x20000018   Data           4  interrupt.o(.data)
    rt_thread_switch_interrput_flag          0x2000001c   Data           4  interrupt.o(.data)
    rt_interrupt_nest                        0x20000028   Data           1  irq.o(.data)
    errno                                    0x20000030   Data           4  kservice.o(.data)
    rt_object_container                      0x2000005c   Data         144  object.o(.data)
    rt_object_trytake_hook                   0x200000f4   Data           4  object.o(.data)
    rt_object_take_hook                      0x200000f8   Data           4  object.o(.data)
    rt_object_put_hook                       0x200000fc   Data           4  object.o(.data)
    rt_current_thread                        0x20000104   Data           4  scheduler.o(.data)
    rt_current_priority                      0x20000108   Data           1  scheduler.o(.data)
    rt_thread_ready_priority_group           0x2000010c   Data           4  scheduler.o(.data)
    rt_thread_defunct                        0x20000110   Data           8  scheduler.o(.data)
    finsh_compile_sp                         0x2000012c   Data           4  finsh_compiler.o(.data)
    finsh_compile_pc                         0x20000130   Data           4  finsh_compiler.o(.data)
    global_errno                             0x20000170   Data           1  finsh_error.o(.data)
    global_sysvar_list                       0x2000017c   Data           4  finsh_var.o(.data)
    global_syscall_list                      0x20000180   Data           4  finsh_vm.o(.data)
    finsh_sp                                 0x20000184   Data           4  finsh_vm.o(.data)
    finsh_pc                                 0x20000188   Data           4  finsh_vm.o(.data)
    shell                                    0x2000018c   Data           4  shell.o(.data)
    _syscall_table_begin                     0x20000190   Data           4  symbol.o(.data)
    _syscall_table_end                       0x20000194   Data           4  symbol.o(.data)
    _sysvar_table_begin                      0x20000198   Data           4  symbol.o(.data)
    _sysvar_table_end                        0x2000019c   Data           4  symbol.o(.data)
    uart1                                    0x200001a4   Data          12  usart.o(.data)
    gulPollTimerCnt                          0x200001b8   Data           4  enc28j60.o(.data)
    strPollTimer                             0x200001c0   Data           4  enc28j60.o(.data)
    netif_list                               0x200001d8   Data           4  netif.o(.data)
    netif_default                            0x200001dc   Data           4  netif.o(.data)
    tcp_state_str                            0x200001e8   Data          44  tcp.o(.data)
    tcp_ticks                                0x2000021c   Data           4  tcp.o(.data)
    tcp_bound_pcbs                           0x20000220   Data           4  tcp.o(.data)
    tcp_listen_pcbs                          0x20000224   Data           4  tcp.o(.data)
    tcp_active_pcbs                          0x20000228   Data           4  tcp.o(.data)
    tcp_tw_pcbs                              0x2000022c   Data           4  tcp.o(.data)
    tcp_tmp_pcb                              0x20000230   Data           4  tcp.o(.data)
    tcp_input_pcb                            0x20000254   Data           4  tcp_in.o(.data)
    udp_pcbs                                 0x20000258   Data           4  udp.o(.data)
    current_netif                            0x20000260   Data           4  ip.o(.data)
    current_header                           0x20000264   Data           4  ip.o(.data)
    rt_thread_priority_table                 0x200004c0   Data         256  scheduler.o(.bss)
    finsh_heap                               0x200005c0   Data         128  finsh_heap.o(.bss)
    global_node_table                        0x20000640   Data         320  finsh_node.o(.bss)
    global_variable                          0x20000780   Data         192  finsh_var.o(.bss)
    finsh_vm_stack                           0x20000840   Data         256  finsh_vm.o(.bss)
    text_segment                             0x20000940   Data         128  finsh_vm.o(.bss)
    uart1_int_rx                             0x200009c0   Data          72  usart.o(.bss)
    uart1_device                             0x20000a08   Data          64  usart.o(.bss)
    Image$$RW_IRAM1$$ZI$$Limit               0x20002050   Number         0  start_rvds.o(STACK)
    __initial_sp                             0x20002050   Data           0  start_rvds.o(STACK)



==============================================================================

Memory Map of the image

  Image Entry point : 0x08000151

  Load Region LR_IROM1 (Base: 0x08000000, Size: 0x000165b0, Max: 0x00080000, ABSOLUTE, COMPRESSED[0x000163dc])

    Execution Region ER_IROM1 (Base: 0x08000000, Size: 0x0001630c, Max: 0x00080000, ABSOLUTE)

    Base Addr    Size         Type   Attr      Idx    E Section Name        Object

    0x08000000   0x00000150   Data   RO         3175    RESET               start_rvds.o
    0x08000150   0x00000000   Code   RO         9127  * .ARM.Collect$$$$00000000  entry.o(mc_w.l)
    0x08000150   0x00000004   Code   RO         9174    .ARM.Collect$$$$00000001  entry2.o(mc_w.l)
    0x08000154   0x00000004   Code   RO         9177    .ARM.Collect$$$$00000004  entry5.o(mc_w.l)
    0x08000158   0x00000008   Code   RO         9178    .ARM.Collect$$$$00000007  entry7.o(mc_w.l)
    0x08000160   0x00000004   Code   RO         9175    .ARM.Collect$$$$00002712  entry2.o(mc_w.l)
    0x08000164   0x00000024   Code   RO         3176    .text               start_rvds.o
    0x08000188   0x000000a8   Code   RO         3180    .text               context_rvds.o
    0x08000230   0x00000014   Code   RO         3184    .text               fault_rvds.o
    0x08000244   0x00000008   Code   RO         9130    .text               ctype_o.o(mc_w.l)
    0x0800024c   0x00000024   Code   RO         9158    .text               memcpya.o(mc_w.l)
    0x08000270   0x00000026   Code   RO         9160    .text               memseta.o(mc_w.l)
    0x08000296   0x00000018   Code   RO         9162    .text               strncpy.o(mc_w.l)
    0x080002ae   0x00000010   Code   RO         9164    .text               strlen.o(mc_w.l)
    0x080002be   0x0000001e   Code   RO         9168    .text               strncmp.o(mc_w.l)
    0x080002dc   0x0000001a   Code   RO         9172    .text               atoi.o(mc_w.l)
    0x080002f6   0x00000070   Code   RO         9186    .text               strtol.o(mc_w.l)
    0x08000366   0x00000002   PAD
    0x08000368   0x00000024   Code   RO         9188    .text               init.o(mc_w.l)
    0x0800038c   0x00000098   Code   RO         9190    .text               _strtoul.o(mc_w.l)
    0x08000424   0x00000020   Code   RO         9192    .text               _chval.o(mc_w.l)
    0x08000444   0x00000058   Code   RO         9202    .text               __dczerorl2.o(mc_w.l)
    0x0800049c   0x00000002   Code   RO         5347    i.ADC3_IRQHandler   stm32f10x_it.o
    0x0800049e   0x00000002   Code   RO         5349    i.DMA1_Channel1_IRQHandler  stm32f10x_it.o
    0x080004a0   0x00000002   Code   RO         5350    i.DMA1_Channel2_IRQHandler  stm32f10x_it.o
    0x080004a2   0x00000002   Code   RO         5351    i.DMA1_Channel3_IRQHandler  stm32f10x_it.o
    0x080004a4   0x00000002   Code   RO         5352    i.DMA1_Channel4_IRQHandler  stm32f10x_it.o
    0x080004a6   0x0000001e   Code   RO         5353    i.DMA1_Channel5_IRQHandler  stm32f10x_it.o
    0x080004c4   0x00000002   Code   RO         5354    i.DMA1_Channel6_IRQHandler  stm32f10x_it.o
    0x080004c6   0x00000002   Code   RO         5355    i.DMA2_Channel2_IRQHandler  stm32f10x_it.o
    0x080004c8   0x0000001c   Code   RO          760    i.DMA_ClearFlag     stm32f10x_dma.o
    0x080004e4   0x00000016   Code   RO          762    i.DMA_Cmd           stm32f10x_dma.o
    0x080004fa   0x00000002   Code   RO         5734    i.DMA_Configuration  usart.o
    0x080004fc   0x0000002c   Code   RO          766    i.DMA_GetITStatus   stm32f10x_dma.o
    0x08000528   0x0000003c   Code   RO         6172    i.ENC28J60_PollRoutine  enc28j60.o
    0x08000564   0x00000028   Code   RO         6174    i.ENC28J60_TimOut   enc28j60.o
    0x0800058c   0x00000014   Code   RO         5357    i.EXTI0_IRQHandler  stm32f10x_it.o
    0x080005a0   0x00000028   Code   RO         5358    i.EXTI15_10_IRQHandler  stm32f10x_it.o
    0x080005c8   0x00000030   Code   RO         5359    i.EXTI1_IRQHandler  stm32f10x_it.o
    0x080005f8   0x00000020   Code   RO         5360    i.EXTI2_IRQHandler  stm32f10x_it.o
    0x08000618   0x00000002   Code   RO         5361    i.EXTI3_IRQHandler  stm32f10x_it.o
    0x0800061a   0x00000002   PAD
    0x0800061c   0x00000024   Code   RO         5362    i.EXTI4_IRQHandler  stm32f10x_it.o
    0x08000640   0x00000030   Code   RO         5363    i.EXTI9_5_IRQHandler  stm32f10x_it.o
    0x08000670   0x0000000c   Code   RO          830    i.EXTI_ClearITPendingBit  stm32f10x_exti.o
    0x0800067c   0x000000a4   Code   RO          835    i.EXTI_Init         stm32f10x_exti.o
    0x08000720   0x000000a8   Code   RO         6175    i.Enc28j60Init      enc28j60.o
    0x080007c8   0x00000002   Code   RO         5364    i.FLASH_IRQHandler  stm32f10x_it.o
    0x080007ca   0x00000002   Code   RO         5365    i.FSMC_IRQHandler   stm32f10x_it.o
    0x080007cc   0x0000003c   Code   RO         5735    i.GPIO_Configuration  usart.o
    0x08000808   0x0000002e   Code   RO         6176    i.GPIO_Configuration  enc28j60.o
    0x08000836   0x00000002   PAD
    0x08000838   0x00000090   Code   RO         9096    i.GPIO_Configuration  spi.o
    0x080008c8   0x0000003c   Code   RO         1153    i.GPIO_EXTILineConfig  stm32f10x_gpio.o
    0x08000904   0x0000010c   Code   RO         1156    i.GPIO_Init         stm32f10x_gpio.o
    0x08000a10   0x00000012   Code   RO         1160    i.GPIO_ReadInputDataBit  stm32f10x_gpio.o
    0x08000a22   0x00000004   Code   RO         1163    i.GPIO_ResetBits    stm32f10x_gpio.o
    0x08000a26   0x00000004   Code   RO         1164    i.GPIO_SetBits      stm32f10x_gpio.o
    0x08000a2a   0x00000002   PAD
    0x08000a2c   0x00000044   Code   RO         6015    i.I2C_Ack           _tea5756.o
    0x08000a70   0x00000044   Code   RO         6017    i.I2C_NoAck         _tea5756.o
    0x08000ab4   0x00000050   Code   RO         6018    i.I2C_ReadByte      _tea5756.o
    0x08000b04   0x00000060   Code   RO         6019    i.I2C_ReceiveByte   _tea5756.o
    0x08000b64   0x0000005c   Code   RO         6020    i.I2C_SendByte      _tea5756.o
    0x08000bc0   0x00000068   Code   RO         6021    i.I2C_Start         _tea5756.o
    0x08000c28   0x00000044   Code   RO         6022    i.I2C_Stop          _tea5756.o
    0x08000c6c   0x00000058   Code   RO         6023    i.I2C_WaitAck       _tea5756.o
    0x08000cc4   0x00000046   Code   RO         6024    i.I2C_Write         _tea5756.o
    0x08000d0a   0x0000000e   Code   RO         6025    i.I2C_delay         _tea5756.o
    0x08000d18   0x00000016   Code   RO         5606    i.NVIC_Configuration  board.o
    0x08000d2e   0x0000001c   Code   RO         5736    i.NVIC_Configuration  usart.o
    0x08000d4a   0x00000028   Code   RO         6177    i.NVIC_Configuration  enc28j60.o
    0x08000d72   0x00000002   PAD
    0x08000d74   0x00000074   Code   RO            1    i.NVIC_Init         misc.o
    0x08000de8   0x00000014   Code   RO            2    i.NVIC_PriorityGroupConfig  misc.o
    0x08000dfc   0x00000014   Code   RO            3    i.NVIC_SetVectorTable  misc.o
    0x08000e10   0x00000030   Code   RO         4645    i.OP_add_byte       finsh_ops.o
    0x08000e40   0x00000030   Code   RO         4646    i.OP_add_dword      finsh_ops.o
    0x08000e70   0x00000030   Code   RO         4647    i.OP_add_word       finsh_ops.o
    0x08000ea0   0x00000030   Code   RO         4648    i.OP_and_byte       finsh_ops.o
    0x08000ed0   0x00000030   Code   RO         4649    i.OP_and_dword      finsh_ops.o
    0x08000f00   0x00000030   Code   RO         4650    i.OP_and_word       finsh_ops.o
    0x08000f30   0x00000018   Code   RO         4651    i.OP_bw_byte        finsh_ops.o
    0x08000f48   0x00000018   Code   RO         4652    i.OP_bw_dword       finsh_ops.o
    0x08000f60   0x00000018   Code   RO         4653    i.OP_bw_word        finsh_ops.o
    0x08000f78   0x000001e0   Code   RO         4654    i.OP_call           finsh_ops.o
    0x08001158   0x00000030   Code   RO         4655    i.OP_div_byte       finsh_ops.o
    0x08001188   0x00000030   Code   RO         4656    i.OP_div_dword      finsh_ops.o
    0x080011b8   0x00000034   Code   RO         4657    i.OP_div_word       finsh_ops.o
    0x080011ec   0x0000002c   Code   RO         4658    i.OP_ld_byte        finsh_ops.o
    0x08001218   0x00000048   Code   RO         4659    i.OP_ld_dword       finsh_ops.o
    0x08001260   0x0000004c   Code   RO         4660    i.OP_ld_value_byte  finsh_ops.o
    0x080012ac   0x00000018   Code   RO         4661    i.OP_ld_value_byte_stack  finsh_ops.o
    0x080012c4   0x0000004c   Code   RO         4662    i.OP_ld_value_dword  finsh_ops.o
    0x08001310   0x00000018   Code   RO         4663    i.OP_ld_value_dword_stack  finsh_ops.o
    0x08001328   0x0000004c   Code   RO         4664    i.OP_ld_value_word  finsh_ops.o
    0x08001374   0x00000018   Code   RO         4665    i.OP_ld_value_word_stack  finsh_ops.o
    0x0800138c   0x00000038   Code   RO         4666    i.OP_ld_word        finsh_ops.o
    0x080013c4   0x00000034   Code   RO         4667    i.OP_mod_byte       finsh_ops.o
    0x080013f8   0x00000034   Code   RO         4668    i.OP_mod_dword      finsh_ops.o
    0x0800142c   0x00000038   Code   RO         4669    i.OP_mod_word       finsh_ops.o
    0x08001464   0x00000030   Code   RO         4670    i.OP_mul_byte       finsh_ops.o
    0x08001494   0x00000030   Code   RO         4671    i.OP_mul_dword      finsh_ops.o
    0x080014c4   0x00000030   Code   RO         4672    i.OP_mul_word       finsh_ops.o
    0x080014f4   0x00000002   Code   RO         4673    i.OP_no_op          finsh_ops.o
    0x080014f6   0x00000002   PAD
    0x080014f8   0x00000030   Code   RO         4674    i.OP_or_byte        finsh_ops.o
    0x08001528   0x00000030   Code   RO         4675    i.OP_or_dword       finsh_ops.o
    0x08001558   0x00000030   Code   RO         4676    i.OP_or_word        finsh_ops.o
    0x08001588   0x00000010   Code   RO         4677    i.OP_pop            finsh_ops.o
    0x08001598   0x00000030   Code   RO         4678    i.OP_shl_byte       finsh_ops.o
    0x080015c8   0x00000030   Code   RO         4679    i.OP_shl_dword      finsh_ops.o
    0x080015f8   0x00000030   Code   RO         4680    i.OP_shl_word       finsh_ops.o
    0x08001628   0x00000030   Code   RO         4681    i.OP_shr_byte       finsh_ops.o
    0x08001658   0x00000030   Code   RO         4682    i.OP_shr_dword      finsh_ops.o
    0x08001688   0x00000030   Code   RO         4683    i.OP_shr_word       finsh_ops.o
    0x080016b8   0x00000024   Code   RO         4684    i.OP_st_byte        finsh_ops.o
    0x080016dc   0x00000024   Code   RO         4685    i.OP_st_dword       finsh_ops.o
    0x08001700   0x00000024   Code   RO         4686    i.OP_st_word        finsh_ops.o
    0x08001724   0x00000030   Code   RO         4687    i.OP_sub_byte       finsh_ops.o
    0x08001754   0x00000030   Code   RO         4688    i.OP_sub_dword      finsh_ops.o
    0x08001784   0x00000030   Code   RO         4689    i.OP_sub_word       finsh_ops.o
    0x080017b4   0x00000030   Code   RO         4690    i.OP_xor_byte       finsh_ops.o
    0x080017e4   0x00000030   Code   RO         4691    i.OP_xor_dword      finsh_ops.o
    0x08001814   0x00000030   Code   RO         4692    i.OP_xor_word       finsh_ops.o
    0x08001844   0x00000002   Code   RO         5369    i.PVD_IRQHandler    stm32f10x_it.o
    0x08001846   0x00000002   PAD
    0x08001848   0x00000020   Code   RO         1574    i.RCC_APB2PeriphClockCmd  stm32f10x_rcc.o
    0x08001868   0x00000016   Code   RO         5737    i.RCC_Configuration  usart.o
    0x0800187e   0x00000002   Code   RO         9097    i.RCC_Configuration  spi.o
    0x08001880   0x000000d4   Code   RO         1582    i.RCC_GetClocksFreq  stm32f10x_rcc.o
    0x08001954   0x00000002   Code   RO         5370    i.RCC_IRQHandler    stm32f10x_it.o
    0x08001956   0x00000002   Code   RO         5371    i.RTCAlarm_IRQHandler  stm32f10x_it.o
    0x08001958   0x0000001c   Code   RO         1771    i.RTC_ClearITPendingBit  stm32f10x_rtc.o
    0x08001974   0x00000018   Code   RO         1772    i.RTC_EnterConfigMode  stm32f10x_rtc.o
    0x0800198c   0x0000001c   Code   RO         1773    i.RTC_ExitConfigMode  stm32f10x_rtc.o
    0x080019a8   0x0000001c   Code   RO         1774    i.RTC_GetCounter    stm32f10x_rtc.o
    0x080019c4   0x00000028   Code   RO         1777    i.RTC_GetITStatus   stm32f10x_rtc.o
    0x080019ec   0x00000030   Code   RO         5372    i.RTC_IRQHandler    stm32f10x_it.o
    0x08001a1c   0x00000024   Code   RO         1780    i.RTC_SetCounter    stm32f10x_rtc.o
    0x08001a40   0x00000014   Code   RO         1782    i.RTC_WaitForLastTask  stm32f10x_rtc.o
    0x08001a54   0x00000002   Code   RO         5373    i.SDIO_IRQHandler   stm32f10x_it.o
    0x08001a56   0x00000002   PAD
    0x08001a58   0x000000a4   Code   RO         9098    i.SPI1_Init         spi.o
    0x08001afc   0x00000038   Code   RO         9099    i.SPI1_ReadWrite    spi.o
    0x08001b34   0x00000018   Code   RO         2054    i.SPI_Cmd           stm32f10x_spi.o
    0x08001b4c   0x00000012   Code   RO         2062    i.SPI_I2S_GetFlagStatus  stm32f10x_spi.o
    0x08001b5e   0x00000006   Code   RO         2065    i.SPI_I2S_ReceiveData  stm32f10x_spi.o
    0x08001b64   0x00000004   Code   RO         2066    i.SPI_I2S_SendData  stm32f10x_spi.o
    0x08001b68   0x0000003c   Code   RO         2067    i.SPI_Init          stm32f10x_spi.o
    0x08001ba4   0x00000008   Code   RO         2995    i.SetSysClock       system_stm32f10x.o
    0x08001bac   0x000000c8   Code   RO         2996    i.SetSysClockTo72   system_stm32f10x.o
    0x08001c74   0x00000028   Code   RO            5    i.SysTick_CLKSourceConfig  misc.o
    0x08001c9c   0x00000068   Code   RO         5607    i.SysTick_Configuration  board.o
    0x08001d04   0x00000054   Code   RO         2998    i.SystemInit        system_stm32f10x.o
    0x08001d58   0x00000002   Code   RO         5376    i.TAMPER_IRQHandler  stm32f10x_it.o
    0x08001d5a   0x00000002   Code   RO         5377    i.TIM5_IRQHandler   stm32f10x_it.o
    0x08001d5c   0x00000002   Code   RO         5378    i.TIM8_BRK_IRQHandler  stm32f10x_it.o
    0x08001d5e   0x00000002   Code   RO         5379    i.TIM8_CC_IRQHandler  stm32f10x_it.o
    0x08001d60   0x00000002   Code   RO         5380    i.TIM8_TRG_COM_IRQHandler  stm32f10x_it.o
    0x08001d62   0x00000002   Code   RO         5381    i.TIM8_UP_IRQHandler  stm32f10x_it.o
    0x08001d64   0x00000018   Code   RO         5382    i.USART1_IRQHandler  stm32f10x_it.o
    0x08001d7c   0x00000002   Code   RO         5383    i.USART2_IRQHandler  stm32f10x_it.o
    0x08001d7e   0x00000002   Code   RO         5384    i.USART3_IRQHandler  stm32f10x_it.o
    0x08001d80   0x0000001e   Code   RO         2748    i.USART_ClearITPendingBit  stm32f10x_usart.o
    0x08001d9e   0x00000020   Code   RO         2749    i.USART_ClockInit   stm32f10x_usart.o
    0x08001dbe   0x00000018   Code   RO         2751    i.USART_Cmd         stm32f10x_usart.o
    0x08001dd6   0x00000054   Code   RO         2755    i.USART_GetITStatus  stm32f10x_usart.o
    0x08001e2a   0x00000048   Code   RO         2757    i.USART_ITConfig    stm32f10x_usart.o
    0x08001e72   0x00000002   PAD
    0x08001e74   0x000000d8   Code   RO         2758    i.USART_Init        stm32f10x_usart.o
    0x08001f4c   0x00000002   Code   RO         5387    i.WWDG_IRQHandler   stm32f10x_it.o
    0x08001f4e   0x00000002   PAD
    0x08001f50   0x00000008   Code   RO         9179    i.__aeabi_errno_addr  errno.o(mc_w.l)
    0x08001f58   0x0000000e   Code   RO         9196    i.__scatterload_copy  handlers.o(mc_w.l)
    0x08001f66   0x00000002   Code   RO         9197    i.__scatterload_null  handlers.o(mc_w.l)
    0x08001f68   0x0000000e   Code   RO         9198    i.__scatterload_zeroinit  handlers.o(mc_w.l)
    0x08001f76   0x00000014   Code   RO         6180    i._delay_us         enc28j60.o
    0x08001f8a   0x00000002   PAD
    0x08001f8c   0x000000e8   Code   RO         4013    i._rt_scheduler_stack_check  scheduler.o
    0x08002074   0x000000f0   Code   RO         4092    i._rt_thread_init   thread.o
    0x08002164   0x00000032   Code   RO         4207    i._rt_timer_init    timer.o
    0x08002196   0x00000002   PAD
    0x08002198   0x00000090   Code   RO         8776    i.alloc_socket      sockets.o
    0x08002228   0x00000030   Code   RO         6028    i.amplifier_tunner  _tea5756.o
    0x08002258   0x0000001c   Code   RO         8227    i.arp_timer         tcpip.o
    0x08002274   0x00000014   Code   RO         6181    i.delay_ms          enc28j60.o
    0x08002288   0x00000016   Code   RO         6429    i.dns_check_entries  dns.o
    0x0800229e   0x00000002   PAD
    0x080022a0   0x0000015c   Code   RO         6430    i.dns_check_entry   dns.o
    0x080023fc   0x0000003c   Code   RO         6431    i.dns_compare_name  dns.o
    0x08002438   0x00000030   Code   RO         6434    i.dns_getserver     dns.o
    0x08002468   0x00000064   Code   RO         6435    i.dns_init          dns.o
    0x080024cc   0x0000002a   Code   RO         6437    i.dns_parse_name    dns.o
    0x080024f6   0x00000002   PAD
    0x080024f8   0x00000188   Code   RO         6438    i.dns_recv          dns.o
    0x08002680   0x000001cc   Code   RO         6439    i.dns_send          dns.o
    0x0800284c   0x0000002c   Code   RO         6440    i.dns_setserver     dns.o
    0x08002878   0x0000001c   Code   RO         8228    i.dns_timer         tcpip.o
    0x08002894   0x00000014   Code   RO         6441    i.dns_tmr           dns.o
    0x080028a8   0x000001dc   Code   RO         7924    i.do_close_internal  api_msg.o
    0x08002a84   0x0000007c   Code   RO         7927    i.do_delconn        api_msg.o
    0x08002b00   0x000000b4   Code   RO         7930    i.do_getaddr        api_msg.o
    0x08002bb4   0x0000001a   Code   RO         7933    i.do_newconn        api_msg.o
    0x08002bce   0x00000032   Code   RO         7934    i.do_recv           api_msg.o
    0x08002c00   0x00000090   Code   RO         7935    i.do_send           api_msg.o
    0x08002c90   0x0000009c   Code   RO         7936    i.do_write          api_msg.o
    0x08002d2c   0x00000194   Code   RO         7937    i.do_writemore      api_msg.o
    0x08002ec0   0x00000310   Code   RO         6182    i.enc28j60          enc28j60.o
    0x080031d0   0x00000014   Code   RO         9005    i.enc28j60Read      enc28j60_poll.o
    0x080031e4   0x00000044   Code   RO         9007    i.enc28j60ReadOp    enc28j60_poll.o
    0x08003228   0x00000034   Code   RO         9008    i.enc28j60SetBank   enc28j60_poll.o
    0x0800325c   0x0000003c   Code   RO         9011    i.enc28j60WriteOp   enc28j60_poll.o
    0x08003298   0x0000001c   Code   RO         6183    i.enc28j60_check_link_status  enc28j60.o
    0x080032b4   0x00000006   Code   RO         6185    i.enc28j60_close    enc28j60.o
    0x080032ba   0x00000002   PAD
    0x080032bc   0x00000030   Code   RO         6186    i.enc28j60_control  enc28j60.o
    0x080032ec   0x00000290   Code   RO         6188    i.enc28j60_init     enc28j60.o
    0x0800357c   0x0000001e   Code   RO         6189    i.enc28j60_interrupt_disable  enc28j60.o
    0x0800359a   0x00000016   Code   RO         6190    i.enc28j60_interrupt_enable  enc28j60.o
    0x080035b0   0x000000c4   Code   RO         6191    i.enc28j60_isr      enc28j60.o
    0x08003674   0x00000006   Code   RO         6193    i.enc28j60_open     enc28j60.o
    0x0800367a   0x00000038   Code   RO         6194    i.enc28j60_phy_read  enc28j60.o
    0x080036b2   0x00000034   Code   RO         6195    i.enc28j60_phy_write  enc28j60.o
    0x080036e6   0x0000001a   Code   RO         6196    i.enc28j60_read     enc28j60.o
    0x08003700   0x000001a4   Code   RO         6197    i.enc28j60_rx       enc28j60.o
    0x080038a4   0x00000034   Code   RO         6198    i.enc28j60_set_bank  enc28j60.o
    0x080038d8   0x00000110   Code   RO         6199    i.enc28j60_tx       enc28j60.o
    0x080039e8   0x0000001a   Code   RO         6200    i.enc28j60_write    enc28j60.o
    0x08003a02   0x00000002   PAD
    0x08003a04   0x000000b8   Code   RO         7938    i.err_tcp           api_msg.o
    0x08003abc   0x000000dc   Code   RO         8442    i.eth_device_init   ethernetif.o
    0x08003b98   0x00000014   Code   RO         8443    i.eth_device_ready  ethernetif.o
    0x08003bac   0x00000006   Code   RO         8444    i.eth_init          ethernetif.o
    0x08003bb2   0x00000062   Code   RO         8445    i.eth_input         ethernetif.o
    0x08003c14   0x00000038   Code   RO         8446    i.eth_rx_thread_entry  ethernetif.o
    0x08003c4c   0x0000017c   Code   RO         8447    i.eth_system_device_init  ethernetif.o
    0x08003dc8   0x000000e4   Code   RO         8448    i.eth_tx_thread_entry  ethernetif.o
    0x08003eac   0x000001c0   Code   RO         8350    i.etharp_arp_input  etharp.o
    0x0800406c   0x00000080   Code   RO         8352    i.etharp_ip_input   etharp.o
    0x080040ec   0x000000c4   Code   RO         8353    i.etharp_output     etharp.o
    0x080041b0   0x00000254   Code   RO         8354    i.etharp_query      etharp.o
    0x08004404   0x00000180   Code   RO         8355    i.etharp_raw        etharp.o
    0x08004584   0x0000002c   Code   RO         8356    i.etharp_request    etharp.o
    0x080045b0   0x00000094   Code   RO         8357    i.etharp_send_ip    etharp.o
    0x08004644   0x000000a0   Code   RO         8358    i.etharp_tmr        etharp.o
    0x080046e4   0x000000c8   Code   RO         8359    i.ethernet_input    etharp.o
    0x080047ac   0x0000002c   Code   RO         8449    i.ethernetif_linkoutput  ethernetif.o
    0x080047d8   0x00000014   Code   RO         8450    i.ethernetif_output  ethernetif.o
    0x080047ec   0x0000018c   Code   RO         8777    i.event_callback    sockets.o
    0x08004978   0x00000288   Code   RO         8360    i.find_entry        etharp.o
    0x08004c00   0x0000002c   Code   RO         5231    i.finsh_auto_complete  shell.o
    0x08004c2c   0x0000003a   Code   RO         4499    i.finsh_block_insert  finsh_heap.o
    0x08004c66   0x0000007a   Code   RO         4500    i.finsh_block_merge  finsh_heap.o
    0x08004ce0   0x0000002a   Code   RO         4501    i.finsh_block_remove  finsh_heap.o
    0x08004d0a   0x00000018   Code   RO         4502    i.finsh_block_split  finsh_heap.o
    0x08004d22   0x00000002   PAD
    0x08004d24   0x00001630   Code   RO         4418    i.finsh_compile     finsh_compiler.o
    0x08006354   0x0000006c   Code   RO         4419    i.finsh_compiler_run  finsh_compiler.o
    0x080063c0   0x0000000c   Code   RO         4465    i.finsh_errno       finsh_error.o
    0x080063cc   0x0000000c   Code   RO         4466    i.finsh_error_init  finsh_error.o
    0x080063d8   0x00000010   Code   RO         4467    i.finsh_error_set   finsh_error.o
    0x080063e8   0x00000010   Code   RO         4468    i.finsh_error_string  finsh_error.o
    0x080063f8   0x00000016   Code   RO         4552    i.finsh_flush       finsh_init.o
    0x0800640e   0x00000002   PAD
    0x08006410   0x00000138   Code   RO         5234    i.finsh_handle_history  shell.o
    0x08006548   0x00000070   Code   RO         4503    i.finsh_heap_allocate  finsh_heap.o
    0x080065b8   0x0000002c   Code   RO         4504    i.finsh_heap_free   finsh_heap.o
    0x080065e4   0x00000058   Code   RO         4505    i.finsh_heap_gc     finsh_heap.o
    0x0800663c   0x00000030   Code   RO         4506    i.finsh_heap_init   finsh_heap.o
    0x0800666c   0x0000001e   Code   RO         4553    i.finsh_init        finsh_init.o
    0x0800668a   0x00000002   PAD
    0x0800668c   0x0000003c   Code   RO         4588    i.finsh_node_allocate  finsh_node.o
    0x080066c8   0x00000014   Code   RO         4589    i.finsh_node_init   finsh_node.o
    0x080066dc   0x0000001e   Code   RO         4590    i.finsh_node_new_char  finsh_node.o
    0x080066fa   0x00000076   Code   RO         4591    i.finsh_node_new_id  finsh_node.o
    0x08006770   0x0000001e   Code   RO         4592    i.finsh_node_new_int  finsh_node.o
    0x0800678e   0x0000001e   Code   RO         4593    i.finsh_node_new_long  finsh_node.o
    0x080067ac   0x0000001e   Code   RO         4594    i.finsh_node_new_ptr  finsh_node.o
    0x080067ca   0x0000004a   Code   RO         4595    i.finsh_node_new_string  finsh_node.o
    0x08006814   0x00000010   Code   RO         4945    i.finsh_parser_init  finsh_parser.o
    0x08006824   0x000000d2   Code   RO         4946    i.finsh_parser_run  finsh_parser.o
    0x080068f6   0x000000b0   Code   RO         5235    i.finsh_push_history  shell.o
    0x080069a6   0x00000002   PAD
    0x080069a8   0x000000c4   Code   RO         5236    i.finsh_run_line    shell.o
    0x08006a6c   0x0000006c   Code   RO         5237    i.finsh_rx_ind      shell.o
    0x08006ad8   0x000000c8   Code   RO         5238    i.finsh_set_device  shell.o
    0x08006ba0   0x0000000c   Code   RO         4555    i.finsh_stack_bottom  finsh_init.o
    0x08006bac   0x0000005c   Code   RO         5193    i.finsh_syscall_lookup  finsh_vm.o
    0x08006c08   0x00000014   Code   RO         5240    i.finsh_system_function_init  shell.o
    0x08006c1c   0x000000a8   Code   RO         5241    i.finsh_system_init  shell.o
    0x08006cc4   0x00000014   Code   RO         5242    i.finsh_system_var_init  shell.o
    0x08006cd8   0x0000005c   Code   RO         5140    i.finsh_sysvar_lookup  finsh_var.o
    0x08006d34   0x00000238   Code   RO         5243    i.finsh_thread_entry  shell.o
    0x08006f6c   0x00000014   Code   RO         5057    i.finsh_token_init  finsh_token.o
    0x08006f80   0x00000018   Code   RO         5058    i.finsh_token_token  finsh_token.o
    0x08006f98   0x0000015e   Code   RO         4420    i.finsh_type_check  finsh_compiler.o
    0x080070f6   0x00000002   PAD
    0x080070f8   0x00000014   Code   RO         5142    i.finsh_var_init    finsh_var.o
    0x0800710c   0x00000074   Code   RO         5143    i.finsh_var_insert  finsh_var.o
    0x08007180   0x00000040   Code   RO         5144    i.finsh_var_lookup  finsh_var.o
    0x080071c0   0x00000054   Code   RO         5194    i.finsh_vm_run      finsh_vm.o
    0x08007214   0x000000b0   Code   RO         8361    i.free_etharp_q     etharp.o
    0x080072c4   0x00000028   Code   RO         8778    i.get_socket        sockets.o
    0x080072ec   0x00000020   Code   RO         4306    i.hello             cmd.o
    0x0800730c   0x0000001a   Code   RO         7571    i.htonl             inet.o
    0x08007326   0x0000000c   Code   RO         7572    i.htons             inet.o
    0x08007332   0x00000012   Code   RO         7531    i.icmp_dest_unreach  icmp.o
    0x08007344   0x00000338   Code   RO         7532    i.icmp_input        icmp.o
    0x0800767c   0x000000e0   Code   RO         7533    i.icmp_send_response  icmp.o
    0x0800775c   0x00000012   Code   RO         7534    i.icmp_time_exceeded  icmp.o
    0x0800776e   0x00000018   Code   RO         7573    i.inet_addr         inet.o
    0x08007786   0x00000184   Code   RO         7574    i.inet_aton         inet.o
    0x0800790a   0x00000014   Code   RO         7620    i.inet_chksum       inet_chksum.o
    0x0800791e   0x00000056   Code   RO         7621    i.inet_chksum_pbuf  inet_chksum.o
    0x08007974   0x000000ba   Code   RO         7622    i.inet_chksum_pseudo  inet_chksum.o
    0x08007a2e   0x00000002   PAD
    0x08007a30   0x0000012c   Code   RO         7623    i.inet_chksum_pseudo_partial  inet_chksum.o
    0x08007b5c   0x00000074   Code   RO         7575    i.inet_ntoa         inet.o
    0x08007bd0   0x0000004e   Code   RO         7713    i.ip_addr_isbroadcast  ip_addr.o
    0x08007c1e   0x00000002   PAD
    0x08007c20   0x00000150   Code   RO         7735    i.ip_frag           ip_frag.o
    0x08007d70   0x000001b4   Code   RO         7659    i.ip_input          ip.o
    0x08007f24   0x00000034   Code   RO         7660    i.ip_output         ip.o
    0x08007f58   0x000001a4   Code   RO         7661    i.ip_output_if      ip.o
    0x080080fc   0x00000194   Code   RO         7736    i.ip_reass          ip_frag.o
    0x08008290   0x000002e0   Code   RO         7737    i.ip_reass_chain_frag_into_datagram_and_validate  ip_frag.o
    0x08008570   0x00000084   Code   RO         7738    i.ip_reass_dequeue_datagram  ip_frag.o
    0x080085f4   0x00000054   Code   RO         7739    i.ip_reass_enqueue_new_datagram  ip_frag.o
    0x08008648   0x0000012c   Code   RO         7740    i.ip_reass_free_complete_datagram  ip_frag.o
    0x08008774   0x0000007c   Code   RO         7741    i.ip_reass_remove_oldest_datagram  ip_frag.o
    0x080087f0   0x0000001c   Code   RO         8229    i.ip_reass_timer    tcpip.o
    0x0800880c   0x00000034   Code   RO         7742    i.ip_reass_tmr      ip_frag.o
    0x08008840   0x00000050   Code   RO         7662    i.ip_route          ip.o
    0x08008890   0x0000005c   Code   RO         5699    i.led               led.o
    0x080088ec   0x000000c8   Code   RO         4307    i.list              cmd.o
    0x080089b4   0x00000084   Code   RO         4308    i.list_device       cmd.o
    0x08008a38   0x0000009c   Code   RO         4309    i.list_event        cmd.o
    0x08008ad4   0x000000d8   Code   RO         8451    i.list_if           ethernetif.o
    0x08008bac   0x000000e4   Code   RO         4310    i.list_mailbox      cmd.o
    0x08008c90   0x00000074   Code   RO         3769    i.list_mem          mem.o
    0x08008d04   0x000000f4   Code   RO         4311    i.list_mempool      cmd.o
    0x08008df8   0x000000d4   Code   RO         4312    i.list_msgqueue     cmd.o
    0x08008ecc   0x000000a4   Code   RO         4313    i.list_mutex        cmd.o
    0x08008f70   0x0000015c   Code   RO         4314    i.list_prefix       cmd.o
    0x080090cc   0x000000d0   Code   RO         4315    i.list_sem          cmd.o
    0x0800919c   0x000000fc   Code   RO         4316    i.list_thread       cmd.o
    0x08009298   0x000000f8   Code   RO         4317    i.list_timer        cmd.o
    0x08009390   0x00000010   Code   RO         6538    i.lwip_init         init.o
    0x080093a0   0x00000298   Code   RO         8793    i.lwip_recvfrom     sockets.o
    0x08009638   0x00000088   Code   RO         8796    i.lwip_send         sockets.o
    0x080096c0   0x0000017c   Code   RO         8797    i.lwip_sendto       sockets.o
    0x0800983c   0x00000194   Code   RO         8798    i.lwip_setsockopt   sockets.o
    0x080099d0   0x000001d4   Code   RO         8799    i.lwip_setsockopt_internal  sockets.o
    0x08009ba4   0x00000080   Code   RO         8801    i.lwip_socket       sockets.o
    0x08009c24   0x00000020   Code   RO         8802    i.lwip_socket_init  sockets.o
    0x08009c44   0x00000054   Code   RO         7624    i.lwip_standard_chksum  inet_chksum.o
    0x08009c98   0x00000048   Code   RO         8611    i.lwip_sys_init     sys_arch_init.o
    0x08009ce0   0x00000014   Code   RO         5676    i.main              startup.o
    0x08009cf4   0x00000026   Code   RO         4947    i.make_sys_node     finsh_parser.o
    0x08009d1a   0x00000002   Code   RO         6821    i.mem_realloc       pbuf.o
    0x08009d1c   0x00000024   Code   RO         6637    i.memp_free         memp.o
    0x08009d40   0x00000038   Code   RO         6638    i.memp_malloc       memp.o
    0x08009d78   0x00000020   Code   RO         8103    i.netbuf_delete     netbuf.o
    0x08009d98   0x00000068   Code   RO         8105    i.netbuf_free       netbuf.o
    0x08009e00   0x00000090   Code   RO         8108    i.netbuf_ref        netbuf.o
    0x08009e90   0x000000ec   Code   RO         7940    i.netconn_alloc     api_msg.o
    0x08009f7c   0x0000002c   Code   RO         7812    i.netconn_delete    api_lib.o
    0x08009fa8   0x000000dc   Code   RO         7941    i.netconn_free      api_msg.o
    0x0800a084   0x00000100   Code   RO         7814    i.netconn_getaddr   api_lib.o
    0x0800a184   0x00000148   Code   RO         7817    i.netconn_new_with_proto_and_callback  api_lib.o
    0x0800a2cc   0x0000017c   Code   RO         7818    i.netconn_recv      api_lib.o
    0x0800a448   0x00000080   Code   RO         7819    i.netconn_send      api_lib.o
    0x0800a4c8   0x000000cc   Code   RO         7821    i.netconn_write     api_lib.o
    0x0800a594   0x00000068   Code   RO         6694    i.netif_add         netif.o
    0x0800a5fc   0x0000000c   Code   RO         6696    i.netif_is_up       netif.o
    0x0800a608   0x000000d0   Code   RO         6697    i.netif_loop_output  netif.o
    0x0800a6d8   0x000000f8   Code   RO         6698    i.netif_poll        netif.o
    0x0800a7d0   0x00000028   Code   RO         6700    i.netif_set_addr    netif.o
    0x0800a7f8   0x0000000c   Code   RO         6701    i.netif_set_default  netif.o
    0x0800a804   0x0000000c   Code   RO         6703    i.netif_set_gw      netif.o
    0x0800a810   0x00000088   Code   RO         6704    i.netif_set_ipaddr  netif.o
    0x0800a898   0x0000000c   Code   RO         6705    i.netif_set_netmask  netif.o
    0x0800a8a4   0x0000002c   Code   RO         6706    i.netif_set_up      netif.o
    0x0800a8d0   0x0000000c   Code   RO         7576    i.ntohl             inet.o
    0x0800a8dc   0x0000000c   Code   RO         7577    i.ntohs             inet.o
    0x0800a8e8   0x000003e8   Code   RO         6822    i.pbuf_alloc        pbuf.o
    0x0800acd0   0x0000010c   Code   RO         6823    i.pbuf_cat          pbuf.o
    0x0800addc   0x00000016   Code   RO         6824    i.pbuf_chain        pbuf.o
    0x0800adf2   0x00000012   Code   RO         6825    i.pbuf_clen         pbuf.o
    0x0800ae04   0x000001e8   Code   RO         6827    i.pbuf_copy         pbuf.o
    0x0800afec   0x00000118   Code   RO         6828    i.pbuf_copy_partial  pbuf.o
    0x0800b104   0x00000118   Code   RO         6830    i.pbuf_free         pbuf.o
    0x0800b21c   0x00000030   Code   RO         6831    i.pbuf_free_ooseq   pbuf.o
    0x0800b24c   0x00000118   Code   RO         6832    i.pbuf_header       pbuf.o
    0x0800b364   0x0000002c   Code   RO         6833    i.pbuf_pool_is_empty  pbuf.o
    0x0800b390   0x0000018c   Code   RO         6834    i.pbuf_realloc      pbuf.o
    0x0800b51c   0x0000000a   Code   RO         6835    i.pbuf_ref          pbuf.o
    0x0800b526   0x00000002   PAD
    0x0800b528   0x0000011c   Code   RO         7942    i.pcb_new           api_msg.o
    0x0800b644   0x000000ec   Code   RO         8965    i.ping              ping.o
    0x0800b730   0x00000054   Code   RO         8966    i.ping_prepare_echo  ping.o
    0x0800b784   0x000000bc   Code   RO         8967    i.ping_recv         ping.o
    0x0800b840   0x000000b0   Code   RO         8968    i.ping_send         ping.o
    0x0800b8f0   0x00000158   Code   RO         3770    i.plug_holes        mem.o
    0x0800ba48   0x00000070   Code   RO         7943    i.poll_tcp          api_msg.o
    0x0800bab8   0x00000134   Code   RO         3628    i.print_number      kservice.o
    0x0800bbec   0x00000072   Code   RO         4948    i.proc_additive_expr  finsh_parser.o
    0x0800bc5e   0x0000004c   Code   RO         4949    i.proc_and_expr     finsh_parser.o
    0x0800bcaa   0x00000038   Code   RO         4950    i.proc_assign_expr  finsh_parser.o
    0x0800bce2   0x0000004e   Code   RO         4951    i.proc_cast_expr    finsh_parser.o
    0x0800bd30   0x0000004c   Code   RO         4952    i.proc_exclusive_or_expr  finsh_parser.o
    0x0800bd7c   0x0000000c   Code   RO         4953    i.proc_expr         finsh_parser.o
    0x0800bd88   0x00000038   Code   RO         4954    i.proc_expr_statement  finsh_parser.o
    0x0800bdc0   0x0000002c   Code   RO         4955    i.proc_identifier   finsh_parser.o
    0x0800bdec   0x0000004c   Code   RO         4956    i.proc_inclusive_or_expr  finsh_parser.o
    0x0800be38   0x0000008a   Code   RO         4957    i.proc_multiplicative_expr  finsh_parser.o
    0x0800bec2   0x0000004c   Code   RO         4958    i.proc_param_list   finsh_parser.o
    0x0800bf0e   0x000000a2   Code   RO         4959    i.proc_postfix_expr  finsh_parser.o
    0x0800bfb0   0x0000009e   Code   RO         4960    i.proc_primary_expr  finsh_parser.o
    0x0800c04e   0x00000074   Code   RO         4961    i.proc_shift_expr   finsh_parser.o
    0x0800c0c2   0x000000fa   Code   RO         4962    i.proc_type         finsh_parser.o
    0x0800c1bc   0x000000be   Code   RO         4963    i.proc_unary_expr   finsh_parser.o
    0x0800c27a   0x000001de   Code   RO         4964    i.proc_variable_decl  finsh_parser.o
    0x0800c458   0x0000001c   Code   RO         6030    i.radio_search      _tea5756.o
    0x0800c474   0x00000068   Code   RO         6937    i.raw_input         raw.o
    0x0800c4dc   0x00000030   Code   RO         6938    i.raw_new           raw.o
    0x0800c50c   0x00000006   Code   RO         6939    i.raw_recv          raw.o
    0x0800c512   0x00000002   PAD
    0x0800c514   0x00000040   Code   RO         6940    i.raw_remove        raw.o
    0x0800c554   0x00000012   Code   RO         6941    i.raw_send          raw.o
    0x0800c566   0x00000002   PAD
    0x0800c568   0x000000f4   Code   RO         6942    i.raw_sendto        raw.o
    0x0800c65c   0x000000ae   Code   RO         7944    i.recv_raw          api_msg.o
    0x0800c70a   0x00000002   PAD
    0x0800c70c   0x00000134   Code   RO         7945    i.recv_tcp          api_msg.o
    0x0800c840   0x00000154   Code   RO         7946    i.recv_udp          api_msg.o
    0x0800c994   0x00000030   Code   RO         5649    i.rt_application_init  application.o
    0x0800c9c4   0x00000034   Code   RO         3629    i.rt_console_set_device  kservice.o
    0x0800c9f8   0x00000074   Code   RO         3220    i.rt_device_close   device.o
    0x0800ca6c   0x00000074   Code   RO         3221    i.rt_device_control  device.o
    0x0800cae0   0x00000050   Code   RO         3222    i.rt_device_find    device.o
    0x0800cb30   0x00000088   Code   RO         3224    i.rt_device_init_all  device.o
    0x0800cbb8   0x000000f4   Code   RO         3225    i.rt_device_open    device.o
    0x0800ccac   0x0000007c   Code   RO         3226    i.rt_device_read    device.o
    0x0800cd28   0x00000020   Code   RO         3227    i.rt_device_register  device.o
    0x0800cd48   0x0000005c   Code   RO         3228    i.rt_device_set_rx_indicate  device.o
    0x0800cda4   0x0000005c   Code   RO         3230    i.rt_device_unregister  device.o
    0x0800ce00   0x0000007c   Code   RO         3231    i.rt_device_write   device.o
    0x0800ce7c   0x00000020   Code   RO         4014    i.rt_enter_critical  scheduler.o
    0x0800ce9c   0x0000003c   Code   RO         4015    i.rt_exit_critical  scheduler.o
    0x0800ced8   0x00000184   Code   RO         3772    i.rt_free           mem.o
    0x0800d05c   0x00000020   Code   RO         5608    i.rt_hw_board_init  board.o
    0x0800d07c   0x00000002   Code   RO         3631    i.rt_hw_console_output  kservice.o
    0x0800d07e   0x00000002   PAD
    0x0800d080   0x000000f8   Code   RO         3073    i.rt_hw_hard_fault_exception  fault.o
    0x0800d178   0x0000003c   Code   RO         5700    i.rt_hw_led_init    led.o
    0x0800d1b4   0x0000002c   Code   RO         5701    i.rt_hw_led_off     led.o
    0x0800d1e0   0x0000002c   Code   RO         5702    i.rt_hw_led_on      led.o
    0x0800d20c   0x00000120   Code   RO         3096    i.rt_hw_serial_isr  serial.o
    0x0800d32c   0x000000d4   Code   RO         3097    i.rt_hw_serial_register  serial.o
    0x0800d400   0x0000006c   Code   RO         3161    i.rt_hw_stack_init  stack.o
    0x0800d46c   0x00000010   Code   RO         5610    i.rt_hw_timer_handler  board.o
    0x0800d47c   0x0000008c   Code   RO         5738    i.rt_hw_usart_init  usart.o
    0x0800d508   0x00000038   Code   RO         5650    i.rt_init_thread_entry  application.o
    0x0800d540   0x00000020   Code   RO         3607    i.rt_interrupt_enter  irq.o
    0x0800d560   0x00000020   Code   RO         3608    i.rt_interrupt_leave  irq.o
    0x0800d580   0x00000014   Code   RO         3340    i.rt_ipc_list_resume  ipc.o
    0x0800d594   0x00000032   Code   RO         3341    i.rt_ipc_list_resume_all  ipc.o
    0x0800d5c6   0x0000006c   Code   RO         3342    i.rt_ipc_list_suspend  ipc.o
    0x0800d632   0x00000010   Code   RO         3343    i.rt_ipc_object_init  ipc.o
    0x0800d642   0x00000002   PAD
    0x0800d644   0x00000040   Code   RO         3632    i.rt_kprintf        kservice.o
    0x0800d684   0x00000006   Code   RO         3344    i.rt_list_init      ipc.o
    0x0800d68a   0x00000006   Code   RO         3854    i.rt_list_init      mempool.o
    0x0800d690   0x00000006   Code   RO         4016    i.rt_list_init      scheduler.o
    0x0800d696   0x00000006   Code   RO         4208    i.rt_list_init      timer.o
    0x0800d69c   0x0000000e   Code   RO         3924    i.rt_list_insert_after  object.o
    0x0800d6aa   0x0000000e   Code   RO         4093    i.rt_list_insert_after  thread.o
    0x0800d6b8   0x0000000e   Code   RO         3345    i.rt_list_insert_before  ipc.o
    0x0800d6c6   0x0000000e   Code   RO         4209    i.rt_list_insert_before  timer.o
    0x0800d6d4   0x00000010   Code   RO         3346    i.rt_list_isempty   ipc.o
    0x0800d6e4   0x00000010   Code   RO         4318    i.rt_list_isempty   cmd.o
    0x0800d6f4   0x00000014   Code   RO         4319    i.rt_list_len       cmd.o
    0x0800d708   0x00000012   Code   RO         3925    i.rt_list_remove    object.o
    0x0800d71a   0x00000012   Code   RO         4094    i.rt_list_remove    thread.o
    0x0800d72c   0x00000012   Code   RO         4210    i.rt_list_remove    timer.o
    0x0800d73e   0x00000002   PAD
    0x0800d740   0x000002c0   Code   RO         3774    i.rt_malloc         mem.o
    0x0800da00   0x00000052   Code   RO         3348    i.rt_mb_create      ipc.o
    0x0800da52   0x00000002   PAD
    0x0800da54   0x00000074   Code   RO         3349    i.rt_mb_delete      ipc.o
    0x0800dac8   0x00000090   Code   RO         3351    i.rt_mb_init        ipc.o
    0x0800db58   0x00000168   Code   RO         3352    i.rt_mb_recv        ipc.o
    0x0800dcc0   0x00000012   Code   RO         3353    i.rt_mb_send        ipc.o
    0x0800dcd2   0x00000002   PAD
    0x0800dcd4   0x00000144   Code   RO         3354    i.rt_mb_send_wait   ipc.o
    0x0800de18   0x00000072   Code   RO         3634    i.rt_memcpy         kservice.o
    0x0800de8a   0x00000048   Code   RO         3636    i.rt_memset         kservice.o
    0x0800ded2   0x00000002   PAD
    0x0800ded4   0x000000b8   Code   RO         3856    i.rt_mp_alloc       mempool.o
    0x0800df8c   0x000000d8   Code   RO         3863    i.rt_mp_init        mempool.o
    0x0800e064   0x00000068   Code   RO         3926    i.rt_object_allocate  object.o
    0x0800e0cc   0x000000d0   Code   RO         3928    i.rt_object_delete  object.o
    0x0800e19c   0x0000007c   Code   RO         3929    i.rt_object_detach  object.o
    0x0800e218   0x00000060   Code   RO         3931    i.rt_object_init    object.o
    0x0800e278   0x00000068   Code   RO         3932    i.rt_object_is_systemobject  object.o
    0x0800e2e0   0x000000f4   Code   RO         4017    i.rt_schedule       scheduler.o
    0x0800e3d4   0x0000009c   Code   RO         4018    i.rt_schedule_insert_thread  scheduler.o
    0x0800e470   0x000000a8   Code   RO         4019    i.rt_schedule_remove_thread  scheduler.o
    0x0800e518   0x0000002a   Code   RO         3371    i.rt_sem_create     ipc.o
    0x0800e542   0x00000002   PAD
    0x0800e544   0x00000064   Code   RO         3372    i.rt_sem_delete     ipc.o
    0x0800e5a8   0x00000074   Code   RO         3374    i.rt_sem_init       ipc.o
    0x0800e61c   0x0000004c   Code   RO         3375    i.rt_sem_release    ipc.o
    0x0800e668   0x000000ec   Code   RO         3376    i.rt_sem_take       ipc.o
    0x0800e754   0x00000006   Code   RO         3098    i.rt_serial_close   serial.o
    0x0800e75a   0x00000002   PAD
    0x0800e75c   0x00000090   Code   RO         3099    i.rt_serial_control  serial.o
    0x0800e7ec   0x00000078   Code   RO         3100    i.rt_serial_enable_dma  serial.o
    0x0800e864   0x000000d4   Code   RO         3101    i.rt_serial_init    serial.o
    0x0800e938   0x00000006   Code   RO         3102    i.rt_serial_open    serial.o
    0x0800e93e   0x000000a4   Code   RO         3103    i.rt_serial_read    serial.o
    0x0800e9e2   0x00000002   PAD
    0x0800e9e4   0x00000160   Code   RO         3104    i.rt_serial_write   serial.o
    0x0800eb44   0x0000001c   Code   RO         3637    i.rt_set_errno      kservice.o
    0x0800eb60   0x000000a8   Code   RO         3638    i.rt_show_version   kservice.o
    0x0800ec08   0x00000022   Code   RO         3639    i.rt_snprintf       kservice.o
    0x0800ec2a   0x00000012   Code   RO         3644    i.rt_strlen         kservice.o
    0x0800ec3c   0x00000028   Code   RO         3645    i.rt_strncmp        kservice.o
    0x0800ec64   0x0000001a   Code   RO         3646    i.rt_strncpy        kservice.o
    0x0800ec7e   0x00000002   PAD
    0x0800ec80   0x000000fc   Code   RO         3778    i.rt_system_heap_init  mem.o
    0x0800ed7c   0x00000002   Code   RO         3936    i.rt_system_object_init  object.o
    0x0800ed7e   0x00000002   PAD
    0x0800ed80   0x0000004c   Code   RO         4021    i.rt_system_scheduler_init  scheduler.o
    0x0800edcc   0x00000088   Code   RO         4022    i.rt_system_scheduler_start  scheduler.o
    0x0800ee54   0x0000000c   Code   RO         3188    i.rt_system_tick_init  clock.o
    0x0800ee60   0x00000010   Code   RO         4211    i.rt_system_timer_init  timer.o
    0x0800ee70   0x00000002   Code   RO         4212    i.rt_system_timer_thread_init  timer.o
    0x0800ee72   0x00000058   Code   RO         4096    i.rt_thread_create  thread.o
    0x0800eeca   0x0000000c   Code   RO         4097    i.rt_thread_delay   thread.o
    0x0800eed6   0x00000002   PAD
    0x0800eed8   0x0000005c   Code   RO         4100    i.rt_thread_exit    thread.o
    0x0800ef34   0x00000068   Code   RO         3303    i.rt_thread_idle_entry  idle.o
    0x0800ef9c   0x00000034   Code   RO         3304    i.rt_thread_idle_init  idle.o
    0x0800efd0   0x00000114   Code   RO         4102    i.rt_thread_init    thread.o
    0x0800f0e4   0x00000098   Code   RO         4103    i.rt_thread_resume  thread.o
    0x0800f17c   0x0000000c   Code   RO         4104    i.rt_thread_self    thread.o
    0x0800f188   0x00000094   Code   RO         4105    i.rt_thread_sleep   thread.o
    0x0800f21c   0x000000b0   Code   RO         4106    i.rt_thread_startup  thread.o
    0x0800f2cc   0x00000080   Code   RO         4107    i.rt_thread_suspend  thread.o
    0x0800f34c   0x000000b8   Code   RO         4108    i.rt_thread_timeout  thread.o
    0x0800f404   0x00000060   Code   RO         4109    i.rt_thread_yield   thread.o
    0x0800f464   0x0000000c   Code   RO         3190    i.rt_tick_get       clock.o
    0x0800f470   0x00000030   Code   RO         3191    i.rt_tick_increase  clock.o
    0x0800f4a0   0x0000009c   Code   RO         4213    i.rt_timer_check    timer.o
    0x0800f53c   0x00000094   Code   RO         4214    i.rt_timer_control  timer.o
    0x0800f5d0   0x0000003a   Code   RO         4215    i.rt_timer_create   timer.o
    0x0800f60a   0x00000002   PAD
    0x0800f60c   0x00000074   Code   RO         4217    i.rt_timer_detach   timer.o
    0x0800f680   0x00000084   Code   RO         4218    i.rt_timer_init     timer.o
    0x0800f704   0x00000124   Code   RO         4219    i.rt_timer_start    timer.o
    0x0800f828   0x00000054   Code   RO         5677    i.rtthread_startup  startup.o
    0x0800f87c   0x000000c8   Code   RO         7947    i.sent_tcp          api_msg.o
    0x0800f944   0x0000001a   Code   RO         8453    i.set_dns           ethernetif.o
    0x0800f95e   0x00000002   PAD
    0x0800f960   0x00000054   Code   RO         8454    i.set_if            ethernetif.o
    0x0800f9b4   0x00000044   Code   RO         7948    i.setup_tcp         api_msg.o
    0x0800f9f8   0x00000002   Code   RO         6201    i.show_reg          enc28j60.o
    0x0800f9fa   0x00000002   PAD
    0x0800f9fc   0x00000030   Code   RO         4320    i.show_wait_queue   cmd.o
    0x0800fa2c   0x00000014   Code   RO         6202    i.spi_read          enc28j60.o
    0x0800fa40   0x00000084   Code   RO         6203    i.spi_read_op       enc28j60.o
    0x0800fac4   0x00000018   Code   RO         6204    i.spi_write         enc28j60.o
    0x0800fadc   0x00000064   Code   RO         6205    i.spi_write_op      enc28j60.o
    0x0800fb40   0x00000022   Code   RO         4321    i.str_is_prefix     cmd.o
    0x0800fb62   0x0000001c   Code   RO         5244    i.strcmp            shell.o
    0x0800fb7e   0x00000002   PAD
    0x0800fb80   0x0000007c   Code   RO         8665    i.sys_arch_assert   sys_arch.o
    0x0800fbfc   0x00000060   Code   RO         8666    i.sys_arch_mbox_fetch  sys_arch.o
    0x0800fc5c   0x00000022   Code   RO         8667    i.sys_arch_mbox_tryfetch  sys_arch.o
    0x0800fc7e   0x0000005a   Code   RO         8669    i.sys_arch_sem_wait  sys_arch.o
    0x0800fcd8   0x00000080   Code   RO         8670    i.sys_arch_timeouts  sys_arch.o
    0x0800fd58   0x00000002   Code   RO         8672    i.sys_init          sys_arch.o
    0x0800fd5a   0x00000086   Code   RO         7003    i.sys_mbox_fetch    sys.o
    0x0800fde0   0x0000000c   Code   RO         8673    i.sys_mbox_free     sys_arch.o
    0x0800fdec   0x00000040   Code   RO         8674    i.sys_mbox_new      sys_arch.o
    0x0800fe2c   0x00000014   Code   RO         8675    i.sys_mbox_post     sys_arch.o
    0x0800fe40   0x0000001a   Code   RO         8676    i.sys_mbox_trypost  sys_arch.o
    0x0800fe5a   0x0000000c   Code   RO         8677    i.sys_sem_free      sys_arch.o
    0x0800fe66   0x00000002   PAD
    0x0800fe68   0x0000003c   Code   RO         8678    i.sys_sem_new       sys_arch.o
    0x0800fea4   0x0000000c   Code   RO         8679    i.sys_sem_signal    sys_arch.o
    0x0800feb0   0x0000007a   Code   RO         7005    i.sys_sem_wait      sys.o
    0x0800ff2a   0x00000002   PAD
    0x0800ff2c   0x000000e0   Code   RO         8680    i.sys_thread_new    sys_arch.o
    0x0801000c   0x00000148   Code   RO         7007    i.sys_timeout       sys.o
    0x08010154   0x000000c0   Code   RO         7008    i.sys_untimeout     sys.o
    0x08010214   0x000000a8   Code   RO         7073    i.tcp_abandon       tcp.o
    0x080102bc   0x00000004   Code   RO         7074    i.tcp_accept        tcp.o
    0x080102c0   0x000000b4   Code   RO         7076    i.tcp_alloc         tcp.o
    0x08010374   0x00000004   Code   RO         7077    i.tcp_arg           tcp.o
    0x08010378   0x000000fc   Code   RO         7079    i.tcp_close         tcp.o
    0x08010474   0x0000002e   Code   RO         7082    i.tcp_eff_send_mss  tcp.o
    0x080104a2   0x00000002   PAD
    0x080104a4   0x0000070c   Code   RO         7354    i.tcp_enqueue       tcp_out.o
    0x08010bb0   0x00000006   Code   RO         7083    i.tcp_err           tcp.o
    0x08010bb6   0x00000002   PAD
    0x08010bb8   0x00000080   Code   RO         7084    i.tcp_fasttmr       tcp.o
    0x08010c38   0x0000066c   Code   RO         7281    i.tcp_input         tcp_in.o
    0x080112a4   0x000000cc   Code   RO         7355    i.tcp_keepalive     tcp_out.o
    0x08011370   0x00000058   Code   RO         7085    i.tcp_kill_prio     tcp.o
    0x080113c8   0x0000003c   Code   RO         7086    i.tcp_kill_timewait  tcp.o
    0x08011404   0x00000138   Code   RO         7282    i.tcp_listen_input  tcp_in.o
    0x0801153c   0x0000000a   Code   RO         7088    i.tcp_new           tcp.o
    0x08011546   0x00000002   PAD
    0x08011548   0x0000001c   Code   RO         7090    i.tcp_next_iss      tcp.o
    0x08011564   0x000000b4   Code   RO         7283    i.tcp_oos_insert_segment  tcp_in.o
    0x08011618   0x0000023c   Code   RO         7356    i.tcp_output        tcp_out.o
    0x08011854   0x000000dc   Code   RO         7357    i.tcp_output_segment  tcp_out.o
    0x08011930   0x0000009e   Code   RO         7358    i.tcp_output_set_header  tcp_out.o
    0x080119ce   0x00000002   PAD
    0x080119d0   0x000000b8   Code   RO         7284    i.tcp_parseopt      tcp_in.o
    0x08011a88   0x0000004c   Code   RO         7091    i.tcp_pcb_purge     tcp.o
    0x08011ad4   0x00000144   Code   RO         7092    i.tcp_pcb_remove    tcp.o
    0x08011c18   0x0000000a   Code   RO         7093    i.tcp_poll          tcp.o
    0x08011c22   0x00000002   PAD
    0x08011c24   0x00000650   Code   RO         7285    i.tcp_process       tcp_in.o
    0x08012274   0x00000e54   Code   RO         7286    i.tcp_receive       tcp_in.o
    0x080130c8   0x00000006   Code   RO         7094    i.tcp_recv          tcp.o
    0x080130ce   0x0000002e   Code   RO         7095    i.tcp_recv_null     tcp.o
    0x080130fc   0x000000a4   Code   RO         7096    i.tcp_recved        tcp.o
    0x080131a0   0x0000004e   Code   RO         7359    i.tcp_rexmit        tcp_out.o
    0x080131ee   0x00000072   Code   RO         7360    i.tcp_rexmit_fast   tcp_out.o
    0x08013260   0x00000038   Code   RO         7361    i.tcp_rexmit_rto    tcp_out.o
    0x08013298   0x00000144   Code   RO         7362    i.tcp_rst           tcp_out.o
    0x080133dc   0x00000026   Code   RO         7097    i.tcp_seg_copy      tcp.o
    0x08013402   0x00000020   Code   RO         7098    i.tcp_seg_free      tcp.o
    0x08013422   0x0000001e   Code   RO         7099    i.tcp_segs_free     tcp.o
    0x08013440   0x0000001c   Code   RO         7363    i.tcp_send_ctrl     tcp_out.o
    0x0801345c   0x00000070   Code   RO         7364    i.tcp_send_empty_ack  tcp_out.o
    0x080134cc   0x00000006   Code   RO         7100    i.tcp_sent          tcp.o
    0x080134d2   0x00000002   PAD
    0x080134d4   0x0000055e   Code   RO         7102    i.tcp_slowtmr       tcp.o
    0x08013a32   0x00000002   PAD
    0x08013a34   0x00000038   Code   RO         8234    i.tcp_timer_needed  tcpip.o
    0x08013a6c   0x000000b0   Code   RO         7287    i.tcp_timewait_input  tcp_in.o
    0x08013b1c   0x00000024   Code   RO         7103    i.tcp_tmr           tcp.o
    0x08013b40   0x00000046   Code   RO         7104    i.tcp_update_rcv_ann_wnd  tcp.o
    0x08013b86   0x00000046   Code   RO         7365    i.tcp_write         tcp_out.o
    0x08013bcc   0x00000128   Code   RO         7366    i.tcp_zero_window_probe  tcp_out.o
    0x08013cf4   0x00000038   Code   RO         8235    i.tcpip_apimsg      tcpip.o
    0x08013d2c   0x00000060   Code   RO         8236    i.tcpip_callback_with_block  tcpip.o
    0x08013d8c   0x00000044   Code   RO         8237    i.tcpip_init        tcpip.o
    0x08013dd0   0x0000004c   Code   RO         8238    i.tcpip_input       tcpip.o
    0x08013e1c   0x00000038   Code   RO         8239    i.tcpip_tcp_timer   tcpip.o
    0x08013e54   0x000000e8   Code   RO         8240    i.tcpip_thread      tcpip.o
    0x08013f3c   0x000000f8   Code   RO         6032    i.tea5756_autodetection  _tea5756.o
    0x08014034   0x00000090   Code   RO         6036    i.tea5756_set_radiofreq  _tea5756.o
    0x080140c4   0x00000076   Code   RO         5059    i.token_get_string  finsh_token.o
    0x0801413a   0x00000002   PAD
    0x0801413c   0x00000034   Code   RO         5060    i.token_match_name  finsh_token.o
    0x08014170   0x0000003e   Code   RO         5061    i.token_next_char   finsh_token.o
    0x080141ae   0x00000014   Code   RO         5062    i.token_prev_char   finsh_token.o
    0x080141c2   0x000000a2   Code   RO         5063    i.token_proc_char   finsh_token.o
    0x08014264   0x000000ae   Code   RO         5064    i.token_proc_escape  finsh_token.o
    0x08014312   0x0000010a   Code   RO         5065    i.token_proc_number  finsh_token.o
    0x0801441c   0x00000050   Code   RO         5066    i.token_proc_string  finsh_token.o
    0x0801446c   0x00000184   Code   RO         5067    i.token_run         finsh_token.o
    0x080145f0   0x0000009c   Code   RO         5068    i.token_spec_number  finsh_token.o
    0x0801468c   0x0000001e   Code   RO         5069    i.token_trim_space  finsh_token.o
    0x080146aa   0x00000002   PAD
    0x080146ac   0x000000c0   Code   RO         7446    i.udp_bind          udp.o
    0x0801476c   0x00000064   Code   RO         7447    i.udp_connect       udp.o
    0x080147d0   0x000002a4   Code   RO         7449    i.udp_input         udp.o
    0x08014a74   0x0000001c   Code   RO         7450    i.udp_new           udp.o
    0x08014a90   0x00000006   Code   RO         7451    i.udp_recv          udp.o
    0x08014a96   0x00000002   PAD
    0x08014a98   0x00000040   Code   RO         7452    i.udp_remove        udp.o
    0x08014ad8   0x00000014   Code   RO         7453    i.udp_send          udp.o
    0x08014aec   0x0000002e   Code   RO         7454    i.udp_sendto        udp.o
    0x08014b1a   0x00000002   PAD
    0x08014b1c   0x000001e8   Code   RO         7455    i.udp_sendto_if     udp.o
    0x08014d04   0x0000015c   Code   RO         8363    i.update_arp_entry  etharp.o
    0x08014e60   0x0000000a   Code   RO         4322    i.version           cmd.o
    0x08014e6a   0x00000002   PAD
    0x08014e6c   0x00000370   Code   RO         3649    i.vsnprintf         kservice.o
    0x080151dc   0x00000085   Data   RO         3105    .constdata          serial.o
    0x08015261   0x000000a8   Data   RO         3232    .constdata          device.o
    0x08015309   0x0000011f   Data   RO         3378    .constdata          ipc.o
    0x08015428   0x00000022   Data   RO         3651    .constdata          kservice.o
    0x0801544a   0x00000002   PAD
    0x0801544c   0x00000134   Data   RO         3780    .constdata          mem.o
    0x08015580   0x00000025   Data   RO         3864    .constdata          mempool.o
    0x080155a5   0x0000003c   Data   RO         3937    .constdata          object.o
    0x080155e1   0x0000014e   Data   RO         4024    .constdata          scheduler.o
    0x0801572f   0x000000aa   Data   RO         4110    .constdata          thread.o
    0x080157d9   0x0000005c   Data   RO         4222    .constdata          timer.o
    0x08015835   0x00000003   PAD
    0x08015838   0x00000268   Data   RO         4323    .constdata          cmd.o
    0x08015aa0   0x000000c4   Data   RO         4693    .constdata          finsh_ops.o
    0x08015b64   0x00000040   Data   RO         5070    .constdata          finsh_token.o
    0x08015ba4   0x0000004d   Data   RO         5246    .constdata          shell.o
    0x08015bf1   0x00000024   Data   RO         5703    .constdata          led.o
    0x08015c15   0x0000001f   Data   RO         6040    .constdata          _tea5756.o
    0x08015c34   0x000000c9   Data   RO         6207    .constdata          enc28j60.o
    0x08015cfd   0x00000001   PAD
    0x08015cfe   0x0000001c   Data   RO         6639    .constdata          memp.o
    0x08015d1a   0x00000014   Data   RO         7105    .constdata          tcp.o
    0x08015d2e   0x00000002   PAD
    0x08015d30   0x00000051   Data   RO         7367    .constdata          tcp_out.o
    0x08015d81   0x00000008   Data   RO         7714    .constdata          ip_addr.o
    0x08015d89   0x00000003   PAD
    0x08015d8c   0x000000d8   Data   RO         8365    .constdata          etharp.o
    0x08015e64   0x0000009a   Data   RO         8456    .constdata          ethernetif.o
    0x08015efe   0x00000031   Data   RO         8681    .constdata          sys_arch.o
    0x08015f2f   0x00000001   PAD
    0x08015f30   0x0000003c   Data   RO         8806    .constdata          sockets.o
    0x08015f6c   0x00000017   Data   RO         8969    .constdata          ping.o
    0x08015f83   0x00000081   Data   RO         9131    .constdata          ctype_o.o(mc_w.l)
    0x08016004   0x00000004   Data   RO         9132    .constdata          ctype_o.o(mc_w.l)
    0x08016008   0x00000069   Data   RO         4324    .conststring        cmd.o
    0x08016071   0x000000d8   Data   RO         4469    .conststring        finsh_error.o
    0x08016149   0x0000002c   Data   RO         5071    .conststring        finsh_token.o
    0x08016175   0x00000068   Data   RO         7106    .conststring        tcp.o
    0x080161dd   0x00000003   PAD
    0x080161e0   0x0000000c   Data   RO         3782    FSymTab             mem.o
    0x080161ec   0x00000090   Data   RO         4326    FSymTab             cmd.o
    0x0801627c   0x0000000c   Data   RO         5705    FSymTab             led.o
    0x08016288   0x0000000c   Data   RO         6042    FSymTab             _tea5756.o
    0x08016294   0x00000018   Data   RO         6209    FSymTab             enc28j60.o
    0x080162ac   0x00000024   Data   RO         8457    FSymTab             ethernetif.o
    0x080162d0   0x0000000c   Data   RO         8971    FSymTab             ping.o
    0x080162dc   0x00000020   Data   RO         9194    Region$$Table       anon$$obj.o
    0x080162fc   0x00000010   Data   RO         4327    VSymTab             cmd.o


    Execution Region RW_IRAM1 (Base: 0x20000000, Size: 0x00002050, Max: 0x00010000, ABSOLUTE, COMPRESSED[0x000000d0])

    Base Addr    Size         Type   Attr      Idx    E Section Name        Object

    0x20000000   0x00000014   Data   RW         1602    .data               stm32f10x_rcc.o
    0x20000014   0x0000000c   Data   RW         3086    .data               interrupt.o
    0x20000020   0x00000004   Data   RW         3192    .data               clock.o
    0x20000024   0x00000004   Data   RW         3307    .data               idle.o
    0x20000028   0x00000001   Data   RW         3609    .data               irq.o
    0x20000029   0x00000003   PAD
    0x2000002c   0x00000008   Data   RW         3652    .data               kservice.o
    0x20000034   0x00000020   Data   RW         3781    .data               mem.o
    0x20000054   0x00000008   Data   RW         3865    .data               mempool.o
    0x2000005c   0x000000a4   Data   RW         3938    .data               object.o
    0x20000100   0x0000001c   Data   RW         4025    .data               scheduler.o
    0x2000011c   0x0000000c   Data   RW         4223    .data               timer.o
    0x20000128   0x00000004   Data   RW         4325    .data               cmd.o
    0x2000012c   0x00000008   Data   RW         4421    .data               finsh_compiler.o
    0x20000134   0x0000003d   Data   RW         4470    .data               finsh_error.o
    0x20000171   0x00000003   PAD
    0x20000174   0x00000008   Data   RW         4508    .data               finsh_heap.o
    0x2000017c   0x00000004   Data   RW         5146    .data               finsh_var.o
    0x20000180   0x0000000c   Data   RW         5196    .data               finsh_vm.o
    0x2000018c   0x00000004   Data   RW         5247    .data               shell.o
    0x20000190   0x00000010   Data   RW         5334    .data               symbol.o
    0x200001a0   0x00000001   Data   RW         5704    .data               led.o
    0x200001a1   0x00000003   PAD
    0x200001a4   0x0000000c   Data   RW         5740    .data               usart.o
    0x200001b0   0x00000002   Data   RW         6041    .data               _tea5756.o
    0x200001b2   0x00000002   PAD
    0x200001b4   0x00000010   Data   RW         6208    .data               enc28j60.o
    0x200001c4   0x0000000d   Data   RW         6445    .data               dns.o
    0x200001d1   0x00000001   PAD
    0x200001d2   0x00000002   Data   RW         6640    .data               memp.o
    0x200001d4   0x0000000c   Data   RW         6707    .data               netif.o
    0x200001e0   0x00000001   Data   RW         6837    .data               pbuf.o
    0x200001e1   0x00000003   PAD
    0x200001e4   0x00000004   Data   RW         6943    .data               raw.o
    0x200001e8   0x0000004d   Data   RW         7107    .data               tcp.o
    0x20000235   0x00000003   PAD
    0x20000238   0x00000020   Data   RW         7289    .data               tcp_in.o
    0x20000258   0x00000004   Data   RW         7456    .data               udp.o
    0x2000025c   0x0000000c   Data   RW         7664    .data               ip.o
    0x20000268   0x00000006   Data   RW         7745    .data               ip_frag.o
    0x2000026e   0x00000002   PAD
    0x20000270   0x00000010   Data   RW         8243    .data               tcpip.o
    0x20000280   0x00000001   Data   RW         8366    .data               etharp.o
    0x20000281   0x00000001   PAD
    0x20000282   0x00000004   Data   RW         8682    .data               sys_arch.o
    0x20000286   0x00000002   PAD
    0x20000288   0x0000000c   Data   RW         8807    .data               sockets.o
    0x20000294   0x00000002   Data   RW         8970    .data               ping.o
    0x20000296   0x00000002   PAD
    0x20000298   0x00000008   Data   RW         9014    .data               enc28j60_poll.o
    0x200002a0   0x00000004   Data   RW         9182    .data               errno.o(mc_w.l)
    0x200002a4   0x0000017c   Zero   RW         3306    .bss                idle.o
    0x20000420   0x00000080   Zero   RW         3650    .bss                kservice.o
    0x200004a0   0x00000020   Zero   RW         3779    .bss                mem.o
    0x200004c0   0x00000100   Zero   RW         4023    .bss                scheduler.o
    0x200005c0   0x00000080   Zero   RW         4507    .bss                finsh_heap.o
    0x20000640   0x00000140   Zero   RW         4596    .bss                finsh_node.o
    0x20000780   0x000000c0   Zero   RW         5145    .bss                finsh_var.o
    0x20000840   0x00000180   Zero   RW         5195    .bss                finsh_vm.o
    0x200009c0   0x00000088   Zero   RW         5739    .bss                usart.o
    0x20000a48   0x00000098   Zero   RW         6206    .bss                enc28j60.o
    0x20000ae0   0x00000660   Zero   RW         6443    .bss                dns.o
    0x20001140   0x00000014   Zero   RW         7288    .bss                tcp_in.o
    0x20001154   0x00000010   Zero   RW         7578    .bss                inet.o
    0x20001164   0x000005e0   Zero   RW         7744    .bss                ip_frag.o
    0x20001744   0x000000c8   Zero   RW         8364    .bss                etharp.o
    0x2000180c   0x00000578   Zero   RW         8455    .bss                ethernetif.o
    0x20001d84   0x000000c8   Zero   RW         8805    .bss                sockets.o
    0x20001e4c   0x00000004   PAD
    0x20001e50   0x00000200   Zero   RW         3173    STACK               start_rvds.o


==============================================================================

Image component sizes


      Code (inc. data)   RO Data    RW Data    ZI Data      Debug   Object Name

      1216        220         43          2          0       9094   _tea5756.o
      1340        548          0          0          0      16865   api_lib.o
      3686       1060          0          0          0      14925   api_msg.o
       104         36          0          0          0        997   application.o
       174         18          0          0          0      16989   board.o
        72         16          0          4          0       1459   clock.o
      2552       1202        881          4          0      12799   cmd.o
       168         20          0          0          0        460   context_rvds.o
         0          0          0          0          0         20   core_cm3.o
         0          0          0          0          0       6288   cpu.o
      1156        494        168          0          0       8895   device.o
      1536        284          0         13       1632      13530   dns.o
      3352        766        225         16        152      24236   enc28j60.o
       200         18          0          8          0       2496   enc28j60_poll.o
      3476        702        216          1        200      12326   etharp.o
      1398        390        190          0       1400      18940   ethernetif.o
       248        162          0          0          0       1025   fault.o
        20          0          0          0          0        316   fault_rvds.o
      6138        156          0          8          0      10818   finsh_compiler.o
        56         22        216         61          0       2431   finsh_error.o
       538         30          0          8        128       5331   finsh_heap.o
        64          6          0          0          0       1892   finsh_init.o
       392          8          0          0        320       5302   finsh_node.o
      2610        294        196          0          0      22990   finsh_ops.o
      2420         32          0          0          0      15107   finsh_parser.o
      1552         16        108          0          0       9050   finsh_token.o
       292         30          0          4        192       7006   finsh_var.o
       176         36          0         12        384       6331   finsh_vm.o
      1084        356          0          0          0       3514   icmp.o
       156         26          0          4        380       2374   idle.o
       590         10          0          0         16       5032   inet.o
       676         56          0          0          0       7235   inet_chksum.o
        16          0          0          0          0      15540   init.o
         0          0          0         12          0        394   interrupt.o
       988        114          0         12          0       8423   ip.o
        78          0          8          0          0       5377   ip_addr.o
      2168        434          0          6       1504       8364   ip_frag.o
      1844        394        287          0          0      21314   ipc.o
        64         12          0          1          0       1386   irq.o
      1806        164         34          8        128      10533   kservice.o
       240         20         48          1          0       2739   led.o
      1804        554        320         32         32       9770   mem.o
        92         14         28          2          0       3763   memp.o
       406         60         37          8          0       4537   mempool.o
       196         32          0          0          0     235283   misc.o
       280        116          0          0          0       2975   netbuf.o
         0          0          0          0          0       3860   netdb.o
       828        228          0         12          0      16430   netif.o
       670        238         60        164          0       6120   object.o
      3136       1162          0          1          0       9145   pbuf.o
       684        192         35          2          0       3995   ping.o
       484         86          0          4          0       4514   raw.o
      1110        354        334         28        256       7011   scheduler.o
      1504        400        133          0          0       8825   serial.o
      1840        362         77          4          0       9654   shell.o
      2792        330         60         12        200      13493   sockets.o
       366         34          0          0          0       9045   spi.o
       108          0          0          0          0        739   stack.o
        36         10        336          0        512        456   start_rvds.o
       104         18          0          0          0        914   startup.o
        94         20          0          0          0      12712   stm32f10x_dma.o
       176         16          0          0          0       1557   stm32f10x_exti.o
       354          4          0          0          0       4350   stm32f10x_gpio.o
       372         92          0          0          0      13052   stm32f10x_it.o
       244         24          0         20          0       3917   stm32f10x_rcc.o
       204         62          0          0          0       3665   stm32f10x_rtc.o
       112          0          0          0          0      11066   stm32f10x_spi.o
       458          6          0          0          0       5786   stm32f10x_usart.o
         0          0          0         16          0       3801   symbol.o
       776        160          0          0          0       6833   sys.o
       904        260         49          4          0      10701   sys_arch.o
        72         10          0          0          0        532   sys_arch_init.o
       292         22          0          0          0       2113   system_stm32f10x.o
      3186        674        124         77          0      24240   tcp.o
      7780        918          0         32         20      21737   tcp_in.o
      4036        716         81          0          0      18016   tcp_out.o
       724        106          0         16          0      20026   tcpip.o
      1636        590        170          0          0      11664   thread.o
      1008        284         92         12          0       9581   timer.o
      1620        218          0          4          0       8910   udp.o
       252         26          0         12        136       2385   usart.o

    ----------------------------------------------------------------------
     85498      16550       4603        672       7596     887316   Object Totals
         0          0         32          0          0          0   (incl. Generated)
       112          0         15         25          4          0   (incl. Padding)

    ----------------------------------------------------------------------

      Code (inc. data)   RO Data    RW Data    ZI Data      Debug   Library Member Name

        88          0          0          0          0          0   __dczerorl2.o
        32          0          0          0          0         68   _chval.o
       152          0          0          0          0         88   _strtoul.o
        26          0          0          0          0         80   atoi.o
         8          4        133          0          0         68   ctype_o.o
         0          0          0          0          0          0   entry.o
         8          4          0          0          0          0   entry2.o
         4          0          0          0          0          0   entry5.o
         8          4          0          0          0          0   entry7.o
         8          4          0          4          0         68   errno.o
        30          0          0          0          0          0   handlers.o
        36          8          0          0          0         68   init.o
        36          0          0          0          0         68   memcpya.o
        38          0          0          0          0        108   memseta.o
        16          0          0          0          0         68   strlen.o
        30          0          0          0          0         76   strncmp.o
        24          0          0          0          0         76   strncpy.o
       112          0          0          0          0         88   strtol.o

    ----------------------------------------------------------------------
       658         24        133          4          0        924   Library Totals
         2          0          0          0          0          0   (incl. Padding)

    ----------------------------------------------------------------------

      Code (inc. data)   RO Data    RW Data    ZI Data      Debug   Library Name

       656         24        133          4          0        924   mc_w.l

    ----------------------------------------------------------------------
       658         24        133          4          0        924   Library Totals

    ----------------------------------------------------------------------

==============================================================================


      Code (inc. data)   RO Data    RW Data    ZI Data      Debug   

     86156      16574       4736        676       7596     857640   Grand Totals
     86156      16574       4736        208       7596     857640   ELF Image Totals (compressed)
     86156      16574       4736        208          0          0   ROM Totals

==============================================================================

    Total RO  Size (Code + RO Data)                90892 (  88.76kB)
    Total RW  Size (RW Data + ZI Data)              8272 (   8.08kB)
    Total ROM Size (Code + RO Data + RW Data)      91100 (  88.96kB)

==============================================================================

