<html>
<body>
<pre>
<h1>µVision3 Build Log</h1>
<h2>Project:</h2>
F:\rt-thread\workspace\RT-Thread_0.3.4\bsp\stm32_fighting\stm32_fighting\project.uv2
Project File Date:  04/03/2012

<h2>Output:</h2>
Build target 'RT-Thread STM32'
compiling stm32f10x_it.c...
compiling board.c...
compiling application.c...
compiling startup.c...
compiling led.c...
compiling usart.c...
compiling sdcard.c...
compiling msd.c...
compiling enc28j60.c...
enc28j60.c(214): warning:  #550-D: variable "duplex" was set but never used
compiling dm9000a.c...
compiling rtc.c...
compiling misc.c...
compiling stm32f10x_adc.c...
compiling stm32f10x_bkp.c...
compiling stm32f10x_can.c...
compiling stm32f10x_crc.c...
compiling stm32f10x_dac.c...
compiling stm32f10x_dbgmcu.c...
compiling stm32f10x_dma.c...
compiling stm32f10x_exti.c...
compiling stm32f10x_flash.c...
compiling stm32f10x_fsmc.c...
compiling stm32f10x_gpio.c...
compiling stm32f10x_i2c.c...
compiling stm32f10x_iwdg.c...
compiling stm32f10x_pwr.c...
compiling stm32f10x_rcc.c...
compiling stm32f10x_rtc.c...
compiling stm32f10x_sdio.c...
compiling stm32f10x_spi.c...
compiling stm32f10x_tim.c...
compiling stm32f10x_usart.c...
compiling stm32f10x_wwdg.c...
compiling core_cm3.c...
compiling system_stm32f10x.c...
compiling clock.c...
compiling device.c...
compiling idle.c...
compiling ipc.c...
compiling irq.c...
compiling kservice.c...
compiling mem.c...
compiling mempool.c...
compiling object.c...
compiling scheduler.c...
compiling slab.c...
compiling thread.c...
compiling timer.c...
compiling cpu.c...
compiling fault.c...
compiling interrupt.c...
compiling stack.c...
compiling serial.c...
assembling context_rvds.S...
assembling fault_rvds.S...
assembling start_rvds.s...
compiling symbol.c...
compiling cmd.c...
compiling finsh_compiler.c...
compiling finsh_error.c...
compiling finsh_heap.c...
compiling finsh_init.c...
compiling finsh_node.c...
compiling finsh_ops.c...
compiling finsh_parser.c...
compiling finsh_token.c...
compiling finsh_var.c...
compiling finsh_vm.c...
compiling shell.c...
compiling dfs_util.c...
compiling dfs_fs.c...
compiling dfs_init.c...
compiling dfs_posix.c...
compiling dfs_raw.c...
compiling ff.c...
compiling dfs_elm.c...
compiling dhcp.c...
compiling dns.c...
compiling init.c...
compiling memp.c...
compiling netif.c...
compiling pbuf.c...
compiling raw.c...
compiling stats.c...
compiling sys.c...
compiling tcp.c...
compiling tcp_in.c...
compiling tcp_out.c...
compiling udp.c...
compiling ip_frag.c...
compiling autoip.c...
compiling icmp.c...
compiling igmp.c...
compiling inet.c...
compiling inet_chksum.c...
compiling ip.c...
compiling ip_addr.c...
compiling tcpip.c...
compiling api_lib.c...
compiling api_msg.c...
compiling err.c...
compiling netbuf.c...
compiling netdb.c...
compiling netifapi.c...
compiling sockets.c...
compiling ethernetif.c...
compiling etharp.c...
compiling sys_arch_init.c...
compiling sys_arch.c...
linking...
Program Size: Code=102848 RO-data=5556 RW-data=700 ZI-data=11364  
".\obj\rtthread-stm32.axf" - 0 Error(s), 1 Warning(s).
Load "F:\\rt-thread\\workspace\\RT-Thread_0.3.4\\bsp\\stm32_fighting\\stm32_fighting\\obj\\rtthread-stm32.AXF" 

JLink info:
-----------
DLL: V4.08b, compiled Jun 30 2009 19:10:31
Firmware: J-Link ARM V8 compiled Aug 18 2009 09:06:07
Hardware: V8.00
S/N : 805306163 
Feature(s) : RDI,FlashDL,FlashBP,JFlash,GDBFull 
---
* JLink Info: Found SWD-DP with ID 0x1BA01477
* JLink Info: TPIU fitted.
* JLink Info: ETM fitted.
* JLink Info:   FPUnit: 6 code (BP) slots and 2 literal slots

Target info:
------------
Device: STM32F103ZE
VTarget = 3.073V
State of Pins: 
TCK: 0, TDI: 1, TDO: 0, TMS: 0, TRES: 1, TRST: 1
* JLink Info: Found SWD-DP with ID 0x1BA01477
* JLink Info: TPIU fitted.
* JLink Info: ETM fitted.
* JLink Info:   FPUnit: 6 code (BP) slots and 2 literal slots
Hardware-Breakpoints: 6
Software-Breakpoints: 2048
Watchpoints:          4
JTAG speed: 3000 kHz
---
* JLink Info: Found SWD-DP with ID 0x1BA01477
* JLink Info: TPIU fitted.
* JLink Info: ETM fitted.
* JLink Info:   FPUnit: 6 code (BP) slots and 2 literal slots
Full Chip Erase Done.
Programming Done.
* JLink Info: Found SWD-DP with ID 0x1BA01477
* JLink Info: TPIU fitted.
* JLink Info: ETM fitted.
* JLink Info:   FPUnit: 6 code (BP) slots and 2 literal slots
Application running ...
