<!doctype html public "-//w3c//dtd html 4.0 transitional//en">
<html><head>
<title>Static Call Graph - [.\obj\rtthread-stm32.axf]</title></head>
<body><HR>
<H1>Static Call Graph for image .\obj\rtthread-stm32.axf</H1><HR>
<BR><P>#&#060CALLGRAPH&#062# ARM Linker, RVCT4.0 [Build 524]: Last Updated: Wed May 07 07:39:45 2014
<BR><P>
<H3>Maximum Stack Usage =        852 bytes + Unknown(Functions without stacksize, Cycles, Untraceable Function Pointers)</H3><H3>
Call chain for Maximum Stack Depth:</H3>
tcpip_thread &rArr; ethernet_input &rArr; ip_input &rArr; tcp_input &rArr; tcp_listen_input &rArr; tcp_alloc &rArr; tcp_kill_prio &rArr; tcp_abandon &rArr; tcp_pcb_remove &rArr; tcp_output &rArr; tcp_send_empty_ack &rArr; ip_output &rArr; ip_output_if &rArr; ip_frag &rArr; pbuf_alloc &rArr; pbuf_pool_is_empty &rArr; tcpip_callback_with_block &rArr; memp_malloc &rArr; rt_malloc &rArr; rt_sem_take &rArr; rt_ipc_list_suspend &rArr; rt_thread_suspend &rArr; rt_schedule_remove_thread &rArr; rt_kprintf &rArr; vsnprintf &rArr; print_number
<P>
<H3>
Functions with no stack information
</H3><UL>
 <LI><a href="#[295ae0c]">__user_initial_stackheap</a>
</UL>
</UL>
<P>
<H3>
Mutually Recursive functions
</H3> <LI><a href="#[2891cf8]">rt_device_write</a>&nbsp;&nbsp;&nbsp;&rArr;&nbsp;&nbsp;&nbsp;<a href="#[1464270]">rt_kprintf</a><BR>
 <LI><a href="#[295ab00]">ADC1_2_IRQHandler</a>&nbsp;&nbsp;&nbsp;&rArr;&nbsp;&nbsp;&nbsp;<a href="#[295ab00]">ADC1_2_IRQHandler</a><BR>
 <LI><a href="#[29567f8]">finsh_type_check</a>&nbsp;&nbsp;&nbsp;&rArr;&nbsp;&nbsp;&nbsp;<a href="#[29567f8]">finsh_type_check</a><BR>
 <LI><a href="#[2956834]">finsh_compile</a>&nbsp;&nbsp;&nbsp;&rArr;&nbsp;&nbsp;&nbsp;<a href="#[2956834]">finsh_compile</a><BR>
 <LI><a href="#[29ab68c]">proc_expr</a>&nbsp;&nbsp;&nbsp;&rArr;&nbsp;&nbsp;&nbsp;<a href="#[29ab740]">proc_assign_expr</a><BR>
 <LI><a href="#[29ab560]">proc_param_list</a>&nbsp;&nbsp;&nbsp;&rArr;&nbsp;&nbsp;&nbsp;<a href="#[29ab740]">proc_assign_expr</a><BR>
 <LI><a href="#[29ab434]">proc_unary_expr</a>&nbsp;&nbsp;&nbsp;&rArr;&nbsp;&nbsp;&nbsp;<a href="#[29ab704]">proc_cast_expr</a><BR>
 <LI><a href="#[29ab704]">proc_cast_expr</a>&nbsp;&nbsp;&nbsp;&rArr;&nbsp;&nbsp;&nbsp;<a href="#[29ab704]">proc_cast_expr</a><BR>
 <LI><a href="#[29ab740]">proc_assign_expr</a>&nbsp;&nbsp;&nbsp;&rArr;&nbsp;&nbsp;&nbsp;<a href="#[29ab740]">proc_assign_expr</a><BR>
</UL>
<P>
<H3>
Function Pointers
</H3><UL>
 <LI><a href="#[295ace0]">Reset_Handler</a>
 <LI><a href="#[1467114]">NMI_Handler</a>
 <LI><a href="#[295b118]">rt_hw_hard_fault</a>
 <LI><a href="#[1467150]">MemManage_Handler</a>
 <LI><a href="#[146727c]">BusFault_Handler</a>
 <LI><a href="#[1466fac]">UsageFault_Handler</a>
 <LI><a href="#[146709c]">SVC_Handler</a>
 <LI><a href="#[1467204]">DebugMon_Handler</a>
 <LI><a href="#[295b2bc]">rt_hw_pend_sv</a>
 <LI><a href="#[146619c]">rt_hw_timer_handler</a>
 <LI><a href="#[2959b4c]">WWDG_IRQHandler</a>
 <LI><a href="#[295a254]">PVD_IRQHandler</a>
 <LI><a href="#[295a074]">TAMPER_IRQHandler</a>
 <LI><a href="#[295a1a0]">RTC_IRQHandler</a>
 <LI><a href="#[295a434]">FLASH_IRQHandler</a>
 <LI><a href="#[295a218]">RCC_IRQHandler</a>
 <LI><a href="#[14671c8]">EXTI0_IRQHandler</a>
 <LI><a href="#[295a560]">EXTI1_IRQHandler</a>
 <LI><a href="#[295a524]">EXTI2_IRQHandler</a>
 <LI><a href="#[295a4e8]">EXTI3_IRQHandler</a>
 <LI><a href="#[295a4ac]">EXTI4_IRQHandler</a>
 <LI><a href="#[295a920]">DMA1_Channel1_IRQHandler</a>
 <LI><a href="#[1467240]">DMA1_Channel2_IRQHandler</a>
 <LI><a href="#[295a8a8]">DMA1_Channel3_IRQHandler</a>
 <LI><a href="#[295a86c]">DMA1_Channel4_IRQHandler</a>
 <LI><a href="#[295a830]">DMA1_Channel5_IRQHandler</a>
 <LI><a href="#[295a7f4]">DMA1_Channel6_IRQHandler</a>
 <LI><a href="#[295a7b8]">DMA1_Channel7_IRQHandler</a>
 <LI><a href="#[295ab00]">ADC1_2_IRQHandler</a>
 <LI><a href="#[2959bc4]">USB_HP_CAN1_TX_IRQHandler</a>
 <LI><a href="#[2959b88]">USB_LP_CAN1_RX0_IRQHandler</a>
 <LI><a href="#[295aa88]">CAN1_RX1_IRQHandler</a>
 <LI><a href="#[295aa4c]">CAN1_SCE_IRQHandler</a>
 <LI><a href="#[295a470]">EXTI9_5_IRQHandler</a>
 <LI><a href="#[295a038]">TIM1_BRK_IRQHandler</a>
 <LI><a href="#[2959f84]">TIM1_UP_IRQHandler</a>
 <LI><a href="#[2959fc0]">TIM1_TRG_COM_IRQHandler</a>
 <LI><a href="#[2959ffc]">TIM1_CC_IRQHandler</a>
 <LI><a href="#[2959f48]">TIM2_IRQHandler</a>
 <LI><a href="#[2959f0c]">TIM3_IRQHandler</a>
 <LI><a href="#[2959ed0]">TIM4_IRQHandler</a>
 <LI><a href="#[295a380]">I2C1_EV_IRQHandler</a>
 <LI><a href="#[295a3bc]">I2C1_ER_IRQHandler</a>
 <LI><a href="#[295a308]">I2C2_EV_IRQHandler</a>
 <LI><a href="#[295a344]">I2C2_ER_IRQHandler</a>
 <LI><a href="#[295a128]">SPI1_IRQHandler</a>
 <LI><a href="#[295a0ec]">SPI2_IRQHandler</a>
 <LI><a href="#[1467060]">USART1_IRQHandler</a>
 <LI><a href="#[1467024]">USART2_IRQHandler</a>
 <LI><a href="#[1466fe8]">USART3_IRQHandler</a>
 <LI><a href="#[295a59c]">EXTI15_10_IRQHandler</a>
 <LI><a href="#[295a1dc]">RTCAlarm_IRQHandler</a>
 <LI><a href="#[295a290]">OTG_FS_WKUP_IRQHandler</a>
 <LI><a href="#[2959de0]">TIM8_BRK_IRQHandler</a>
 <LI><a href="#[2959d2c]">TIM8_UP_IRQHandler</a>
 <LI><a href="#[2959d68]">TIM8_TRG_COM_IRQHandler</a>
 <LI><a href="#[2959da4]">TIM8_CC_IRQHandler</a>
 <LI><a href="#[295aac4]">ADC3_IRQHandler</a>
 <LI><a href="#[295a3f8]">FSMC_IRQHandler</a>
 <LI><a href="#[14670d8]">SDIO_IRQHandler</a>
 <LI><a href="#[2959e94]">TIM5_IRQHandler</a>
 <LI><a href="#[295a0b0]">SPI3_IRQHandler</a>
 <LI><a href="#[2959cf0]">UART4_IRQHandler</a>
 <LI><a href="#[2959cb4]">UART5_IRQHandler</a>
 <LI><a href="#[2959e58]">TIM6_IRQHandler</a>
 <LI><a href="#[2959e1c]">TIM7_IRQHandler</a>
 <LI><a href="#[295a77c]">DMA2_Channel1_IRQHandler</a>
 <LI><a href="#[295a740]">DMA2_Channel2_IRQHandler</a>
 <LI><a href="#[295a704]">DMA2_Channel3_IRQHandler</a>
 <LI><a href="#[295a6c8]">DMA2_Channel4_5_IRQHandler</a>
 <LI><a href="#[295a68c]">DMA2_Channel5_IRQHandler</a>
 <LI><a href="#[295a650]">ETH_IRQHandler</a>
 <LI><a href="#[295a614]">ETH_WKUP_IRQHandler</a>
 <LI><a href="#[295a95c]">CAN2_TX_IRQHandler</a>
 <LI><a href="#[295aa10]">CAN2_RX0_IRQHandler</a>
 <LI><a href="#[295a9d4]">CAN2_RX1_IRQHandler</a>
 <LI><a href="#[295a998]">CAN2_SCE_IRQHandler</a>
 <LI><a href="#[295a2cc]">OTG_FS_IRQHandler</a>
 <LI><a href="#[2b98684]">__main</a>
 <LI><a href="#[2cc3568]">_get_lc_ctype</a>
 <LI><a href="#[2cbe1f8]">_sputc</a>
 <LI><a href="#[2cbe360]">_printf_input_char</a>
 <LI><a href="#[2cbcfec]">__I$use$semihosting</a>
 <LI><a href="#[295f600]">rt_thread_exit</a>
 <LI><a href="#[295f2b8]">rt_thread_timeout</a>
 <LI><a href="#[2b51354]">arp_timer</a>
 <LI><a href="#[2a00ae8]">dns_recv</a>
 <LI><a href="#[2b51318]">dns_timer</a>
 <LI><a href="#[2a024ec]">dfs_elm_mount</a>
 <LI><a href="#[2a02384]">dfs_elm_unmount</a>
 <LI><a href="#[2a024b0]">dfs_elm_open</a>
 <LI><a href="#[2a025dc]">dfs_elm_close</a>
 <LI><a href="#[2a02564]">dfs_elm_ioctl</a>
 <LI><a href="#[2a02474]">dfs_elm_read</a>
 <LI><a href="#[2a02348]">dfs_elm_write</a>
 <LI><a href="#[2a02528]">dfs_elm_lseek</a>
 <LI><a href="#[2a025a0]">dfs_elm_getdents</a>
 <LI><a href="#[2a023c0]">dfs_elm_unlink</a>
 <LI><a href="#[2a023fc]">dfs_elm_stat</a>
 <LI><a href="#[2a02438]">dfs_elm_rename</a>
 <LI><a href="#[2b9e480]">ethernetif_output</a>
 <LI><a href="#[2b9e4bc]">ethernetif_linkoutput</a>
 <LI><a href="#[2b9e570]">eth_input</a>
 <LI><a href="#[2b9e5ac]">eth_init</a>
 <LI><a href="#[2b9e534]">eth_rx_thread_entry</a>
 <LI><a href="#[2b9e4f8]">eth_tx_thread_entry</a>
 <LI><a href="#[29a6844]">finsh_rx_ind</a>
 <LI><a href="#[29a6394]">finsh_thread_entry</a>
 <LI><a href="#[2b512dc]">ip_reass_timer</a>
 <LI><a href="#[2acda1c]">netif_poll</a>
 <LI><a href="#[2acbeb0]">pbuf_free_ooseq</a>
 <LI><a href="#[1464450]">rt_init_thread_entry</a>
 <LI><a href="#[2747ddc]">enc28j60_init</a>
 <LI><a href="#[2747da0]">enc28j60_open</a>
 <LI><a href="#[2747e54]">enc28j60_close</a>
 <LI><a href="#[2747cec]">enc28j60_read</a>
 <LI><a href="#[2747bfc]">enc28j60_write</a>
 <LI><a href="#[2747e18]">enc28j60_control</a>
 <LI><a href="#[2747cb0]">enc28j60_rx</a>
 <LI><a href="#[2747c38]">enc28j60_tx</a>
 <LI><a href="#[27444e8]">rt_rtc_open</a>
 <LI><a href="#[27444ac]">rt_rtc_read</a>
 <LI><a href="#[2744524]">rt_rtc_control</a>
 <LI><a href="#[145dfc4]">rt_sdcard_init</a>
 <LI><a href="#[145df88]">rt_sdcard_open</a>
 <LI><a href="#[145e03c]">rt_sdcard_close</a>
 <LI><a href="#[145df4c]">rt_sdcard_read</a>
 <LI><a href="#[145df10]">rt_sdcard_write</a>
 <LI><a href="#[145e000]">rt_sdcard_control</a>
 <LI><a href="#[295b604]">rt_serial_init</a>
 <LI><a href="#[295b5c8]">rt_serial_open</a>
 <LI><a href="#[295b6b8]">rt_serial_close</a>
 <LI><a href="#[295b58c]">rt_serial_read</a>
 <LI><a href="#[295b550]">rt_serial_write</a>
 <LI><a href="#[295b67c]">rt_serial_control</a>
 <LI><a href="#[2891500]">rt_thread_idle_entry</a>
 <LI><a href="#[2ac5538]">tcp_recv_null</a>
 <LI><a href="#[2b51228]">tcpip_tcp_timer</a>
 <LI><a href="#[2b511ec]">tcpip_thread</a>
 <LI><a href="#[2b51228]">tcpip_tcp_timer</a>
 <LI><a href="#[2b512dc]">ip_reass_timer</a>
 <LI><a href="#[2b51354]">arp_timer</a>
 <LI><a href="#[2b51318]">dns_timer</a>
 <LI><a href="#[29ad5f4]">OP_no_op</a>
 <LI><a href="#[29adc84]">OP_add_byte</a>
 <LI><a href="#[29adc0c]">OP_add_word</a>
 <LI><a href="#[29adc48]">OP_add_dword</a>
 <LI><a href="#[29ad2ac]">OP_sub_byte</a>
 <LI><a href="#[29ad234]">OP_sub_word</a>
 <LI><a href="#[29ad270]">OP_sub_dword</a>
 <LI><a href="#[29ada2c]">OP_div_byte</a>
 <LI><a href="#[29ad9b4]">OP_div_word</a>
 <LI><a href="#[29ad9f0]">OP_div_dword</a>
 <LI><a href="#[29ad75c]">OP_mod_byte</a>
 <LI><a href="#[29ad6e4]">OP_mod_word</a>
 <LI><a href="#[29ad720]">OP_mod_dword</a>
 <LI><a href="#[29ad6a8]">OP_mul_byte</a>
 <LI><a href="#[29ad630]">OP_mul_word</a>
 <LI><a href="#[29ad66c]">OP_mul_dword</a>
 <LI><a href="#[29adbd0]">OP_and_byte</a>
 <LI><a href="#[29adb58]">OP_and_word</a>
 <LI><a href="#[29adb94]">OP_and_dword</a>
 <LI><a href="#[29ad5b8]">OP_or_byte</a>
 <LI><a href="#[29ad540]">OP_or_word</a>
 <LI><a href="#[29ad57c]">OP_or_dword</a>
 <LI><a href="#[29ad1f8]">OP_xor_byte</a>
 <LI><a href="#[29ad180]">OP_xor_word</a>
 <LI><a href="#[29ad1bc]">OP_xor_dword</a>
 <LI><a href="#[29adb1c]">OP_bw_byte</a>
 <LI><a href="#[29adaa4]">OP_bw_word</a>
 <LI><a href="#[29adae0]">OP_bw_dword</a>
 <LI><a href="#[29ad4c8]">OP_shl_byte</a>
 <LI><a href="#[29ad450]">OP_shl_word</a>
 <LI><a href="#[29ad48c]">OP_shl_dword</a>
 <LI><a href="#[29ad414]">OP_shr_byte</a>
 <LI><a href="#[29ad39c]">OP_shr_word</a>
 <LI><a href="#[29ad3d8]">OP_shr_dword</a>
 <LI><a href="#[29ad978]">OP_ld_byte</a>
 <LI><a href="#[29ad798]">OP_ld_word</a>
 <LI><a href="#[29ad93c]">OP_ld_dword</a>
 <LI><a href="#[29ad900]">OP_ld_value_byte</a>
 <LI><a href="#[29ad810]">OP_ld_value_word</a>
 <LI><a href="#[29ad888]">OP_ld_value_dword</a>
 <LI><a href="#[29ad360]">OP_st_byte</a>
 <LI><a href="#[29ad2e8]">OP_st_word</a>
 <LI><a href="#[29ad324]">OP_st_dword</a>
 <LI><a href="#[29ad504]">OP_pop</a>
 <LI><a href="#[29ada68]">OP_call</a>
 <LI><a href="#[29ad8c4]">OP_ld_value_byte_stack</a>
 <LI><a href="#[29ad7d4]">OP_ld_value_word_stack</a>
 <LI><a href="#[29ad84c]">OP_ld_value_dword_stack</a>
 <LI><a href="#[1462998]">led</a>
 <LI><a href="#[2748598]">enc28j60</a>
 <LI><a href="#[27455c8]">dm9000</a>
 <LI><a href="#[2743ffc]">set_date</a>
 <LI><a href="#[2743fc0]">set_time</a>
 <LI><a href="#[2744038]">list_date</a>
 <LI><a href="#[2887ec4]">list_mem</a>
 <LI><a href="#[2957158]">hello</a>
 <LI><a href="#[2956ec4]">version</a>
 <LI><a href="#[295ccc0]">list_thread</a>
 <LI><a href="#[2956f3c]">list_sem</a>
 <LI><a href="#[29570a4]">list_event</a>
 <LI><a href="#[2956fb4]">list_mutex</a>
 <LI><a href="#[2957068]">list_mailbox</a>
 <LI><a href="#[2956ff0]">list_msgqueue</a>
 <LI><a href="#[295702c]">list_mempool</a>
 <LI><a href="#[2956f00]">list_timer</a>
 <LI><a href="#[29570e0]">list_device</a>
 <LI><a href="#[295711c]">list</a>
 <LI><a href="#[2a092d8]">ls</a>
 <LI><a href="#[2a09878]">mkdir</a>
 <LI><a href="#[2a0929c]">rm</a>
 <LI><a href="#[2a09350]">cat</a>
 <LI><a href="#[2a0230c]">mkfs</a>
 <LI><a href="#[2b9e3cc]">set_if</a>
 <LI><a href="#[2b9e408]">set_dns</a>
 <LI><a href="#[2b9e444]">list_if</a>
</UL>
<P>
<H3>
Global Symbols
</H3>
<P><STRONG><a name="[2b98684]"></a>__main</STRONG> (Thumb, 8 bytes, Stack size 0 bytes, __main.o(!!!main))
<BR><BR>[Calls]<UL><LI><a href="#[2b98558]">&gt;&gt;</a>&nbsp;&nbsp;&nbsp;__rt_entry
<LI><a href="#[2cba9f4]">&gt;&gt;</a>&nbsp;&nbsp;&nbsp;__scatterload
</UL>

<P><STRONG><a name="[2cba9f4]"></a>__scatterload</STRONG> (Thumb, 0 bytes, Stack size unknown bytes, __scatter.o(!!!scatter))
<BR><BR>[Called By]<UL><LI><a href="#[2b98684]">&gt;&gt;</a>&nbsp;&nbsp;&nbsp;__main
</UL>

<P><STRONG><a name="[2cba9b8]"></a>__scatterload_rt2</STRONG> (Thumb, 44 bytes, Stack size unknown bytes, __scatter.o(!!!scatter), UNUSED)
<BR><BR>[Calls]<UL><LI><a href="#[2b98558]">&gt;&gt;</a>&nbsp;&nbsp;&nbsp;__rt_entry
</UL>

<P><STRONG><a name="[2cba97c]"></a>__scatterload_rt2_thumb_only</STRONG> (Thumb, 0 bytes, Stack size unknown bytes, __scatter.o(!!!scatter), UNUSED)

<P><STRONG><a name="[2cba940]"></a>__scatterload_null</STRONG> (Thumb, 0 bytes, Stack size unknown bytes, __scatter.o(!!!scatter), UNUSED)

<P><STRONG><a name="[2cbab20]"></a>__decompress</STRONG> (Thumb, 90 bytes, Stack size unknown bytes, __dczerorl2.o(!!dczerorl2), UNUSED)

<P><STRONG><a name="[2cbaae4]"></a>__decompress1</STRONG> (Thumb, 0 bytes, Stack size unknown bytes, __dczerorl2.o(!!dczerorl2), UNUSED)

<P><STRONG><a name="[2cba79c]"></a>__scatterload_zeroinit</STRONG> (Thumb, 28 bytes, Stack size unknown bytes, __scatter_zi.o(!!handler_zi), UNUSED)

<P><STRONG><a name="[2cbf92c]"></a>_printf_d</STRONG> (Thumb, 0 bytes, Stack size unknown bytes, _printf_d.o(.ARM.Collect$$_printf_percent$$00000009))
<BR><BR>[Stack]<UL><LI>Max Depth = 72 + Unknown Stack Size
<LI>Call Chain = _printf_d &rArr; _printf_int_dec &rArr; _printf_int_common &rArr; _printf_post_padding
</UL>
<BR>[Calls]<UL><LI><a href="#[2cc0430]">&gt;&gt;</a>&nbsp;&nbsp;&nbsp;_printf_int_dec
</UL>

<P><STRONG><a name="[2cbf878]"></a>_printf_percent</STRONG> (Thumb, 0 bytes, Stack size unknown bytes, _printf_percent.o(.ARM.Collect$$_printf_percent$$00000000))
<BR><BR>[Called By]<UL><LI><a href="#[2cbfe90]">&gt;&gt;</a>&nbsp;&nbsp;&nbsp;__printf
</UL>

<P><STRONG><a name="[2cbfa1c]"></a>_printf_s</STRONG> (Thumb, 0 bytes, Stack size unknown bytes, _printf_s.o(.ARM.Collect$$_printf_percent$$00000014))
<BR><BR>[Stack]<UL><LI>Max Depth = 40 + Unknown Stack Size
<LI>Call Chain = _printf_s &rArr; _printf_string &rArr; _printf_cs_common &rArr; _printf_str &rArr; _printf_post_padding
</UL>
<BR>[Calls]<UL><LI><a href="#[2cbe090]">&gt;&gt;</a>&nbsp;&nbsp;&nbsp;_printf_string
</UL>

<P><STRONG><a name="[2cbdfa0]"></a>_printf_percent_end</STRONG> (Thumb, 0 bytes, Stack size unknown bytes, _printf_percent_end.o(.ARM.Collect$$_printf_percent$$00000017))

<P><STRONG><a name="[2cbec84]"></a>__rt_lib_init</STRONG> (Thumb, 0 bytes, Stack size unknown bytes, libinit.o(.ARM.Collect$$libinit$$00000000))
<BR><BR>[Called By]<UL><LI><a href="#[2cc2bcc]">&gt;&gt;</a>&nbsp;&nbsp;&nbsp;__rt_entry_li
</UL>

<P><STRONG><a name="[2cc1984]"></a>__rt_lib_init_heap_1</STRONG> (Thumb, 0 bytes, Stack size unknown bytes, libinit2.o(.ARM.Collect$$libinit$$00000006))

<P><STRONG><a name="[2cc1858]"></a>__rt_lib_init_lc_common</STRONG> (Thumb, 0 bytes, Stack size unknown bytes, libinit2.o(.ARM.Collect$$libinit$$0000000B))
<BR><BR>[Calls]<UL><LI><a href="#[2b98198]">&gt;&gt;</a>&nbsp;&nbsp;&nbsp;__rt_locale
</UL>

<P><STRONG><a name="[2cc1894]"></a>__rt_lib_init_rand_1</STRONG> (Thumb, 0 bytes, Stack size unknown bytes, libinit2.o(.ARM.Collect$$libinit$$0000000A))

<P><STRONG><a name="[2cc190c]"></a>__rt_lib_init_user_alloc_1</STRONG> (Thumb, 0 bytes, Stack size unknown bytes, libinit2.o(.ARM.Collect$$libinit$$00000008))

<P><STRONG><a name="[2cc17e0]"></a>__rt_lib_init_lc_collate_1</STRONG> (Thumb, 0 bytes, Stack size unknown bytes, libinit2.o(.ARM.Collect$$libinit$$0000000D))

<P><STRONG><a name="[2cc17a4]"></a>__rt_lib_init_lc_ctype_2</STRONG> (Thumb, 0 bytes, Stack size unknown bytes, libinit2.o(.ARM.Collect$$libinit$$0000000E))
<BR><BR>[Stack]<UL><LI>Max Depth = 8 + Unknown Stack Size
<LI>Call Chain = __rt_lib_init_lc_ctype_2 &rArr; _get_lc_ctype
</UL>
<BR>[Calls]<UL><LI><a href="#[2cc3568]">&gt;&gt;</a>&nbsp;&nbsp;&nbsp;_get_lc_ctype
</UL>

<P><STRONG><a name="[2cc1768]"></a>__rt_lib_init_lc_ctype_1</STRONG> (Thumb, 0 bytes, Stack size unknown bytes, libinit2.o(.ARM.Collect$$libinit$$0000000F))

<P><STRONG><a name="[2cc16f0]"></a>__rt_lib_init_lc_monetary_1</STRONG> (Thumb, 0 bytes, Stack size unknown bytes, libinit2.o(.ARM.Collect$$libinit$$00000011))

<P><STRONG><a name="[2cc1678]"></a>__rt_lib_init_lc_numeric_1</STRONG> (Thumb, 0 bytes, Stack size unknown bytes, libinit2.o(.ARM.Collect$$libinit$$00000013))

<P><STRONG><a name="[2cc163c]"></a>__rt_lib_init_lc_time_2</STRONG> (Thumb, 0 bytes, Stack size unknown bytes, libinit2.o(.ARM.Collect$$libinit$$00000014))
<BR><BR>[Stack]<UL><LI>Max Depth = 8 + Unknown Stack Size
<LI>Call Chain = __rt_lib_init_lc_time_2 &rArr; _get_lc_time
</UL>
<BR>[Calls]<UL><LI><a href="#[2cbf314]">&gt;&gt;</a>&nbsp;&nbsp;&nbsp;_get_lc_time
</UL>

<P><STRONG><a name="[2cc1150]"></a>__rt_lib_init_alloca_1</STRONG> (Thumb, 0 bytes, Stack size unknown bytes, libinit2.o(.ARM.Collect$$libinit$$0000002A))

<P><STRONG><a name="[2cc11c8]"></a>__rt_lib_init_argv_1</STRONG> (Thumb, 0 bytes, Stack size unknown bytes, libinit2.o(.ARM.Collect$$libinit$$00000028))

<P><STRONG><a name="[2cc1588]"></a>__rt_lib_init_atexit_1</STRONG> (Thumb, 0 bytes, Stack size unknown bytes, libinit2.o(.ARM.Collect$$libinit$$00000017))

<P><STRONG><a name="[2cc1420]"></a>__rt_lib_init_clock_1</STRONG> (Thumb, 0 bytes, Stack size unknown bytes, libinit2.o(.ARM.Collect$$libinit$$0000001D))

<P><STRONG><a name="[2cc1060]"></a>__rt_lib_init_cpp_1</STRONG> (Thumb, 0 bytes, Stack size unknown bytes, libinit2.o(.ARM.Collect$$libinit$$0000002E))

<P><STRONG><a name="[2cc10d8]"></a>__rt_lib_init_exceptions_1</STRONG> (Thumb, 0 bytes, Stack size unknown bytes, libinit2.o(.ARM.Collect$$libinit$$0000002C))

<P><STRONG><a name="[2cc1498]"></a>__rt_lib_init_fp_trap_1</STRONG> (Thumb, 0 bytes, Stack size unknown bytes, libinit2.o(.ARM.Collect$$libinit$$0000001B))

<P><STRONG><a name="[2cc13a8]"></a>__rt_lib_init_getenv_1</STRONG> (Thumb, 0 bytes, Stack size unknown bytes, libinit2.o(.ARM.Collect$$libinit$$0000001F))

<P><STRONG><a name="[2cc1600]"></a>__rt_lib_init_lc_time_1</STRONG> (Thumb, 0 bytes, Stack size unknown bytes, libinit2.o(.ARM.Collect$$libinit$$00000015))

<P><STRONG><a name="[2cc1024]"></a>__rt_lib_init_return</STRONG> (Thumb, 0 bytes, Stack size unknown bytes, libinit2.o(.ARM.Collect$$libinit$$0000002F))

<P><STRONG><a name="[2cc1510]"></a>__rt_lib_init_signal_1</STRONG> (Thumb, 0 bytes, Stack size unknown bytes, libinit2.o(.ARM.Collect$$libinit$$00000019))

<P><STRONG><a name="[2cc1330]"></a>__rt_lib_init_stdio_1</STRONG> (Thumb, 0 bytes, Stack size unknown bytes, libinit2.o(.ARM.Collect$$libinit$$00000021))

<P><STRONG><a name="[2cbcac4]"></a>__rt_lib_shutdown</STRONG> (Thumb, 0 bytes, Stack size unknown bytes, libshutdown.o(.ARM.Collect$$libshutdown$$00000000))
<BR><BR>[Called By]<UL><LI><a href="#[2cbd76c]">&gt;&gt;</a>&nbsp;&nbsp;&nbsp;__rt_exit_ls
</UL>

<P><STRONG><a name="[2cbc1a0]"></a>__rt_lib_shutdown_fp_trap_1</STRONG> (Thumb, 0 bytes, Stack size unknown bytes, libshutdown2.o(.ARM.Collect$$libshutdown$$00000006))

<P><STRONG><a name="[2cbbfc0]"></a>__rt_lib_shutdown_heap_1</STRONG> (Thumb, 0 bytes, Stack size unknown bytes, libshutdown2.o(.ARM.Collect$$libshutdown$$0000000E))

<P><STRONG><a name="[2cbbf84]"></a>__rt_lib_shutdown_return</STRONG> (Thumb, 0 bytes, Stack size unknown bytes, libshutdown2.o(.ARM.Collect$$libshutdown$$0000000F))

<P><STRONG><a name="[2cbc0ec]"></a>__rt_lib_shutdown_signal_1</STRONG> (Thumb, 0 bytes, Stack size unknown bytes, libshutdown2.o(.ARM.Collect$$libshutdown$$00000009))

<P><STRONG><a name="[2cbc254]"></a>__rt_lib_shutdown_stdio_1</STRONG> (Thumb, 0 bytes, Stack size unknown bytes, libshutdown2.o(.ARM.Collect$$libshutdown$$00000003))

<P><STRONG><a name="[2cbc074]"></a>__rt_lib_shutdown_user_alloc_1</STRONG> (Thumb, 0 bytes, Stack size unknown bytes, libshutdown2.o(.ARM.Collect$$libshutdown$$0000000B))

<P><STRONG><a name="[2b98558]"></a>__rt_entry</STRONG> (Thumb, 0 bytes, Stack size unknown bytes, rtentry.o(.ARM.Collect$$rtentry$$00000000))
<BR><BR>[Called By]<UL><LI><a href="#[2b98684]">&gt;&gt;</a>&nbsp;&nbsp;&nbsp;__main
<LI><a href="#[2cba9b8]">&gt;&gt;</a>&nbsp;&nbsp;&nbsp;__scatterload_rt2
</UL>

<P><STRONG><a name="[2cc2c80]"></a>__rt_entry_presh_1</STRONG> (Thumb, 0 bytes, Stack size unknown bytes, rtentry2.o(.ARM.Collect$$rtentry$$00000002))

<P><STRONG><a name="[2cc28fc]"></a>__rt_entry_sh</STRONG> (Thumb, 0 bytes, Stack size unknown bytes, rtentry4.o(.ARM.Collect$$rtentry$$00000004))
<BR><BR>[Stack]<UL><LI>Max Depth = 8 + Unknown Stack Size
<LI>Call Chain = __rt_entry_sh &rArr; __user_setup_stackheap
</UL>
<BR>[Calls]<UL><LI><a href="#[2cc0b74]">&gt;&gt;</a>&nbsp;&nbsp;&nbsp;__user_setup_stackheap
</UL>

<P><STRONG><a name="[2cc2bcc]"></a>__rt_entry_li</STRONG> (Thumb, 0 bytes, Stack size unknown bytes, rtentry2.o(.ARM.Collect$$rtentry$$0000000A))
<BR><BR>[Calls]<UL><LI><a href="#[2cbec84]">&gt;&gt;</a>&nbsp;&nbsp;&nbsp;__rt_lib_init
</UL>

<P><STRONG><a name="[2cc2c08]"></a>__rt_entry_postsh_1</STRONG> (Thumb, 0 bytes, Stack size unknown bytes, rtentry2.o(.ARM.Collect$$rtentry$$00000009))

<P><STRONG><a name="[2cc2b18]"></a>__rt_entry_main</STRONG> (Thumb, 0 bytes, Stack size unknown bytes, rtentry2.o(.ARM.Collect$$rtentry$$0000000D))
<BR><BR>[Stack]<UL><LI>Max Depth = 404 + Unknown Stack Size
<LI>Call Chain = __rt_entry_main &rArr; main &rArr; rtthread_startup &rArr; finsh_system_init &rArr; rt_thread_create &rArr; rt_object_allocate &rArr; rt_malloc &rArr; rt_sem_take &rArr; rt_ipc_list_suspend &rArr; rt_thread_suspend &rArr; rt_schedule_remove_thread &rArr; rt_kprintf &rArr; vsnprintf &rArr; print_number
</UL>
<BR>[Calls]<UL><LI><a href="#[1463ba4]">&gt;&gt;</a>&nbsp;&nbsp;&nbsp;main
<LI><a href="#[2cbf1e8]">&gt;&gt;</a>&nbsp;&nbsp;&nbsp;exit
</UL>

<P><STRONG><a name="[2cc2b54]"></a>__rt_entry_postli_1</STRONG> (Thumb, 0 bytes, Stack size unknown bytes, rtentry2.o(.ARM.Collect$$rtentry$$0000000C))

<P><STRONG><a name="[2cbe5f4]"></a>__rt_exit</STRONG> (Thumb, 0 bytes, Stack size unknown bytes, rtexit.o(.ARM.Collect$$rtexit$$00000000))
<BR><BR>[Called By]<UL><LI><a href="#[2cbf1e8]">&gt;&gt;</a>&nbsp;&nbsp;&nbsp;exit
</UL>

<P><STRONG><a name="[2cbd76c]"></a>__rt_exit_ls</STRONG> (Thumb, 0 bytes, Stack size unknown bytes, rtexit2.o(.ARM.Collect$$rtexit$$00000003))
<BR><BR>[Calls]<UL><LI><a href="#[2cbcac4]">&gt;&gt;</a>&nbsp;&nbsp;&nbsp;__rt_lib_shutdown
</UL>

<P><STRONG><a name="[2cbd7a8]"></a>__rt_exit_prels_1</STRONG> (Thumb, 0 bytes, Stack size unknown bytes, rtexit2.o(.ARM.Collect$$rtexit$$00000002))

<P><STRONG><a name="[2cbd730]"></a>__rt_exit_exit</STRONG> (Thumb, 0 bytes, Stack size unknown bytes, rtexit2.o(.ARM.Collect$$rtexit$$00000004))
<BR><BR>[Calls]<UL><LI><a href="#[2cbd0dc]">&gt;&gt;</a>&nbsp;&nbsp;&nbsp;_sys_exit
</UL>

<P><STRONG><a name="[1463a3c]"></a>rt_hw_interrupt_disable</STRONG> (Thumb, 8 bytes, Stack size 0 bytes, context_rvds.o(.text))
<BR><BR>[Called By]<UL><LI><a href="#[145cf5c]">&gt;&gt;</a>&nbsp;&nbsp;&nbsp;rt_sem_take
<LI><a href="#[145cf98]">&gt;&gt;</a>&nbsp;&nbsp;&nbsp;rt_sem_release
<LI><a href="#[1463ba4]">&gt;&gt;</a>&nbsp;&nbsp;&nbsp;main
<LI><a href="#[1466e44]">&gt;&gt;</a>&nbsp;&nbsp;&nbsp;rt_interrupt_leave
<LI><a href="#[1466e80]">&gt;&gt;</a>&nbsp;&nbsp;&nbsp;rt_interrupt_enter
<LI><a href="#[1466ebc]">&gt;&gt;</a>&nbsp;&nbsp;&nbsp;rt_hw_serial_isr
<LI><a href="#[2747ad0]">&gt;&gt;</a>&nbsp;&nbsp;&nbsp;spi_write_op
<LI><a href="#[2886a9c]">&gt;&gt;</a>&nbsp;&nbsp;&nbsp;rt_mp_alloc
<LI><a href="#[288bfec]">&gt;&gt;</a>&nbsp;&nbsp;&nbsp;rt_timer_start
<LI><a href="#[288c064]">&gt;&gt;</a>&nbsp;&nbsp;&nbsp;rt_thread_suspend
<LI><a href="#[288c0a0]">&gt;&gt;</a>&nbsp;&nbsp;&nbsp;rt_thread_resume
<LI><a href="#[288c0dc]">&gt;&gt;</a>&nbsp;&nbsp;&nbsp;rt_thread_control
<LI><a href="#[288c118]">&gt;&gt;</a>&nbsp;&nbsp;&nbsp;rt_schedule
<LI><a href="#[288c208]">&gt;&gt;</a>&nbsp;&nbsp;&nbsp;rt_object_allocate
<LI><a href="#[288c370]">&gt;&gt;</a>&nbsp;&nbsp;&nbsp;rt_mutex_take
<LI><a href="#[288c3ac]">&gt;&gt;</a>&nbsp;&nbsp;&nbsp;rt_mutex_release
<LI><a href="#[288c6f4]">&gt;&gt;</a>&nbsp;&nbsp;&nbsp;rt_mb_send_wait
<LI><a href="#[288c76c]">&gt;&gt;</a>&nbsp;&nbsp;&nbsp;rt_mb_recv
<LI><a href="#[289126c]">&gt;&gt;</a>&nbsp;&nbsp;&nbsp;rt_object_delete
<LI><a href="#[2891500]">&gt;&gt;</a>&nbsp;&nbsp;&nbsp;rt_thread_idle_entry
<LI><a href="#[2891bcc]">&gt;&gt;</a>&nbsp;&nbsp;&nbsp;rt_object_init
<LI><a href="#[2891c08]">&gt;&gt;</a>&nbsp;&nbsp;&nbsp;rt_object_detach
<LI><a href="#[2891c80]">&gt;&gt;</a>&nbsp;&nbsp;&nbsp;rt_exit_critical
<LI><a href="#[2891cbc]">&gt;&gt;</a>&nbsp;&nbsp;&nbsp;rt_enter_critical
<LI><a href="#[2904abc]">&gt;&gt;</a>&nbsp;&nbsp;&nbsp;rt_timer_check
<LI><a href="#[2904af8]">&gt;&gt;</a>&nbsp;&nbsp;&nbsp;rt_thread_yield
<LI><a href="#[295b550]">&gt;&gt;</a>&nbsp;&nbsp;&nbsp;rt_serial_write
<LI><a href="#[295b58c]">&gt;&gt;</a>&nbsp;&nbsp;&nbsp;rt_serial_read
<LI><a href="#[295f240]">&gt;&gt;</a>&nbsp;&nbsp;&nbsp;rt_timer_detach
<LI><a href="#[295f3a8]">&gt;&gt;</a>&nbsp;&nbsp;&nbsp;rt_thread_delete
<LI><a href="#[295f600]">&gt;&gt;</a>&nbsp;&nbsp;&nbsp;rt_thread_exit
<LI><a href="#[29615a4]">&gt;&gt;</a>&nbsp;&nbsp;&nbsp;rt_schedule_remove_thread
<LI><a href="#[29615e0]">&gt;&gt;</a>&nbsp;&nbsp;&nbsp;rt_schedule_insert_thread
<LI><a href="#[29619a0]">&gt;&gt;</a>&nbsp;&nbsp;&nbsp;_rt_scheduler_stack_check
</UL>

<P><STRONG><a name="[274792c]"></a>rt_hw_interrupt_enable</STRONG> (Thumb, 6 bytes, Stack size 0 bytes, context_rvds.o(.text))
<BR><BR>[Called By]<UL><LI><a href="#[145cf5c]">&gt;&gt;</a>&nbsp;&nbsp;&nbsp;rt_sem_take
<LI><a href="#[145cf98]">&gt;&gt;</a>&nbsp;&nbsp;&nbsp;rt_sem_release
<LI><a href="#[1466e44]">&gt;&gt;</a>&nbsp;&nbsp;&nbsp;rt_interrupt_leave
<LI><a href="#[1466e80]">&gt;&gt;</a>&nbsp;&nbsp;&nbsp;rt_interrupt_enter
<LI><a href="#[1466ebc]">&gt;&gt;</a>&nbsp;&nbsp;&nbsp;rt_hw_serial_isr
<LI><a href="#[2747ad0]">&gt;&gt;</a>&nbsp;&nbsp;&nbsp;spi_write_op
<LI><a href="#[2886a9c]">&gt;&gt;</a>&nbsp;&nbsp;&nbsp;rt_mp_alloc
<LI><a href="#[288bfec]">&gt;&gt;</a>&nbsp;&nbsp;&nbsp;rt_timer_start
<LI><a href="#[288c064]">&gt;&gt;</a>&nbsp;&nbsp;&nbsp;rt_thread_suspend
<LI><a href="#[288c0a0]">&gt;&gt;</a>&nbsp;&nbsp;&nbsp;rt_thread_resume
<LI><a href="#[288c0dc]">&gt;&gt;</a>&nbsp;&nbsp;&nbsp;rt_thread_control
<LI><a href="#[288c118]">&gt;&gt;</a>&nbsp;&nbsp;&nbsp;rt_schedule
<LI><a href="#[288c208]">&gt;&gt;</a>&nbsp;&nbsp;&nbsp;rt_object_allocate
<LI><a href="#[288c370]">&gt;&gt;</a>&nbsp;&nbsp;&nbsp;rt_mutex_take
<LI><a href="#[288c3ac]">&gt;&gt;</a>&nbsp;&nbsp;&nbsp;rt_mutex_release
<LI><a href="#[288c6f4]">&gt;&gt;</a>&nbsp;&nbsp;&nbsp;rt_mb_send_wait
<LI><a href="#[288c76c]">&gt;&gt;</a>&nbsp;&nbsp;&nbsp;rt_mb_recv
<LI><a href="#[289126c]">&gt;&gt;</a>&nbsp;&nbsp;&nbsp;rt_object_delete
<LI><a href="#[2891500]">&gt;&gt;</a>&nbsp;&nbsp;&nbsp;rt_thread_idle_entry
<LI><a href="#[2891bcc]">&gt;&gt;</a>&nbsp;&nbsp;&nbsp;rt_object_init
<LI><a href="#[2891c08]">&gt;&gt;</a>&nbsp;&nbsp;&nbsp;rt_object_detach
<LI><a href="#[2891c80]">&gt;&gt;</a>&nbsp;&nbsp;&nbsp;rt_exit_critical
<LI><a href="#[2891cbc]">&gt;&gt;</a>&nbsp;&nbsp;&nbsp;rt_enter_critical
<LI><a href="#[2904abc]">&gt;&gt;</a>&nbsp;&nbsp;&nbsp;rt_timer_check
<LI><a href="#[2904af8]">&gt;&gt;</a>&nbsp;&nbsp;&nbsp;rt_thread_yield
<LI><a href="#[295b550]">&gt;&gt;</a>&nbsp;&nbsp;&nbsp;rt_serial_write
<LI><a href="#[295b58c]">&gt;&gt;</a>&nbsp;&nbsp;&nbsp;rt_serial_read
<LI><a href="#[295f240]">&gt;&gt;</a>&nbsp;&nbsp;&nbsp;rt_timer_detach
<LI><a href="#[295f3a8]">&gt;&gt;</a>&nbsp;&nbsp;&nbsp;rt_thread_delete
<LI><a href="#[295f600]">&gt;&gt;</a>&nbsp;&nbsp;&nbsp;rt_thread_exit
<LI><a href="#[29615a4]">&gt;&gt;</a>&nbsp;&nbsp;&nbsp;rt_schedule_remove_thread
<LI><a href="#[29615e0]">&gt;&gt;</a>&nbsp;&nbsp;&nbsp;rt_schedule_insert_thread
</UL>

<P><STRONG><a name="[296152c]"></a>rt_hw_context_switch</STRONG> (Thumb, 32 bytes, Stack size 0 bytes, context_rvds.o(.text))
<BR><BR>[Called By]<UL><LI><a href="#[288c118]">&gt;&gt;</a>&nbsp;&nbsp;&nbsp;rt_schedule
</UL>

<P><STRONG><a name="[29614f0]"></a>rt_hw_context_switch_interrupt</STRONG> (Thumb, 0 bytes, Stack size 0 bytes, context_rvds.o(.text))
<BR><BR>[Called By]<UL><LI><a href="#[288c118]">&gt;&gt;</a>&nbsp;&nbsp;&nbsp;rt_schedule
</UL>

<P><STRONG><a name="[295b2bc]"></a>rt_hw_pend_sv</STRONG> (Thumb, 60 bytes, Stack size 0 bytes, context_rvds.o(.text))
<BR>[Address Reference Count : 1]<UL><LI> start_rvds.o(RESET)
</UL>
<P><STRONG><a name="[29614b4]"></a>rt_hw_context_switch_to</STRONG> (Thumb, 38 bytes, Stack size 0 bytes, context_rvds.o(.text))
<BR><BR>[Called By]<UL><LI><a href="#[1463898]">&gt;&gt;</a>&nbsp;&nbsp;&nbsp;rt_system_scheduler_start
</UL>

<P><STRONG><a name="[295b280]"></a>rt_hw_interrupt_thread_switch</STRONG> (Thumb, 4 bytes, Stack size 0 bytes, context_rvds.o(.text), UNUSED)

<P><STRONG><a name="[295b118]"></a>rt_hw_hard_fault</STRONG> (Thumb, 20 bytes, Stack size 0 bytes, fault_rvds.o(.text))
<BR><BR>[Stack]<UL><LI>Max Depth = 212<LI>Call Chain = rt_hw_hard_fault &rArr; rt_hw_hard_fault_exception &rArr; list_thread &rArr; rt_kprintf &rArr; vsnprintf &rArr; print_number
</UL>
<BR>[Calls]<UL><LI><a href="#[295ccfc]">&gt;&gt;</a>&nbsp;&nbsp;&nbsp;rt_hw_hard_fault_exception
</UL>
<BR>[Address Reference Count : 1]<UL><LI> start_rvds.o(RESET)
</UL>
<P><STRONG><a name="[295ace0]"></a>Reset_Handler</STRONG> (Thumb, 10 bytes, Stack size 0 bytes, start_rvds.o(.text))
<BR>[Address Reference Count : 1]<UL><LI> start_rvds.o(RESET)
</UL>
<P><STRONG><a name="[295ab00]"></a>ADC1_2_IRQHandler</STRONG> (Thumb, 0 bytes, Stack size 0 bytes, start_rvds.o(.text))
<BR><BR>[Calls]<UL><LI><a href="#[295ab00]">&gt;&gt;</a>&nbsp;&nbsp;&nbsp;ADC1_2_IRQHandler
</UL>
<BR>[Called By]<UL><LI><a href="#[295ab00]">&gt;&gt;</a>&nbsp;&nbsp;&nbsp;ADC1_2_IRQHandler
</UL>
<BR>[Address Reference Count : 1]<UL><LI> start_rvds.o(RESET)
</UL>
<P><STRONG><a name="[295aac4]"></a>ADC3_IRQHandler</STRONG> (Thumb, 0 bytes, Stack size 0 bytes, start_rvds.o(.text))
<BR>[Address Reference Count : 1]<UL><LI> start_rvds.o(RESET)
</UL>
<P><STRONG><a name="[295aa88]"></a>CAN1_RX1_IRQHandler</STRONG> (Thumb, 0 bytes, Stack size 0 bytes, start_rvds.o(.text))
<BR>[Address Reference Count : 1]<UL><LI> start_rvds.o(RESET)
</UL>
<P><STRONG><a name="[295aa4c]"></a>CAN1_SCE_IRQHandler</STRONG> (Thumb, 0 bytes, Stack size 0 bytes, start_rvds.o(.text))
<BR>[Address Reference Count : 1]<UL><LI> start_rvds.o(RESET)
</UL>
<P><STRONG><a name="[295aa10]"></a>CAN2_RX0_IRQHandler</STRONG> (Thumb, 0 bytes, Stack size 0 bytes, start_rvds.o(.text))
<BR>[Address Reference Count : 1]<UL><LI> start_rvds.o(RESET)
</UL>
<P><STRONG><a name="[295a9d4]"></a>CAN2_RX1_IRQHandler</STRONG> (Thumb, 0 bytes, Stack size 0 bytes, start_rvds.o(.text))
<BR>[Address Reference Count : 1]<UL><LI> start_rvds.o(RESET)
</UL>
<P><STRONG><a name="[295a998]"></a>CAN2_SCE_IRQHandler</STRONG> (Thumb, 0 bytes, Stack size 0 bytes, start_rvds.o(.text))
<BR>[Address Reference Count : 1]<UL><LI> start_rvds.o(RESET)
</UL>
<P><STRONG><a name="[295a95c]"></a>CAN2_TX_IRQHandler</STRONG> (Thumb, 0 bytes, Stack size 0 bytes, start_rvds.o(.text))
<BR>[Address Reference Count : 1]<UL><LI> start_rvds.o(RESET)
</UL>
<P><STRONG><a name="[295a920]"></a>DMA1_Channel1_IRQHandler</STRONG> (Thumb, 0 bytes, Stack size 0 bytes, start_rvds.o(.text))
<BR>[Address Reference Count : 1]<UL><LI> start_rvds.o(RESET)
</UL>
<P><STRONG><a name="[295a8a8]"></a>DMA1_Channel3_IRQHandler</STRONG> (Thumb, 0 bytes, Stack size 0 bytes, start_rvds.o(.text))
<BR>[Address Reference Count : 1]<UL><LI> start_rvds.o(RESET)
</UL>
<P><STRONG><a name="[295a86c]"></a>DMA1_Channel4_IRQHandler</STRONG> (Thumb, 0 bytes, Stack size 0 bytes, start_rvds.o(.text))
<BR>[Address Reference Count : 1]<UL><LI> start_rvds.o(RESET)
</UL>
<P><STRONG><a name="[295a830]"></a>DMA1_Channel5_IRQHandler</STRONG> (Thumb, 0 bytes, Stack size 0 bytes, start_rvds.o(.text))
<BR>[Address Reference Count : 1]<UL><LI> start_rvds.o(RESET)
</UL>
<P><STRONG><a name="[295a7f4]"></a>DMA1_Channel6_IRQHandler</STRONG> (Thumb, 0 bytes, Stack size 0 bytes, start_rvds.o(.text))
<BR>[Address Reference Count : 1]<UL><LI> start_rvds.o(RESET)
</UL>
<P><STRONG><a name="[295a7b8]"></a>DMA1_Channel7_IRQHandler</STRONG> (Thumb, 0 bytes, Stack size 0 bytes, start_rvds.o(.text))
<BR>[Address Reference Count : 1]<UL><LI> start_rvds.o(RESET)
</UL>
<P><STRONG><a name="[295a77c]"></a>DMA2_Channel1_IRQHandler</STRONG> (Thumb, 0 bytes, Stack size 0 bytes, start_rvds.o(.text))
<BR>[Address Reference Count : 1]<UL><LI> start_rvds.o(RESET)
</UL>
<P><STRONG><a name="[295a740]"></a>DMA2_Channel2_IRQHandler</STRONG> (Thumb, 0 bytes, Stack size 0 bytes, start_rvds.o(.text))
<BR>[Address Reference Count : 1]<UL><LI> start_rvds.o(RESET)
</UL>
<P><STRONG><a name="[295a704]"></a>DMA2_Channel3_IRQHandler</STRONG> (Thumb, 0 bytes, Stack size 0 bytes, start_rvds.o(.text))
<BR>[Address Reference Count : 1]<UL><LI> start_rvds.o(RESET)
</UL>
<P><STRONG><a name="[295a6c8]"></a>DMA2_Channel4_5_IRQHandler</STRONG> (Thumb, 0 bytes, Stack size 0 bytes, start_rvds.o(.text))
<BR>[Address Reference Count : 1]<UL><LI> start_rvds.o(RESET)
</UL>
<P><STRONG><a name="[295a68c]"></a>DMA2_Channel5_IRQHandler</STRONG> (Thumb, 0 bytes, Stack size 0 bytes, start_rvds.o(.text))
<BR>[Address Reference Count : 1]<UL><LI> start_rvds.o(RESET)
</UL>
<P><STRONG><a name="[295a650]"></a>ETH_IRQHandler</STRONG> (Thumb, 0 bytes, Stack size 0 bytes, start_rvds.o(.text))
<BR>[Address Reference Count : 1]<UL><LI> start_rvds.o(RESET)
</UL>
<P><STRONG><a name="[295a614]"></a>ETH_WKUP_IRQHandler</STRONG> (Thumb, 0 bytes, Stack size 0 bytes, start_rvds.o(.text))
<BR>[Address Reference Count : 1]<UL><LI> start_rvds.o(RESET)
</UL>
<P><STRONG><a name="[295a59c]"></a>EXTI15_10_IRQHandler</STRONG> (Thumb, 0 bytes, Stack size 0 bytes, start_rvds.o(.text))
<BR>[Address Reference Count : 1]<UL><LI> start_rvds.o(RESET)
</UL>
<P><STRONG><a name="[295a560]"></a>EXTI1_IRQHandler</STRONG> (Thumb, 0 bytes, Stack size 0 bytes, start_rvds.o(.text))
<BR>[Address Reference Count : 1]<UL><LI> start_rvds.o(RESET)
</UL>
<P><STRONG><a name="[295a524]"></a>EXTI2_IRQHandler</STRONG> (Thumb, 0 bytes, Stack size 0 bytes, start_rvds.o(.text))
<BR>[Address Reference Count : 1]<UL><LI> start_rvds.o(RESET)
</UL>
<P><STRONG><a name="[295a4e8]"></a>EXTI3_IRQHandler</STRONG> (Thumb, 0 bytes, Stack size 0 bytes, start_rvds.o(.text))
<BR>[Address Reference Count : 1]<UL><LI> start_rvds.o(RESET)
</UL>
<P><STRONG><a name="[295a4ac]"></a>EXTI4_IRQHandler</STRONG> (Thumb, 0 bytes, Stack size 0 bytes, start_rvds.o(.text))
<BR>[Address Reference Count : 1]<UL><LI> start_rvds.o(RESET)
</UL>
<P><STRONG><a name="[295a470]"></a>EXTI9_5_IRQHandler</STRONG> (Thumb, 0 bytes, Stack size 0 bytes, start_rvds.o(.text))
<BR>[Address Reference Count : 1]<UL><LI> start_rvds.o(RESET)
</UL>
<P><STRONG><a name="[295a434]"></a>FLASH_IRQHandler</STRONG> (Thumb, 0 bytes, Stack size 0 bytes, start_rvds.o(.text))
<BR>[Address Reference Count : 1]<UL><LI> start_rvds.o(RESET)
</UL>
<P><STRONG><a name="[295a3f8]"></a>FSMC_IRQHandler</STRONG> (Thumb, 0 bytes, Stack size 0 bytes, start_rvds.o(.text))
<BR>[Address Reference Count : 1]<UL><LI> start_rvds.o(RESET)
</UL>
<P><STRONG><a name="[295a3bc]"></a>I2C1_ER_IRQHandler</STRONG> (Thumb, 0 bytes, Stack size 0 bytes, start_rvds.o(.text))
<BR>[Address Reference Count : 1]<UL><LI> start_rvds.o(RESET)
</UL>
<P><STRONG><a name="[295a380]"></a>I2C1_EV_IRQHandler</STRONG> (Thumb, 0 bytes, Stack size 0 bytes, start_rvds.o(.text))
<BR>[Address Reference Count : 1]<UL><LI> start_rvds.o(RESET)
</UL>
<P><STRONG><a name="[295a344]"></a>I2C2_ER_IRQHandler</STRONG> (Thumb, 0 bytes, Stack size 0 bytes, start_rvds.o(.text))
<BR>[Address Reference Count : 1]<UL><LI> start_rvds.o(RESET)
</UL>
<P><STRONG><a name="[295a308]"></a>I2C2_EV_IRQHandler</STRONG> (Thumb, 0 bytes, Stack size 0 bytes, start_rvds.o(.text))
<BR>[Address Reference Count : 1]<UL><LI> start_rvds.o(RESET)
</UL>
<P><STRONG><a name="[295a2cc]"></a>OTG_FS_IRQHandler</STRONG> (Thumb, 0 bytes, Stack size 0 bytes, start_rvds.o(.text))
<BR>[Address Reference Count : 1]<UL><LI> start_rvds.o(RESET)
</UL>
<P><STRONG><a name="[295a290]"></a>OTG_FS_WKUP_IRQHandler</STRONG> (Thumb, 0 bytes, Stack size 0 bytes, start_rvds.o(.text))
<BR>[Address Reference Count : 1]<UL><LI> start_rvds.o(RESET)
</UL>
<P><STRONG><a name="[295a254]"></a>PVD_IRQHandler</STRONG> (Thumb, 0 bytes, Stack size 0 bytes, start_rvds.o(.text))
<BR>[Address Reference Count : 1]<UL><LI> start_rvds.o(RESET)
</UL>
<P><STRONG><a name="[295a218]"></a>RCC_IRQHandler</STRONG> (Thumb, 0 bytes, Stack size 0 bytes, start_rvds.o(.text))
<BR>[Address Reference Count : 1]<UL><LI> start_rvds.o(RESET)
</UL>
<P><STRONG><a name="[295a1dc]"></a>RTCAlarm_IRQHandler</STRONG> (Thumb, 0 bytes, Stack size 0 bytes, start_rvds.o(.text))
<BR>[Address Reference Count : 1]<UL><LI> start_rvds.o(RESET)
</UL>
<P><STRONG><a name="[295a1a0]"></a>RTC_IRQHandler</STRONG> (Thumb, 0 bytes, Stack size 0 bytes, start_rvds.o(.text))
<BR>[Address Reference Count : 1]<UL><LI> start_rvds.o(RESET)
</UL>
<P><STRONG><a name="[295a128]"></a>SPI1_IRQHandler</STRONG> (Thumb, 0 bytes, Stack size 0 bytes, start_rvds.o(.text))
<BR>[Address Reference Count : 1]<UL><LI> start_rvds.o(RESET)
</UL>
<P><STRONG><a name="[295a0ec]"></a>SPI2_IRQHandler</STRONG> (Thumb, 0 bytes, Stack size 0 bytes, start_rvds.o(.text))
<BR>[Address Reference Count : 1]<UL><LI> start_rvds.o(RESET)
</UL>
<P><STRONG><a name="[295a0b0]"></a>SPI3_IRQHandler</STRONG> (Thumb, 0 bytes, Stack size 0 bytes, start_rvds.o(.text))
<BR>[Address Reference Count : 1]<UL><LI> start_rvds.o(RESET)
</UL>
<P><STRONG><a name="[295a074]"></a>TAMPER_IRQHandler</STRONG> (Thumb, 0 bytes, Stack size 0 bytes, start_rvds.o(.text))
<BR>[Address Reference Count : 1]<UL><LI> start_rvds.o(RESET)
</UL>
<P><STRONG><a name="[295a038]"></a>TIM1_BRK_IRQHandler</STRONG> (Thumb, 0 bytes, Stack size 0 bytes, start_rvds.o(.text))
<BR>[Address Reference Count : 1]<UL><LI> start_rvds.o(RESET)
</UL>
<P><STRONG><a name="[2959ffc]"></a>TIM1_CC_IRQHandler</STRONG> (Thumb, 0 bytes, Stack size 0 bytes, start_rvds.o(.text))
<BR>[Address Reference Count : 1]<UL><LI> start_rvds.o(RESET)
</UL>
<P><STRONG><a name="[2959fc0]"></a>TIM1_TRG_COM_IRQHandler</STRONG> (Thumb, 0 bytes, Stack size 0 bytes, start_rvds.o(.text))
<BR>[Address Reference Count : 1]<UL><LI> start_rvds.o(RESET)
</UL>
<P><STRONG><a name="[2959f84]"></a>TIM1_UP_IRQHandler</STRONG> (Thumb, 0 bytes, Stack size 0 bytes, start_rvds.o(.text))
<BR>[Address Reference Count : 1]<UL><LI> start_rvds.o(RESET)
</UL>
<P><STRONG><a name="[2959f48]"></a>TIM2_IRQHandler</STRONG> (Thumb, 0 bytes, Stack size 0 bytes, start_rvds.o(.text))
<BR>[Address Reference Count : 1]<UL><LI> start_rvds.o(RESET)
</UL>
<P><STRONG><a name="[2959f0c]"></a>TIM3_IRQHandler</STRONG> (Thumb, 0 bytes, Stack size 0 bytes, start_rvds.o(.text))
<BR>[Address Reference Count : 1]<UL><LI> start_rvds.o(RESET)
</UL>
<P><STRONG><a name="[2959ed0]"></a>TIM4_IRQHandler</STRONG> (Thumb, 0 bytes, Stack size 0 bytes, start_rvds.o(.text))
<BR>[Address Reference Count : 1]<UL><LI> start_rvds.o(RESET)
</UL>
<P><STRONG><a name="[2959e94]"></a>TIM5_IRQHandler</STRONG> (Thumb, 0 bytes, Stack size 0 bytes, start_rvds.o(.text))
<BR>[Address Reference Count : 1]<UL><LI> start_rvds.o(RESET)
</UL>
<P><STRONG><a name="[2959e58]"></a>TIM6_IRQHandler</STRONG> (Thumb, 0 bytes, Stack size 0 bytes, start_rvds.o(.text))
<BR>[Address Reference Count : 1]<UL><LI> start_rvds.o(RESET)
</UL>
<P><STRONG><a name="[2959e1c]"></a>TIM7_IRQHandler</STRONG> (Thumb, 0 bytes, Stack size 0 bytes, start_rvds.o(.text))
<BR>[Address Reference Count : 1]<UL><LI> start_rvds.o(RESET)
</UL>
<P><STRONG><a name="[2959de0]"></a>TIM8_BRK_IRQHandler</STRONG> (Thumb, 0 bytes, Stack size 0 bytes, start_rvds.o(.text))
<BR>[Address Reference Count : 1]<UL><LI> start_rvds.o(RESET)
</UL>
<P><STRONG><a name="[2959da4]"></a>TIM8_CC_IRQHandler</STRONG> (Thumb, 0 bytes, Stack size 0 bytes, start_rvds.o(.text))
<BR>[Address Reference Count : 1]<UL><LI> start_rvds.o(RESET)
</UL>
<P><STRONG><a name="[2959d68]"></a>TIM8_TRG_COM_IRQHandler</STRONG> (Thumb, 0 bytes, Stack size 0 bytes, start_rvds.o(.text))
<BR>[Address Reference Count : 1]<UL><LI> start_rvds.o(RESET)
</UL>
<P><STRONG><a name="[2959d2c]"></a>TIM8_UP_IRQHandler</STRONG> (Thumb, 0 bytes, Stack size 0 bytes, start_rvds.o(.text))
<BR>[Address Reference Count : 1]<UL><LI> start_rvds.o(RESET)
</UL>
<P><STRONG><a name="[2959cf0]"></a>UART4_IRQHandler</STRONG> (Thumb, 0 bytes, Stack size 0 bytes, start_rvds.o(.text))
<BR>[Address Reference Count : 1]<UL><LI> start_rvds.o(RESET)
</UL>
<P><STRONG><a name="[2959cb4]"></a>UART5_IRQHandler</STRONG> (Thumb, 0 bytes, Stack size 0 bytes, start_rvds.o(.text))
<BR>[Address Reference Count : 1]<UL><LI> start_rvds.o(RESET)
</UL>
<P><STRONG><a name="[2959bc4]"></a>USB_HP_CAN1_TX_IRQHandler</STRONG> (Thumb, 0 bytes, Stack size 0 bytes, start_rvds.o(.text))
<BR>[Address Reference Count : 1]<UL><LI> start_rvds.o(RESET)
</UL>
<P><STRONG><a name="[2959b88]"></a>USB_LP_CAN1_RX0_IRQHandler</STRONG> (Thumb, 0 bytes, Stack size 0 bytes, start_rvds.o(.text))
<BR>[Address Reference Count : 1]<UL><LI> start_rvds.o(RESET)
</UL>
<P><STRONG><a name="[2959b4c]"></a>WWDG_IRQHandler</STRONG> (Thumb, 0 bytes, Stack size 0 bytes, start_rvds.o(.text))
<BR>[Address Reference Count : 1]<UL><LI> start_rvds.o(RESET)
</UL>
<P><STRONG><a name="[295ae0c]"></a>__user_initial_stackheap</STRONG> (Thumb, 0 bytes, Stack size unknown bytes, start_rvds.o(.text))
<BR><BR>[Called By]<UL><LI><a href="#[2cc0b74]">&gt;&gt;</a>&nbsp;&nbsp;&nbsp;__user_setup_stackheap
</UL>

<P><STRONG><a name="[2b99ae8]"></a>__rt_ctype_table</STRONG> (Thumb, 16 bytes, Stack size 8 bytes, rt_ctype_table.o(.text))
<BR><BR>[Stack]<UL><LI>Max Depth = 8<LI>Call Chain = __rt_ctype_table
</UL>
<BR>[Calls]<UL><LI><a href="#[2b98198]">&gt;&gt;</a>&nbsp;&nbsp;&nbsp;__rt_locale
</UL>
<BR>[Called By]<UL><LI><a href="#[29a9c88]">&gt;&gt;</a>&nbsp;&nbsp;&nbsp;token_proc_number
<LI><a href="#[2cc3784]">&gt;&gt;</a>&nbsp;&nbsp;&nbsp;strtol
</UL>

<P><STRONG><a name="[2b99980]"></a>atoi</STRONG> (Thumb, 26 bytes, Stack size 16 bytes, atoi.o(.text))
<BR><BR>[Stack]<UL><LI>Max Depth = 88<LI>Call Chain = atoi &rArr; strtol &rArr; _strtoul
</UL>
<BR>[Calls]<UL><LI><a href="#[2cc3784]">&gt;&gt;</a>&nbsp;&nbsp;&nbsp;strtol
<LI><a href="#[2cc38ec]">&gt;&gt;</a>&nbsp;&nbsp;&nbsp;__aeabi_errno_addr
</UL>
<BR>[Called By]<UL><LI><a href="#[29a9d00]">&gt;&gt;</a>&nbsp;&nbsp;&nbsp;token_proc_char
</UL>

<P><STRONG><a name="[2b99818]"></a>strcat</STRONG> (Thumb, 24 bytes, Stack size 0 bytes, strcat.o(.text))
<BR><BR>[Called By]<UL><LI><a href="#[29a4954]">&gt;&gt;</a>&nbsp;&nbsp;&nbsp;dfile_raw_open
<LI><a href="#[29a5674]">&gt;&gt;</a>&nbsp;&nbsp;&nbsp;build_fullpath
<LI><a href="#[2a0b420]">&gt;&gt;</a>&nbsp;&nbsp;&nbsp;dfile_raw_unlink
<LI><a href="#[2a0b45c]">&gt;&gt;</a>&nbsp;&nbsp;&nbsp;dfile_raw_stat
</UL>

<P><STRONG><a name="[2b99728]"></a>strncat</STRONG> (Thumb, 36 bytes, Stack size 8 bytes, strncat.o(.text))
<BR><BR>[Stack]<UL><LI>Max Depth = 8<LI>Call Chain = strncat
</UL>
<BR>[Called By]<UL><LI><a href="#[29a5674]">&gt;&gt;</a>&nbsp;&nbsp;&nbsp;build_fullpath
</UL>

<P><STRONG><a name="[2b99548]"></a>strncmp</STRONG> (Thumb, 140 bytes, Stack size 16 bytes, strncmp.o(.text))
<BR><BR>[Stack]<UL><LI>Max Depth = 16<LI>Call Chain = strncmp
</UL>
<BR>[Called By]<UL><LI><a href="#[29ab128]">&gt;&gt;</a>&nbsp;&nbsp;&nbsp;finsh_var_insert
<LI><a href="#[29b243c]">&gt;&gt;</a>&nbsp;&nbsp;&nbsp;finsh_var_lookup
<LI><a href="#[29b2478]">&gt;&gt;</a>&nbsp;&nbsp;&nbsp;finsh_sysvar_lookup
<LI><a href="#[29b24b4]">&gt;&gt;</a>&nbsp;&nbsp;&nbsp;finsh_syscall_lookup
</UL>

<P><STRONG><a name="[2b99458]"></a>strlen</STRONG> (Thumb, 62 bytes, Stack size 8 bytes, strlen.o(.text))
<BR><BR>[Stack]<UL><LI>Max Depth = 8<LI>Call Chain = strlen
</UL>
<BR>[Called By]<UL><LI><a href="#[14643d8]">&gt;&gt;</a>&nbsp;&nbsp;&nbsp;dfs_mount
<LI><a href="#[2956f78]">&gt;&gt;</a>&nbsp;&nbsp;&nbsp;list_prefix
<LI><a href="#[29a4954]">&gt;&gt;</a>&nbsp;&nbsp;&nbsp;dfile_raw_open
<LI><a href="#[29a4a44]">&gt;&gt;</a>&nbsp;&nbsp;&nbsp;dfs_filesystem_lookup
<LI><a href="#[29a5674]">&gt;&gt;</a>&nbsp;&nbsp;&nbsp;build_fullpath
<LI><a href="#[29a6394]">&gt;&gt;</a>&nbsp;&nbsp;&nbsp;finsh_thread_entry
<LI><a href="#[29a64fc]">&gt;&gt;</a>&nbsp;&nbsp;&nbsp;finsh_handle_history
<LI><a href="#[29a9c88]">&gt;&gt;</a>&nbsp;&nbsp;&nbsp;token_proc_number
<LI><a href="#[29a9d78]">&gt;&gt;</a>&nbsp;&nbsp;&nbsp;token_next_char
<LI><a href="#[29b2478]">&gt;&gt;</a>&nbsp;&nbsp;&nbsp;finsh_sysvar_lookup
<LI><a href="#[29b24b4]">&gt;&gt;</a>&nbsp;&nbsp;&nbsp;finsh_syscall_lookup
<LI><a href="#[29b24f0]">&gt;&gt;</a>&nbsp;&nbsp;&nbsp;finsh_node_new_string
<LI><a href="#[2a092d8]">&gt;&gt;</a>&nbsp;&nbsp;&nbsp;ls
<LI><a href="#[2a0b420]">&gt;&gt;</a>&nbsp;&nbsp;&nbsp;dfile_raw_unlink
<LI><a href="#[2a0b45c]">&gt;&gt;</a>&nbsp;&nbsp;&nbsp;dfile_raw_stat
</UL>

<P><STRONG><a name="[2b99368]"></a>__aeabi_memcpy</STRONG> (Thumb, 0 bytes, Stack size 0 bytes, rt_memcpy_v6.o(.text))
<BR><BR>[Called By]<UL><LI><a href="#[29a64c0]">&gt;&gt;</a>&nbsp;&nbsp;&nbsp;finsh_push_history
<LI><a href="#[29a64fc]">&gt;&gt;</a>&nbsp;&nbsp;&nbsp;finsh_handle_history
<LI><a href="#[2a00188]">&gt;&gt;</a>&nbsp;&nbsp;&nbsp;pbuf_copy_partial
<LI><a href="#[2a00368]">&gt;&gt;</a>&nbsp;&nbsp;&nbsp;dns_setserver
<LI><a href="#[2a003e0]">&gt;&gt;</a>&nbsp;&nbsp;&nbsp;dns_getserver
<LI><a href="#[2a00aac]">&gt;&gt;</a>&nbsp;&nbsp;&nbsp;dns_send
<LI><a href="#[2a00ae8]">&gt;&gt;</a>&nbsp;&nbsp;&nbsp;dns_recv
<LI><a href="#[2ac531c]">&gt;&gt;</a>&nbsp;&nbsp;&nbsp;tcp_enqueue
<LI><a href="#[2acd788]">&gt;&gt;</a>&nbsp;&nbsp;&nbsp;pbuf_copy
<LI><a href="#[2b55968]">&gt;&gt;</a>&nbsp;&nbsp;&nbsp;icmp_send_response
<LI><a href="#[2b563b8]">&gt;&gt;</a>&nbsp;&nbsp;&nbsp;ip_reass
<LI><a href="#[2b563f4]">&gt;&gt;</a>&nbsp;&nbsp;&nbsp;ip_frag
<LI><a href="#[2b567b4]">&gt;&gt;</a>&nbsp;&nbsp;&nbsp;ip_reass_free_complete_datagram
<LI><a href="#[2b567f0]">&gt;&gt;</a>&nbsp;&nbsp;&nbsp;ip_reass_enqueue_new_datagram
<LI><a href="#[2b9ce00]">&gt;&gt;</a>&nbsp;&nbsp;&nbsp;etharp_raw
<LI><a href="#[2b9e390]">&gt;&gt;</a>&nbsp;&nbsp;&nbsp;etharp_arp_input
</UL>

<P><STRONG><a name="[2b9932c]"></a>__rt_memcpy</STRONG> (Thumb, 140 bytes, Stack size 0 bytes, rt_memcpy_v6.o(.text), UNUSED)
<BR><BR>[Calls]<UL><LI><a href="#[2b9905c]">&gt;&gt;</a>&nbsp;&nbsp;&nbsp;__aeabi_memcpy4
</UL>

<P><STRONG><a name="[2b992f0]"></a>_memcpy_lastbytes</STRONG> (Thumb, 0 bytes, Stack size unknown bytes, rt_memcpy_v6.o(.text), UNUSED)

<P><STRONG><a name="[2b99200]"></a>__aeabi_memclr</STRONG> (Thumb, 0 bytes, Stack size 0 bytes, rt_memclr.o(.text))
<BR><BR>[Called By]<UL><LI><a href="#[29545c0]">&gt;&gt;</a>&nbsp;&nbsp;&nbsp;finsh_heap_init
<LI><a href="#[2955fc4]">&gt;&gt;</a>&nbsp;&nbsp;&nbsp;finsh_compiler_run
<LI><a href="#[29a64c0]">&gt;&gt;</a>&nbsp;&nbsp;&nbsp;finsh_push_history
<LI><a href="#[2a00aac]">&gt;&gt;</a>&nbsp;&nbsp;&nbsp;dns_send
<LI><a href="#[2b98d14]">&gt;&gt;</a>&nbsp;&nbsp;&nbsp;strncpy
</UL>

<P><STRONG><a name="[2b991c4]"></a>__rt_memclr</STRONG> (Thumb, 68 bytes, Stack size 0 bytes, rt_memclr.o(.text), UNUSED)
<BR><BR>[Calls]<UL><LI><a href="#[2b98e04]">&gt;&gt;</a>&nbsp;&nbsp;&nbsp;_memset_w
</UL>

<P><STRONG><a name="[2b99188]"></a>_memset</STRONG> (Thumb, 0 bytes, Stack size unknown bytes, rt_memclr.o(.text), UNUSED)

<P><STRONG><a name="[2b9905c]"></a>__aeabi_memcpy4</STRONG> (Thumb, 0 bytes, Stack size 8 bytes, rt_memcpy_w.o(.text))
<BR><BR>[Stack]<UL><LI>Max Depth = 8<LI>Call Chain = __aeabi_memcpy4
</UL>
<BR>[Called By]<UL><LI><a href="#[29570e0]">&gt;&gt;</a>&nbsp;&nbsp;&nbsp;list_device
<LI><a href="#[2ac54c0]">&gt;&gt;</a>&nbsp;&nbsp;&nbsp;tcp_seg_copy
<LI><a href="#[2b9932c]">&gt;&gt;</a>&nbsp;&nbsp;&nbsp;__rt_memcpy
</UL>

<P><STRONG><a name="[2b99020]"></a>__aeabi_memcpy8</STRONG> (Thumb, 0 bytes, Stack size 8 bytes, rt_memcpy_w.o(.text), UNUSED)

<P><STRONG><a name="[2b98fe4]"></a>__rt_memcpy_w</STRONG> (Thumb, 100 bytes, Stack size 8 bytes, rt_memcpy_w.o(.text), UNUSED)

<P><STRONG><a name="[2b98fa8]"></a>_memcpy_lastbytes_aligned</STRONG> (Thumb, 0 bytes, Stack size unknown bytes, rt_memcpy_w.o(.text), UNUSED)

<P><STRONG><a name="[2b98eb8]"></a>__aeabi_memclr4</STRONG> (Thumb, 0 bytes, Stack size 4 bytes, rt_memclr_w.o(.text))
<BR><BR>[Stack]<UL><LI>Max Depth = 4<LI>Call Chain = __aeabi_memclr4
</UL>
<BR>[Called By]<UL><LI><a href="#[1463a78]">&gt;&gt;</a>&nbsp;&nbsp;&nbsp;finsh_system_init
<LI><a href="#[2953a44]">&gt;&gt;</a>&nbsp;&nbsp;&nbsp;finsh_var_init
<LI><a href="#[2953a80]">&gt;&gt;</a>&nbsp;&nbsp;&nbsp;finsh_parser_init
<LI><a href="#[2953abc]">&gt;&gt;</a>&nbsp;&nbsp;&nbsp;finsh_node_init
<LI><a href="#[2954638]">&gt;&gt;</a>&nbsp;&nbsp;&nbsp;finsh_heap_allocate
<LI><a href="#[29a6394]">&gt;&gt;</a>&nbsp;&nbsp;&nbsp;finsh_thread_entry
<LI><a href="#[29ab1a0]">&gt;&gt;</a>&nbsp;&nbsp;&nbsp;finsh_token_init
<LI><a href="#[2a00020]">&gt;&gt;</a>&nbsp;&nbsp;&nbsp;udp_new
<LI><a href="#[2ac58f8]">&gt;&gt;</a>&nbsp;&nbsp;&nbsp;tcp_alloc
<LI><a href="#[2b567f0]">&gt;&gt;</a>&nbsp;&nbsp;&nbsp;ip_reass_enqueue_new_datagram
<LI><a href="#[2cc316c]">&gt;&gt;</a>&nbsp;&nbsp;&nbsp;_localtime_r
</UL>

<P><STRONG><a name="[2b98e7c]"></a>__aeabi_memclr8</STRONG> (Thumb, 0 bytes, Stack size 4 bytes, rt_memclr_w.o(.text), UNUSED)

<P><STRONG><a name="[2b98e40]"></a>__rt_memclr_w</STRONG> (Thumb, 78 bytes, Stack size 4 bytes, rt_memclr_w.o(.text), UNUSED)

<P><STRONG><a name="[2b98e04]"></a>_memset_w</STRONG> (Thumb, 0 bytes, Stack size unknown bytes, rt_memclr_w.o(.text), UNUSED)
<BR><BR>[Called By]<UL><LI><a href="#[2b991c4]">&gt;&gt;</a>&nbsp;&nbsp;&nbsp;__rt_memclr
</UL>

<P><STRONG><a name="[2b98d14]"></a>strncpy</STRONG> (Thumb, 86 bytes, Stack size 8 bytes, strncpy.o(.text))
<BR><BR>[Stack]<UL><LI>Max Depth = 8<LI>Call Chain = strncpy
</UL>
<BR>[Calls]<UL><LI><a href="#[2b99200]">&gt;&gt;</a>&nbsp;&nbsp;&nbsp;__aeabi_memclr
</UL>
<BR>[Called By]<UL><LI><a href="#[14643d8]">&gt;&gt;</a>&nbsp;&nbsp;&nbsp;dfs_mount
<LI><a href="#[29a5674]">&gt;&gt;</a>&nbsp;&nbsp;&nbsp;build_fullpath
<LI><a href="#[29ab128]">&gt;&gt;</a>&nbsp;&nbsp;&nbsp;finsh_var_insert
<LI><a href="#[29ab614]">&gt;&gt;</a>&nbsp;&nbsp;&nbsp;proc_identifier
<LI><a href="#[29b24f0]">&gt;&gt;</a>&nbsp;&nbsp;&nbsp;finsh_node_new_string
</UL>

<P><STRONG><a name="[2b98c24]"></a>ctime</STRONG> (Thumb, 14 bytes, Stack size 8 bytes, ctime.o(.text))
<BR><BR>[Stack]<UL><LI>Max Depth = 200 + Unknown Stack Size
<LI>Call Chain = ctime &rArr; asctime &rArr; _asctime_r &rArr; __2sprintf &rArr; _printf_char_common &rArr; __printf
</UL>
<BR>[Calls]<UL><LI><a href="#[2b98a80]">&gt;&gt;</a>&nbsp;&nbsp;&nbsp;localtime
<LI><a href="#[2cc334c]">&gt;&gt;</a>&nbsp;&nbsp;&nbsp;asctime
</UL>
<BR>[Called By]<UL><LI><a href="#[2744038]">&gt;&gt;</a>&nbsp;&nbsp;&nbsp;list_date
</UL>

<P><STRONG><a name="[2b98a80]"></a>localtime</STRONG> (Thumb, 6 bytes, Stack size 0 bytes, localtime.o(.text))
<BR><BR>[Stack]<UL><LI>Max Depth = 20<LI>Call Chain = localtime &rArr; _localtime_r &rArr; __aeabi_memclr4
</UL>
<BR>[Calls]<UL><LI><a href="#[2cc316c]">&gt;&gt;</a>&nbsp;&nbsp;&nbsp;_localtime_r
</UL>
<BR>[Called By]<UL><LI><a href="#[2743fc0]">&gt;&gt;</a>&nbsp;&nbsp;&nbsp;set_time
<LI><a href="#[2743ffc]">&gt;&gt;</a>&nbsp;&nbsp;&nbsp;set_date
<LI><a href="#[2b98c24]">&gt;&gt;</a>&nbsp;&nbsp;&nbsp;ctime
</UL>

<P><STRONG><a name="[2b98918]"></a>mktime</STRONG> (Thumb, 352 bytes, Stack size 40 bytes, mktime.o(.text))
<BR><BR>[Stack]<UL><LI>Max Depth = 52<LI>Call Chain = mktime &rArr; _tm_carry
</UL>
<BR>[Calls]<UL><LI><a href="#[2b98954]">&gt;&gt;</a>&nbsp;&nbsp;&nbsp;_tm_carry
</UL>
<BR>[Called By]<UL><LI><a href="#[2743fc0]">&gt;&gt;</a>&nbsp;&nbsp;&nbsp;set_time
<LI><a href="#[2743ffc]">&gt;&gt;</a>&nbsp;&nbsp;&nbsp;set_date
</UL>

<P><STRONG><a name="[2b987ec]"></a>__use_two_region_memory</STRONG> (Thumb, 2 bytes, Stack size 0 bytes, heapauxi.o(.text), UNUSED)

<P><STRONG><a name="[2b987b0]"></a>__rt_heap_escrow$2region</STRONG> (Thumb, 2 bytes, Stack size 0 bytes, heapauxi.o(.text), UNUSED)

<P><STRONG><a name="[2b98774]"></a>__rt_heap_expand$2region</STRONG> (Thumb, 2 bytes, Stack size 0 bytes, heapauxi.o(.text), UNUSED)

<P><STRONG><a name="[2b98198]"></a>__rt_locale</STRONG> (Thumb, 12 bytes, Stack size 0 bytes, rt_locale_intlibspace.o(.text))
<BR><BR>[Called By]<UL><LI><a href="#[2b99ae8]">&gt;&gt;</a>&nbsp;&nbsp;&nbsp;__rt_ctype_table
<LI><a href="#[2cc1858]">&gt;&gt;</a>&nbsp;&nbsp;&nbsp;__rt_lib_init_lc_common
<LI><a href="#[2cc26a4]">&gt;&gt;</a>&nbsp;&nbsp;&nbsp;_asctime_r
</UL>

<P><STRONG><a name="[2cc38ec]"></a>__aeabi_errno_addr</STRONG> (Thumb, 12 bytes, Stack size 0 bytes, rt_errno_addr_intlibspace.o(.text))
<BR><BR>[Called By]<UL><LI><a href="#[2b99980]">&gt;&gt;</a>&nbsp;&nbsp;&nbsp;atoi
<LI><a href="#[2cc27d0]">&gt;&gt;</a>&nbsp;&nbsp;&nbsp;_strtoul
<LI><a href="#[2cc3784]">&gt;&gt;</a>&nbsp;&nbsp;&nbsp;strtol
</UL>

<P><STRONG><a name="[2cc38b0]"></a>__errno$intlibspace</STRONG> (Thumb, 0 bytes, Stack size 0 bytes, rt_errno_addr_intlibspace.o(.text), UNUSED)

<P><STRONG><a name="[2cc3874]"></a>__rt_errno_addr$intlibspace</STRONG> (Thumb, 0 bytes, Stack size 0 bytes, rt_errno_addr_intlibspace.o(.text), UNUSED)

<P><STRONG><a name="[2cc3784]"></a>strtol</STRONG> (Thumb, 112 bytes, Stack size 32 bytes, strtol.o(.text))
<BR><BR>[Stack]<UL><LI>Max Depth = 72<LI>Call Chain = strtol &rArr; _strtoul
</UL>
<BR>[Calls]<UL><LI><a href="#[2b99ae8]">&gt;&gt;</a>&nbsp;&nbsp;&nbsp;__rt_ctype_table
<LI><a href="#[2cc27d0]">&gt;&gt;</a>&nbsp;&nbsp;&nbsp;_strtoul
<LI><a href="#[2cc38ec]">&gt;&gt;</a>&nbsp;&nbsp;&nbsp;__aeabi_errno_addr
</UL>
<BR>[Called By]<UL><LI><a href="#[2b99980]">&gt;&gt;</a>&nbsp;&nbsp;&nbsp;atoi
</UL>

<P><STRONG><a name="[2cc334c]"></a>asctime</STRONG> (Thumb, 6 bytes, Stack size 0 bytes, asctime.o(.text))
<BR><BR>[Stack]<UL><LI>Max Depth = 192 + Unknown Stack Size
<LI>Call Chain = asctime &rArr; _asctime_r &rArr; __2sprintf &rArr; _printf_char_common &rArr; __printf
</UL>
<BR>[Calls]<UL><LI><a href="#[2cc26a4]">&gt;&gt;</a>&nbsp;&nbsp;&nbsp;_asctime_r
</UL>
<BR>[Called By]<UL><LI><a href="#[2b98c24]">&gt;&gt;</a>&nbsp;&nbsp;&nbsp;ctime
</UL>

<P><STRONG><a name="[2cc316c]"></a>_localtime_r</STRONG> (Thumb, 158 bytes, Stack size 16 bytes, localtime_internal.o(.text))
<BR><BR>[Stack]<UL><LI>Max Depth = 20<LI>Call Chain = _localtime_r &rArr; __aeabi_memclr4
</UL>
<BR>[Calls]<UL><LI><a href="#[2b98eb8]">&gt;&gt;</a>&nbsp;&nbsp;&nbsp;__aeabi_memclr4
</UL>
<BR>[Called By]<UL><LI><a href="#[2b98a80]">&gt;&gt;</a>&nbsp;&nbsp;&nbsp;localtime
</UL>

<P><STRONG><a name="[2cc3130]"></a>_n$localtime_r</STRONG> (Thumb, 0 bytes, Stack size 16 bytes, localtime_internal.o(.text), UNUSED)

<P><STRONG><a name="[2cc2f8c]"></a>__user_libspace</STRONG> (Thumb, 8 bytes, Stack size 0 bytes, libspace.o(.text), UNUSED)

<P><STRONG><a name="[2cc2f50]"></a>__user_perproc_libspace</STRONG> (Thumb, 0 bytes, Stack size 0 bytes, libspace.o(.text))
<BR><BR>[Called By]<UL><LI><a href="#[2cc0b74]">&gt;&gt;</a>&nbsp;&nbsp;&nbsp;__user_setup_stackheap
</UL>

<P><STRONG><a name="[2cc2f14]"></a>__user_perthread_libspace</STRONG> (Thumb, 0 bytes, Stack size 0 bytes, libspace.o(.text), UNUSED)

<P><STRONG><a name="[2cc27d0]"></a>_strtoul</STRONG> (Thumb, 152 bytes, Stack size 40 bytes, _strtoul.o(.text))
<BR><BR>[Stack]<UL><LI>Max Depth = 40<LI>Call Chain = _strtoul
</UL>
<BR>[Calls]<UL><LI><a href="#[2cbf74c]">&gt;&gt;</a>&nbsp;&nbsp;&nbsp;_chval
<LI><a href="#[2cc38ec]">&gt;&gt;</a>&nbsp;&nbsp;&nbsp;__aeabi_errno_addr
</UL>
<BR>[Called By]<UL><LI><a href="#[2cc3784]">&gt;&gt;</a>&nbsp;&nbsp;&nbsp;strtol
</UL>

<P><STRONG><a name="[2cc26a4]"></a>_asctime_r</STRONG> (Thumb, 80 bytes, Stack size 48 bytes, asctime_internal.o(.text))
<BR><BR>[Stack]<UL><LI>Max Depth = 192 + Unknown Stack Size
<LI>Call Chain = _asctime_r &rArr; __2sprintf &rArr; _printf_char_common &rArr; __printf
</UL>
<BR>[Calls]<UL><LI><a href="#[2b98198]">&gt;&gt;</a>&nbsp;&nbsp;&nbsp;__rt_locale
<LI><a href="#[2cc08a4]">&gt;&gt;</a>&nbsp;&nbsp;&nbsp;__2sprintf
</UL>
<BR>[Called By]<UL><LI><a href="#[2cc334c]">&gt;&gt;</a>&nbsp;&nbsp;&nbsp;asctime
</UL>

<P><STRONG><a name="[2cc2668]"></a>_n$asctime_r</STRONG> (Thumb, 0 bytes, Stack size 48 bytes, asctime_internal.o(.text), UNUSED)

<P><STRONG><a name="[2cc0b74]"></a>__user_setup_stackheap</STRONG> (Thumb, 74 bytes, Stack size 8 bytes, sys_stackheap_outer.o(.text))
<BR><BR>[Stack]<UL><LI>Max Depth = 8 + Unknown Stack Size
<LI>Call Chain = __user_setup_stackheap
</UL>
<BR>[Calls]<UL><LI><a href="#[295ae0c]">&gt;&gt;</a>&nbsp;&nbsp;&nbsp;__user_initial_stackheap
<LI><a href="#[2cc2f50]">&gt;&gt;</a>&nbsp;&nbsp;&nbsp;__user_perproc_libspace
</UL>
<BR>[Called By]<UL><LI><a href="#[2cc28fc]">&gt;&gt;</a>&nbsp;&nbsp;&nbsp;__rt_entry_sh
</UL>

<P><STRONG><a name="[2cc08a4]"></a>__2sprintf</STRONG> (Thumb, 34 bytes, Stack size 32 bytes, noretval__2sprintf.o(.text))
<BR><BR>[Stack]<UL><LI>Max Depth = 144 + Unknown Stack Size
<LI>Call Chain = __2sprintf &rArr; _printf_char_common &rArr; __printf
</UL>
<BR>[Calls]<UL><LI><a href="#[2cbe1f8]">&gt;&gt;</a>&nbsp;&nbsp;&nbsp;_sputc
<LI><a href="#[2cbe324]">&gt;&gt;</a>&nbsp;&nbsp;&nbsp;_printf_char_common
</UL>
<BR>[Called By]<UL><LI><a href="#[2cc26a4]">&gt;&gt;</a>&nbsp;&nbsp;&nbsp;_asctime_r
</UL>

<P><STRONG><a name="[2cc06c4]"></a>_printf_pre_padding</STRONG> (Thumb, 42 bytes, Stack size 16 bytes, _printf_pad.o(.text))
<BR><BR>[Stack]<UL><LI>Max Depth = 16<LI>Call Chain = _printf_pre_padding
</UL>
<BR>[Called By]<UL><LI><a href="#[2cbe450]">&gt;&gt;</a>&nbsp;&nbsp;&nbsp;_printf_int_common
<LI><a href="#[2cc0598]">&gt;&gt;</a>&nbsp;&nbsp;&nbsp;_printf_str
</UL>

<P><STRONG><a name="[2cc0688]"></a>_printf_post_padding</STRONG> (Thumb, 34 bytes, Stack size 16 bytes, _printf_pad.o(.text))
<BR><BR>[Stack]<UL><LI>Max Depth = 16<LI>Call Chain = _printf_post_padding
</UL>
<BR>[Called By]<UL><LI><a href="#[2cbe450]">&gt;&gt;</a>&nbsp;&nbsp;&nbsp;_printf_int_common
<LI><a href="#[2cc0598]">&gt;&gt;</a>&nbsp;&nbsp;&nbsp;_printf_str
</UL>

<P><STRONG><a name="[2cc0598]"></a>_printf_str</STRONG> (Thumb, 82 bytes, Stack size 16 bytes, _printf_str.o(.text))
<BR><BR>[Stack]<UL><LI>Max Depth = 32<LI>Call Chain = _printf_str &rArr; _printf_post_padding
</UL>
<BR>[Calls]<UL><LI><a href="#[2cc0688]">&gt;&gt;</a>&nbsp;&nbsp;&nbsp;_printf_post_padding
<LI><a href="#[2cc06c4]">&gt;&gt;</a>&nbsp;&nbsp;&nbsp;_printf_pre_padding
</UL>
<BR>[Called By]<UL><LI><a href="#[2cbe108]">&gt;&gt;</a>&nbsp;&nbsp;&nbsp;_printf_cs_common
</UL>

<P><STRONG><a name="[2cc0430]"></a>_printf_int_dec</STRONG> (Thumb, 96 bytes, Stack size 24 bytes, _printf_dec.o(.text))
<BR><BR>[Stack]<UL><LI>Max Depth = 72<LI>Call Chain = _printf_int_dec &rArr; _printf_int_common &rArr; _printf_post_padding
</UL>
<BR>[Calls]<UL><LI><a href="#[2cbdeb0]">&gt;&gt;</a>&nbsp;&nbsp;&nbsp;__rt_udiv10
<LI><a href="#[2cbe450]">&gt;&gt;</a>&nbsp;&nbsp;&nbsp;_printf_int_common
</UL>
<BR>[Called By]<UL><LI><a href="#[2cbf92c]">&gt;&gt;</a>&nbsp;&nbsp;&nbsp;_printf_d
</UL>

<P><STRONG><a name="[2cbfe90]"></a>__printf</STRONG> (Thumb, 288 bytes, Stack size 40 bytes, __printf_wp.o(.text))
<BR><BR>[Stack]<UL><LI>Max Depth = 40 + Unknown Stack Size
<LI>Call Chain = __printf
</UL>
<BR>[Calls]<UL><LI><a href="#[2cbf878]">&gt;&gt;</a>&nbsp;&nbsp;&nbsp;_printf_percent
</UL>
<BR>[Called By]<UL><LI><a href="#[2cbe324]">&gt;&gt;</a>&nbsp;&nbsp;&nbsp;_printf_char_common
</UL>

<P><STRONG><a name="[2cbf74c]"></a>_chval</STRONG> (Thumb, 32 bytes, Stack size 0 bytes, _chval.o(.text))
<BR><BR>[Called By]<UL><LI><a href="#[2cc27d0]">&gt;&gt;</a>&nbsp;&nbsp;&nbsp;_strtoul
</UL>

<P><STRONG><a name="[2cbf1e8]"></a>exit</STRONG> (Thumb, 12 bytes, Stack size 0 bytes, exit.o(.text))
<BR><BR>[Calls]<UL><LI><a href="#[2cbe5f4]">&gt;&gt;</a>&nbsp;&nbsp;&nbsp;__rt_exit
</UL>
<BR>[Called By]<UL><LI><a href="#[2cc2b18]">&gt;&gt;</a>&nbsp;&nbsp;&nbsp;__rt_entry_main
</UL>

<P><STRONG><a name="[2cbe450]"></a>_printf_int_common</STRONG> (Thumb, 174 bytes, Stack size 32 bytes, _printf_intcommon.o(.text))
<BR><BR>[Stack]<UL><LI>Max Depth = 48<LI>Call Chain = _printf_int_common &rArr; _printf_post_padding
</UL>
<BR>[Calls]<UL><LI><a href="#[2cc0688]">&gt;&gt;</a>&nbsp;&nbsp;&nbsp;_printf_post_padding
<LI><a href="#[2cc06c4]">&gt;&gt;</a>&nbsp;&nbsp;&nbsp;_printf_pre_padding
</UL>
<BR>[Called By]<UL><LI><a href="#[2cc0430]">&gt;&gt;</a>&nbsp;&nbsp;&nbsp;_printf_int_dec
</UL>

<P><STRONG><a name="[2cbe324]"></a>_printf_char_common</STRONG> (Thumb, 34 bytes, Stack size 72 bytes, _printf_char_common.o(.text))
<BR><BR>[Stack]<UL><LI>Max Depth = 112 + Unknown Stack Size
<LI>Call Chain = _printf_char_common &rArr; __printf
</UL>
<BR>[Calls]<UL><LI><a href="#[2cbfe90]">&gt;&gt;</a>&nbsp;&nbsp;&nbsp;__printf
</UL>
<BR>[Called By]<UL><LI><a href="#[2cc08a4]">&gt;&gt;</a>&nbsp;&nbsp;&nbsp;__2sprintf
</UL>

<P><STRONG><a name="[2cbe1f8]"></a>_sputc</STRONG> (Thumb, 10 bytes, Stack size 0 bytes, _sputc.o(.text))
<BR><BR>[Called By]<UL><LI><a href="#[2cc08a4]">&gt;&gt;</a>&nbsp;&nbsp;&nbsp;__2sprintf
</UL>
<BR>[Address Reference Count : 1]<UL><LI> noretval__2sprintf.o(.text)
</UL>
<P><STRONG><a name="[2cbe108]"></a>_printf_cs_common</STRONG> (Thumb, 20 bytes, Stack size 8 bytes, _printf_char.o(.text))
<BR><BR>[Stack]<UL><LI>Max Depth = 40<LI>Call Chain = _printf_cs_common &rArr; _printf_str &rArr; _printf_post_padding
</UL>
<BR>[Calls]<UL><LI><a href="#[2cc0598]">&gt;&gt;</a>&nbsp;&nbsp;&nbsp;_printf_str
</UL>
<BR>[Called By]<UL><LI><a href="#[2cbe090]">&gt;&gt;</a>&nbsp;&nbsp;&nbsp;_printf_string
<LI><a href="#[2cbe0cc]">&gt;&gt;</a>&nbsp;&nbsp;&nbsp;_printf_char
</UL>

<P><STRONG><a name="[2cbe0cc]"></a>_printf_char</STRONG> (Thumb, 16 bytes, Stack size 0 bytes, _printf_char.o(.text), UNUSED)
<BR><BR>[Calls]<UL><LI><a href="#[2cbe108]">&gt;&gt;</a>&nbsp;&nbsp;&nbsp;_printf_cs_common
</UL>

<P><STRONG><a name="[2cbe090]"></a>_printf_string</STRONG> (Thumb, 8 bytes, Stack size 0 bytes, _printf_char.o(.text))
<BR><BR>[Stack]<UL><LI>Max Depth = 40<LI>Call Chain = _printf_string &rArr; _printf_cs_common &rArr; _printf_str &rArr; _printf_post_padding
</UL>
<BR>[Calls]<UL><LI><a href="#[2cbe108]">&gt;&gt;</a>&nbsp;&nbsp;&nbsp;_printf_cs_common
</UL>
<BR>[Called By]<UL><LI><a href="#[2cbfa1c]">&gt;&gt;</a>&nbsp;&nbsp;&nbsp;_printf_s
</UL>

<P><STRONG><a name="[2cbdeb0]"></a>__rt_udiv10</STRONG> (Thumb, 16 bytes, Stack size 0 bytes, rtudiv10.o(.text))
<BR><BR>[Called By]<UL><LI><a href="#[2cc0430]">&gt;&gt;</a>&nbsp;&nbsp;&nbsp;_printf_int_dec
</UL>

<P><STRONG><a name="[2cbd0dc]"></a>_sys_exit</STRONG> (Thumb, 16 bytes, Stack size 0 bytes, sys_exit.o(.text))
<BR><BR>[Called By]<UL><LI><a href="#[2cbd730]">&gt;&gt;</a>&nbsp;&nbsp;&nbsp;__rt_exit_exit
</UL>

<P><STRONG><a name="[2cbcfec]"></a>__I$use$semihosting</STRONG> (Thumb, 0 bytes, Stack size 0 bytes, use_no_semi.o(.text))
<BR>[Address Reference Count : 1]<UL><LI> sys_exit.o(.text)
</UL>
<P><STRONG><a name="[2cbcfb0]"></a>__use_no_semihosting_swi</STRONG> (Thumb, 2 bytes, Stack size 0 bytes, use_no_semi.o(.text), UNUSED)

<P><STRONG><a name="[2743f48]"></a>BKP_DeInit</STRONG> (Thumb, 16 bytes, Stack size 8 bytes, stm32f10x_bkp.o(i.BKP_DeInit))
<BR><BR>[Stack]<UL><LI>Max Depth = 8<LI>Call Chain = BKP_DeInit
</UL>
<BR>[Calls]<UL><LI><a href="#[273def4]">&gt;&gt;</a>&nbsp;&nbsp;&nbsp;RCC_BackupResetCmd
</UL>
<BR>[Called By]<UL><LI><a href="#[2744074]">&gt;&gt;</a>&nbsp;&nbsp;&nbsp;RTC_Configuration
</UL>

<P><STRONG><a name="[2743f0c]"></a>BKP_ReadBackupRegister</STRONG> (Thumb, 12 bytes, Stack size 0 bytes, stm32f10x_bkp.o(i.BKP_ReadBackupRegister))
<BR><BR>[Called By]<UL><LI><a href="#[1463a00]">&gt;&gt;</a>&nbsp;&nbsp;&nbsp;rt_hw_rtc_init
</UL>

<P><STRONG><a name="[2743ed0]"></a>BKP_WriteBackupRegister</STRONG> (Thumb, 10 bytes, Stack size 0 bytes, stm32f10x_bkp.o(i.BKP_WriteBackupRegister))
<BR><BR>[Called By]<UL><LI><a href="#[2744524]">&gt;&gt;</a>&nbsp;&nbsp;&nbsp;rt_rtc_control
</UL>

<P><STRONG><a name="[146727c]"></a>BusFault_Handler</STRONG> (Thumb, 4 bytes, Stack size 0 bytes, stm32f10x_it.o(i.BusFault_Handler))
<BR>[Address Reference Count : 1]<UL><LI> start_rvds.o(RESET)
</UL>
<P><STRONG><a name="[1467240]"></a>DMA1_Channel2_IRQHandler</STRONG> (Thumb, 2 bytes, Stack size 0 bytes, stm32f10x_it.o(i.DMA1_Channel2_IRQHandler))
<BR>[Address Reference Count : 1]<UL><LI> start_rvds.o(RESET)
</UL>
<P><STRONG><a name="[145d628]"></a>DMA_ClearFlag</STRONG> (Thumb, 18 bytes, Stack size 0 bytes, stm32f10x_dma.o(i.DMA_ClearFlag))
<BR><BR>[Called By]<UL><LI><a href="#[145e1a4]">&gt;&gt;</a>&nbsp;&nbsp;&nbsp;DMA_TxConfiguration
<LI><a href="#[145e1e0]">&gt;&gt;</a>&nbsp;&nbsp;&nbsp;DMA_RxConfiguration
</UL>

<P><STRONG><a name="[145d5ec]"></a>DMA_Cmd</STRONG> (Thumb, 22 bytes, Stack size 0 bytes, stm32f10x_dma.o(i.DMA_Cmd))
<BR><BR>[Called By]<UL><LI><a href="#[145e1a4]">&gt;&gt;</a>&nbsp;&nbsp;&nbsp;DMA_TxConfiguration
<LI><a href="#[145e1e0]">&gt;&gt;</a>&nbsp;&nbsp;&nbsp;DMA_RxConfiguration
<LI><a href="#[295b640]">&gt;&gt;</a>&nbsp;&nbsp;&nbsp;rt_serial_enable_dma
</UL>

<P><STRONG><a name="[145d5b0]"></a>DMA_GetFlagStatus</STRONG> (Thumb, 34 bytes, Stack size 0 bytes, stm32f10x_dma.o(i.DMA_GetFlagStatus))
<BR><BR>[Called By]<UL><LI><a href="#[145d664]">&gt;&gt;</a>&nbsp;&nbsp;&nbsp;SD_WriteMultiBlocks
<LI><a href="#[145d6a0]">&gt;&gt;</a>&nbsp;&nbsp;&nbsp;SD_WriteBlock
<LI><a href="#[145d808]">&gt;&gt;</a>&nbsp;&nbsp;&nbsp;SD_ReadMultiBlocks
<LI><a href="#[145d844]">&gt;&gt;</a>&nbsp;&nbsp;&nbsp;SD_ReadBlock
</UL>

<P><STRONG><a name="[145d574]"></a>DMA_Init</STRONG> (Thumb, 60 bytes, Stack size 8 bytes, stm32f10x_dma.o(i.DMA_Init))
<BR><BR>[Stack]<UL><LI>Max Depth = 8<LI>Call Chain = DMA_Init
</UL>
<BR>[Called By]<UL><LI><a href="#[145e1a4]">&gt;&gt;</a>&nbsp;&nbsp;&nbsp;DMA_TxConfiguration
<LI><a href="#[145e1e0]">&gt;&gt;</a>&nbsp;&nbsp;&nbsp;DMA_RxConfiguration
</UL>

<P><STRONG><a name="[1467204]"></a>DebugMon_Handler</STRONG> (Thumb, 2 bytes, Stack size 0 bytes, stm32f10x_it.o(i.DebugMon_Handler))
<BR>[Address Reference Count : 1]<UL><LI> start_rvds.o(RESET)
</UL>
<P><STRONG><a name="[14671c8]"></a>EXTI0_IRQHandler</STRONG> (Thumb, 22 bytes, Stack size 8 bytes, stm32f10x_it.o(i.EXTI0_IRQHandler))
<BR><BR>[Stack]<UL><LI>Max Depth = 316<LI>Call Chain = EXTI0_IRQHandler &rArr; enc28j60_isr &rArr; eth_device_ready &rArr; rt_mb_send &rArr; rt_mb_send_wait &rArr; rt_ipc_list_suspend &rArr; rt_thread_suspend &rArr; rt_schedule_remove_thread &rArr; rt_kprintf &rArr; vsnprintf &rArr; print_number
</UL>
<BR>[Calls]<UL><LI><a href="#[1466e44]">&gt;&gt;</a>&nbsp;&nbsp;&nbsp;rt_interrupt_leave
<LI><a href="#[1466e80]">&gt;&gt;</a>&nbsp;&nbsp;&nbsp;rt_interrupt_enter
<LI><a href="#[1466ef8]">&gt;&gt;</a>&nbsp;&nbsp;&nbsp;enc28j60_isr
<LI><a href="#[1466f70]">&gt;&gt;</a>&nbsp;&nbsp;&nbsp;EXTI_ClearITPendingBit
</UL>
<BR>[Address Reference Count : 1]<UL><LI> start_rvds.o(RESET)
</UL>
<P><STRONG><a name="[1466f70]"></a>EXTI_ClearITPendingBit</STRONG> (Thumb, 6 bytes, Stack size 0 bytes, stm32f10x_exti.o(i.EXTI_ClearITPendingBit))
<BR><BR>[Called By]<UL><LI><a href="#[14671c8]">&gt;&gt;</a>&nbsp;&nbsp;&nbsp;EXTI0_IRQHandler
<LI><a href="#[2748688]">&gt;&gt;</a>&nbsp;&nbsp;&nbsp;GPIO_Configuration
</UL>

<P><STRONG><a name="[2747a94]"></a>EXTI_Init</STRONG> (Thumb, 154 bytes, Stack size 0 bytes, stm32f10x_exti.o(i.EXTI_Init))
<BR><BR>[Called By]<UL><LI><a href="#[2748688]">&gt;&gt;</a>&nbsp;&nbsp;&nbsp;GPIO_Configuration
</UL>

<P><STRONG><a name="[2747a58]"></a>GPIO_EXTILineConfig</STRONG> (Thumb, 56 bytes, Stack size 12 bytes, stm32f10x_gpio.o(i.GPIO_EXTILineConfig))
<BR><BR>[Stack]<UL><LI>Max Depth = 12<LI>Call Chain = GPIO_EXTILineConfig
</UL>
<BR>[Called By]<UL><LI><a href="#[2748688]">&gt;&gt;</a>&nbsp;&nbsp;&nbsp;GPIO_Configuration
</UL>

<P><STRONG><a name="[14628a8]"></a>GPIO_Init</STRONG> (Thumb, 268 bytes, Stack size 20 bytes, stm32f10x_gpio.o(i.GPIO_Init))
<BR><BR>[Stack]<UL><LI>Max Depth = 20<LI>Call Chain = GPIO_Init
</UL>
<BR>[Called By]<UL><LI><a href="#[145e12c]">&gt;&gt;</a>&nbsp;&nbsp;&nbsp;GPIO_Configuration
<LI><a href="#[1461f84]">&gt;&gt;</a>&nbsp;&nbsp;&nbsp;GPIO_Configuration
<LI><a href="#[146295c]">&gt;&gt;</a>&nbsp;&nbsp;&nbsp;rt_hw_led_init
<LI><a href="#[2748688]">&gt;&gt;</a>&nbsp;&nbsp;&nbsp;GPIO_Configuration
</UL>

<P><STRONG><a name="[146286c]"></a>GPIO_ResetBits</STRONG> (Thumb, 4 bytes, Stack size 0 bytes, stm32f10x_gpio.o(i.GPIO_ResetBits))
<BR><BR>[Called By]<UL><LI><a href="#[1462920]">&gt;&gt;</a>&nbsp;&nbsp;&nbsp;rt_hw_led_off
</UL>

<P><STRONG><a name="[1462830]"></a>GPIO_SetBits</STRONG> (Thumb, 4 bytes, Stack size 0 bytes, stm32f10x_gpio.o(i.GPIO_SetBits))
<BR><BR>[Called By]<UL><LI><a href="#[14628e4]">&gt;&gt;</a>&nbsp;&nbsp;&nbsp;rt_hw_led_on
</UL>

<P><STRONG><a name="[1467150]"></a>MemManage_Handler</STRONG> (Thumb, 4 bytes, Stack size 0 bytes, stm32f10x_it.o(i.MemManage_Handler))
<BR>[Address Reference Count : 1]<UL><LI> start_rvds.o(RESET)
</UL>
<P><STRONG><a name="[1467114]"></a>NMI_Handler</STRONG> (Thumb, 2 bytes, Stack size 0 bytes, stm32f10x_it.o(i.NMI_Handler))
<BR>[Address Reference Count : 1]<UL><LI> start_rvds.o(RESET)
</UL>
<P><STRONG><a name="[1466250]"></a>NVIC_Configuration</STRONG> (Thumb, 22 bytes, Stack size 8 bytes, board.o(i.NVIC_Configuration))
<BR><BR>[Stack]<UL><LI>Max Depth = 8<LI>Call Chain = NVIC_Configuration
</UL>
<BR>[Calls]<UL><LI><a href="#[1466124]">&gt;&gt;</a>&nbsp;&nbsp;&nbsp;NVIC_SetVectorTable
<LI><a href="#[1466160]">&gt;&gt;</a>&nbsp;&nbsp;&nbsp;NVIC_PriorityGroupConfig
</UL>
<BR>[Called By]<UL><LI><a href="#[14661d8]">&gt;&gt;</a>&nbsp;&nbsp;&nbsp;rt_hw_board_init
</UL>

<P><STRONG><a name="[1461a98]"></a>NVIC_Init</STRONG> (Thumb, 102 bytes, Stack size 16 bytes, misc.o(i.NVIC_Init))
<BR><BR>[Stack]<UL><LI>Max Depth = 16<LI>Call Chain = NVIC_Init
</UL>
<BR>[Called By]<UL><LI><a href="#[145dfc4]">&gt;&gt;</a>&nbsp;&nbsp;&nbsp;rt_sdcard_init
<LI><a href="#[1461f48]">&gt;&gt;</a>&nbsp;&nbsp;&nbsp;NVIC_Configuration
<LI><a href="#[274864c]">&gt;&gt;</a>&nbsp;&nbsp;&nbsp;NVIC_Configuration
</UL>

<P><STRONG><a name="[1466160]"></a>NVIC_PriorityGroupConfig</STRONG> (Thumb, 10 bytes, Stack size 0 bytes, misc.o(i.NVIC_PriorityGroupConfig))
<BR><BR>[Called By]<UL><LI><a href="#[1466250]">&gt;&gt;</a>&nbsp;&nbsp;&nbsp;NVIC_Configuration
</UL>

<P><STRONG><a name="[1466124]"></a>NVIC_SetVectorTable</STRONG> (Thumb, 12 bytes, Stack size 0 bytes, misc.o(i.NVIC_SetVectorTable))
<BR><BR>[Called By]<UL><LI><a href="#[1466250]">&gt;&gt;</a>&nbsp;&nbsp;&nbsp;NVIC_Configuration
</UL>

<P><STRONG><a name="[29adc84]"></a>OP_add_byte</STRONG> (Thumb, 42 bytes, Stack size 0 bytes, finsh_ops.o(i.OP_add_byte))
<BR>[Address Reference Count : 1]<UL><LI> finsh_ops.o(.constdata)
</UL>
<P><STRONG><a name="[29adc48]"></a>OP_add_dword</STRONG> (Thumb, 42 bytes, Stack size 0 bytes, finsh_ops.o(i.OP_add_dword))
<BR>[Address Reference Count : 1]<UL><LI> finsh_ops.o(.constdata)
</UL>
<P><STRONG><a name="[29adc0c]"></a>OP_add_word</STRONG> (Thumb, 44 bytes, Stack size 0 bytes, finsh_ops.o(i.OP_add_word))
<BR>[Address Reference Count : 1]<UL><LI> finsh_ops.o(.constdata)
</UL>
<P><STRONG><a name="[29adbd0]"></a>OP_and_byte</STRONG> (Thumb, 42 bytes, Stack size 0 bytes, finsh_ops.o(i.OP_and_byte))
<BR>[Address Reference Count : 1]<UL><LI> finsh_ops.o(.constdata)
</UL>
<P><STRONG><a name="[29adb94]"></a>OP_and_dword</STRONG> (Thumb, 42 bytes, Stack size 0 bytes, finsh_ops.o(i.OP_and_dword))
<BR>[Address Reference Count : 1]<UL><LI> finsh_ops.o(.constdata)
</UL>
<P><STRONG><a name="[29adb58]"></a>OP_and_word</STRONG> (Thumb, 42 bytes, Stack size 0 bytes, finsh_ops.o(i.OP_and_word))
<BR>[Address Reference Count : 1]<UL><LI> finsh_ops.o(.constdata)
</UL>
<P><STRONG><a name="[29adb1c]"></a>OP_bw_byte</STRONG> (Thumb, 20 bytes, Stack size 0 bytes, finsh_ops.o(i.OP_bw_byte))
<BR>[Address Reference Count : 1]<UL><LI> finsh_ops.o(.constdata)
</UL>
<P><STRONG><a name="[29adae0]"></a>OP_bw_dword</STRONG> (Thumb, 20 bytes, Stack size 0 bytes, finsh_ops.o(i.OP_bw_dword))
<BR>[Address Reference Count : 1]<UL><LI> finsh_ops.o(.constdata)
</UL>
<P><STRONG><a name="[29adaa4]"></a>OP_bw_word</STRONG> (Thumb, 20 bytes, Stack size 0 bytes, finsh_ops.o(i.OP_bw_word))
<BR>[Address Reference Count : 1]<UL><LI> finsh_ops.o(.constdata)
</UL>
<P><STRONG><a name="[29ada68]"></a>OP_call</STRONG> (Thumb, 470 bytes, Stack size 136 bytes, finsh_ops.o(i.OP_call))
<BR><BR>[Stack]<UL><LI>Max Depth = 136<LI>Call Chain = OP_call
</UL>
<BR>[Address Reference Count : 1]<UL><LI> finsh_ops.o(.constdata)
</UL>
<P><STRONG><a name="[29ada2c]"></a>OP_div_byte</STRONG> (Thumb, 44 bytes, Stack size 0 bytes, finsh_ops.o(i.OP_div_byte))
<BR>[Address Reference Count : 1]<UL><LI> finsh_ops.o(.constdata)
</UL>
<P><STRONG><a name="[29ad9f0]"></a>OP_div_dword</STRONG> (Thumb, 44 bytes, Stack size 0 bytes, finsh_ops.o(i.OP_div_dword))
<BR>[Address Reference Count : 1]<UL><LI> finsh_ops.o(.constdata)
</UL>
<P><STRONG><a name="[29ad9b4]"></a>OP_div_word</STRONG> (Thumb, 46 bytes, Stack size 0 bytes, finsh_ops.o(i.OP_div_word))
<BR>[Address Reference Count : 1]<UL><LI> finsh_ops.o(.constdata)
</UL>
<P><STRONG><a name="[29ad978]"></a>OP_ld_byte</STRONG> (Thumb, 34 bytes, Stack size 0 bytes, finsh_ops.o(i.OP_ld_byte))
<BR>[Address Reference Count : 1]<UL><LI> finsh_ops.o(.constdata)
</UL>
<P><STRONG><a name="[29ad93c]"></a>OP_ld_dword</STRONG> (Thumb, 64 bytes, Stack size 0 bytes, finsh_ops.o(i.OP_ld_dword))
<BR>[Address Reference Count : 1]<UL><LI> finsh_ops.o(.constdata)
</UL>
<P><STRONG><a name="[29ad900]"></a>OP_ld_value_byte</STRONG> (Thumb, 66 bytes, Stack size 0 bytes, finsh_ops.o(i.OP_ld_value_byte))
<BR>[Address Reference Count : 1]<UL><LI> finsh_ops.o(.constdata)
</UL>
<P><STRONG><a name="[29ad8c4]"></a>OP_ld_value_byte_stack</STRONG> (Thumb, 20 bytes, Stack size 0 bytes, finsh_ops.o(i.OP_ld_value_byte_stack))
<BR>[Address Reference Count : 1]<UL><LI> finsh_ops.o(.constdata)
</UL>
<P><STRONG><a name="[29ad888]"></a>OP_ld_value_dword</STRONG> (Thumb, 66 bytes, Stack size 0 bytes, finsh_ops.o(i.OP_ld_value_dword))
<BR>[Address Reference Count : 1]<UL><LI> finsh_ops.o(.constdata)
</UL>
<P><STRONG><a name="[29ad84c]"></a>OP_ld_value_dword_stack</STRONG> (Thumb, 20 bytes, Stack size 0 bytes, finsh_ops.o(i.OP_ld_value_dword_stack))
<BR>[Address Reference Count : 1]<UL><LI> finsh_ops.o(.constdata)
</UL>
<P><STRONG><a name="[29ad810]"></a>OP_ld_value_word</STRONG> (Thumb, 66 bytes, Stack size 0 bytes, finsh_ops.o(i.OP_ld_value_word))
<BR>[Address Reference Count : 1]<UL><LI> finsh_ops.o(.constdata)
</UL>
<P><STRONG><a name="[29ad7d4]"></a>OP_ld_value_word_stack</STRONG> (Thumb, 20 bytes, Stack size 0 bytes, finsh_ops.o(i.OP_ld_value_word_stack))
<BR>[Address Reference Count : 1]<UL><LI> finsh_ops.o(.constdata)
</UL>
<P><STRONG><a name="[29ad798]"></a>OP_ld_word</STRONG> (Thumb, 46 bytes, Stack size 0 bytes, finsh_ops.o(i.OP_ld_word))
<BR>[Address Reference Count : 1]<UL><LI> finsh_ops.o(.constdata)
</UL>
<P><STRONG><a name="[29ad75c]"></a>OP_mod_byte</STRONG> (Thumb, 48 bytes, Stack size 0 bytes, finsh_ops.o(i.OP_mod_byte))
<BR>[Address Reference Count : 1]<UL><LI> finsh_ops.o(.constdata)
</UL>
<P><STRONG><a name="[29ad720]"></a>OP_mod_dword</STRONG> (Thumb, 48 bytes, Stack size 0 bytes, finsh_ops.o(i.OP_mod_dword))
<BR>[Address Reference Count : 1]<UL><LI> finsh_ops.o(.constdata)
</UL>
<P><STRONG><a name="[29ad6e4]"></a>OP_mod_word</STRONG> (Thumb, 50 bytes, Stack size 0 bytes, finsh_ops.o(i.OP_mod_word))
<BR>[Address Reference Count : 1]<UL><LI> finsh_ops.o(.constdata)
</UL>
<P><STRONG><a name="[29ad6a8]"></a>OP_mul_byte</STRONG> (Thumb, 42 bytes, Stack size 0 bytes, finsh_ops.o(i.OP_mul_byte))
<BR>[Address Reference Count : 1]<UL><LI> finsh_ops.o(.constdata)
</UL>
<P><STRONG><a name="[29ad66c]"></a>OP_mul_dword</STRONG> (Thumb, 42 bytes, Stack size 0 bytes, finsh_ops.o(i.OP_mul_dword))
<BR>[Address Reference Count : 1]<UL><LI> finsh_ops.o(.constdata)
</UL>
<P><STRONG><a name="[29ad630]"></a>OP_mul_word</STRONG> (Thumb, 44 bytes, Stack size 0 bytes, finsh_ops.o(i.OP_mul_word))
<BR>[Address Reference Count : 1]<UL><LI> finsh_ops.o(.constdata)
</UL>
<P><STRONG><a name="[29ad5f4]"></a>OP_no_op</STRONG> (Thumb, 2 bytes, Stack size 0 bytes, finsh_ops.o(i.OP_no_op))
<BR>[Address Reference Count : 1]<UL><LI> finsh_ops.o(.constdata)
</UL>
<P><STRONG><a name="[29ad5b8]"></a>OP_or_byte</STRONG> (Thumb, 42 bytes, Stack size 0 bytes, finsh_ops.o(i.OP_or_byte))
<BR>[Address Reference Count : 1]<UL><LI> finsh_ops.o(.constdata)
</UL>
<P><STRONG><a name="[29ad57c]"></a>OP_or_dword</STRONG> (Thumb, 42 bytes, Stack size 0 bytes, finsh_ops.o(i.OP_or_dword))
<BR>[Address Reference Count : 1]<UL><LI> finsh_ops.o(.constdata)
</UL>
<P><STRONG><a name="[29ad540]"></a>OP_or_word</STRONG> (Thumb, 42 bytes, Stack size 0 bytes, finsh_ops.o(i.OP_or_word))
<BR>[Address Reference Count : 1]<UL><LI> finsh_ops.o(.constdata)
</UL>
<P><STRONG><a name="[29ad504]"></a>OP_pop</STRONG> (Thumb, 12 bytes, Stack size 0 bytes, finsh_ops.o(i.OP_pop))
<BR>[Address Reference Count : 1]<UL><LI> finsh_ops.o(.constdata)
</UL>
<P><STRONG><a name="[29ad4c8]"></a>OP_shl_byte</STRONG> (Thumb, 42 bytes, Stack size 0 bytes, finsh_ops.o(i.OP_shl_byte))
<BR>[Address Reference Count : 1]<UL><LI> finsh_ops.o(.constdata)
</UL>
<P><STRONG><a name="[29ad48c]"></a>OP_shl_dword</STRONG> (Thumb, 42 bytes, Stack size 0 bytes, finsh_ops.o(i.OP_shl_dword))
<BR>[Address Reference Count : 1]<UL><LI> finsh_ops.o(.constdata)
</UL>
<P><STRONG><a name="[29ad450]"></a>OP_shl_word</STRONG> (Thumb, 44 bytes, Stack size 0 bytes, finsh_ops.o(i.OP_shl_word))
<BR>[Address Reference Count : 1]<UL><LI> finsh_ops.o(.constdata)
</UL>
<P><STRONG><a name="[29ad414]"></a>OP_shr_byte</STRONG> (Thumb, 42 bytes, Stack size 0 bytes, finsh_ops.o(i.OP_shr_byte))
<BR>[Address Reference Count : 1]<UL><LI> finsh_ops.o(.constdata)
</UL>
[...]
<LI><a href="#[2ac5358]">&gt;&gt;</a>&nbsp;&nbsp;&nbsp;tcp_update_rcv_ann_wnd
<LI><a href="#[2ac5484]">&gt;&gt;</a>&nbsp;&nbsp;&nbsp;tcp_seg_free
<LI><a href="#[2ac54c0]">&gt;&gt;</a>&nbsp;&nbsp;&nbsp;tcp_seg_copy
<LI><a href="#[2acb85c]">&gt;&gt;</a>&nbsp;&nbsp;&nbsp;pbuf_header
<LI><a href="#[2acb910]">&gt;&gt;</a>&nbsp;&nbsp;&nbsp;pbuf_clen
<LI><a href="#[2acb988]">&gt;&gt;</a>&nbsp;&nbsp;&nbsp;pbuf_cat
</UL>
<BR>[Called By]<UL><LI><a href="#[2ac42b4]">&gt;&gt;</a>&nbsp;&nbsp;&nbsp;tcp_process
</UL>

<P><STRONG><a name="[2ac423c]"></a>tcp_timewait_input</STRONG> (Thumb, 166 bytes, Stack size 16 bytes, tcp_in.o(i.tcp_timewait_input))
<BR><BR>[Stack]<UL><LI>Max Depth = 620<LI>Call Chain = tcp_timewait_input &rArr; tcp_output &rArr; tcp_send_empty_ack &rArr; ip_output &rArr; ip_output_if &rArr; ip_frag &rArr; pbuf_alloc &rArr; pbuf_pool_is_empty &rArr; tcpip_callback_with_block &rArr; memp_malloc &rArr; rt_malloc &rArr; rt_sem_take &rArr; rt_ipc_list_suspend &rArr; rt_thread_suspend &rArr; rt_schedule_remove_thread &rArr; rt_kprintf &rArr; vsnprintf &rArr; print_number
</UL>
<BR>[Calls]<UL><LI><a href="#[2ac522c]">&gt;&gt;</a>&nbsp;&nbsp;&nbsp;tcp_rst
<LI><a href="#[2ac52a4]">&gt;&gt;</a>&nbsp;&nbsp;&nbsp;tcp_output
</UL>
<BR>[Called By]<UL><LI><a href="#[2ac3a44]">&gt;&gt;</a>&nbsp;&nbsp;&nbsp;tcp_input
</UL>

<P><STRONG><a name="[2b58ed8]"></a>tcp_output_segment</STRONG> (Thumb, 210 bytes, Stack size 32 bytes, tcp_out.o(i.tcp_output_segment))
<BR><BR>[Stack]<UL><LI>Max Depth = 572<LI>Call Chain = tcp_output_segment &rArr; ip_output &rArr; ip_output_if &rArr; ip_frag &rArr; pbuf_alloc &rArr; pbuf_pool_is_empty &rArr; tcpip_callback_with_block &rArr; memp_malloc &rArr; rt_malloc &rArr; rt_sem_take &rArr; rt_ipc_list_suspend &rArr; rt_thread_suspend &rArr; rt_schedule_remove_thread &rArr; rt_kprintf &rArr; vsnprintf &rArr; print_number
</UL>
<BR>[Calls]<UL><LI><a href="#[2a00200]">&gt;&gt;</a>&nbsp;&nbsp;&nbsp;ntohl
<LI><a href="#[2a002b4]">&gt;&gt;</a>&nbsp;&nbsp;&nbsp;htons
<LI><a href="#[2a002f0]">&gt;&gt;</a>&nbsp;&nbsp;&nbsp;htonl
<LI><a href="#[2ac3a08]">&gt;&gt;</a>&nbsp;&nbsp;&nbsp;inet_chksum_pseudo
<LI><a href="#[2aca614]">&gt;&gt;</a>&nbsp;&nbsp;&nbsp;ip_route
<LI><a href="#[2b58c08]">&gt;&gt;</a>&nbsp;&nbsp;&nbsp;ip_output
</UL>
<BR>[Called By]<UL><LI><a href="#[2ac52a4]">&gt;&gt;</a>&nbsp;&nbsp;&nbsp;tcp_output
</UL>

<P><STRONG><a name="[2b58e9c]"></a>tcp_output_set_header</STRONG> (Thumb, 158 bytes, Stack size 32 bytes, tcp_out.o(i.tcp_output_set_header))
<BR><BR>[Stack]<UL><LI>Max Depth = 36<LI>Call Chain = tcp_output_set_header &rArr; ntohs
</UL>
<BR>[Calls]<UL><LI><a href="#[2a001c4]">&gt;&gt;</a>&nbsp;&nbsp;&nbsp;ntohs
<LI><a href="#[2a002b4]">&gt;&gt;</a>&nbsp;&nbsp;&nbsp;htons
<LI><a href="#[2a002f0]">&gt;&gt;</a>&nbsp;&nbsp;&nbsp;htonl
</UL>
<BR>[Called By]<UL><LI><a href="#[2ac3918]">&gt;&gt;</a>&nbsp;&nbsp;&nbsp;tcp_send_empty_ack
<LI><a href="#[2ac5178]">&gt;&gt;</a>&nbsp;&nbsp;&nbsp;tcp_zero_window_probe
<LI><a href="#[2ac52e0]">&gt;&gt;</a>&nbsp;&nbsp;&nbsp;tcp_keepalive
</UL>

<P><STRONG><a name="[2b56868]"></a>ip_reass_chain_frag_into_datagram_and_validate</STRONG> (Thumb, 502 bytes, Stack size 48 bytes, ip_frag.o(i.ip_reass_chain_frag_into_datagram_and_validate))
<BR><BR>[Stack]<UL><LI>Max Depth = 364<LI>Call Chain = ip_reass_chain_frag_into_datagram_and_validate &rArr; pbuf_free &rArr; memp_free &rArr; rt_free &rArr; rt_sem_take &rArr; rt_ipc_list_suspend &rArr; rt_thread_suspend &rArr; rt_schedule_remove_thread &rArr; rt_kprintf &rArr; vsnprintf &rArr; print_number
</UL>
<BR>[Calls]<UL><LI><a href="#[1464270]">&gt;&gt;</a>&nbsp;&nbsp;&nbsp;rt_kprintf
<LI><a href="#[2745424]">&gt;&gt;</a>&nbsp;&nbsp;&nbsp;pbuf_free
<LI><a href="#[2a000d4]">&gt;&gt;</a>&nbsp;&nbsp;&nbsp;sys_arch_assert
<LI><a href="#[2a001c4]">&gt;&gt;</a>&nbsp;&nbsp;&nbsp;ntohs
<LI><a href="#[2acb910]">&gt;&gt;</a>&nbsp;&nbsp;&nbsp;pbuf_clen
</UL>
<BR>[Called By]<UL><LI><a href="#[2b563b8]">&gt;&gt;</a>&nbsp;&nbsp;&nbsp;ip_reass
</UL>

<P><STRONG><a name="[2b5682c]"></a>ip_reass_dequeue_datagram</STRONG> (Thumb, 58 bytes, Stack size 16 bytes, ip_frag.o(i.ip_reass_dequeue_datagram))
<BR><BR>[Stack]<UL><LI>Max Depth = 308<LI>Call Chain = ip_reass_dequeue_datagram &rArr; memp_free &rArr; rt_free &rArr; rt_sem_take &rArr; rt_ipc_list_suspend &rArr; rt_thread_suspend &rArr; rt_schedule_remove_thread &rArr; rt_kprintf &rArr; vsnprintf &rArr; print_number
</UL>
<BR>[Calls]<UL><LI><a href="#[1464270]">&gt;&gt;</a>&nbsp;&nbsp;&nbsp;rt_kprintf
<LI><a href="#[2a000d4]">&gt;&gt;</a>&nbsp;&nbsp;&nbsp;sys_arch_assert
<LI><a href="#[2acfc90]">&gt;&gt;</a>&nbsp;&nbsp;&nbsp;memp_free
</UL>
<BR>[Called By]<UL><LI><a href="#[2b563b8]">&gt;&gt;</a>&nbsp;&nbsp;&nbsp;ip_reass
<LI><a href="#[2b567b4]">&gt;&gt;</a>&nbsp;&nbsp;&nbsp;ip_reass_free_complete_datagram
</UL>

<P><STRONG><a name="[2b567f0]"></a>ip_reass_enqueue_new_datagram</STRONG> (Thumb, 80 bytes, Stack size 16 bytes, ip_frag.o(i.ip_reass_enqueue_new_datagram))
<BR><BR>[Stack]<UL><LI>Max Depth = 684<LI>Call Chain = ip_reass_enqueue_new_datagram &rArr; ip_reass_remove_oldest_datagram &rArr; ip_reass_free_complete_datagram &rArr; icmp_time_exceeded &rArr; icmp_send_response &rArr; ip_output &rArr; ip_output_if &rArr; ip_frag &rArr; pbuf_alloc &rArr; pbuf_pool_is_empty &rArr; tcpip_callback_with_block &rArr; memp_malloc &rArr; rt_malloc &rArr; rt_sem_take &rArr; rt_ipc_list_suspend &rArr; rt_thread_suspend &rArr; rt_schedule_remove_thread &rArr; rt_kprintf &rArr; vsnprintf &rArr; print_number
</UL>
<BR>[Calls]<UL><LI><a href="#[2acfc54]">&gt;&gt;</a>&nbsp;&nbsp;&nbsp;memp_malloc
<LI><a href="#[2b56778]">&gt;&gt;</a>&nbsp;&nbsp;&nbsp;ip_reass_remove_oldest_datagram
<LI><a href="#[2b98eb8]">&gt;&gt;</a>&nbsp;&nbsp;&nbsp;__aeabi_memclr4
<LI><a href="#[2b99368]">&gt;&gt;</a>&nbsp;&nbsp;&nbsp;__aeabi_memcpy
</UL>
<BR>[Called By]<UL><LI><a href="#[2b563b8]">&gt;&gt;</a>&nbsp;&nbsp;&nbsp;ip_reass
</UL>

<P><STRONG><a name="[2b567b4]"></a>ip_reass_free_complete_datagram</STRONG> (Thumb, 196 bytes, Stack size 32 bytes, ip_frag.o(i.ip_reass_free_complete_datagram))
<BR><BR>[Stack]<UL><LI>Max Depth = 628<LI>Call Chain = ip_reass_free_complete_datagram &rArr; icmp_time_exceeded &rArr; icmp_send_response &rArr; ip_output &rArr; ip_output_if &rArr; ip_frag &rArr; pbuf_alloc &rArr; pbuf_pool_is_empty &rArr; tcpip_callback_with_block &rArr; memp_malloc &rArr; rt_malloc &rArr; rt_sem_take &rArr; rt_ipc_list_suspend &rArr; rt_thread_suspend &rArr; rt_schedule_remove_thread &rArr; rt_kprintf &rArr; vsnprintf &rArr; print_number
</UL>
<BR>[Calls]<UL><LI><a href="#[1464270]">&gt;&gt;</a>&nbsp;&nbsp;&nbsp;rt_kprintf
<LI><a href="#[2745424]">&gt;&gt;</a>&nbsp;&nbsp;&nbsp;pbuf_free
<LI><a href="#[2a000d4]">&gt;&gt;</a>&nbsp;&nbsp;&nbsp;sys_arch_assert
<LI><a href="#[2acb910]">&gt;&gt;</a>&nbsp;&nbsp;&nbsp;pbuf_clen
<LI><a href="#[2b56340]">&gt;&gt;</a>&nbsp;&nbsp;&nbsp;icmp_time_exceeded
<LI><a href="#[2b5682c]">&gt;&gt;</a>&nbsp;&nbsp;&nbsp;ip_reass_dequeue_datagram
<LI><a href="#[2b99368]">&gt;&gt;</a>&nbsp;&nbsp;&nbsp;__aeabi_memcpy
</UL>
<BR>[Called By]<UL><LI><a href="#[2b5637c]">&gt;&gt;</a>&nbsp;&nbsp;&nbsp;ip_reass_tmr
<LI><a href="#[2b56778]">&gt;&gt;</a>&nbsp;&nbsp;&nbsp;ip_reass_remove_oldest_datagram
</UL>

<P><STRONG><a name="[2b56778]"></a>ip_reass_remove_oldest_datagram</STRONG> (Thumb, 120 bytes, Stack size 40 bytes, ip_frag.o(i.ip_reass_remove_oldest_datagram))
<BR><BR>[Stack]<UL><LI>Max Depth = 668<LI>Call Chain = ip_reass_remove_oldest_datagram &rArr; ip_reass_free_complete_datagram &rArr; icmp_time_exceeded &rArr; icmp_send_response &rArr; ip_output &rArr; ip_output_if &rArr; ip_frag &rArr; pbuf_alloc &rArr; pbuf_pool_is_empty &rArr; tcpip_callback_with_block &rArr; memp_malloc &rArr; rt_malloc &rArr; rt_sem_take &rArr; rt_ipc_list_suspend &rArr; rt_thread_suspend &rArr; rt_schedule_remove_thread &rArr; rt_kprintf &rArr; vsnprintf &rArr; print_number
</UL>
<BR>[Calls]<UL><LI><a href="#[2b567b4]">&gt;&gt;</a>&nbsp;&nbsp;&nbsp;ip_reass_free_complete_datagram
</UL>
<BR>[Called By]<UL><LI><a href="#[2b563b8]">&gt;&gt;</a>&nbsp;&nbsp;&nbsp;ip_reass
<LI><a href="#[2b567f0]">&gt;&gt;</a>&nbsp;&nbsp;&nbsp;ip_reass_enqueue_new_datagram
</UL>

<P><STRONG><a name="[2b55968]"></a>icmp_send_response</STRONG> (Thumb, 142 bytes, Stack size 40 bytes, icmp.o(i.icmp_send_response))
<BR><BR>[Stack]<UL><LI>Max Depth = 580<LI>Call Chain = icmp_send_response &rArr; ip_output &rArr; ip_output_if &rArr; ip_frag &rArr; pbuf_alloc &rArr; pbuf_pool_is_empty &rArr; tcpip_callback_with_block &rArr; memp_malloc &rArr; rt_malloc &rArr; rt_sem_take &rArr; rt_ipc_list_suspend &rArr; rt_thread_suspend &rArr; rt_schedule_remove_thread &rArr; rt_kprintf &rArr; vsnprintf &rArr; print_number
</UL>
<BR>[Calls]<UL><LI><a href="#[1464270]">&gt;&gt;</a>&nbsp;&nbsp;&nbsp;rt_kprintf
<LI><a href="#[2745424]">&gt;&gt;</a>&nbsp;&nbsp;&nbsp;pbuf_free
<LI><a href="#[2747968]">&gt;&gt;</a>&nbsp;&nbsp;&nbsp;pbuf_alloc
<LI><a href="#[2a000d4]">&gt;&gt;</a>&nbsp;&nbsp;&nbsp;sys_arch_assert
<LI><a href="#[2b56304]">&gt;&gt;</a>&nbsp;&nbsp;&nbsp;inet_chksum
<LI><a href="#[2b58c08]">&gt;&gt;</a>&nbsp;&nbsp;&nbsp;ip_output
<LI><a href="#[2b99368]">&gt;&gt;</a>&nbsp;&nbsp;&nbsp;__aeabi_memcpy
</UL>
<BR>[Called By]<UL><LI><a href="#[2b56340]">&gt;&gt;</a>&nbsp;&nbsp;&nbsp;icmp_time_exceeded
<LI><a href="#[2b57678]">&gt;&gt;</a>&nbsp;&nbsp;&nbsp;icmp_dest_unreach
</UL>

<P><STRONG><a name="[2b54144]"></a>lwip_standard_chksum</STRONG> (Thumb, 84 bytes, Stack size 24 bytes, inet_chksum.o(i.lwip_standard_chksum))
<BR><BR>[Stack]<UL><LI>Max Depth = 24<LI>Call Chain = lwip_standard_chksum
</UL>
<BR>[Calls]<UL><LI><a href="#[2a002b4]">&gt;&gt;</a>&nbsp;&nbsp;&nbsp;htons
</UL>
<BR>[Called By]<UL><LI><a href="#[2ac3a08]">&gt;&gt;</a>&nbsp;&nbsp;&nbsp;inet_chksum_pseudo
<LI><a href="#[2b557c4]">&gt;&gt;</a>&nbsp;&nbsp;&nbsp;inet_chksum_pbuf
<LI><a href="#[2b56304]">&gt;&gt;</a>&nbsp;&nbsp;&nbsp;inet_chksum
<LI><a href="#[2b5763c]">&gt;&gt;</a>&nbsp;&nbsp;&nbsp;inet_chksum_pseudo_partial
</UL>

<P><STRONG><a name="[2b51354]"></a>arp_timer</STRONG> (Thumb, 22 bytes, Stack size 8 bytes, tcpip.o(i.arp_timer))
<BR><BR>[Stack]<UL><LI>Max Depth = 348<LI>Call Chain = arp_timer &rArr; sys_timeout &rArr; memp_malloc &rArr; rt_malloc &rArr; rt_sem_take &rArr; rt_ipc_list_suspend &rArr; rt_thread_suspend &rArr; rt_schedule_remove_thread &rArr; rt_kprintf &rArr; vsnprintf &rArr; print_number
</UL>
<BR>[Calls]<UL><LI><a href="#[2ac900c]">&gt;&gt;</a>&nbsp;&nbsp;&nbsp;sys_timeout
<LI><a href="#[2b50724]">&gt;&gt;</a>&nbsp;&nbsp;&nbsp;etharp_tmr
</UL>
<BR>[Address Reference Count : 2]<UL><LI> tcpip.o(i.arp_timer)
<LI> tcpip.o(i.tcpip_thread)
</UL>
<P><STRONG><a name="[2b51318]"></a>dns_timer</STRONG> (Thumb, 22 bytes, Stack size 8 bytes, tcpip.o(i.dns_timer))
<BR><BR>[Stack]<UL><LI>Max Depth = 692<LI>Call Chain = dns_timer &rArr; dns_tmr &rArr; dns_check_entries &rArr; dns_check_entry &rArr; dns_send &rArr; udp_sendto &rArr; udp_sendto_if &rArr; ip_output_if &rArr; ip_frag &rArr; pbuf_alloc &rArr; pbuf_pool_is_empty &rArr; tcpip_callback_with_block &rArr; memp_malloc &rArr; rt_malloc &rArr; rt_sem_take &rArr; rt_ipc_list_suspend &rArr; rt_thread_suspend &rArr; rt_schedule_remove_thread &rArr; rt_kprintf &rArr; vsnprintf &rArr; print_number
</UL>
<BR>[Calls]<UL><LI><a href="#[2a0032c]">&gt;&gt;</a>&nbsp;&nbsp;&nbsp;dns_tmr
<LI><a href="#[2ac900c]">&gt;&gt;</a>&nbsp;&nbsp;&nbsp;sys_timeout
</UL>
<BR>[Address Reference Count : 2]<UL><LI> tcpip.o(i.dns_timer)
<LI> tcpip.o(i.tcpip_thread)
</UL>
<P><STRONG><a name="[2b512dc]"></a>ip_reass_timer</STRONG> (Thumb, 22 bytes, Stack size 8 bytes, tcpip.o(i.ip_reass_timer))
<BR><BR>[Stack]<UL><LI>Max Depth = 652<LI>Call Chain = ip_reass_timer &rArr; ip_reass_tmr &rArr; ip_reass_free_complete_datagram &rArr; icmp_time_exceeded &rArr; icmp_send_response &rArr; ip_output &rArr; ip_output_if &rArr; ip_frag &rArr; pbuf_alloc &rArr; pbuf_pool_is_empty &rArr; tcpip_callback_with_block &rArr; memp_malloc &rArr; rt_malloc &rArr; rt_sem_take &rArr; rt_ipc_list_suspend &rArr; rt_thread_suspend &rArr; rt_schedule_remove_thread &rArr; rt_kprintf &rArr; vsnprintf &rArr; print_number
</UL>
<BR>[Calls]<UL><LI><a href="#[2ac900c]">&gt;&gt;</a>&nbsp;&nbsp;&nbsp;sys_timeout
<LI><a href="#[2b5637c]">&gt;&gt;</a>&nbsp;&nbsp;&nbsp;ip_reass_tmr
</UL>
<BR>[Address Reference Count : 2]<UL><LI> tcpip.o(i.ip_reass_timer)
<LI> tcpip.o(i.tcpip_thread)
</UL>
<P><STRONG><a name="[2b51228]"></a>tcpip_tcp_timer</STRONG> (Thumb, 40 bytes, Stack size 8 bytes, tcpip.o(i.tcpip_tcp_timer))
<BR><BR>[Stack]<UL><LI>Max Depth = 692<LI>Call Chain = tcpip_tcp_timer &rArr; tcp_tmr &rArr; tcp_fasttmr &rArr; tcp_recv_null &rArr; tcp_close &rArr; tcp_pcb_remove &rArr; tcp_output &rArr; tcp_send_empty_ack &rArr; ip_output &rArr; ip_output_if &rArr; ip_frag &rArr; pbuf_alloc &rArr; pbuf_pool_is_empty &rArr; tcpip_callback_with_block &rArr; memp_malloc &rArr; rt_malloc &rArr; rt_sem_take &rArr; rt_ipc_list_suspend &rArr; rt_thread_suspend &rArr; rt_schedule_remove_thread &rArr; rt_kprintf &rArr; vsnprintf &rArr; print_number
</UL>
<BR>[Calls]<UL><LI><a href="#[2ac5394]">&gt;&gt;</a>&nbsp;&nbsp;&nbsp;tcp_tmr
<LI><a href="#[2ac900c]">&gt;&gt;</a>&nbsp;&nbsp;&nbsp;sys_timeout
</UL>
<BR>[Address Reference Count : 2]<UL><LI> tcpip.o(i.tcp_timer_needed)
<LI> tcpip.o(i.tcpip_tcp_timer)
</UL>
<P><STRONG><a name="[2b511ec]"></a>tcpip_thread</STRONG> (Thumb, 214 bytes, Stack size 8 bytes, tcpip.o(i.tcpip_thread))
<BR><BR>[Stack]<UL><LI>Max Depth = 852<LI>Call Chain = tcpip_thread &rArr; ethernet_input &rArr; ip_input &rArr; tcp_input &rArr; tcp_listen_input &rArr; tcp_alloc &rArr; tcp_kill_prio &rArr; tcp_abandon &rArr; tcp_pcb_remove &rArr; tcp_output &rArr; tcp_send_empty_ack &rArr; ip_output &rArr; ip_output_if &rArr; ip_frag &rArr; pbuf_alloc &rArr; pbuf_pool_is_empty &rArr; tcpip_callback_with_block &rArr; memp_malloc &rArr; rt_malloc &rArr; rt_sem_take &rArr; rt_ipc_list_suspend &rArr; rt_thread_suspend &rArr; rt_schedule_remove_thread &rArr; rt_kprintf &rArr; vsnprintf &rArr; print_number
</UL>
<BR>[Calls]<UL><LI><a href="#[2ac8fd0]">&gt;&gt;</a>&nbsp;&nbsp;&nbsp;sys_untimeout
<LI><a href="#[2ac900c]">&gt;&gt;</a>&nbsp;&nbsp;&nbsp;sys_timeout
<LI><a href="#[2ac90fc]">&gt;&gt;</a>&nbsp;&nbsp;&nbsp;sys_mbox_fetch
<LI><a href="#[2acd7c4]">&gt;&gt;</a>&nbsp;&nbsp;&nbsp;ip_input
<LI><a href="#[2acfc90]">&gt;&gt;</a>&nbsp;&nbsp;&nbsp;memp_free
<LI><a href="#[2b506e8]">&gt;&gt;</a>&nbsp;&nbsp;&nbsp;ethernet_input
</UL>
<BR>[Address Reference Count : 1]<UL><LI> tcpip.o(i.tcpip_init)
</UL>
<P><STRONG><a name="[2b9ce00]"></a>etharp_raw</STRONG> (Thumb, 290 bytes, Stack size 56 bytes, etharp.o(i.etharp_raw))
<BR><BR>[Stack]<UL><LI>Max Depth = 436<LI>Call Chain = etharp_raw &rArr; pbuf_alloc &rArr; pbuf_pool_is_empty &rArr; tcpip_callback_with_block &rArr; memp_malloc &rArr; rt_malloc &rArr; rt_sem_take &rArr; rt_ipc_list_suspend &rArr; rt_thread_suspend &rArr; rt_schedule_remove_thread &rArr; rt_kprintf &rArr; vsnprintf &rArr; print_number
</UL>
<BR>[Calls]<UL><LI><a href="#[1464270]">&gt;&gt;</a>&nbsp;&nbsp;&nbsp;rt_kprintf
<LI><a href="#[2745424]">&gt;&gt;</a>&nbsp;&nbsp;&nbsp;pbuf_free
<LI><a href="#[2747968]">&gt;&gt;</a>&nbsp;&nbsp;&nbsp;pbuf_alloc
<LI><a href="#[2a000d4]">&gt;&gt;</a>&nbsp;&nbsp;&nbsp;sys_arch_assert
<LI><a href="#[2a002b4]">&gt;&gt;</a>&nbsp;&nbsp;&nbsp;htons
<LI><a href="#[2b99368]">&gt;&gt;</a>&nbsp;&nbsp;&nbsp;__aeabi_memcpy
</UL>
<BR>[Called By]<UL><LI><a href="#[2acd800]">&gt;&gt;</a>&nbsp;&nbsp;&nbsp;etharp_request
</UL>

<P><STRONG><a name="[2b9cdc4]"></a>etharp_send_ip</STRONG> (Thumb, 108 bytes, Stack size 32 bytes, etharp.o(i.etharp_send_ip))
<BR><BR>[Stack]<UL><LI>Max Depth = 220<LI>Call Chain = etharp_send_ip &rArr; sys_arch_assert &rArr; rt_kprintf &rArr; vsnprintf &rArr; print_number
</UL>
<BR>[Calls]<UL><LI><a href="#[1464270]">&gt;&gt;</a>&nbsp;&nbsp;&nbsp;rt_kprintf
<LI><a href="#[2a000d4]">&gt;&gt;</a>&nbsp;&nbsp;&nbsp;sys_arch_assert
<LI><a href="#[2a002b4]">&gt;&gt;</a>&nbsp;&nbsp;&nbsp;htons
</UL>
<BR>[Called By]<UL><LI><a href="#[2b9ca04]">&gt;&gt;</a>&nbsp;&nbsp;&nbsp;etharp_query
<LI><a href="#[2b9ccd4]">&gt;&gt;</a>&nbsp;&nbsp;&nbsp;update_arp_entry
<LI><a href="#[2b9e318]">&gt;&gt;</a>&nbsp;&nbsp;&nbsp;etharp_output
</UL>

<P><STRONG><a name="[2b9cd88]"></a>find_entry</STRONG> (Thumb, 560 bytes, Stack size 48 bytes, etharp.o(i.find_entry))
<BR><BR>[Stack]<UL><LI>Max Depth = 380<LI>Call Chain = find_entry &rArr; free_etharp_q &rArr; pbuf_free &rArr; memp_free &rArr; rt_free &rArr; rt_sem_take &rArr; rt_ipc_list_suspend &rArr; rt_thread_suspend &rArr; rt_schedule_remove_thread &rArr; rt_kprintf &rArr; vsnprintf &rArr; print_number
</UL>
<BR>[Calls]<UL><LI><a href="#[1464270]">&gt;&gt;</a>&nbsp;&nbsp;&nbsp;rt_kprintf
<LI><a href="#[2a000d4]">&gt;&gt;</a>&nbsp;&nbsp;&nbsp;sys_arch_assert
<LI><a href="#[2b9cd4c]">&gt;&gt;</a>&nbsp;&nbsp;&nbsp;free_etharp_q
</UL>
<BR>[Called By]<UL><LI><a href="#[2b9ca04]">&gt;&gt;</a>&nbsp;&nbsp;&nbsp;etharp_query
<LI><a href="#[2b9ccd4]">&gt;&gt;</a>&nbsp;&nbsp;&nbsp;update_arp_entry
</UL>

<P><STRONG><a name="[2b9cd4c]"></a>free_etharp_q</STRONG> (Thumb, 94 bytes, Stack size 16 bytes, etharp.o(i.free_etharp_q))
<BR><BR>[Stack]<UL><LI>Max Depth = 332<LI>Call Chain = free_etharp_q &rArr; pbuf_free &rArr; memp_free &rArr; rt_free &rArr; rt_sem_take &rArr; rt_ipc_list_suspend &rArr; rt_thread_suspend &rArr; rt_schedule_remove_thread &rArr; rt_kprintf &rArr; vsnprintf &rArr; print_number
</UL>
<BR>[Calls]<UL><LI><a href="#[1464270]">&gt;&gt;</a>&nbsp;&nbsp;&nbsp;rt_kprintf
<LI><a href="#[2745424]">&gt;&gt;</a>&nbsp;&nbsp;&nbsp;pbuf_free
<LI><a href="#[2a000d4]">&gt;&gt;</a>&nbsp;&nbsp;&nbsp;sys_arch_assert
<LI><a href="#[2acfc90]">&gt;&gt;</a>&nbsp;&nbsp;&nbsp;memp_free
</UL>
<BR>[Called By]<UL><LI><a href="#[2b50724]">&gt;&gt;</a>&nbsp;&nbsp;&nbsp;etharp_tmr
<LI><a href="#[2b9cd88]">&gt;&gt;</a>&nbsp;&nbsp;&nbsp;find_entry
</UL>

<P><STRONG><a name="[2b9ccd4]"></a>update_arp_entry</STRONG> (Thumb, 266 bytes, Stack size 40 bytes, etharp.o(i.update_arp_entry))
<BR><BR>[Stack]<UL><LI>Max Depth = 420<LI>Call Chain = update_arp_entry &rArr; find_entry &rArr; free_etharp_q &rArr; pbuf_free &rArr; memp_free &rArr; rt_free &rArr; rt_sem_take &rArr; rt_ipc_list_suspend &rArr; rt_thread_suspend &rArr; rt_schedule_remove_thread &rArr; rt_kprintf &rArr; vsnprintf &rArr; print_number
</UL>
<BR>[Calls]<UL><LI><a href="#[1464270]">&gt;&gt;</a>&nbsp;&nbsp;&nbsp;rt_kprintf
<LI><a href="#[2745424]">&gt;&gt;</a>&nbsp;&nbsp;&nbsp;pbuf_free
<LI><a href="#[2a000d4]">&gt;&gt;</a>&nbsp;&nbsp;&nbsp;sys_arch_assert
<LI><a href="#[2a00200]">&gt;&gt;</a>&nbsp;&nbsp;&nbsp;ntohl
<LI><a href="#[2ac39cc]">&gt;&gt;</a>&nbsp;&nbsp;&nbsp;ip_addr_isbroadcast
<LI><a href="#[2acfc90]">&gt;&gt;</a>&nbsp;&nbsp;&nbsp;memp_free
<LI><a href="#[2b9cd88]">&gt;&gt;</a>&nbsp;&nbsp;&nbsp;find_entry
<LI><a href="#[2b9cdc4]">&gt;&gt;</a>&nbsp;&nbsp;&nbsp;etharp_send_ip
</UL>
<BR>[Called By]<UL><LI><a href="#[2b9e354]">&gt;&gt;</a>&nbsp;&nbsp;&nbsp;etharp_ip_input
<LI><a href="#[2b9e390]">&gt;&gt;</a>&nbsp;&nbsp;&nbsp;etharp_arp_input
</UL>

<P><STRONG><a name="[2b98954]"></a>_tm_carry</STRONG> (Thumb, 54 bytes, Stack size 12 bytes, mktime.o(.text))
<BR><BR>[Stack]<UL><LI>Max Depth = 12<LI>Call Chain = _tm_carry
</UL>
<BR>[Called By]<UL><LI><a href="#[2b98918]">&gt;&gt;</a>&nbsp;&nbsp;&nbsp;mktime
</UL>

<P><STRONG><a name="[2cbe360]"></a>_printf_input_char</STRONG> (Thumb, 10 bytes, Stack size 0 bytes, _printf_char_common.o(.text))
<BR>[Address Reference Count : 1]<UL><LI> _printf_char_common.o(.text)
</UL><P>
<H3>
Undefined Global Symbols
</H3><HR></body></html>
